###############################################################################
#
# IAR ELF Linker V7.40.3.8902/W32 for ARM                 30/Sep/2018  17:06:02
# Copyright 2007-2015 IAR Systems AB.
#
#    Output file  =  
#        C:\Users\Administrator\Desktop\GPRS透传\M26-DTU\stm32f030x8\projects\stm32f10x_std\IAR\Debug\Exe\c.out
#    Map file     =  
#        C:\Users\Administrator\Desktop\GPRS透传\M26-DTU\stm32f030x8\projects\stm32f10x_std\IAR\Debug\List\c.map
#    Command line =  
#        C:\Users\Administrator\Desktop\GPRS透传\M26-DTU\stm32f030x8\projects\stm32f10x_std\IAR\Debug\Obj\bsp_gprs.o
#        C:\Users\Administrator\Desktop\GPRS透传\M26-DTU\stm32f030x8\projects\stm32f10x_std\IAR\Debug\Obj\bsp_init.o
#        C:\Users\Administrator\Desktop\GPRS透传\M26-DTU\stm32f030x8\projects\stm32f10x_std\IAR\Debug\Obj\bsp_led.o
#        C:\Users\Administrator\Desktop\GPRS透传\M26-DTU\stm32f030x8\projects\stm32f10x_std\IAR\Debug\Obj\clog.o
#        C:\Users\Administrator\Desktop\GPRS透传\M26-DTU\stm32f030x8\projects\stm32f10x_std\IAR\Debug\Obj\cqueue.o
#        C:\Users\Administrator\Desktop\GPRS透传\M26-DTU\stm32f030x8\projects\stm32f10x_std\IAR\Debug\Obj\crc.o
#        C:\Users\Administrator\Desktop\GPRS透传\M26-DTU\stm32f030x8\projects\stm32f10x_std\IAR\Debug\Obj\cshell.o
#        C:\Users\Administrator\Desktop\GPRS透传\M26-DTU\stm32f030x8\projects\stm32f10x_std\IAR\Debug\Obj\cshell_port.o
#        C:\Users\Administrator\Desktop\GPRS透传\M26-DTU\stm32f030x8\projects\stm32f10x_std\IAR\Debug\Obj\cshell_user.o
#        C:\Users\Administrator\Desktop\GPRS透传\M26-DTU\stm32f030x8\projects\stm32f10x_std\IAR\Debug\Obj\cstring.o
#        C:\Users\Administrator\Desktop\GPRS透传\M26-DTU\stm32f030x8\projects\stm32f10x_std\IAR\Debug\Obj\flash_log.o
#        C:\Users\Administrator\Desktop\GPRS透传\M26-DTU\stm32f030x8\projects\stm32f10x_std\IAR\Debug\Obj\gprs_commond.o
#        C:\Users\Administrator\Desktop\GPRS透传\M26-DTU\stm32f030x8\projects\stm32f10x_std\IAR\Debug\Obj\gprs_process.o
#        C:\Users\Administrator\Desktop\GPRS透传\M26-DTU\stm32f030x8\projects\stm32f10x_std\IAR\Debug\Obj\gprs_task.o
#        C:\Users\Administrator\Desktop\GPRS透传\M26-DTU\stm32f030x8\projects\stm32f10x_std\IAR\Debug\Obj\hal_task.o
#        C:\Users\Administrator\Desktop\GPRS透传\M26-DTU\stm32f030x8\projects\stm32f10x_std\IAR\Debug\Obj\led_process.o
#        C:\Users\Administrator\Desktop\GPRS透传\M26-DTU\stm32f030x8\projects\stm32f10x_std\IAR\Debug\Obj\main.o
#        C:\Users\Administrator\Desktop\GPRS透传\M26-DTU\stm32f030x8\projects\stm32f10x_std\IAR\Debug\Obj\osal.o
#        C:\Users\Administrator\Desktop\GPRS透传\M26-DTU\stm32f030x8\projects\stm32f10x_std\IAR\Debug\Obj\osal_cfg.o
#        C:\Users\Administrator\Desktop\GPRS透传\M26-DTU\stm32f030x8\projects\stm32f10x_std\IAR\Debug\Obj\osal_clock.o
#        C:\Users\Administrator\Desktop\GPRS透传\M26-DTU\stm32f030x8\projects\stm32f10x_std\IAR\Debug\Obj\osal_core.o
#        C:\Users\Administrator\Desktop\GPRS透传\M26-DTU\stm32f030x8\projects\stm32f10x_std\IAR\Debug\Obj\osal_cpu.o
#        C:\Users\Administrator\Desktop\GPRS透传\M26-DTU\stm32f030x8\projects\stm32f10x_std\IAR\Debug\Obj\osal_msg.o
#        C:\Users\Administrator\Desktop\GPRS透传\M26-DTU\stm32f030x8\projects\stm32f10x_std\IAR\Debug\Obj\osal_task.o
#        C:\Users\Administrator\Desktop\GPRS透传\M26-DTU\stm32f030x8\projects\stm32f10x_std\IAR\Debug\Obj\osal_timeout.o
#        C:\Users\Administrator\Desktop\GPRS透传\M26-DTU\stm32f030x8\projects\stm32f10x_std\IAR\Debug\Obj\osal_timer.o
#        C:\Users\Administrator\Desktop\GPRS透传\M26-DTU\stm32f030x8\projects\stm32f10x_std\IAR\Debug\Obj\rtt_log.o
#        C:\Users\Administrator\Desktop\GPRS透传\M26-DTU\stm32f030x8\projects\stm32f10x_std\IAR\Debug\Obj\SEGGER_RTT.o
#        C:\Users\Administrator\Desktop\GPRS透传\M26-DTU\stm32f030x8\projects\stm32f10x_std\IAR\Debug\Obj\SEGGER_RTT_printf.o
#        C:\Users\Administrator\Desktop\GPRS透传\M26-DTU\stm32f030x8\projects\stm32f10x_std\IAR\Debug\Obj\serial_log.o
#        C:\Users\Administrator\Desktop\GPRS透传\M26-DTU\stm32f030x8\projects\stm32f10x_std\IAR\Debug\Obj\startup_stm32f030.o
#        C:\Users\Administrator\Desktop\GPRS透传\M26-DTU\stm32f030x8\projects\stm32f10x_std\IAR\Debug\Obj\stm32f0xx_adc.o
#        C:\Users\Administrator\Desktop\GPRS透传\M26-DTU\stm32f030x8\projects\stm32f10x_std\IAR\Debug\Obj\stm32f0xx_bsp_dma.o
#        C:\Users\Administrator\Desktop\GPRS透传\M26-DTU\stm32f030x8\projects\stm32f10x_std\IAR\Debug\Obj\stm32f0xx_bsp_gpio.o
#        C:\Users\Administrator\Desktop\GPRS透传\M26-DTU\stm32f030x8\projects\stm32f10x_std\IAR\Debug\Obj\stm32f0xx_bsp_nvic.o
#        C:\Users\Administrator\Desktop\GPRS透传\M26-DTU\stm32f030x8\projects\stm32f10x_std\IAR\Debug\Obj\stm32f0xx_bsp_systick.o
#        C:\Users\Administrator\Desktop\GPRS透传\M26-DTU\stm32f030x8\projects\stm32f10x_std\IAR\Debug\Obj\stm32f0xx_bsp_timer.o
#        C:\Users\Administrator\Desktop\GPRS透传\M26-DTU\stm32f030x8\projects\stm32f10x_std\IAR\Debug\Obj\stm32f0xx_bsp_usart.o
#        C:\Users\Administrator\Desktop\GPRS透传\M26-DTU\stm32f030x8\projects\stm32f10x_std\IAR\Debug\Obj\stm32f0xx_can.o
#        C:\Users\Administrator\Desktop\GPRS透传\M26-DTU\stm32f030x8\projects\stm32f10x_std\IAR\Debug\Obj\stm32f0xx_cec.o
#        C:\Users\Administrator\Desktop\GPRS透传\M26-DTU\stm32f030x8\projects\stm32f10x_std\IAR\Debug\Obj\stm32f0xx_comp.o
#        C:\Users\Administrator\Desktop\GPRS透传\M26-DTU\stm32f030x8\projects\stm32f10x_std\IAR\Debug\Obj\stm32f0xx_crc.o
#        C:\Users\Administrator\Desktop\GPRS透传\M26-DTU\stm32f030x8\projects\stm32f10x_std\IAR\Debug\Obj\stm32f0xx_crs.o
#        C:\Users\Administrator\Desktop\GPRS透传\M26-DTU\stm32f030x8\projects\stm32f10x_std\IAR\Debug\Obj\stm32f0xx_dac.o
#        C:\Users\Administrator\Desktop\GPRS透传\M26-DTU\stm32f030x8\projects\stm32f10x_std\IAR\Debug\Obj\stm32f0xx_dbgmcu.o
#        C:\Users\Administrator\Desktop\GPRS透传\M26-DTU\stm32f030x8\projects\stm32f10x_std\IAR\Debug\Obj\stm32f0xx_dma.o
#        C:\Users\Administrator\Desktop\GPRS透传\M26-DTU\stm32f030x8\projects\stm32f10x_std\IAR\Debug\Obj\stm32f0xx_exti.o
#        C:\Users\Administrator\Desktop\GPRS透传\M26-DTU\stm32f030x8\projects\stm32f10x_std\IAR\Debug\Obj\stm32f0xx_flash.o
#        C:\Users\Administrator\Desktop\GPRS透传\M26-DTU\stm32f030x8\projects\stm32f10x_std\IAR\Debug\Obj\stm32f0xx_gpio.o
#        C:\Users\Administrator\Desktop\GPRS透传\M26-DTU\stm32f030x8\projects\stm32f10x_std\IAR\Debug\Obj\stm32f0xx_i2c.o
#        C:\Users\Administrator\Desktop\GPRS透传\M26-DTU\stm32f030x8\projects\stm32f10x_std\IAR\Debug\Obj\stm32f0xx_it.o
#        C:\Users\Administrator\Desktop\GPRS透传\M26-DTU\stm32f030x8\projects\stm32f10x_std\IAR\Debug\Obj\stm32f0xx_iwdg.o
#        C:\Users\Administrator\Desktop\GPRS透传\M26-DTU\stm32f030x8\projects\stm32f10x_std\IAR\Debug\Obj\stm32f0xx_misc.o
#        C:\Users\Administrator\Desktop\GPRS透传\M26-DTU\stm32f030x8\projects\stm32f10x_std\IAR\Debug\Obj\stm32f0xx_pwr.o
#        C:\Users\Administrator\Desktop\GPRS透传\M26-DTU\stm32f030x8\projects\stm32f10x_std\IAR\Debug\Obj\stm32f0xx_rcc.o
#        C:\Users\Administrator\Desktop\GPRS透传\M26-DTU\stm32f030x8\projects\stm32f10x_std\IAR\Debug\Obj\stm32f0xx_rtc.o
#        C:\Users\Administrator\Desktop\GPRS透传\M26-DTU\stm32f030x8\projects\stm32f10x_std\IAR\Debug\Obj\stm32f0xx_spi.o
#        C:\Users\Administrator\Desktop\GPRS透传\M26-DTU\stm32f030x8\projects\stm32f10x_std\IAR\Debug\Obj\stm32f0xx_syscfg.o
#        C:\Users\Administrator\Desktop\GPRS透传\M26-DTU\stm32f030x8\projects\stm32f10x_std\IAR\Debug\Obj\stm32f0xx_tim.o
#        C:\Users\Administrator\Desktop\GPRS透传\M26-DTU\stm32f030x8\projects\stm32f10x_std\IAR\Debug\Obj\stm32f0xx_usart.o
#        C:\Users\Administrator\Desktop\GPRS透传\M26-DTU\stm32f030x8\projects\stm32f10x_std\IAR\Debug\Obj\stm32f0xx_wwdg.o
#        C:\Users\Administrator\Desktop\GPRS透传\M26-DTU\stm32f030x8\projects\stm32f10x_std\IAR\Debug\Obj\system_info.o
#        C:\Users\Administrator\Desktop\GPRS透传\M26-DTU\stm32f030x8\projects\stm32f10x_std\IAR\Debug\Obj\system_init.o
#        C:\Users\Administrator\Desktop\GPRS透传\M26-DTU\stm32f030x8\projects\stm32f10x_std\IAR\Debug\Obj\system_stm32f0xx.o
#        C:\Users\Administrator\Desktop\GPRS透传\M26-DTU\stm32f030x8\projects\stm32f10x_std\IAR\Debug\Obj\user_task.o
#        -o
#        C:\Users\Administrator\Desktop\GPRS透传\M26-DTU\stm32f030x8\projects\stm32f10x_std\IAR\Debug\Exe\c.out
#        --map
#        C:\Users\Administrator\Desktop\GPRS透传\M26-DTU\stm32f030x8\projects\stm32f10x_std\IAR\Debug\List\c.map
#        --config "D:\Program Files (x86)\IAR Systems\Embedded Workbench
#        7.2\arm\config\linker\ST\stm32f030x8.icf" --semihosting --entry
#        __iar_program_start --vfe
#
###############################################################################

*******************************************************************************
*** RUNTIME MODEL ATTRIBUTES
***

CppFlavor       = *
__SystemLibrary = DLib


*******************************************************************************
*** PLACEMENT SUMMARY
***

"A1":  place at 0x08000000 { ro section .intvec };
"P1":  place in [from 0x08000000 to 0x0800ffff] { ro };
"P2":  place in [from 0x20000000 to 0x20001fff] { rw, block CSTACK, block HEAP };

  Section            Kind        Address    Size  Object
  -------            ----        -------    ----  ------
"A1":                                       0xb4
  .intvec            ro code  0x08000000    0xb4  startup_stm32f030.o [1]
                            - 0x080000b4    0xb4

"P1":                                     0x3484
  .text              ro code  0x080000b4   0xebe  xprintffull_nomb.o [3]
  .text              ro code  0x08000f72    0x14  strchr.o [5]
  .text              ro code  0x08000f86    0x10  strlen.o [5]
  .text              ro code  0x08000f96    0x18  memchr.o [5]
  .text              ro code  0x08000fae    0x6a  I64DivMod.o [5]
  .text              ro code  0x08001018    0x5c  ABImemcpy.o [5]
  .text              ro code  0x08001074    0x44  xdnorm.o [4]
  .text              ro code  0x080010b8    0x32  DblCmpLe.o [4]
  .text              ro code  0x080010ea    0x32  DblCmpGe.o [4]
  .text              ro code  0x0800111c   0x11c  xdscale.o [4]
  .text              ro code  0x08001238    0x52  DblToI32.o [4]
  .text              ro code  0x0800128a     0xa  xsprout.o [3]
  .text              ro code  0x08001294    0x34  I32ToDbl.o [4]
  .text              ro code  0x080012c8   0x1a8  DblAddSub.o [4]
  .text              ro code  0x08001470    0xe0  I32DivModFast.o [5]
  .text              ro code  0x08001550   0x184  DblMul.o [4]
  .text              ro code  0x080016d4    0xc2  DblDiv.o [4]
  .text              ro code  0x08001796    0x20  div.o [3]
  .rodata            const    0x080017b6     0x2  clog.o [1]
  .text              ro code  0x080017b8     0x2  I64DivZer.o [5]
  .text              ro code  0x080017ba     0x2  startup_stm32f030.o [1]
  .text              ro code  0x080017bc     0x2  IntDivZer.o [5]
  .text              ro code  0x080017be     0x2  startup_stm32f030.o [1]
  .text              ro code  0x080017c0   0x2b8  stm32f0xx_rcc.o [1]
  .text              ro code  0x08001a78   0x240  SEGGER_RTT.o [1]
  .text              ro code  0x08001cb8    0x10  strcpy.o [5]
  .text              ro code  0x08001cc8   0x204  osal_clock.o [1]
  .text              ro code  0x08001ecc   0x1ee  stm32f0xx_usart.o [1]
  .text              ro code  0x080020ba     0x2  startup_stm32f030.o [1]
  .text              ro code  0x080020bc   0x1c0  rtt_log.o [1]
  .text              ro code  0x0800227c    0x38  clog.o [1]
  .text              ro code  0x080022b4    0x38  sprintf.o [3]
  .text              ro code  0x080022ec    0x3c  vsnprint.o [3]
  .text              ro code  0x08002328   0x1b8  osal_timer.o [1]
  .text              ro code  0x080024e0    0xf8  osal_core.o [1]
  .text              ro code  0x080025d8     0x2  osal_msg.o [1]
  .text              ro code  0x080025da    0x24  osal_task.o [1]
  .text              ro code  0x080025fe     0x2  startup_stm32f030.o [1]
  .text              ro code  0x08002600    0x50  hal_task.o [1]
  .text              ro code  0x08002650    0x70  user_task.o [1]
  .text              ro code  0x080026c0    0x6c  gprs_task.o [1]
  .text              ro code  0x0800272c   0x104  bsp_led.o [1]
  .text              ro code  0x08002830    0x48  gprs_process.o [1]
  .text              ro code  0x08002878   0x140  stm32f0xx_gpio.o [1]
  .text              ro code  0x080029b8    0xc4  gprs_commond.o [1]
  .text              ro code  0x08002a7c   0x144  stm32f0xx_bsp_usart.o [1]
  .text              ro code  0x08002bc0    0x10  gprs_commond.o [1]
  .text              ro code  0x08002bd0    0x54  ABImemset.o [5]
  .text              ro code  0x08002c24    0x78  stm32f0xx_misc.o [1]
  .text              ro code  0x08002c9c    0x88  stm32f0xx_bsp_dma.o [1]
  .text              ro code  0x08002d24    0x98  stm32f0xx_dma.o [1]
  .text              ro code  0x08002dbc    0x38  strstr.o [3]
  .text              ro code  0x08002df4   0x160  system_stm32f0xx.o [1]
  .text              ro code  0x08002f54    0xfc  stm32f0xx_bsp_systick.o [1]
  .text              ro code  0x08003050    0xcc  stm32f0xx_tim.o [1]
  .text              ro code  0x0800311c    0xa0  stm32f0xx_it.o [1]
  .text              ro code  0x080031bc    0x7c  stm32f0xx_bsp_timer.o [1]
  .text              ro code  0x08003238    0x44  bsp_init.o [1]
  .text              ro code  0x0800327c    0x3c  startup_stm32f030.o [1]
  .text              ro code  0x080032b8    0x3c  zero_init3.o [5]
  .text              ro code  0x080032f4    0x30  copy_init3.o [5]
  .text              ro code  0x08003324    0x28  data_init.o [5]
  .iar.init_table    const    0x0800334c    0x24  - Linker created -
  .rodata            const    0x08003370    0x1c  bsp_led.o [1]
  .rodata            const    0x0800338c    0x1c  gprs_commond.o [1]
  .text              ro code  0x080033a8    0x1c  main.o [1]
  .text              ro code  0x080033c4     0xc  system_init.o [1]
  .text              ro code  0x080033d0     0x2  system_info.o [1]
  .text              ro code  0x080033d2    0x1c  xsnprout.o [3]
  .text              ro code  0x080033ee     0x2  startup_stm32f030.o [1]
  .text              ro code  0x080033f0    0x1a  cmain.o [5]
  .text              ro code  0x0800340a     0x4  low_level_init.o [3]
  .text              ro code  0x0800340e     0x8  exit.o [3]
  .text              ro code  0x08003416     0x2  startup_stm32f030.o [1]
  .text              ro code  0x08003418     0xa  cexit.o [5]
  .text              ro code  0x08003422     0x2  startup_stm32f030.o [1]
  .text              ro code  0x08003424    0x14  exit.o [6]
  .rodata            const    0x08003438    0x18  rtt_log.o [1]
  .rodata            const    0x08003450    0x18  xprintffull_nomb.o [3]
  .rodata            const    0x08003468     0xc  gprs_process.o [1]
  .rodata            const    0x08003474     0xc  osal_task.o [1]
  .rodata            const    0x08003480     0xc  SEGGER_RTT.o [1]
  .text              ro code  0x0800348c     0xc  cstartup_M.o [5]
  .rodata            const    0x08003498     0x8  bsp_init.o [1]
  .rodata            const    0x080034a0     0x8  clog.o [1]
  .rodata            const    0x080034a8     0x8  clog.o [1]
  .rodata            const    0x080034b0     0x8  clog.o [1]
  .rodata            const    0x080034b8     0x8  clog.o [1]
  .rodata            const    0x080034c0     0x8  clog.o [1]
  .rodata            const    0x080034c8     0x8  clog.o [1]
  .rodata            const    0x080034d0     0x8  gprs_process.o [1]
  .rodata            const    0x080034d8     0x8  rtt_log.o [1]
  .rodata            const    0x080034e0     0x8  SEGGER_RTT.o [1]
  .text              ro code  0x080034e8     0x2  startup_stm32f030.o [1]
  .text              ro code  0x080034ea     0x2  startup_stm32f030.o [1]
  .text              ro code  0x080034ec     0x2  startup_stm32f030.o [1]
  .text              ro code  0x080034ee     0x2  startup_stm32f030.o [1]
  .text              ro code  0x080034f0     0x2  startup_stm32f030.o [1]
  .text              ro code  0x080034f2     0x2  startup_stm32f030.o [1]
  .text              ro code  0x080034f4     0x2  startup_stm32f030.o [1]
  .text              ro code  0x080034f6     0x2  startup_stm32f030.o [1]
  .text              ro code  0x080034f8     0x2  startup_stm32f030.o [1]
  .text              ro code  0x080034fa     0x2  startup_stm32f030.o [1]
  .text              ro code  0x080034fc     0x2  startup_stm32f030.o [1]
  .text              ro code  0x080034fe     0x2  startup_stm32f030.o [1]
  .text              ro code  0x08003500     0x2  startup_stm32f030.o [1]
  .rodata            const    0x08003502     0x0  zero_init3.o [5]
  .rodata            const    0x08003502     0x0  copy_init3.o [5]
  Initializer bytes  const    0x08003504    0x34  <for P2 s0>
                            - 0x08003538  0x3484

"P2":                                      0xc18
  P2 s0                       0x20000000    0x34  <Init block>
    .data            inited   0x20000000    0x1c  clog.o [1]
    .data            inited   0x2000001c    0x10  stm32f0xx_rcc.o [1]
    .data            inited   0x2000002c     0x4  system_stm32f0xx.o [1]
    .data            inited   0x20000030     0x1  rtt_log.o [1]
  .bss               zero     0x20000034   0x130  stm32f0xx_bsp_usart.o [1]
  .bss               zero     0x20000164    0xf0  osal_timer.o [1]
  .bss               zero     0x20000254    0x78  SEGGER_RTT.o [1]
  .bss               zero     0x200002cc    0x64  rtt_log.o [1]
  .bss               zero     0x20000330    0x64  SEGGER_RTT.o [1]
  .bss               zero     0x20000394    0x34  SEGGER_RTT.o [1]
  .bss               zero     0x200003c8    0x14  clog.o [1]
  .bss               zero     0x200003dc    0x10  bsp_led.o [1]
  .bss               zero     0x200003ec     0xc  osal_task.o [1]
  .bss               zero     0x200003f8     0x4  osal_clock.o [1]
  .bss               zero     0x200003fc     0x4  osal_clock.o [1]
  .bss               zero     0x20000400     0x4  osal_core.o [1]
  .bss               zero     0x20000404     0x4  osal_timer.o [1]
  .bss               zero     0x20000408     0x4  stm32f0xx_bsp_systick.o [1]
  .bss               zero     0x2000040c     0x2  osal_clock.o [1]
  .bss               zero     0x2000040e     0x1  gprs_process.o [1]
  .bss               zero     0x2000040f     0x1  gprs_task.o [1]
  .bss               zero     0x20000410     0x1  hal_task.o [1]
  .bss               zero     0x20000411     0x1  stm32f0xx_bsp_usart.o [1]
  .bss               zero     0x20000412     0x1  user_task.o [1]
  CSTACK                      0x20000418   0x800  <Block>
    CSTACK           uninit   0x20000418   0x800  <Block tail>
                            - 0x20000c18   0xc18


*******************************************************************************
*** INIT TABLE
***

          Address     Size
          -------     ----
Zero (__iar_zero_init3)
    1 destination range, total size 0x3df:
          0x20000034  0x3df

Copy (__iar_copy_init3)
    1 source range, total size 0x34 (106% of destination):
          0x08003504   0x34
    1 destination range, total size 0x31:
          0x20000000   0x31



*******************************************************************************
*** MODULE SUMMARY
***

    Module                   ro code  ro data  rw data
    ------                   -------  -------  -------
C:\Users\Administrator\Desktop\GPRS透传\M26-DTU\stm32f030x8\projects\stm32f10x_std\IAR\Debug\Obj: [1]
    SEGGER_RTT.o                 576       20      272
    bsp_init.o                    68        8
    bsp_led.o                    260       28       16
    clog.o                        56       78       48
    gprs_commond.o               212       28
    gprs_process.o                72       20        1
    gprs_task.o                  108                 1
    hal_task.o                    80                 1
    main.o                        28
    osal_clock.o                 516                10
    osal_core.o                  248                 4
    osal_msg.o                     2
    osal_task.o                   36       12       12
    osal_timer.o                 440               244
    rtt_log.o                    448       33      101
    startup_stm32f030.o          280
    stm32f0xx_bsp_dma.o          136
    stm32f0xx_bsp_systick.o      252                 4
    stm32f0xx_bsp_timer.o        124
    stm32f0xx_bsp_usart.o        324               305
    stm32f0xx_dma.o              152
    stm32f0xx_gpio.o             320
    stm32f0xx_it.o               160
    stm32f0xx_misc.o             120
    stm32f0xx_rcc.o              696       16       16
    stm32f0xx_tim.o              204
    stm32f0xx_usart.o            494
    system_info.o                  2
    system_init.o                 12
    system_stm32f0xx.o           352        4        4
    user_task.o                  112                 1
    --------------------------------------------------
    Total:                     6 890      247    1 040

command line: [2]
    --------------------------------------------------
    Total:

dl6M_tln.a: [3]
    div.o                         32
    exit.o                         8
    low_level_init.o               4
    sprintf.o                     56
    strstr.o                      56
    vsnprint.o                    60
    xprintffull_nomb.o         3 774       24
    xsnprout.o                    28
    xsprout.o                     10
    --------------------------------------------------
    Total:                     4 028       24

m6M_tl.a: [4]
    DblAddSub.o                  424
    DblCmpGe.o                    50
    DblCmpLe.o                    50
    DblDiv.o                     194
    DblMul.o                     388
    DblToI32.o                    82
    I32ToDbl.o                    52
    xdnorm.o                      68
    xdscale.o                    284
    --------------------------------------------------
    Total:                     1 592

rt6M_tl.a: [5]
    ABImemcpy.o                   92
    ABImemset.o                   84
    I32DivModFast.o              224
    I64DivMod.o                  106
    I64DivZer.o                    2
    IntDivZer.o                    2
    cexit.o                       10
    cmain.o                       26
    copy_init3.o                  48
    cstartup_M.o                  12
    data_init.o                   40
    memchr.o                      24
    strchr.o                      20
    strcpy.o                      16
    strlen.o                      16
    zero_init3.o                  60
    --------------------------------------------------
    Total:                       782

shb_l.a: [6]
    exit.o                        20
    --------------------------------------------------
    Total:                        20

    Linker created                         41    2 048
------------------------------------------------------
    Grand Total:              13 312      312    3 088


*******************************************************************************
*** ENTRY LIST
***

Entry                      Address   Size  Type      Object
-----                      -------   ----  ----      ------
.iar.init_table$$Base   0x0800334c          --   Gb  - Linker created -
.iar.init_table$$Limit  0x08003370          --   Gb  - Linker created -
?main                   0x080033f1         Code  Gb  cmain.o [5]
ADC1_IRQHandler         0x080031bb    0x2  Code  Gb  stm32f0xx_it.o [1]
APBAHBPrescTable        0x2000001c   0x10  Data  Lc  stm32f0xx_rcc.o [1]
BSP_DMA_USART1_StructInit
                        0x08002c9d   0x88  Code  Gb  stm32f0xx_bsp_dma.o [1]
BSP_Init                0x08003241   0x2e  Code  Gb  bsp_init.o [1]
BSP_LED_Close           0x080027c5   0x3c  Code  Gb  bsp_led.o [1]
BSP_LED_Init            0x0800272d   0x5c  Code  Gb  bsp_led.o [1]
BSP_LED_Open            0x08002789   0x3c  Code  Gb  bsp_led.o [1]
BSP_LED_Toggle          0x08002801   0x26  Code  Gb  bsp_led.o [1]
BSP_SYSTICK_IncTick     0x0800302d    0xc  Code  Gb  stm32f0xx_bsp_systick.o [1]
BSP_SYSTICK_Open        0x08003011   0x1c  Code  Gb  stm32f0xx_bsp_systick.o [1]
BSP_Timer_Init          0x080031bd   0x7c  Code  Gb  stm32f0xx_bsp_timer.o [1]
BSP_USART_Open          0x08002a7d  0x100  Code  Gb  stm32f0xx_bsp_usart.o [1]
BSP_USART_WriteBytes    0x08002b7d   0x2a  Code  Gb  stm32f0xx_bsp_usart.o [1]
Board_Init              0x08003239    0x8  Code  Gb  bsp_init.o [1]
CLog_GetCurrentTaskID   0x0800227d    0x4  Code  Gb  clog.o [1]
CLog_GetTime            0x08002281   0x1c  Code  Gb  clog.o [1]
CLog_Init               0x0800229d   0x14  Code  Gb  clog.o [1]
CSTACK$$Base            0x20000418          --   Gb  - Linker created -
CSTACK$$Limit           0x20000c18          --   Gb  - Linker created -
DMA1_Channel1_IRQHandler
                        0x080031b9    0x2  Code  Gb  stm32f0xx_it.o [1]
DMA_Cmd                 0x08002d67   0x1c  Code  Gb  stm32f0xx_dma.o [1]
DMA_Init                0x08002d25   0x42  Code  Gb  stm32f0xx_dma.o [1]
DMA_RemapConfig         0x08002d83   0x2e  Code  Gb  stm32f0xx_dma.o [1]
GPIO_Init               0x08002879   0xbe  Code  Gb  stm32f0xx_gpio.o [1]
GPIO_PinAFConfig        0x08002949   0x70  Code  Gb  stm32f0xx_gpio.o [1]
GPIO_WriteBit           0x08002937   0x12  Code  Gb  stm32f0xx_gpio.o [1]
GprsTask_Init           0x080026c1   0x16  Code  Gb  gprs_task.o [1]
GprsTask_Process        0x080026d7   0x50  Code  Gb  gprs_task.o [1]
Gprs_ACK_Check          0x08002a19   0x50  Code  Gb  gprs_commond.o [1]
Gprs_Connect_Server     0x08002831   0x48  Code  Gb  gprs_process.o [1]
Gprs_Send_AT_Commond    0x080029b9   0x18  Code  Gb  gprs_commond.o [1]
HalTask_Init            0x08002601   0x14  Code  Gb  hal_task.o [1]
HalTask_Process         0x08002615   0x38  Code  Gb  hal_task.o [1]
HardFault_Handler       0x0800311f    0x4  Code  Gb  stm32f0xx_it.o [1]
LED_IO                  0x08003370   0x1c  Data  Gb  bsp_led.o [1]
LoadInt                 0x08000671   0x68  Code  Lc  xprintffull_nomb.o [3]
NMI_Handler             0x0800311d    0x2  Code  Gb  stm32f0xx_it.o [1]
NVIC_Init               0x08002c25   0x6a  Code  Gb  stm32f0xx_misc.o [1]
NVIC_SetPriority        0x08002f55   0x8a  Code  Lc  stm32f0xx_bsp_systick.o [1]
OS_Clock_ConvertToDateTime
                        0x08001d77  0x144  Code  Gb  osal_clock.o [1]
OS_Clock_GetSeconds     0x08001d27   0x14  Code  Gb  osal_clock.o [1]
OS_Clock_GetSystemClock
                        0x08001d3b   0x14  Code  Gb  osal_clock.o [1]
OS_Clock_Update         0x08001cc9   0x5e  Code  Gb  osal_clock.o [1]
OS_Events_Set           0x0800259b   0x30  Code  Gb  osal_core.o [1]
OS_Init                 0x080024e1   0x10  Code  Gb  osal_core.o [1]
OS_Msg_Init             0x080025d9    0x2  Code  Gb  osal_msg.o [1]
OS_Start                0x080024f1    0x8  Code  Gb  osal_core.o [1]
OS_Task_Init            0x080025db   0x24  Code  Gb  osal_task.o [1]
OS_Timer_Init           0x08002329   0x20  Code  Gb  osal_timer.o [1]
OS_Timer_Start          0x08002451   0x24  Code  Gb  osal_timer.o [1]
OS_Timer_Update         0x08002475   0x64  Code  Gb  osal_timer.o [1]
PendSV_Handler          0x08003125    0x2  Code  Gb  stm32f0xx_it.o [1]
RCC_AHBPeriphClockCmd   0x080019e9   0x20  Code  Gb  stm32f0xx_rcc.o [1]
RCC_APB1PeriphClockCmd  0x08001a29   0x20  Code  Gb  stm32f0xx_rcc.o [1]
RCC_APB2PeriphClockCmd  0x08001a09   0x20  Code  Gb  stm32f0xx_rcc.o [1]
RCC_GetClocksFreq       0x080017c1  0x222  Code  Gb  stm32f0xx_rcc.o [1]
RTTLog_GetLogLevel      0x08002247    0x6  Code  Lc  rtt_log.o [1]
RTTLog_Init             0x080020bd   0x16  Code  Gb  rtt_log.o [1]
RTTLog_SetLogLevel      0x0800224d    0x6  Code  Lc  rtt_log.o [1]
RTTLog_Write            0x080020d3   0xb2  Code  Lc  rtt_log.o [1]
RTTLog_WriteRAW         0x08002233   0x14  Code  Lc  rtt_log.o [1]
RTTLog_vprintf          0x08002185   0xae  Code  Lc  rtt_log.o [1]
Region$$Table$$Base     0x0800334c          --   Gb  - Linker created -
Region$$Table$$Limit    0x08003370          --   Gb  - Linker created -
SEGGER_RTT_Write        0x08001c83   0x32  Code  Gb  SEGGER_RTT.o [1]
SEGGER_RTT_WriteNoLock  0x08001c05   0x7e  Code  Gb  SEGGER_RTT.o [1]
SVC_Handler             0x08003123    0x2  Code  Gb  stm32f0xx_it.o [1]
SetSysClock             0x08002e63   0xbe  Code  Lc  system_stm32f0xx.o [1]
SysTick_Config          0x08002fdf   0x32  Code  Lc  stm32f0xx_bsp_systick.o [1]
SysTick_Handler         0x08003127   0x14  Code  Gb  stm32f0xx_it.o [1]
SystemCoreClock         0x2000002c    0x4  Data  Gb  system_stm32f0xx.o [1]
SystemInfo_Init         0x080033d1    0x2  Code  Gb  system_info.o [1]
SystemInit              0x08002df5   0x6e  Code  Gb  system_stm32f0xx.o [1]
System_Load             0x080033c5    0xc  Code  Gb  system_init.o [1]
TIM3_IRQHandler         0x08003181   0x1a  Code  Gb  stm32f0xx_it.o [1]
TIM_ClearITPendingBit   0x08003115    0x8  Code  Gb  stm32f0xx_tim.o [1]
TIM_Cmd                 0x080030bd   0x1c  Code  Gb  stm32f0xx_tim.o [1]
TIM_ITConfig            0x080030fd   0x18  Code  Gb  stm32f0xx_tim.o [1]
TIM_PrescalerConfig     0x080030b7    0x6  Code  Gb  stm32f0xx_tim.o [1]
TIM_TimeBaseInit        0x08003051   0x66  Code  Gb  stm32f0xx_tim.o [1]
USART1_IRQHandler       0x0800313b   0x46  Code  Gb  stm32f0xx_it.o [1]
USART_Cmd               0x08001fb3   0x1c  Code  Gb  stm32f0xx_usart.o [1]
USART_DMACmd            0x08001ff5   0x18  Code  Gb  stm32f0xx_usart.o [1]
USART_GetITStatus       0x08002051   0x6a  Code  Gb  stm32f0xx_usart.o [1]
USART_ITConfig          0x0800200d   0x44  Code  Gb  stm32f0xx_usart.o [1]
USART_Init              0x08001ecd   0xe6  Code  Gb  stm32f0xx_usart.o [1]
USART_ReceiveData       0x08001fe1    0x8  Code  Gb  stm32f0xx_usart.o [1]
UserTask_Init           0x08002651   0x16  Code  Gb  user_task.o [1]
UserTask_Process        0x08002667   0x56  Code  Gb  user_task.o [1]
_DoInit                 0x08001a79   0x56  Code  Lc  SEGGER_RTT.o [1]
_GenldFullNoMb          0x08000ca1  0x2a0  Code  Lc  xprintffull_nomb.o [3]
_GetAvailWriteSpace     0x08001bc7   0x24  Code  Lc  SEGGER_RTT.o [1]
_LdtobFullNoMb          0x0800080d  0x480  Code  Lc  xprintffull_nomb.o [3]
_LitobFullNoMb          0x080006d9  0x12e  Code  Lc  xprintffull_nomb.o [3]
_PrintfFullNoMb         0x080000b5  0x5bc  Code  Gb  xprintffull_nomb.o [3]
_PutcharsFullNoMb       0x08000f41   0x30  Code  Lc  xprintffull_nomb.o [3]
_SEGGER_RTT             0x20000254   0x78  Data  Gb  SEGGER_RTT.o [1]
_SNProut                0x080033d3   0x1c  Code  Gb  xsnprout.o [3]
_SProut                 0x0800128b    0xa  Code  Gb  xsprout.o [3]
_WriteBlocking          0x08001acf   0x88  Code  Lc  SEGGER_RTT.o [1]
_WriteNoCheck           0x08001b57   0x70  Code  Lc  SEGGER_RTT.o [1]
__ICFEDIT_region_RAM_end__ {Abs}
                        0x20001fff          --   Gb  command line/config [2]
__ICFEDIT_region_RAM_start__ {Abs}
                        0x20000000          --   Gb  command line/config [2]
__aeabi_cdcmple         0x080010b9         Code  Gb  DblCmpLe.o [4]
__aeabi_cdrcmple        0x080010eb         Code  Gb  DblCmpGe.o [4]
__aeabi_d2iz            0x08001239         Code  Gb  DblToI32.o [4]
__aeabi_d2uiz           0x0800125d         Code  Gb  DblToI32.o [4]
__aeabi_ddiv            0x080016d5         Code  Gb  DblDiv.o [4]
__aeabi_dmul            0x08001551         Code  Gb  DblMul.o [4]
__aeabi_dsub            0x08001383         Code  Gb  DblAddSub.o [4]
__aeabi_i2d             0x08001295         Code  Gb  I32ToDbl.o [4]
__aeabi_idiv            0x0800149d         Code  Gb  I32DivModFast.o [5]
__aeabi_idiv0           0x080017bd         Code  Gb  IntDivZer.o [5]
__aeabi_idivmod         0x0800149d         Code  Gb  I32DivModFast.o [5]
__aeabi_ldiv0           0x080017b9         Code  Gb  I64DivZer.o [5]
__aeabi_memcpy          0x08001019         Code  Gb  ABImemcpy.o [5]
__aeabi_memset          0x08002bd1         Code  Gb  ABImemset.o [5]
__aeabi_ui2d            0x080012a9         Code  Gb  I32ToDbl.o [4]
__aeabi_uidiv           0x080014a3         Code  Gb  I32DivModFast.o [5]
__aeabi_uidivmod        0x080014a3         Code  Gb  I32DivModFast.o [5]
__aeabi_uldivmod        0x08000faf         Code  Gb  I64DivMod.o [5]
__cmain                 0x080033f1         Code  Gb  cmain.o [5]
__exit                  0x08003425   0x14  Code  Gb  exit.o [6]
__iar_Dnorm             0x08001075   0x44  Code  Gb  xdnorm.o [4]
__iar_Dscale            0x0800111d  0x11c  Code  Gb  xdscale.o [4]
__iar_Memchr            0x08000f97   0x18  Code  Gb  memchr.o [5]
__iar_Memset4_word      0x08002bf1         Code  Gb  ABImemset.o [5]
__iar_Memset_word       0x08002bdd         Code  Gb  ABImemset.o [5]
__iar_Strchr            0x08000f73   0x14  Code  Gb  strchr.o [5]
__iar_Strstr            0x08002dbd   0x38  Code  Gb  strstr.o [3]
__iar_copy_init3        0x080032f5   0x30  Code  Gb  copy_init3.o [5]
__iar_d2uiz             0x08001261         Code  Gb  DblToI32.o [4]
__iar_data_init3        0x08003325   0x28  Code  Gb  data_init.o [5]
__iar_program_start     0x0800348d         Code  Gb  cstartup_M.o [5]
__iar_ui2d              0x080012ad         Code  Gb  I32ToDbl.o [4]
__iar_zero_init3        0x080032b9   0x3c  Code  Gb  zero_init3.o [5]
__low_level_init        0x0800340b    0x4  Code  Gb  low_level_init.o [3]
__vector_table          0x08000000         Data  Gb  startup_stm32f030.o [1]
_acDownBuffer           0x20000394   0x34  Data  Lc  SEGGER_RTT.o [1]
_acUpBuffer             0x20000330   0x64  Data  Lc  SEGGER_RTT.o [1]
_call_main              0x080033fd         Code  Gb  cmain.o [5]
_exit                   0x08003419         Code  Gb  cexit.o [5]
_main                   0x08003407         Code  Gb  cmain.o [5]
div                     0x08001797   0x20  Code  Gb  div.o [3]
exit                    0x0800340f    0x8  Code  Gb  exit.o [3]
g_AT_ReceiveBuf         0x20000034  0x130  Data  Gb  stm32f0xx_bsp_usart.o [1]
g_GprsTask_Id           0x2000040f    0x1  Data  Gb  gprs_task.o [1]
g_HalTask_Id            0x20000410    0x1  Data  Gb  hal_task.o [1]
g_LogLevelText          0x20000000   0x1c  Data  Gb  clog.o [1]
g_TasksEvents           0x200003ec    0xc  Data  Gb  osal_task.o [1]
g_TasksFnArr            0x08003474    0xc  Data  Gb  osal_task.o [1]
g_USART1_ReceiveCompleteFlag
                        0x20000411    0x1  Data  Gb  stm32f0xx_bsp_usart.o [1]
g_UserTask_Id           0x20000412    0x1  Data  Gb  user_task.o [1]
gprs_Check_Param        0x080029d1   0x48  Code  Lc  gprs_commond.o [1]
main                    0x080033a9   0x1c  Code  Gb  main.o [1]
month_length            0x08001d4f   0x28  Code  Lc  osal_clock.o [1]
osalRun                 0x08002513   0x88  Code  Lc  osal_core.o [1]
osalTimeUpdate          0x080024f9   0x1a  Code  Lc  osal_core.o [1]
osalTimerAdd            0x080023d9   0x78  Code  Gb  osal_timer.o [1]
osalTimerAlloc          0x08002349   0x5e  Code  Gb  osal_timer.o [1]
osalTimerFind           0x080023a7   0x32  Code  Gb  osal_timer.o [1]
s_BSPLedControlTable    0x200003dc   0x10  Data  Lc  bsp_led.o [1]
s_GprsStatus            0x2000040e    0x1  Data  Lc  gprs_process.o [1]
s_LogLevel              0x20000030    0x1  Data  Lc  rtt_log.o [1]
s_RTTLog                0x200003c8   0x14  Data  Gb  clog.o [1]
s_RTTLogBuf             0x200002cc   0x64  Data  Lc  rtt_log.o [1]
s_Systick_Ticks         0x20000408    0x4  Data  Gb  stm32f0xx_bsp_systick.o [1]
s_osalClock_ElapsedMs   0x200003fc    0x4  Data  Lc  osal_clock.o [1]
s_osalClock_MilliSeconds
                        0x2000040c    0x2  Data  Lc  osal_clock.o [1]
s_osalClock_Seconds     0x200003f8    0x4  Data  Lc  osal_clock.o [1]
s_osalTimerHead         0x20000404    0x4  Data  Lc  osal_timer.o [1]
s_osalTimerMemHeap      0x20000164   0xf0  Data  Lc  osal_timer.o [1]
sprintf                 0x080022b5   0x38  Code  Gb  sprintf.o [3]
strcpy                  0x08001cb9         Code  Gb  strcpy.o [5]
strlen                  0x08000f87   0x10  Code  Gb  strlen.o [5]
strstr                  0x08002bc1   0x10  Code  Gb  gprs_commond.o [1]
vsnprintf               0x080022ed   0x3c  Code  Gb  vsnprint.o [3]


[1] = C:\Users\Administrator\Desktop\GPRS透传\M26-DTU\stm32f030x8\projects\stm32f10x_std\IAR\Debug\Obj
[2] = command line
[3] = dl6M_tln.a
[4] = m6M_tl.a
[5] = rt6M_tl.a
[6] = shb_l.a

  13 312 bytes of readonly  code memory
     312 bytes of readonly  data memory
   3 088 bytes of readwrite data memory

Errors: none
Warnings: none
