###############################################################################
#
# IAR ELF Linker V7.40.3.8902/W32 for ARM                 16/Oct/2018  15:59:42
# Copyright 2007-2015 IAR Systems AB.
#
#    Output file  =  
#        C:\Users\Administrator\Desktop\M26-DTU\stm32f030x8\projects\stm32f10x_std\IAR\Debug\Exe\c.out
#    Map file     =  
#        C:\Users\Administrator\Desktop\M26-DTU\stm32f030x8\projects\stm32f10x_std\IAR\Debug\List\c.map
#    Command line =  
#        C:\Users\Administrator\Desktop\M26-DTU\stm32f030x8\projects\stm32f10x_std\IAR\Debug\Obj\bsp_gprs.o
#        C:\Users\Administrator\Desktop\M26-DTU\stm32f030x8\projects\stm32f10x_std\IAR\Debug\Obj\bsp_init.o
#        C:\Users\Administrator\Desktop\M26-DTU\stm32f030x8\projects\stm32f10x_std\IAR\Debug\Obj\bsp_led.o
#        C:\Users\Administrator\Desktop\M26-DTU\stm32f030x8\projects\stm32f10x_std\IAR\Debug\Obj\clog.o
#        C:\Users\Administrator\Desktop\M26-DTU\stm32f030x8\projects\stm32f10x_std\IAR\Debug\Obj\cqueue.o
#        C:\Users\Administrator\Desktop\M26-DTU\stm32f030x8\projects\stm32f10x_std\IAR\Debug\Obj\crc.o
#        C:\Users\Administrator\Desktop\M26-DTU\stm32f030x8\projects\stm32f10x_std\IAR\Debug\Obj\cshell.o
#        C:\Users\Administrator\Desktop\M26-DTU\stm32f030x8\projects\stm32f10x_std\IAR\Debug\Obj\cshell_port.o
#        C:\Users\Administrator\Desktop\M26-DTU\stm32f030x8\projects\stm32f10x_std\IAR\Debug\Obj\cshell_user.o
#        C:\Users\Administrator\Desktop\M26-DTU\stm32f030x8\projects\stm32f10x_std\IAR\Debug\Obj\cstring.o
#        C:\Users\Administrator\Desktop\M26-DTU\stm32f030x8\projects\stm32f10x_std\IAR\Debug\Obj\flash_log.o
#        C:\Users\Administrator\Desktop\M26-DTU\stm32f030x8\projects\stm32f10x_std\IAR\Debug\Obj\gprs_commond.o
#        C:\Users\Administrator\Desktop\M26-DTU\stm32f030x8\projects\stm32f10x_std\IAR\Debug\Obj\gprs_process.o
#        C:\Users\Administrator\Desktop\M26-DTU\stm32f030x8\projects\stm32f10x_std\IAR\Debug\Obj\gprs_task.o
#        C:\Users\Administrator\Desktop\M26-DTU\stm32f030x8\projects\stm32f10x_std\IAR\Debug\Obj\hal_task.o
#        C:\Users\Administrator\Desktop\M26-DTU\stm32f030x8\projects\stm32f10x_std\IAR\Debug\Obj\led_process.o
#        C:\Users\Administrator\Desktop\M26-DTU\stm32f030x8\projects\stm32f10x_std\IAR\Debug\Obj\main.o
#        C:\Users\Administrator\Desktop\M26-DTU\stm32f030x8\projects\stm32f10x_std\IAR\Debug\Obj\osal.o
#        C:\Users\Administrator\Desktop\M26-DTU\stm32f030x8\projects\stm32f10x_std\IAR\Debug\Obj\osal_cfg.o
#        C:\Users\Administrator\Desktop\M26-DTU\stm32f030x8\projects\stm32f10x_std\IAR\Debug\Obj\osal_clock.o
#        C:\Users\Administrator\Desktop\M26-DTU\stm32f030x8\projects\stm32f10x_std\IAR\Debug\Obj\osal_core.o
#        C:\Users\Administrator\Desktop\M26-DTU\stm32f030x8\projects\stm32f10x_std\IAR\Debug\Obj\osal_cpu.o
#        C:\Users\Administrator\Desktop\M26-DTU\stm32f030x8\projects\stm32f10x_std\IAR\Debug\Obj\osal_msg.o
#        C:\Users\Administrator\Desktop\M26-DTU\stm32f030x8\projects\stm32f10x_std\IAR\Debug\Obj\osal_task.o
#        C:\Users\Administrator\Desktop\M26-DTU\stm32f030x8\projects\stm32f10x_std\IAR\Debug\Obj\osal_timeout.o
#        C:\Users\Administrator\Desktop\M26-DTU\stm32f030x8\projects\stm32f10x_std\IAR\Debug\Obj\osal_timer.o
#        C:\Users\Administrator\Desktop\M26-DTU\stm32f030x8\projects\stm32f10x_std\IAR\Debug\Obj\rtt_log.o
#        C:\Users\Administrator\Desktop\M26-DTU\stm32f030x8\projects\stm32f10x_std\IAR\Debug\Obj\SEGGER_RTT.o
#        C:\Users\Administrator\Desktop\M26-DTU\stm32f030x8\projects\stm32f10x_std\IAR\Debug\Obj\SEGGER_RTT_printf.o
#        C:\Users\Administrator\Desktop\M26-DTU\stm32f030x8\projects\stm32f10x_std\IAR\Debug\Obj\serial_log.o
#        C:\Users\Administrator\Desktop\M26-DTU\stm32f030x8\projects\stm32f10x_std\IAR\Debug\Obj\startup_stm32f030.o
#        C:\Users\Administrator\Desktop\M26-DTU\stm32f030x8\projects\stm32f10x_std\IAR\Debug\Obj\stm32f0xx_adc.o
#        C:\Users\Administrator\Desktop\M26-DTU\stm32f030x8\projects\stm32f10x_std\IAR\Debug\Obj\stm32f0xx_bsp_dma.o
#        C:\Users\Administrator\Desktop\M26-DTU\stm32f030x8\projects\stm32f10x_std\IAR\Debug\Obj\stm32f0xx_bsp_gpio.o
#        C:\Users\Administrator\Desktop\M26-DTU\stm32f030x8\projects\stm32f10x_std\IAR\Debug\Obj\stm32f0xx_bsp_nvic.o
#        C:\Users\Administrator\Desktop\M26-DTU\stm32f030x8\projects\stm32f10x_std\IAR\Debug\Obj\stm32f0xx_bsp_systick.o
#        C:\Users\Administrator\Desktop\M26-DTU\stm32f030x8\projects\stm32f10x_std\IAR\Debug\Obj\stm32f0xx_bsp_timer.o
#        C:\Users\Administrator\Desktop\M26-DTU\stm32f030x8\projects\stm32f10x_std\IAR\Debug\Obj\stm32f0xx_bsp_usart.o
#        C:\Users\Administrator\Desktop\M26-DTU\stm32f030x8\projects\stm32f10x_std\IAR\Debug\Obj\stm32f0xx_can.o
#        C:\Users\Administrator\Desktop\M26-DTU\stm32f030x8\projects\stm32f10x_std\IAR\Debug\Obj\stm32f0xx_cec.o
#        C:\Users\Administrator\Desktop\M26-DTU\stm32f030x8\projects\stm32f10x_std\IAR\Debug\Obj\stm32f0xx_comp.o
#        C:\Users\Administrator\Desktop\M26-DTU\stm32f030x8\projects\stm32f10x_std\IAR\Debug\Obj\stm32f0xx_crc.o
#        C:\Users\Administrator\Desktop\M26-DTU\stm32f030x8\projects\stm32f10x_std\IAR\Debug\Obj\stm32f0xx_crs.o
#        C:\Users\Administrator\Desktop\M26-DTU\stm32f030x8\projects\stm32f10x_std\IAR\Debug\Obj\stm32f0xx_dac.o
#        C:\Users\Administrator\Desktop\M26-DTU\stm32f030x8\projects\stm32f10x_std\IAR\Debug\Obj\stm32f0xx_dbgmcu.o
#        C:\Users\Administrator\Desktop\M26-DTU\stm32f030x8\projects\stm32f10x_std\IAR\Debug\Obj\stm32f0xx_dma.o
#        C:\Users\Administrator\Desktop\M26-DTU\stm32f030x8\projects\stm32f10x_std\IAR\Debug\Obj\stm32f0xx_exti.o
#        C:\Users\Administrator\Desktop\M26-DTU\stm32f030x8\projects\stm32f10x_std\IAR\Debug\Obj\stm32f0xx_flash.o
#        C:\Users\Administrator\Desktop\M26-DTU\stm32f030x8\projects\stm32f10x_std\IAR\Debug\Obj\stm32f0xx_gpio.o
#        C:\Users\Administrator\Desktop\M26-DTU\stm32f030x8\projects\stm32f10x_std\IAR\Debug\Obj\stm32f0xx_i2c.o
#        C:\Users\Administrator\Desktop\M26-DTU\stm32f030x8\projects\stm32f10x_std\IAR\Debug\Obj\stm32f0xx_it.o
#        C:\Users\Administrator\Desktop\M26-DTU\stm32f030x8\projects\stm32f10x_std\IAR\Debug\Obj\stm32f0xx_iwdg.o
#        C:\Users\Administrator\Desktop\M26-DTU\stm32f030x8\projects\stm32f10x_std\IAR\Debug\Obj\stm32f0xx_misc.o
#        C:\Users\Administrator\Desktop\M26-DTU\stm32f030x8\projects\stm32f10x_std\IAR\Debug\Obj\stm32f0xx_pwr.o
#        C:\Users\Administrator\Desktop\M26-DTU\stm32f030x8\projects\stm32f10x_std\IAR\Debug\Obj\stm32f0xx_rcc.o
#        C:\Users\Administrator\Desktop\M26-DTU\stm32f030x8\projects\stm32f10x_std\IAR\Debug\Obj\stm32f0xx_rtc.o
#        C:\Users\Administrator\Desktop\M26-DTU\stm32f030x8\projects\stm32f10x_std\IAR\Debug\Obj\stm32f0xx_spi.o
#        C:\Users\Administrator\Desktop\M26-DTU\stm32f030x8\projects\stm32f10x_std\IAR\Debug\Obj\stm32f0xx_syscfg.o
#        C:\Users\Administrator\Desktop\M26-DTU\stm32f030x8\projects\stm32f10x_std\IAR\Debug\Obj\stm32f0xx_tim.o
#        C:\Users\Administrator\Desktop\M26-DTU\stm32f030x8\projects\stm32f10x_std\IAR\Debug\Obj\stm32f0xx_usart.o
#        C:\Users\Administrator\Desktop\M26-DTU\stm32f030x8\projects\stm32f10x_std\IAR\Debug\Obj\stm32f0xx_wwdg.o
#        C:\Users\Administrator\Desktop\M26-DTU\stm32f030x8\projects\stm32f10x_std\IAR\Debug\Obj\system_info.o
#        C:\Users\Administrator\Desktop\M26-DTU\stm32f030x8\projects\stm32f10x_std\IAR\Debug\Obj\system_init.o
#        C:\Users\Administrator\Desktop\M26-DTU\stm32f030x8\projects\stm32f10x_std\IAR\Debug\Obj\system_stm32f0xx.o
#        C:\Users\Administrator\Desktop\M26-DTU\stm32f030x8\projects\stm32f10x_std\IAR\Debug\Obj\user_task.o
#        -o
#        C:\Users\Administrator\Desktop\M26-DTU\stm32f030x8\projects\stm32f10x_std\IAR\Debug\Exe\c.out
#        --map
#        C:\Users\Administrator\Desktop\M26-DTU\stm32f030x8\projects\stm32f10x_std\IAR\Debug\List\c.map
#        --config "D:\Program Files (x86)\IAR Systems\Embedded Workbench
#        7.2\arm\config\linker\ST\stm32f030x8.icf" --semihosting --entry
#        __iar_program_start --vfe
#
###############################################################################

*******************************************************************************
*** RUNTIME MODEL ATTRIBUTES
***

CppFlavor       = *
__SystemLibrary = DLib


*******************************************************************************
*** PLACEMENT SUMMARY
***

"A1":  place at 0x08000000 { ro section .intvec };
"P1":  place in [from 0x08000000 to 0x0800ffff] { ro };
"P2":  place in [from 0x20000000 to 0x20001fff] { rw, block CSTACK, block HEAP };

  Section            Kind        Address    Size  Object
  -------            ----        -------    ----  ------
"A1":                                       0xb4
  .intvec            ro code  0x08000000    0xb4  startup_stm32f030.o [1]
                            - 0x080000b4    0xb4

"P1":                                     0x4bfe
  .text              ro code  0x080000b4  0x1090  gprs_process.o [1]
  .text              ro code  0x08001144    0xc8  gprs_task.o [1]
  .text              ro code  0x0800120c   0x1b8  osal_timer.o [1]
  .text              ro code  0x080013c4    0x38  sprintf.o [3]
  .text              ro code  0x080013fc   0x1c0  gprs_commond.o [1]
  .text              ro code  0x080015bc   0x204  osal_clock.o [1]
  .text              ro code  0x080017c0    0x10  gprs_process.o [1]
  .text              ro code  0x080017d0    0xe0  I32DivModFast.o [5]
  .text              ro code  0x080018b0    0x10  strlen.o [5]
  .text              ro code  0x080018c0    0xf8  osal_core.o [1]
  .text              ro code  0x080019b8   0xebe  xprintffull_nomb.o [3]
  .text              ro code  0x08002876     0xa  xsprout.o [3]
  .text              ro code  0x08002880   0x144  stm32f0xx_bsp_usart.o [1]
  .text              ro code  0x080029c4    0x10  strcpy.o [5]
  .text              ro code  0x080029d4    0x38  strstr.o [3]
  .text              ro code  0x08002a0c     0x2  IntDivZer.o [5]
  .rodata            const    0x08002a0e     0x2  clog.o [1]
  .text              ro code  0x08002a10     0x2  osal_msg.o [1]
  .text              ro code  0x08002a12    0x24  osal_task.o [1]
  .text              ro code  0x08002a36    0x14  strchr.o [5]
  .text              ro code  0x08002a4a    0x18  memchr.o [5]
  .text              ro code  0x08002a62    0x6a  I64DivMod.o [5]
  .text              ro code  0x08002acc    0x5c  ABImemcpy.o [5]
  .text              ro code  0x08002b28    0x44  xdnorm.o [4]
  .text              ro code  0x08002b6c    0x32  DblCmpLe.o [4]
  .text              ro code  0x08002b9e    0x32  DblCmpGe.o [4]
  .text              ro code  0x08002bd0   0x11c  xdscale.o [4]
  .text              ro code  0x08002cec    0x52  DblToI32.o [4]
  .text              ro code  0x08002d3e     0x2  startup_stm32f030.o [1]
  .text              ro code  0x08002d40    0x34  I32ToDbl.o [4]
  .text              ro code  0x08002d74   0x1a8  DblAddSub.o [4]
  .text              ro code  0x08002f1c   0x184  DblMul.o [4]
  .text              ro code  0x080030a0    0xc2  DblDiv.o [4]
  .text              ro code  0x08003162    0x20  div.o [3]
  .text              ro code  0x08003182     0x2  startup_stm32f030.o [1]
  .text              ro code  0x08003184   0x2b8  stm32f0xx_rcc.o [1]
  .text              ro code  0x0800343c   0x140  stm32f0xx_gpio.o [1]
  .text              ro code  0x0800357c    0x78  stm32f0xx_misc.o [1]
  .text              ro code  0x080035f4   0x206  stm32f0xx_usart.o [1]
  .text              ro code  0x080037fa     0x2  startup_stm32f030.o [1]
  .text              ro code  0x080037fc    0x88  stm32f0xx_bsp_dma.o [1]
  .text              ro code  0x08003884    0x98  stm32f0xx_dma.o [1]
  .text              ro code  0x0800391c    0x70  hal_task.o [1]
  .text              ro code  0x0800398c    0x8c  user_task.o [1]
  .text              ro code  0x08003a18     0x2  I64DivZer.o [5]
  .text              ro code  0x08003a1a     0x2  startup_stm32f030.o [1]
  .text              ro code  0x08003a1c   0x104  bsp_led.o [1]
  .text              ro code  0x08003b20   0x240  SEGGER_RTT.o [1]
  .text              ro code  0x08003d60   0x1c4  rtt_log.o [1]
  .text              ro code  0x08003f24    0x38  clog.o [1]
  .text              ro code  0x08003f5c    0x3c  vsnprint.o [3]
  .text              ro code  0x08003f98   0x160  system_stm32f0xx.o [1]
  .text              ro code  0x080040f8   0x114  stm32f0xx_it.o [1]
  .text              ro code  0x0800420c    0xfc  stm32f0xx_bsp_systick.o [1]
  .text              ro code  0x08004308    0xcc  stm32f0xx_tim.o [1]
  .text              ro code  0x080043d4    0xd8  packbits_init.o [5]
  .text              ro code  0x080044ac     0xa  abort.o [3]
  .text              ro code  0x080044b6     0x2  startup_stm32f030.o [1]
  .text              ro code  0x080044b8    0x14  exit.o [6]
  .text              ro code  0x080044cc    0x84  stm32f0xx_bsp_timer.o [1]
  .rodata            const    0x08004550    0x54  bsp_led.o [1]
  .text              ro code  0x080045a4    0x40  bsp_init.o [1]
  .text              ro code  0x080045e4    0x3c  startup_stm32f030.o [1]
  .text              ro code  0x08004620    0x3c  zero_init3.o [5]
  .text              ro code  0x0800465c    0x28  data_init.o [5]
  .iar.init_table    const    0x08004684    0x2c  - Linker created -
  .rodata            const    0x080046b0    0x20  gprs_process.o [1]
  .rodata            const    0x080046d0    0x1c  gprs_process.o [1]
  .rodata            const    0x080046ec    0x1c  gprs_process.o [1]
  .text              ro code  0x08004708    0x1c  main.o [1]
  .text              ro code  0x08004724     0xc  system_init.o [1]
  .text              ro code  0x08004730     0x2  system_info.o [1]
  .text              ro code  0x08004732    0x1c  xsnprout.o [3]
  .text              ro code  0x0800474e     0x2  startup_stm32f030.o [1]
  .text              ro code  0x08004750    0x1a  cmain.o [5]
  .text              ro code  0x0800476a     0x4  low_level_init.o [3]
  .text              ro code  0x0800476e     0x8  exit.o [3]
  .text              ro code  0x08004776     0x2  startup_stm32f030.o [1]
  .text              ro code  0x08004778     0xa  cexit.o [5]
  .text              ro code  0x08004782     0x2  startup_stm32f030.o [1]
  .rodata            const    0x08004784    0x18  gprs_process.o [1]
  .rodata            const    0x0800479c    0x18  gprs_process.o [1]
  .rodata            const    0x080047b4    0x18  gprs_process.o [1]
  .rodata            const    0x080047cc    0x18  gprs_process.o [1]
  .rodata            const    0x080047e4    0x18  gprs_process.o [1]
  .rodata            const    0x080047fc    0x18  gprs_process.o [1]
  .rodata            const    0x08004814    0x18  gprs_process.o [1]
  .rodata            const    0x0800482c    0x18  gprs_process.o [1]
  .rodata            const    0x08004844    0x18  gprs_process.o [1]
  .rodata            const    0x0800485c    0x18  gprs_process.o [1]
  .rodata            const    0x08004874    0x18  rtt_log.o [1]
  .rodata            const    0x0800488c    0x18  xprintffull_nomb.o [3]
  .rodata            const    0x080048a4    0x14  gprs_process.o [1]
  .rodata            const    0x080048b8    0x14  gprs_process.o [1]
  .rodata            const    0x080048cc    0x14  gprs_process.o [1]
  .rodata            const    0x080048e0    0x14  gprs_process.o [1]
  .rodata            const    0x080048f4    0x14  gprs_process.o [1]
  .rodata            const    0x08004908    0x14  gprs_process.o [1]
  .rodata            const    0x0800491c    0x14  gprs_process.o [1]
  .rodata            const    0x08004930    0x14  gprs_process.o [1]
  .rodata            const    0x08004944    0x14  gprs_process.o [1]
  .rodata            const    0x08004958    0x14  gprs_process.o [1]
  .rodata            const    0x0800496c    0x14  gprs_process.o [1]
  .rodata            const    0x08004980    0x14  gprs_process.o [1]
  .rodata            const    0x08004994    0x14  gprs_process.o [1]
  .rodata            const    0x080049a8    0x14  gprs_process.o [1]
  .rodata            const    0x080049bc    0x14  gprs_process.o [1]
  .rodata            const    0x080049d0    0x14  gprs_process.o [1]
  .rodata            const    0x080049e4    0x14  gprs_process.o [1]
  .rodata            const    0x080049f8    0x14  gprs_process.o [1]
  .rodata            const    0x08004a0c    0x14  gprs_process.o [1]
  .rodata            const    0x08004a20    0x14  gprs_process.o [1]
  .rodata            const    0x08004a34    0x14  gprs_process.o [1]
  .rodata            const    0x08004a48    0x10  gprs_process.o [1]
  .rodata            const    0x08004a58    0x10  gprs_process.o [1]
  .rodata            const    0x08004a68    0x10  gprs_process.o [1]
  .rodata            const    0x08004a78    0x10  gprs_process.o [1]
  .rodata            const    0x08004a88    0x10  gprs_process.o [1]
  .rodata            const    0x08004a98    0x10  gprs_process.o [1]
  .rodata            const    0x08004aa8    0x10  gprs_process.o [1]
  .rodata            const    0x08004ab8    0x10  gprs_process.o [1]
  .rodata            const    0x08004ac8    0x10  gprs_process.o [1]
  .rodata            const    0x08004ad8    0x10  gprs_process.o [1]
  .rodata            const    0x08004ae8    0x10  gprs_process.o [1]
  .rodata            const    0x08004af8     0xc  gprs_process.o [1]
  .rodata            const    0x08004b04     0xc  gprs_process.o [1]
  .rodata            const    0x08004b10     0xc  gprs_process.o [1]
  .rodata            const    0x08004b1c     0xc  gprs_process.o [1]
  .rodata            const    0x08004b28     0xc  gprs_process.o [1]
  .rodata            const    0x08004b34     0xc  gprs_process.o [1]
  .rodata            const    0x08004b40     0xc  gprs_process.o [1]
  .rodata            const    0x08004b4c     0xc  osal_task.o [1]
  .rodata            const    0x08004b58     0xc  SEGGER_RTT.o [1]
  .rodata            const    0x08004b64     0xc  user_task.o [1]
  .text              ro code  0x08004b70     0xc  cstartup_M.o [5]
  .rodata            const    0x08004b7c     0x8  clog.o [1]
  .rodata            const    0x08004b84     0x8  clog.o [1]
  .rodata            const    0x08004b8c     0x8  clog.o [1]
  .rodata            const    0x08004b94     0x8  clog.o [1]
  .rodata            const    0x08004b9c     0x8  clog.o [1]
  .rodata            const    0x08004ba4     0x8  clog.o [1]
  .rodata            const    0x08004bac     0x8  gprs_process.o [1]
  .rodata            const    0x08004bb4     0x8  gprs_process.o [1]
  .rodata            const    0x08004bbc     0x8  gprs_process.o [1]
  .rodata            const    0x08004bc4     0x8  gprs_process.o [1]
  .rodata            const    0x08004bcc     0x8  rtt_log.o [1]
  .rodata            const    0x08004bd4     0x8  SEGGER_RTT.o [1]
  .rodata            const    0x08004bdc     0x8  user_task.o [1]
  .text              ro code  0x08004be4     0x2  startup_stm32f030.o [1]
  .text              ro code  0x08004be6     0x2  startup_stm32f030.o [1]
  .text              ro code  0x08004be8     0x2  startup_stm32f030.o [1]
  .text              ro code  0x08004bea     0x2  startup_stm32f030.o [1]
  .text              ro code  0x08004bec     0x2  startup_stm32f030.o [1]
  .text              ro code  0x08004bee     0x2  startup_stm32f030.o [1]
  .text              ro code  0x08004bf0     0x2  startup_stm32f030.o [1]
  .text              ro code  0x08004bf2     0x2  startup_stm32f030.o [1]
  .text              ro code  0x08004bf4     0x2  startup_stm32f030.o [1]
  .text              ro code  0x08004bf6     0x2  startup_stm32f030.o [1]
  .text              ro code  0x08004bf8     0x2  startup_stm32f030.o [1]
  .text              ro code  0x08004bfa     0x2  startup_stm32f030.o [1]
  .rodata            const    0x08004bfc     0x0  zero_init3.o [5]
  .rodata            const    0x08004bfc     0x0  packbits_init.o [5]
  Initializer bytes  const    0x08004bfc    0xb6  <for P2 s0>
                            - 0x08004cb2  0x4bfe

"P2":                                     0x1d80
  P2 s0                       0x20000000  0x1059  <Init block>
    .data            inited   0x20000000   0x7dc  stm32f0xx_bsp_usart.o [1]
    .data            inited   0x200007dc   0x4ec  stm32f0xx_bsp_usart.o [1]
    .data            inited   0x20000cc8   0x2fc  gprs_commond.o [1]
    .data            inited   0x20000fc4    0x5c  system_info.o [1]
    .data            inited   0x20001020    0x1c  clog.o [1]
    .data            inited   0x2000103c    0x10  stm32f0xx_rcc.o [1]
    .data            inited   0x2000104c     0x8  gprs_process.o [1]
    .data            inited   0x20001054     0x4  system_stm32f0xx.o [1]
    .data            inited   0x20001058     0x1  rtt_log.o [1]
  .bss               zero     0x2000105c   0x12c  rtt_log.o [1]
  .bss               zero     0x20001188   0x12c  SEGGER_RTT.o [1]
  .bss               zero     0x200012b4    0xf0  osal_timer.o [1]
  .bss               zero     0x200013a4    0x78  SEGGER_RTT.o [1]
  .bss               zero     0x2000141c    0x58  gprs_process.o [1]
  .bss               zero     0x20001474    0x50  gprs_process.o [1]
  .bss               zero     0x200014c4    0x34  SEGGER_RTT.o [1]
  .bss               zero     0x200014f8    0x30  bsp_led.o [1]
  .bss               zero     0x20001528    0x14  clog.o [1]
  .bss               zero     0x2000153c     0xc  gprs_process.o [1]
  .bss               zero     0x20001548     0xc  osal_task.o [1]
  .bss               zero     0x20001554     0x8  gprs_process.o [1]
  .bss               zero     0x2000155c     0x4  osal_clock.o [1]
  .bss               zero     0x20001560     0x4  osal_clock.o [1]
  .bss               zero     0x20001564     0x4  osal_core.o [1]
  .bss               zero     0x20001568     0x4  osal_timer.o [1]
  .bss               zero     0x2000156c     0x4  stm32f0xx_bsp_systick.o [1]
  .bss               zero     0x20001570     0x2  osal_clock.o [1]
  .bss               zero     0x20001572     0x2  stm32f0xx_it.o [1]
  .bss               zero     0x20001574     0x1  gprs_process.o [1]
  .bss               zero     0x20001575     0x1  gprs_process.o [1]
  .bss               zero     0x20001576     0x1  gprs_process.o [1]
  .bss               zero     0x20001577     0x1  gprs_process.o [1]
  .bss               zero     0x20001578     0x1  gprs_task.o [1]
  .bss               zero     0x20001579     0x1  hal_task.o [1]
  .bss               zero     0x2000157a     0x1  stm32f0xx_bsp_usart.o [1]
  .bss               zero     0x2000157b     0x1  user_task.o [1]
  CSTACK                      0x20001580   0x800  <Block>
    CSTACK           uninit   0x20001580   0x800  <Block tail>
                            - 0x20001d80  0x1d80


*******************************************************************************
*** INIT TABLE
***

          Address     Size
          -------     ----
Zero (__iar_zero_init3)
    1 destination range, total size 0x520:
          0x2000105c   0x520

Copy/packbits (__iar_packbits_init3)
    1 source range, total size 0xb6 (4% of destination):
          0x08004bfc    0xb6
    1 destination range, total size 0x1059:
          0x20000000  0x1059



*******************************************************************************
*** MODULE SUMMARY
***

    Module                   ro code  ro data  rw data
    ------                   -------  -------  -------
C:\Users\Administrator\Desktop\M26-DTU\stm32f030x8\projects\stm32f10x_std\IAR\Debug\Obj: [1]
    SEGGER_RTT.o                 576       20      472
    bsp_init.o                    64
    bsp_led.o                    260       84       48
    clog.o                        56       51       48
    gprs_commond.o               448       33      764
    gprs_process.o             4 256    1 040      200
    gprs_task.o                  200                 1
    hal_task.o                   112                 1
    main.o                        28
    osal_clock.o                 516                10
    osal_core.o                  248                 4
    osal_msg.o                     2
    osal_task.o                   36       12       12
    osal_timer.o                 440               244
    rtt_log.o                    452       33      301
    startup_stm32f030.o          280
    stm32f0xx_bsp_dma.o          136
    stm32f0xx_bsp_systick.o      252                 4
    stm32f0xx_bsp_timer.o        132
    stm32f0xx_bsp_usart.o        324      142    3 273
    stm32f0xx_dma.o              152
    stm32f0xx_gpio.o             320
    stm32f0xx_it.o               276                 2
    stm32f0xx_misc.o             120
    stm32f0xx_rcc.o              696        1       16
    stm32f0xx_tim.o              204
    stm32f0xx_usart.o            518
    system_info.o                  2        4       92
    system_init.o                 12
    system_stm32f0xx.o           352                 4
    user_task.o                  140       20        1
    --------------------------------------------------
    Total:                    11 610    1 440    5 497

command line: [2]
    --------------------------------------------------
    Total:

dl6M_tln.a: [3]
    abort.o                       10
    div.o                         32
    exit.o                         8
    low_level_init.o               4
    sprintf.o                     56
    strstr.o                      56
    vsnprint.o                    60
    xprintffull_nomb.o         3 774       24
    xsnprout.o                    28
    xsprout.o                     10
    --------------------------------------------------
    Total:                     4 038       24

m6M_tl.a: [4]
    DblAddSub.o                  424
    DblCmpGe.o                    50
    DblCmpLe.o                    50
    DblDiv.o                     194
    DblMul.o                     388
    DblToI32.o                    82
    I32ToDbl.o                    52
    xdnorm.o                      68
    xdscale.o                    284
    --------------------------------------------------
    Total:                     1 592

rt6M_tl.a: [5]
    ABImemcpy.o                   92
    I32DivModFast.o              224
    I64DivMod.o                  106
    I64DivZer.o                    2
    IntDivZer.o                    2
    cexit.o                       10
    cmain.o                       26
    cstartup_M.o                  12
    data_init.o                   40
    memchr.o                      24
    packbits_init.o              216
    strchr.o                      20
    strcpy.o                      16
    strlen.o                      16
    zero_init3.o                  60
    --------------------------------------------------
    Total:                       866

shb_l.a: [6]
    exit.o                        20
    --------------------------------------------------
    Total:                        20

    Gaps                                             3
    Linker created                         44    2 048
------------------------------------------------------
    Grand Total:              18 126    1 508    7 548


*******************************************************************************
*** ENTRY LIST
***

Entry                      Address   Size  Type      Object
-----                      -------   ----  ----      ------
.iar.init_table$$Base   0x08004684          --   Gb  - Linker created -
.iar.init_table$$Limit  0x080046b0          --   Gb  - Linker created -
?main                   0x08004751         Code  Gb  cmain.o [5]
ADC1_IRQHandler         0x0800420b    0x2  Code  Gb  stm32f0xx_it.o [1]
APBAHBPrescTable        0x2000103c   0x10  Data  Lc  stm32f0xx_rcc.o [1]
BSP_DMA_USART1_StructInit
                        0x080037fd   0x88  Code  Gb  stm32f0xx_bsp_dma.o [1]
BSP_Init                0x080045ad   0x32  Code  Gb  bsp_init.o [1]
BSP_LED_Close           0x08003ab5   0x3c  Code  Gb  bsp_led.o [1]
BSP_LED_Init            0x08003a1d   0x5c  Code  Gb  bsp_led.o [1]
BSP_LED_Open            0x08003a79   0x3c  Code  Gb  bsp_led.o [1]
BSP_LED_Toggle          0x08003af1   0x26  Code  Gb  bsp_led.o [1]
BSP_SYSTICK_IncTick     0x080042e5    0xc  Code  Gb  stm32f0xx_bsp_systick.o [1]
BSP_SYSTICK_Open        0x080042c9   0x1c  Code  Gb  stm32f0xx_bsp_systick.o [1]
BSP_Timer_Init          0x080044cd   0x84  Code  Gb  stm32f0xx_bsp_timer.o [1]
BSP_USART_Open          0x08002881  0x100  Code  Gb  stm32f0xx_bsp_usart.o [1]
BSP_USART_WriteBytes    0x08002981   0x2a  Code  Gb  stm32f0xx_bsp_usart.o [1]
Board_Init              0x080045a5    0x8  Code  Gb  bsp_init.o [1]
CLog_GetCurrentTaskID   0x08003f25    0x4  Code  Gb  clog.o [1]
CLog_GetTime            0x08003f29   0x1c  Code  Gb  clog.o [1]
CLog_Init               0x08003f45   0x14  Code  Gb  clog.o [1]
CSTACK$$Base            0x20001580          --   Gb  - Linker created -
CSTACK$$Limit           0x20001d80          --   Gb  - Linker created -
DMA1_Channel1_IRQHandler
                        0x08004209    0x2  Code  Gb  stm32f0xx_it.o [1]
DMA_Cmd                 0x080038c7   0x1c  Code  Gb  stm32f0xx_dma.o [1]
DMA_Init                0x08003885   0x42  Code  Gb  stm32f0xx_dma.o [1]
DMA_RemapConfig         0x080038e3   0x2e  Code  Gb  stm32f0xx_dma.o [1]
GPIO_Init               0x0800343d   0xbe  Code  Gb  stm32f0xx_gpio.o [1]
GPIO_PinAFConfig        0x0800350d   0x70  Code  Gb  stm32f0xx_gpio.o [1]
GPIO_WriteBit           0x080034fb   0x12  Code  Gb  stm32f0xx_gpio.o [1]
GPRS_WriteBytes         0x080010c5   0x4e  Code  Gb  gprs_process.o [1]
GprsTask_Init           0x08001145   0x32  Code  Gb  gprs_task.o [1]
GprsTask_Process        0x08001177   0x72  Code  Gb  gprs_task.o [1]
GprsTask_Send_Event     0x080011e9   0x10  Code  Gb  gprs_task.o [1]
Gprs_ACK_Check          0x08001473   0x48  Code  Gb  gprs_commond.o [1]
Gprs_Add_Sockets        0x08001045   0x7a  Code  Gb  gprs_process.o [1]
Gprs_Check_Data         0x08000a5d  0x2fc  Code  Gb  gprs_process.o [1]
Gprs_Module_Init        0x0800061d  0x330  Code  Gb  gprs_process.o [1]
Gprs_Open_Sockets       0x08000981   0x80  Code  Gb  gprs_process.o [1]
Gprs_Send_AT_Commond    0x080013fd   0x18  Code  Gb  gprs_commond.o [1]
Gprs_TaskFault_Handle   0x08000dd5  0x25a  Code  Gb  gprs_process.o [1]
Gprs_UpdateRssi         0x0800102f   0x16  Code  Gb  gprs_process.o [1]
HalTask_Init            0x0800391d   0x1e  Code  Gb  hal_task.o [1]
HalTask_Process         0x0800393b   0x4a  Code  Gb  hal_task.o [1]
HardFault_Handler       0x080040fb    0x4  Code  Gb  stm32f0xx_it.o [1]
InStream_Read           0x080043d5   0x22  Code  Lc  packbits_init.o [5]
LED_IO                  0x08004550   0x54  Data  Gb  bsp_led.o [1]
LoadInt                 0x08001f75   0x68  Code  Lc  xprintffull_nomb.o [3]
NMI_Handler             0x080040f9    0x2  Code  Gb  stm32f0xx_it.o [1]
NVIC_Init               0x0800357d   0x6a  Code  Gb  stm32f0xx_misc.o [1]
NVIC_SetPriority        0x0800420d   0x8a  Code  Lc  stm32f0xx_bsp_systick.o [1]
OS_Clock_ConvertToDateTime
                        0x0800166b  0x144  Code  Gb  osal_clock.o [1]
OS_Clock_GetSeconds     0x0800161b   0x14  Code  Gb  osal_clock.o [1]
OS_Clock_GetSystemClock
                        0x0800162f   0x14  Code  Gb  osal_clock.o [1]
OS_Clock_Update         0x080015bd   0x5e  Code  Gb  osal_clock.o [1]
OS_Events_Set           0x0800197b   0x30  Code  Gb  osal_core.o [1]
OS_Init                 0x080018c1   0x10  Code  Gb  osal_core.o [1]
OS_Msg_Init             0x08002a11    0x2  Code  Gb  osal_msg.o [1]
OS_Start                0x080018d1    0x8  Code  Gb  osal_core.o [1]
OS_Task_Init            0x08002a13   0x24  Code  Gb  osal_task.o [1]
OS_Timer_Init           0x0800120d   0x20  Code  Gb  osal_timer.o [1]
OS_Timer_Start          0x08001335   0x24  Code  Gb  osal_timer.o [1]
OS_Timer_Update         0x08001359   0x64  Code  Gb  osal_timer.o [1]
PendSV_Handler          0x08004101    0x2  Code  Gb  stm32f0xx_it.o [1]
RCC_AHBPeriphClockCmd   0x080033ad   0x20  Code  Gb  stm32f0xx_rcc.o [1]
RCC_APB1PeriphClockCmd  0x080033ed   0x20  Code  Gb  stm32f0xx_rcc.o [1]
RCC_APB2PeriphClockCmd  0x080033cd   0x20  Code  Gb  stm32f0xx_rcc.o [1]
RCC_GetClocksFreq       0x08003185  0x222  Code  Gb  stm32f0xx_rcc.o [1]
RTTLog_GetLogLevel      0x08003eef    0x6  Code  Lc  rtt_log.o [1]
RTTLog_Init             0x08003d61   0x16  Code  Gb  rtt_log.o [1]
RTTLog_SetLogLevel      0x08003ef5    0x6  Code  Lc  rtt_log.o [1]
RTTLog_Write            0x08003d77   0xb4  Code  Lc  rtt_log.o [1]
RTTLog_WriteRAW         0x08003edb   0x14  Code  Lc  rtt_log.o [1]
RTTLog_vprintf          0x08003e2b   0xb0  Code  Lc  rtt_log.o [1]
Region$$Table$$Base     0x08004684          --   Gb  - Linker created -
Region$$Table$$Limit    0x080046b0          --   Gb  - Linker created -
SEGGER_RTT_Write        0x08003d2b   0x32  Code  Gb  SEGGER_RTT.o [1]
SEGGER_RTT_WriteNoLock  0x08003cad   0x7e  Code  Gb  SEGGER_RTT.o [1]
SVC_Handler             0x080040ff    0x2  Code  Gb  stm32f0xx_it.o [1]
Scoket_Count            0x20001574    0x1  Data  Lc  gprs_process.o [1]
Server_receiveDataInfo  0x20000cc8  0x2fc  Data  Gb  gprs_commond.o [1]
SetSysClock             0x08004007   0xbe  Code  Lc  system_stm32f0xx.o [1]
Socket_Info_t           0x2000141c   0x58  Data  Gb  gprs_process.o [1]
SysTick_Config          0x08004297   0x32  Code  Lc  stm32f0xx_bsp_systick.o [1]
SysTick_Handler         0x08004103   0x14  Code  Gb  stm32f0xx_it.o [1]
SystemCoreClock         0x20001054    0x4  Data  Gb  system_stm32f0xx.o [1]
SystemInfo_Init         0x08004731    0x2  Code  Gb  system_info.o [1]
SystemInit              0x08003f99   0x6e  Code  Gb  system_stm32f0xx.o [1]
System_Load             0x08004725    0xc  Code  Gb  system_init.o [1]
TIM3_IRQHandler         0x08004171   0x70  Code  Gb  stm32f0xx_it.o [1]
TIM_ClearITPendingBit   0x080043cd    0x8  Code  Gb  stm32f0xx_tim.o [1]
TIM_Cmd                 0x08004375   0x1c  Code  Gb  stm32f0xx_tim.o [1]
TIM_ITConfig            0x080043b5   0x18  Code  Gb  stm32f0xx_tim.o [1]
TIM_PrescalerConfig     0x0800436f    0x6  Code  Gb  stm32f0xx_tim.o [1]
TIM_TimeBaseInit        0x08004309   0x66  Code  Gb  stm32f0xx_tim.o [1]
USART1_IRQHandler       0x08004117   0x5a  Code  Gb  stm32f0xx_it.o [1]
USART_ClearITPendingBit
                        0x080037e3   0x18  Code  Gb  stm32f0xx_usart.o [1]
USART_Cmd               0x080036db   0x1c  Code  Gb  stm32f0xx_usart.o [1]
USART_DMACmd            0x0800371d   0x18  Code  Gb  stm32f0xx_usart.o [1]
USART_GetITStatus       0x08003779   0x6a  Code  Gb  stm32f0xx_usart.o [1]
USART_ITConfig          0x08003735   0x44  Code  Gb  stm32f0xx_usart.o [1]
USART_Init              0x080035f5   0xe6  Code  Gb  stm32f0xx_usart.o [1]
USART_ReceiveData       0x08003709    0x8  Code  Gb  stm32f0xx_usart.o [1]
UserTask_Init           0x0800398d   0x16  Code  Gb  user_task.o [1]
UserTask_Process        0x080039a3   0x66  Code  Gb  user_task.o [1]
_DoInit                 0x08003b21   0x58  Code  Lc  SEGGER_RTT.o [1]
_GenldFullNoMb          0x080025a5  0x2a0  Code  Lc  xprintffull_nomb.o [3]
_GetAvailWriteSpace     0x08003c71   0x24  Code  Lc  SEGGER_RTT.o [1]
_LdtobFullNoMb          0x08002111  0x480  Code  Lc  xprintffull_nomb.o [3]
_LitobFullNoMb          0x08001fdd  0x12e  Code  Lc  xprintffull_nomb.o [3]
_PrintfFullNoMb         0x080019b9  0x5bc  Code  Gb  xprintffull_nomb.o [3]
_PutcharsFullNoMb       0x08002845   0x30  Code  Lc  xprintffull_nomb.o [3]
_SEGGER_RTT             0x200013a4   0x78  Data  Gb  SEGGER_RTT.o [1]
_SNProut                0x08004733   0x1c  Code  Gb  xsnprout.o [3]
_SProut                 0x08002877    0xa  Code  Gb  xsprout.o [3]
_WriteBlocking          0x08003b79   0x88  Code  Lc  SEGGER_RTT.o [1]
_WriteNoCheck           0x08003c01   0x70  Code  Lc  SEGGER_RTT.o [1]
__ICFEDIT_region_RAM_end__ {Abs}
                        0x20001fff          --   Gb  command line/config [2]
__ICFEDIT_region_RAM_start__ {Abs}
                        0x20000000          --   Gb  command line/config [2]
__aeabi_cdcmple         0x08002b6d         Code  Gb  DblCmpLe.o [4]
__aeabi_cdrcmple        0x08002b9f         Code  Gb  DblCmpGe.o [4]
__aeabi_d2iz            0x08002ced         Code  Gb  DblToI32.o [4]
__aeabi_d2uiz           0x08002d11         Code  Gb  DblToI32.o [4]
__aeabi_ddiv            0x080030a1         Code  Gb  DblDiv.o [4]
__aeabi_dmul            0x08002f1d         Code  Gb  DblMul.o [4]
__aeabi_dsub            0x08002e2f         Code  Gb  DblAddSub.o [4]
__aeabi_i2d             0x08002d41         Code  Gb  I32ToDbl.o [4]
__aeabi_idiv            0x080017fd         Code  Gb  I32DivModFast.o [5]
__aeabi_idiv0           0x08002a0d         Code  Gb  IntDivZer.o [5]
__aeabi_idivmod         0x080017fd         Code  Gb  I32DivModFast.o [5]
__aeabi_ldiv0           0x08003a19         Code  Gb  I64DivZer.o [5]
__aeabi_memcpy          0x08002acd         Code  Gb  ABImemcpy.o [5]
__aeabi_ui2d            0x08002d55         Code  Gb  I32ToDbl.o [4]
__aeabi_uidiv           0x08001803         Code  Gb  I32DivModFast.o [5]
__aeabi_uidivmod        0x08001803         Code  Gb  I32DivModFast.o [5]
__aeabi_uldivmod        0x08002a63         Code  Gb  I64DivMod.o [5]
__cmain                 0x08004751         Code  Gb  cmain.o [5]
__exit                  0x080044b9   0x14  Code  Gb  exit.o [6]
__iar_Dnorm             0x08002b29   0x44  Code  Gb  xdnorm.o [4]
__iar_Dscale            0x08002bd1  0x11c  Code  Gb  xdscale.o [4]
__iar_Memchr            0x08002a4b   0x18  Code  Gb  memchr.o [5]
__iar_Strchr            0x08002a37   0x14  Code  Gb  strchr.o [5]
__iar_Strstr            0x080029d5   0x38  Code  Gb  strstr.o [3]
__iar_d2uiz             0x08002d15         Code  Gb  DblToI32.o [4]
__iar_data_init3        0x0800465d   0x28  Code  Gb  data_init.o [5]
__iar_packbits_init3    0x080043f7   0xb6  Code  Gb  packbits_init.o [5]
__iar_program_start     0x08004b71         Code  Gb  cstartup_M.o [5]
__iar_ui2d              0x08002d59         Code  Gb  I32ToDbl.o [4]
__iar_zero_init3        0x08004621   0x3c  Code  Gb  zero_init3.o [5]
__low_level_init        0x0800476b    0x4  Code  Gb  low_level_init.o [3]
__vector_table          0x08000000         Data  Gb  startup_stm32f030.o [1]
_acDownBuffer           0x200014c4   0x34  Data  Lc  SEGGER_RTT.o [1]
_acUpBuffer             0x20001188  0x12c  Data  Lc  SEGGER_RTT.o [1]
_call_main              0x0800475d         Code  Gb  cmain.o [5]
_exit                   0x08004779         Code  Gb  cexit.o [5]
_main                   0x08004767         Code  Gb  cmain.o [5]
abort                   0x080044ad    0xa  Code  Gb  abort.o [3]
add_socket              0x08000139  0x340  Code  Lc  gprs_process.o [1]
div                     0x08003163   0x20  Code  Gb  div.o [3]
exit                    0x0800476f    0x8  Code  Gb  exit.o [3]
g_AT_ReceiveBuf         0x200007dc  0x4ec  Data  Gb  stm32f0xx_bsp_usart.o [1]
g_GprsTask_Id           0x20001578    0x1  Data  Gb  gprs_task.o [1]
g_HalTask_Id            0x20001579    0x1  Data  Gb  hal_task.o [1]
g_LogLevelText          0x20001020   0x1c  Data  Gb  clog.o [1]
g_Machine_TransmitBuf   0x20000000  0x7dc  Data  Gb  stm32f0xx_bsp_usart.o [1]
g_SystemInfo            0x20000fc4   0x5c  Data  Gb  system_info.o [1]
g_TasksEvents           0x20001548    0xc  Data  Gb  osal_task.o [1]
g_TasksFnArr            0x08004b4c    0xc  Data  Gb  osal_task.o [1]
g_USART1_ReceiveCompleteFlag
                        0x2000157a    0x1  Data  Gb  stm32f0xx_bsp_usart.o [1]
g_UserTask_Id           0x2000157b    0x1  Data  Gb  user_task.o [1]
get_SocketAndLength     0x080014bb   0xee  Code  Gb  gprs_commond.o [1]
gprs_check_param        0x08001415   0x5e  Code  Lc  gprs_commond.o [1]
gprs_check_unexpected_incidents
                        0x080004c9   0xfc  Code  Lc  gprs_process.o [1]
gprs_update_event       0x080000b5   0x6a  Code  Lc  gprs_process.o [1]
len                     0x20001572    0x2  Data  Lc  stm32f0xx_it.o [1]
main                    0x08004709   0x1c  Code  Gb  main.o [1]
month_length            0x08001643   0x28  Code  Lc  osal_clock.o [1]
open_buf                0x20001474   0x50  Data  Lc  gprs_process.o [1]
osalRun                 0x080018f3   0x88  Code  Lc  osal_core.o [1]
osalTimeUpdate          0x080018d9   0x1a  Code  Lc  osal_core.o [1]
osalTimerAdd            0x080012bd   0x78  Code  Gb  osal_timer.o [1]
osalTimerAlloc          0x0800122d   0x5e  Code  Gb  osal_timer.o [1]
osalTimerFind           0x0800128b   0x32  Code  Gb  osal_timer.o [1]
s_BSPLedControlTable    0x200014f8   0x30  Data  Lc  bsp_led.o [1]
s_Gprs_Info             0x20001554    0x8  Data  Lc  gprs_process.o [1]
s_Gprs_UpdateRssiCount  0x20001575    0x1  Data  Lc  gprs_process.o [1]
s_LogLevel              0x20001058    0x1  Data  Lc  rtt_log.o [1]
s_Query_Info            0x2000153c    0xc  Data  Lc  gprs_process.o [1]
s_RTTLog                0x20001528   0x14  Data  Gb  clog.o [1]
s_RTTLogBuf             0x2000105c  0x12c  Data  Lc  rtt_log.o [1]
s_Socket_Info           0x2000104c    0x8  Data  Lc  gprs_process.o [1]
s_Systick_Ticks         0x2000156c    0x4  Data  Gb  stm32f0xx_bsp_systick.o [1]
s_osalClock_ElapsedMs   0x20001560    0x4  Data  Lc  osal_clock.o [1]
s_osalClock_MilliSeconds
                        0x20001570    0x2  Data  Lc  osal_clock.o [1]
s_osalClock_Seconds     0x2000155c    0x4  Data  Lc  osal_clock.o [1]
s_osalTimerHead         0x20001568    0x4  Data  Lc  osal_timer.o [1]
s_osalTimerMemHeap      0x200012b4   0xf0  Data  Lc  osal_timer.o [1]
sprintf                 0x080013c5   0x38  Code  Gb  sprintf.o [3]
strcpy                  0x080029c5         Code  Gb  strcpy.o [5]
strlen                  0x080018b1   0x10  Code  Gb  strlen.o [5]
strstr                  0x080017c1   0x10  Code  Gb  gprs_process.o [1]
vsnprintf               0x08003f5d   0x3c  Code  Gb  vsnprint.o [3]


[1] = C:\Users\Administrator\Desktop\M26-DTU\stm32f030x8\projects\stm32f10x_std\IAR\Debug\Obj
[2] = command line
[3] = dl6M_tln.a
[4] = m6M_tl.a
[5] = rt6M_tl.a
[6] = shb_l.a

  18 126 bytes of readonly  code memory
   1 508 bytes of readonly  data memory
   7 548 bytes of readwrite data memory

Errors: none
Warnings: none
