###############################################################################
#
# IAR ELF Linker V7.40.3.8902/W32 for ARM                 08/Nov/2018  13:30:17
# Copyright 2007-2015 IAR Systems AB.
#
#    Output file  =  
#        C:\Users\Administrator\Desktop\M26-DTU\stm32f030x8\projects\stm32f10x_std\IAR\Debug\Exe\c.out
#    Map file     =  
#        C:\Users\Administrator\Desktop\M26-DTU\stm32f030x8\projects\stm32f10x_std\IAR\Debug\List\c.map
#    Command line =  
#        C:\Users\Administrator\Desktop\M26-DTU\stm32f030x8\projects\stm32f10x_std\IAR\Debug\Obj\bsp_gprs.o
#        C:\Users\Administrator\Desktop\M26-DTU\stm32f030x8\projects\stm32f10x_std\IAR\Debug\Obj\bsp_init.o
#        C:\Users\Administrator\Desktop\M26-DTU\stm32f030x8\projects\stm32f10x_std\IAR\Debug\Obj\bsp_led.o
#        C:\Users\Administrator\Desktop\M26-DTU\stm32f030x8\projects\stm32f10x_std\IAR\Debug\Obj\clog.o
#        C:\Users\Administrator\Desktop\M26-DTU\stm32f030x8\projects\stm32f10x_std\IAR\Debug\Obj\cqueue.o
#        C:\Users\Administrator\Desktop\M26-DTU\stm32f030x8\projects\stm32f10x_std\IAR\Debug\Obj\crc.o
#        C:\Users\Administrator\Desktop\M26-DTU\stm32f030x8\projects\stm32f10x_std\IAR\Debug\Obj\cshell.o
#        C:\Users\Administrator\Desktop\M26-DTU\stm32f030x8\projects\stm32f10x_std\IAR\Debug\Obj\cshell_port.o
#        C:\Users\Administrator\Desktop\M26-DTU\stm32f030x8\projects\stm32f10x_std\IAR\Debug\Obj\cshell_user.o
#        C:\Users\Administrator\Desktop\M26-DTU\stm32f030x8\projects\stm32f10x_std\IAR\Debug\Obj\cstring.o
#        C:\Users\Administrator\Desktop\M26-DTU\stm32f030x8\projects\stm32f10x_std\IAR\Debug\Obj\flash_log.o
#        C:\Users\Administrator\Desktop\M26-DTU\stm32f030x8\projects\stm32f10x_std\IAR\Debug\Obj\gprs_cache.o
#        C:\Users\Administrator\Desktop\M26-DTU\stm32f030x8\projects\stm32f10x_std\IAR\Debug\Obj\gprs_commond.o
#        C:\Users\Administrator\Desktop\M26-DTU\stm32f030x8\projects\stm32f10x_std\IAR\Debug\Obj\gprs_process.o
#        C:\Users\Administrator\Desktop\M26-DTU\stm32f030x8\projects\stm32f10x_std\IAR\Debug\Obj\gprs_task.o
#        C:\Users\Administrator\Desktop\M26-DTU\stm32f030x8\projects\stm32f10x_std\IAR\Debug\Obj\hal_task.o
#        C:\Users\Administrator\Desktop\M26-DTU\stm32f030x8\projects\stm32f10x_std\IAR\Debug\Obj\led_process.o
#        C:\Users\Administrator\Desktop\M26-DTU\stm32f030x8\projects\stm32f10x_std\IAR\Debug\Obj\main.o
#        C:\Users\Administrator\Desktop\M26-DTU\stm32f030x8\projects\stm32f10x_std\IAR\Debug\Obj\maintain_process.o
#        C:\Users\Administrator\Desktop\M26-DTU\stm32f030x8\projects\stm32f10x_std\IAR\Debug\Obj\osal.o
#        C:\Users\Administrator\Desktop\M26-DTU\stm32f030x8\projects\stm32f10x_std\IAR\Debug\Obj\osal_cfg.o
#        C:\Users\Administrator\Desktop\M26-DTU\stm32f030x8\projects\stm32f10x_std\IAR\Debug\Obj\osal_clock.o
#        C:\Users\Administrator\Desktop\M26-DTU\stm32f030x8\projects\stm32f10x_std\IAR\Debug\Obj\osal_core.o
#        C:\Users\Administrator\Desktop\M26-DTU\stm32f030x8\projects\stm32f10x_std\IAR\Debug\Obj\osal_cpu.o
#        C:\Users\Administrator\Desktop\M26-DTU\stm32f030x8\projects\stm32f10x_std\IAR\Debug\Obj\osal_msg.o
#        C:\Users\Administrator\Desktop\M26-DTU\stm32f030x8\projects\stm32f10x_std\IAR\Debug\Obj\osal_task.o
#        C:\Users\Administrator\Desktop\M26-DTU\stm32f030x8\projects\stm32f10x_std\IAR\Debug\Obj\osal_timeout.o
#        C:\Users\Administrator\Desktop\M26-DTU\stm32f030x8\projects\stm32f10x_std\IAR\Debug\Obj\osal_timer.o
#        C:\Users\Administrator\Desktop\M26-DTU\stm32f030x8\projects\stm32f10x_std\IAR\Debug\Obj\rtt_log.o
#        C:\Users\Administrator\Desktop\M26-DTU\stm32f030x8\projects\stm32f10x_std\IAR\Debug\Obj\SEGGER_RTT.o
#        C:\Users\Administrator\Desktop\M26-DTU\stm32f030x8\projects\stm32f10x_std\IAR\Debug\Obj\SEGGER_RTT_printf.o
#        C:\Users\Administrator\Desktop\M26-DTU\stm32f030x8\projects\stm32f10x_std\IAR\Debug\Obj\serial_log.o
#        C:\Users\Administrator\Desktop\M26-DTU\stm32f030x8\projects\stm32f10x_std\IAR\Debug\Obj\startup_stm32f030.o
#        C:\Users\Administrator\Desktop\M26-DTU\stm32f030x8\projects\stm32f10x_std\IAR\Debug\Obj\stm32f0xx_adc.o
#        C:\Users\Administrator\Desktop\M26-DTU\stm32f030x8\projects\stm32f10x_std\IAR\Debug\Obj\stm32f0xx_bsp_dma.o
#        C:\Users\Administrator\Desktop\M26-DTU\stm32f030x8\projects\stm32f10x_std\IAR\Debug\Obj\stm32f0xx_bsp_flash.o
#        C:\Users\Administrator\Desktop\M26-DTU\stm32f030x8\projects\stm32f10x_std\IAR\Debug\Obj\stm32f0xx_bsp_gpio.o
#        C:\Users\Administrator\Desktop\M26-DTU\stm32f030x8\projects\stm32f10x_std\IAR\Debug\Obj\stm32f0xx_bsp_nvic.o
#        C:\Users\Administrator\Desktop\M26-DTU\stm32f030x8\projects\stm32f10x_std\IAR\Debug\Obj\stm32f0xx_bsp_systick.o
#        C:\Users\Administrator\Desktop\M26-DTU\stm32f030x8\projects\stm32f10x_std\IAR\Debug\Obj\stm32f0xx_bsp_timer.o
#        C:\Users\Administrator\Desktop\M26-DTU\stm32f030x8\projects\stm32f10x_std\IAR\Debug\Obj\stm32f0xx_bsp_usart.o
#        C:\Users\Administrator\Desktop\M26-DTU\stm32f030x8\projects\stm32f10x_std\IAR\Debug\Obj\stm32f0xx_can.o
#        C:\Users\Administrator\Desktop\M26-DTU\stm32f030x8\projects\stm32f10x_std\IAR\Debug\Obj\stm32f0xx_cec.o
#        C:\Users\Administrator\Desktop\M26-DTU\stm32f030x8\projects\stm32f10x_std\IAR\Debug\Obj\stm32f0xx_comp.o
#        C:\Users\Administrator\Desktop\M26-DTU\stm32f030x8\projects\stm32f10x_std\IAR\Debug\Obj\stm32f0xx_crc.o
#        C:\Users\Administrator\Desktop\M26-DTU\stm32f030x8\projects\stm32f10x_std\IAR\Debug\Obj\stm32f0xx_crs.o
#        C:\Users\Administrator\Desktop\M26-DTU\stm32f030x8\projects\stm32f10x_std\IAR\Debug\Obj\stm32f0xx_dac.o
#        C:\Users\Administrator\Desktop\M26-DTU\stm32f030x8\projects\stm32f10x_std\IAR\Debug\Obj\stm32f0xx_dbgmcu.o
#        C:\Users\Administrator\Desktop\M26-DTU\stm32f030x8\projects\stm32f10x_std\IAR\Debug\Obj\stm32f0xx_dma.o
#        C:\Users\Administrator\Desktop\M26-DTU\stm32f030x8\projects\stm32f10x_std\IAR\Debug\Obj\stm32f0xx_exti.o
#        C:\Users\Administrator\Desktop\M26-DTU\stm32f030x8\projects\stm32f10x_std\IAR\Debug\Obj\stm32f0xx_flash.o
#        C:\Users\Administrator\Desktop\M26-DTU\stm32f030x8\projects\stm32f10x_std\IAR\Debug\Obj\stm32f0xx_gpio.o
#        C:\Users\Administrator\Desktop\M26-DTU\stm32f030x8\projects\stm32f10x_std\IAR\Debug\Obj\stm32f0xx_i2c.o
#        C:\Users\Administrator\Desktop\M26-DTU\stm32f030x8\projects\stm32f10x_std\IAR\Debug\Obj\stm32f0xx_it.o
#        C:\Users\Administrator\Desktop\M26-DTU\stm32f030x8\projects\stm32f10x_std\IAR\Debug\Obj\stm32f0xx_iwdg.o
#        C:\Users\Administrator\Desktop\M26-DTU\stm32f030x8\projects\stm32f10x_std\IAR\Debug\Obj\stm32f0xx_misc.o
#        C:\Users\Administrator\Desktop\M26-DTU\stm32f030x8\projects\stm32f10x_std\IAR\Debug\Obj\stm32f0xx_pwr.o
#        C:\Users\Administrator\Desktop\M26-DTU\stm32f030x8\projects\stm32f10x_std\IAR\Debug\Obj\stm32f0xx_rcc.o
#        C:\Users\Administrator\Desktop\M26-DTU\stm32f030x8\projects\stm32f10x_std\IAR\Debug\Obj\stm32f0xx_rtc.o
#        C:\Users\Administrator\Desktop\M26-DTU\stm32f030x8\projects\stm32f10x_std\IAR\Debug\Obj\stm32f0xx_spi.o
#        C:\Users\Administrator\Desktop\M26-DTU\stm32f030x8\projects\stm32f10x_std\IAR\Debug\Obj\stm32f0xx_syscfg.o
#        C:\Users\Administrator\Desktop\M26-DTU\stm32f030x8\projects\stm32f10x_std\IAR\Debug\Obj\stm32f0xx_tim.o
#        C:\Users\Administrator\Desktop\M26-DTU\stm32f030x8\projects\stm32f10x_std\IAR\Debug\Obj\stm32f0xx_usart.o
#        C:\Users\Administrator\Desktop\M26-DTU\stm32f030x8\projects\stm32f10x_std\IAR\Debug\Obj\stm32f0xx_wwdg.o
#        C:\Users\Administrator\Desktop\M26-DTU\stm32f030x8\projects\stm32f10x_std\IAR\Debug\Obj\system_info.o
#        C:\Users\Administrator\Desktop\M26-DTU\stm32f030x8\projects\stm32f10x_std\IAR\Debug\Obj\system_init.o
#        C:\Users\Administrator\Desktop\M26-DTU\stm32f030x8\projects\stm32f10x_std\IAR\Debug\Obj\system_param.o
#        C:\Users\Administrator\Desktop\M26-DTU\stm32f030x8\projects\stm32f10x_std\IAR\Debug\Obj\system_stm32f0xx.o
#        C:\Users\Administrator\Desktop\M26-DTU\stm32f030x8\projects\stm32f10x_std\IAR\Debug\Obj\user_task.o
#        C:\Users\Administrator\Desktop\M26-DTU\stm32f030x8\projects\stm32f10x_std\IAR\Debug\Obj\zsproto.o
#        C:\Users\Administrator\Desktop\M26-DTU\stm32f030x8\projects\stm32f10x_std\IAR\Debug\Obj\zsproto_package_process.o
#        C:\Users\Administrator\Desktop\M26-DTU\stm32f030x8\projects\stm32f10x_std\IAR\Debug\Obj\zsproto_penetrate_process.o
#        -o
#        C:\Users\Administrator\Desktop\M26-DTU\stm32f030x8\projects\stm32f10x_std\IAR\Debug\Exe\c.out
#        --map
#        C:\Users\Administrator\Desktop\M26-DTU\stm32f030x8\projects\stm32f10x_std\IAR\Debug\List\c.map
#        --config "D:\Program Files (x86)\IAR Systems\Embedded Workbench
#        7.2\arm\config\linker\ST\stm32f030x8.icf" --semihosting --entry
#        __iar_program_start --vfe
#
###############################################################################

*******************************************************************************
*** RUNTIME MODEL ATTRIBUTES
***

CppFlavor       = *
__SystemLibrary = DLib


*******************************************************************************
*** PLACEMENT SUMMARY
***

"A1":  place at 0x08000000 { ro section .intvec };
"P1":  place in [from 0x08000000 to 0x0800ffff] { ro };
"P2":  place in [from 0x20000000 to 0x20001fff] { rw, block CSTACK, block HEAP };

  Section             Kind        Address    Size  Object
  -------             ----        -------    ----  ------
"A1":                                        0xb4
  .intvec             ro code  0x08000000    0xb4  startup_stm32f030.o [1]
                             - 0x080000b4    0xb4

"P1":                                      0x6d99
  .text               ro code  0x080000b4  0x1578  gprs_process.o [1]
  .text               ro code  0x0800162c    0xe0  I32DivModFast.o [5]
  .text               ro code  0x0800170c   0x308  gprs_commond.o [1]
  .text               ro code  0x08001a14    0xf8  gprs_task.o [1]
  .text               ro code  0x08001b0c    0x10  strlen.o [5]
  .text               ro code  0x08001b1c   0x8c4  zsproto_package_process.o [1]
  .text               ro code  0x080023e0     0xc  atoi.o [3]
  .text               ro code  0x080023ec   0x204  osal_clock.o [1]
  .text               ro code  0x080025f0    0x44  bsp_gprs.o [1]
  .text               ro code  0x08002634    0x16  uread4.o [5]
  .text               ro code  0x0800264a     0xa  xsprout.o [3]
  .text               ro code  0x08002654    0x38  sprintf.o [3]
  .text               ro code  0x0800268c    0x10  gprs_process.o [1]
  .text               ro code  0x0800269c    0x88  user_task.o [1]
  .text               ro code  0x08002724     0x2  IntDivZer.o [5]
  .rodata             const    0x08002726     0x2  clog.o [1]
  .text               ro code  0x08002728   0x300  stm32f0xx_bsp_usart.o [1]
  .text               ro code  0x08002a28    0x5c  ABImemcpy.o [5]
  .text               ro code  0x08002a84   0x1bc  osal_timer.o [1]
  .text               ro code  0x08002c40    0xf8  osal_core.o [1]
  .text               ro code  0x08002d38    0x14  uwrite4.o [5]
  .text               ro code  0x08002d4c   0x168  system_param.o [1]
  .text               ro code  0x08002eb4   0x180  xstoul.o [3]
  .text               ro code  0x08003034   0x140  stm32f0xx_gpio.o [1]
  .text               ro code  0x08003174   0xebe  xprintffull_nomb.o [3]
  .text               ro code  0x08004032    0x38  strstr.o [3]
  .text               ro code  0x0800406a     0x2  startup_stm32f030.o [1]
  .text               ro code  0x0800406c   0x298  zsproto.o [1]
  .text               ro code  0x08004304   0x1b8  maintain_process.o [1]
  .text               ro code  0x080044bc   0x300  stm32f0xx_rcc.o [1]
  .text               ro code  0x080047bc    0x78  stm32f0xx_misc.o [1]
  .text               ro code  0x08004834   0x2f2  stm32f0xx_usart.o [1]
  .text               ro code  0x08004b26     0x2  startup_stm32f030.o [1]
  .text               ro code  0x08004b28   0x120  stm32f0xx_bsp_dma.o [1]
  .text               ro code  0x08004c48    0xa0  stm32f0xx_dma.o [1]
  .text               ro code  0x08004ce8     0x2  osal_msg.o [1]
  .text               ro code  0x08004cea    0x24  osal_task.o [1]
  .text               ro code  0x08004d0e    0x86  stm32f0xx_bsp_flash.o [1]
  .text               ro code  0x08004d94    0x4c  crc.o [1]
  .text               ro code  0x08004de0    0x18  memchr.o [5]
  .text               ro code  0x08004df8    0x10  errno.o [3]
  .text               ro code  0x08004e08    0x14  strchr.o [5]
  .text               ro code  0x08004e1c    0x6a  I64DivMod.o [5]
  .text               ro code  0x08004e86    0x44  xdnorm.o [4]
  .text               ro code  0x08004eca    0x32  DblCmpLe.o [4]
  .text               ro code  0x08004efc    0x32  DblCmpGe.o [4]
  .text               ro code  0x08004f2e     0x2  startup_stm32f030.o [1]
  .text               ro code  0x08004f30   0x11c  xdscale.o [4]
  .text               ro code  0x0800504c    0x52  DblToI32.o [4]
  .text               ro code  0x0800509e     0x2  startup_stm32f030.o [1]
  .text               ro code  0x080050a0    0x34  I32ToDbl.o [4]
  .text               ro code  0x080050d4   0x1a8  DblAddSub.o [4]
  .text               ro code  0x0800527c   0x184  DblMul.o [4]
  .text               ro code  0x08005400    0xc2  DblDiv.o [4]
  .text               ro code  0x080054c2    0x20  div.o [3]
  .text               ro code  0x080054e2     0x2  startup_stm32f030.o [1]
  .text               ro code  0x080054e4    0x38  zsproto_penetrate_process.o [1]
  .text               ro code  0x0800551c    0x4c  hal_task.o [1]
  .text               ro code  0x08005568   0x13e  stm32f0xx_flash.o [1]
  .text               ro code  0x080056a6     0x2  xtls.o [3]
  .text               ro code  0x080056a8     0x2  I64DivZer.o [5]
  .text               ro code  0x080056aa     0x2  startup_stm32f030.o [1]
  .text               ro code  0x080056ac   0x104  bsp_led.o [1]
  .text               ro code  0x080057b0   0x240  SEGGER_RTT.o [1]
  .text               ro code  0x080059f0    0x10  strcpy.o [5]
  .text               ro code  0x08005a00   0x1c4  rtt_log.o [1]
  .text               ro code  0x08005bc4    0x38  clog.o [1]
  .text               ro code  0x08005bfc    0x3c  vsnprint.o [3]
  .text               ro code  0x08005c38   0x1c0  stm32f0xx_tim.o [1]
  .text               ro code  0x08005df8   0x160  system_stm32f0xx.o [1]
  .text               ro code  0x08005f58   0x13e  stm32f0xx_it.o [1]
  .text               ro code  0x08006096     0x2  startup_stm32f030.o [1]
  .text               ro code  0x08006098    0xfc  stm32f0xx_bsp_systick.o [1]
  .text               ro code  0x08006194    0xd8  packbits_init.o [5]
  .text               ro code  0x0800626c     0xa  abort.o [3]
  .text               ro code  0x08006276     0x2  startup_stm32f030.o [1]
  .text               ro code  0x08006278    0x14  exit.o [6]
  .text               ro code  0x0800628c    0x64  stm32f0xx_bsp_timer.o [1]
  .rodata             const    0x080062f0    0x54  bsp_led.o [1]
  .text               ro code  0x08006344    0x3c  startup_stm32f030.o [1]
  .text               ro code  0x08006380    0x3c  zero_init3.o [5]
  .text               ro code  0x080063bc    0x2a  bsp_init.o [1]
  .text               ro code  0x080063e6     0x2  startup_stm32f030.o [1]
  .text               ro code  0x080063e8    0x28  data_init.o [5]
  .rodata             const    0x08006410    0x24  zsproto_package_process.o [1]
  .iar.init_table     const    0x08006434    0x2c  - Linker created -
  .rodata             const    0x08006460    0x20  gprs_process.o [1]
  .rodata             const    0x08006480    0x20  gprs_process.o [1]
  .rodata             const    0x080064a0    0x20  gprs_process.o [1]
  .rodata             const    0x080064c0    0x20  gprs_process.o [1]
  .rodata             const    0x080064e0    0x20  gprs_process.o [1]
  .rodata             const    0x08006500    0x20  gprs_process.o [1]
  .rodata             const    0x08006520    0x20  gprs_process.o [1]
  .rodata             const    0x08006540    0x20  gprs_process.o [1]
  .rodata             const    0x08006560    0x20  gprs_process.o [1]
  .rodata             const    0x08006580    0x20  gprs_process.o [1]
  .rodata             const    0x080065a0    0x20  gprs_process.o [1]
  .rodata             const    0x080065c0    0x20  gprs_process.o [1]
  .rodata             const    0x080065e0    0x20  gprs_process.o [1]
  .rodata             const    0x08006600    0x20  gprs_process.o [1]
  .rodata             const    0x08006620    0x20  maintain_process.o [1]
  .rodata             const    0x08006640    0x20  maintain_process.o [1]
  .rodata             const    0x08006660    0x20  system_param.o [1]
  .rodata             const    0x08006680    0x20  zsproto.o [1]
  .rodata             const    0x080066a0    0x20  zsproto_package_process.o [1]
  .rodata             const    0x080066c0    0x20  zsproto_package_process.o [1]
  .rodata             const    0x080066e0    0x20  zsproto_package_process.o [1]
  .rodata             const    0x08006700    0x20  zsproto_package_process.o [1]
  .rodata             const    0x08006720    0x20  zsproto_package_process.o [1]
  .rodata             const    0x08006740    0x1c  gprs_process.o [1]
  .rodata             const    0x0800675c    0x1c  gprs_process.o [1]
  .rodata             const    0x08006778    0x1c  gprs_process.o [1]
  .rodata             const    0x08006794    0x1c  gprs_process.o [1]
  .rodata             const    0x080067b0    0x1c  gprs_process.o [1]
  .rodata             const    0x080067cc    0x1c  gprs_process.o [1]
  .rodata             const    0x080067e8    0x1c  gprs_process.o [1]
  .rodata             const    0x08006804    0x1c  gprs_process.o [1]
  .rodata             const    0x08006820    0x1c  gprs_process.o [1]
  .rodata             const    0x0800683c    0x1c  gprs_process.o [1]
  .rodata             const    0x08006858    0x1c  gprs_process.o [1]
  .rodata             const    0x08006874    0x1c  gprs_process.o [1]
  .rodata             const    0x08006890    0x1c  gprs_process.o [1]
  .rodata             const    0x080068ac    0x1c  gprs_process.o [1]
  .rodata             const    0x080068c8    0x1c  gprs_process.o [1]
  .rodata             const    0x080068e4    0x1c  gprs_process.o [1]
  .rodata             const    0x08006900    0x1c  gprs_process.o [1]
  .rodata             const    0x0800691c    0x1c  system_param.o [1]
  .rodata             const    0x08006938    0x1c  zsproto.o [1]
  .rodata             const    0x08006954    0x1c  zsproto.o [1]
  .rodata             const    0x08006970    0x1c  zsproto_package_process.o [1]
  .rodata             const    0x0800698c    0x1c  zsproto_package_process.o [1]
  .rodata             const    0x080069a8    0x1c  zsproto_package_process.o [1]
  .rodata             const    0x080069c4    0x1c  zsproto_package_process.o [1]
  .rodata             const    0x080069e0    0x1c  zsproto_package_process.o [1]
  .rodata             const    0x080069fc    0x1c  zsproto_package_process.o [1]
  .rodata             const    0x08006a18    0x1c  zsproto_package_process.o [1]
  .rodata             const    0x08006a34    0x1c  zsproto_package_process.o [1]
  .rodata             const    0x08006a50    0x1c  zsproto_package_process.o [1]
  .text               ro code  0x08006a6c    0x1c  main.o [1]
  .text               ro code  0x08006a88     0xc  system_init.o [1]
  .text               ro code  0x08006a94     0x8  system_info.o [1]
  .text               ro code  0x08006a9c    0x1c  xsnprout.o [3]
  .text               ro code  0x08006ab8    0x1a  cmain.o [5]
  .text               ro code  0x08006ad2     0x4  low_level_init.o [3]
  .text               ro code  0x08006ad6     0x8  exit.o [3]
  .text               ro code  0x08006ade     0x2  startup_stm32f030.o [1]
  .text               ro code  0x08006ae0     0xa  cexit.o [5]
  .text               ro code  0x08006aea     0x2  startup_stm32f030.o [1]
  .rodata             const    0x08006aec    0x18  gprs_process.o [1]
  .rodata             const    0x08006b04    0x18  gprs_process.o [1]
  .rodata             const    0x08006b1c    0x18  gprs_process.o [1]
  .rodata             const    0x08006b34    0x18  gprs_process.o [1]
  .rodata             const    0x08006b4c    0x18  rtt_log.o [1]
  .rodata             const    0x08006b64    0x18  zsproto_package_process.o [1]
  .rodata             const    0x08006b7c    0x18  zsproto_package_process.o [1]
  .rodata             const    0x08006b94    0x18  zsproto_package_process.o [1]
  .rodata             const    0x08006bac    0x18  zsproto_package_process.o [1]
  .rodata             const    0x08006bc4    0x18  xprintffull_nomb.o [3]
  .rodata             const    0x08006bdc    0x14  gprs_process.o [1]
  .rodata             const    0x08006bf0    0x14  gprs_process.o [1]
  .rodata             const    0x08006c04    0x14  gprs_process.o [1]
  .rodata             const    0x08006c18    0x14  gprs_process.o [1]
  .rodata             const    0x08006c2c    0x14  maintain_process.o [1]
  .rodata             const    0x08006c40    0x10  gprs_process.o [1]
  .rodata             const    0x08006c50    0x10  gprs_process.o [1]
  .rodata             const    0x08006c60    0x10  gprs_process.o [1]
  .rodata             const    0x08006c70    0x10  gprs_process.o [1]
  .rodata             const    0x08006c80    0x10  gprs_process.o [1]
  .rodata             const    0x08006c90    0x10  system_param.o [1]
  .rodata             const    0x08006ca0    0x10  system_param.o [1]
  .rodata             const    0x08006cb0    0x10  system_param.o [1]
  .rodata             const    0x08006cc0     0xc  gprs_process.o [1]
  .rodata             const    0x08006ccc     0xc  gprs_process.o [1]
  .rodata             const    0x08006cd8     0xc  gprs_process.o [1]
  .rodata             const    0x08006ce4     0xc  gprs_process.o [1]
  .rodata             const    0x08006cf0     0xc  gprs_process.o [1]
  .rodata             const    0x08006cfc     0xc  gprs_process.o [1]
  .rodata             const    0x08006d08     0xc  gprs_process.o [1]
  .rodata             const    0x08006d14     0xc  gprs_process.o [1]
  .rodata             const    0x08006d20     0xc  gprs_process.o [1]
  .rodata             const    0x08006d2c     0xc  osal_task.o [1]
  .rodata             const    0x08006d38     0xc  SEGGER_RTT.o [1]
  .rodata             const    0x08006d44     0xc  zsproto_package_process.o [1]
  .text               ro code  0x08006d50     0xc  cstartup_M.o [5]
  .rodata             const    0x08006d5c     0x8  clog.o [1]
  .rodata             const    0x08006d64     0x8  clog.o [1]
  .rodata             const    0x08006d6c     0x8  clog.o [1]
  .rodata             const    0x08006d74     0x8  clog.o [1]
  .rodata             const    0x08006d7c     0x8  clog.o [1]
  .rodata             const    0x08006d84     0x8  clog.o [1]
  .rodata             const    0x08006d8c     0x8  gprs_process.o [1]
  .rodata             const    0x08006d94     0x8  gprs_process.o [1]
  .rodata             const    0x08006d9c     0x8  gprs_process.o [1]
  .rodata             const    0x08006da4     0x8  gprs_process.o [1]
  .rodata             const    0x08006dac     0x8  gprs_process.o [1]
  .rodata             const    0x08006db4     0x8  gprs_process.o [1]
  .rodata             const    0x08006dbc     0x8  gprs_process.o [1]
  .rodata             const    0x08006dc4     0x8  rtt_log.o [1]
  .rodata             const    0x08006dcc     0x8  SEGGER_RTT.o [1]
  .text               ro code  0x08006dd4     0x2  startup_stm32f030.o [1]
  .text               ro code  0x08006dd6     0x2  startup_stm32f030.o [1]
  .text               ro code  0x08006dd8     0x2  startup_stm32f030.o [1]
  .text               ro code  0x08006dda     0x2  startup_stm32f030.o [1]
  .text               ro code  0x08006ddc     0x2  startup_stm32f030.o [1]
  .text               ro code  0x08006dde     0x2  startup_stm32f030.o [1]
  .text               ro code  0x08006de0     0x2  startup_stm32f030.o [1]
  .text               ro code  0x08006de2     0x2  startup_stm32f030.o [1]
  .rodata             const    0x08006de4     0x0  zero_init3.o [5]
  .rodata             const    0x08006de4     0x0  packbits_init.o [5]
  Initializer bytes   const    0x08006de4    0x69  <for P2 s0>
                             - 0x08006e4d  0x6d99

"P2":                                      0x1df8
  P2 s0                        0x20000000   0x589  <Init block>
    .data             inited   0x20000000   0x264  gprs_cache.o [1]
    .data             inited   0x20000264   0x208  gprs_cache.o [1]
    .data             inited   0x2000046c    0xc4  gprs_process.o [1]
    .data             inited   0x20000530    0x1c  clog.o [1]
    .data             inited   0x2000054c    0x10  gprs_process.o [1]
    .data             inited   0x2000055c    0x10  stm32f0xx_rcc.o [1]
    .data             inited   0x2000056c     0xc  gprs_cache.o [1]
    .data             inited   0x20000578     0xc  gprs_cache.o [1]
    __DLIB_PERTHREAD  inited   0x20000584     0x4  errno.o [3]
    .data             inited   0x20000588     0x1  rtt_log.o [1]
  .bss                zero     0x2000058c   0x400  gprs_cache.o [1]
  .bss                zero     0x2000098c   0x400  gprs_cache.o [1]
  .bss                zero     0x20000d8c   0x1e0  osal_timer.o [1]
  .bss                zero     0x20000f6c   0x138  zsproto.o [1]
  .bss                zero     0x200010a4   0x12c  rtt_log.o [1]
  .bss                zero     0x200011d0   0x12c  SEGGER_RTT.o [1]
  .bss                zero     0x200012fc   0x104  zsproto.o [1]
  .bss                zero     0x20001400    0xd8  system_info.o [1]
  .bss                zero     0x200014d8    0x78  SEGGER_RTT.o [1]
  .bss                zero     0x20001550    0x34  SEGGER_RTT.o [1]
  .bss                zero     0x20001584    0x30  bsp_led.o [1]
  .bss                zero     0x200015b4    0x14  clog.o [1]
  .bss                zero     0x200015c8     0xc  osal_task.o [1]
  .bss                zero     0x200015d4     0x4  osal_clock.o [1]
  .bss                zero     0x200015d8     0x4  osal_clock.o [1]
  .bss                zero     0x200015dc     0x4  osal_core.o [1]
  .bss                zero     0x200015e0     0x4  osal_timer.o [1]
  .bss                zero     0x200015e4     0x4  stm32f0xx_bsp_systick.o [1]
  .bss                zero     0x200015e8     0x4  zsproto.o [1]
  .bss                zero     0x200015ec     0x2  osal_clock.o [1]
  .bss                zero     0x200015ee     0x1  gprs_process.o [1]
  .bss                zero     0x200015ef     0x1  gprs_process.o [1]
  .bss                zero     0x200015f0     0x1  gprs_task.o [1]
  .bss                zero     0x200015f1     0x1  hal_task.o [1]
  .bss                zero     0x200015f2     0x1  stm32f0xx_it.o [1]
  .bss                zero     0x200015f3     0x1  stm32f0xx_it.o [1]
  .bss                zero     0x200015f4     0x1  user_task.o [1]
  CSTACK                       0x200015f8   0x800  <Block>
    CSTACK            uninit   0x200015f8   0x800  <Block tail>
                             - 0x20001df8  0x1df8


*******************************************************************************
*** INIT TABLE
***

          Address     Size
          -------     ----
Zero (__iar_zero_init3)
    1 destination range, total size 0x1069:
          0x2000058c  0x1069

Copy/packbits (__iar_packbits_init3)
    1 source range, total size 0x69 (7% of destination):
          0x08006de4    0x69
    1 destination range, total size 0x589:
          0x20000000   0x589



*******************************************************************************
*** MODULE SUMMARY
***

    Module                       ro code  ro data  rw data
    ------                       -------  -------  -------
C:\Users\Administrator\Desktop\M26-DTU\stm32f030x8\projects\stm32f10x_std\IAR\Debug\Obj: [1]
    SEGGER_RTT.o                     576       20      472
    bsp_gprs.o                        68
    bsp_init.o                        42
    bsp_led.o                        260       84       48
    clog.o                            56       52       48
    crc.o                             76
    gprs_cache.o                               85    3 204
    gprs_commond.o                   776
    gprs_process.o                 5 512    1 360      214
    gprs_task.o                      248                 1
    hal_task.o                        76                 1
    main.o                            28
    maintain_process.o               440       84
    osal_clock.o                     516                10
    osal_core.o                      248                 4
    osal_msg.o                         2
    osal_task.o                       36       12       12
    osal_timer.o                     444               484
    rtt_log.o                        452       33      301
    startup_stm32f030.o              278
    stm32f0xx_bsp_dma.o              288
    stm32f0xx_bsp_flash.o            134
    stm32f0xx_bsp_systick.o          252                 4
    stm32f0xx_bsp_timer.o            100
    stm32f0xx_bsp_usart.o            768
    stm32f0xx_dma.o                  160
    stm32f0xx_flash.o                318
    stm32f0xx_gpio.o                 320
    stm32f0xx_it.o                   318                 2
    stm32f0xx_misc.o                 120
    stm32f0xx_rcc.o                  768        1       16
    stm32f0xx_tim.o                  448
    stm32f0xx_usart.o                754
    system_info.o                      8               216
    system_init.o                     12
    system_param.o                   360      108
    system_stm32f0xx.o               352
    user_task.o                      136                 1
    zsproto.o                        664       88      576
    zsproto_package_process.o      2 244      556
    zsproto_penetrate_process.o       56
    ------------------------------------------------------
    Total:                        18 714    2 483    5 614

command line: [2]
    ------------------------------------------------------
    Total:

dl6M_tln.a: [3]
    abort.o                           10
    atoi.o                            12
    div.o                             32
    errno.o                           16                 4
    exit.o                             8
    low_level_init.o                   4
    sprintf.o                         56
    strstr.o                          56
    vsnprint.o                        60
    xprintffull_nomb.o             3 774       24
    xsnprout.o                        28
    xsprout.o                         10
    xstoul.o                         384
    xtls.o                             2
    ------------------------------------------------------
    Total:                         4 452       24        4

m6M_tl.a: [4]
    DblAddSub.o                      424
    DblCmpGe.o                        50
    DblCmpLe.o                        50
    DblDiv.o                         194
    DblMul.o                         388
    DblToI32.o                        82
    I32ToDbl.o                        52
    xdnorm.o                          68
    xdscale.o                        284
    ------------------------------------------------------
    Total:                         1 592

rt6M_tl.a: [5]
    ABImemcpy.o                       92
    I32DivModFast.o                  224
    I64DivMod.o                      106
    I64DivZer.o                        2
    IntDivZer.o                        2
    cexit.o                           10
    cmain.o                           26
    cstartup_M.o                      12
    data_init.o                       40
    memchr.o                          24
    packbits_init.o                  216
    strchr.o                          20
    strcpy.o                          16
    strlen.o                          16
    uread4.o                          22
    uwrite4.o                         20
    zero_init3.o                      60
    ------------------------------------------------------
    Total:                           908

shb_l.a: [6]
    exit.o                            20
    ------------------------------------------------------
    Total:                            20

    Gaps                                                 3
    Linker created                             44    2 048
----------------------------------------------------------
    Grand Total:                  25 686    2 551    7 669


*******************************************************************************
*** ENTRY LIST
***

Entry                      Address   Size  Type      Object
-----                      -------   ----  ----      ------
.iar.init_table$$Base   0x08006434          --   Gb  - Linker created -
.iar.init_table$$Limit  0x08006460          --   Gb  - Linker created -
?main                   0x08006ab9         Code  Gb  cmain.o [5]
ADC1_IRQHandler         0x0800608b    0x2  Code  Gb  stm32f0xx_it.o [1]
APBAHBPrescTable        0x2000055c   0x10  Data  Lc  stm32f0xx_rcc.o [1]
BSP_DMA_USART_StructInit
                        0x08004b29  0x120  Code  Gb  stm32f0xx_bsp_dma.o [1]
BSP_FLASH_EraseSector   0x08004d0f   0x18  Code  Gb  stm32f0xx_bsp_flash.o [1]
BSP_FLASH_ReadBytes     0x08004d77   0x1e  Code  Gb  stm32f0xx_bsp_flash.o [1]
BSP_FLASH_WriteBytes    0x08004d27   0x50  Code  Gb  stm32f0xx_bsp_flash.o [1]
BSP_GPRS_PowerKeyHigh   0x08002611   0x12  Code  Gb  bsp_gprs.o [1]
BSP_GPRS_PowerKeyLow    0x08002623   0x12  Code  Gb  bsp_gprs.o [1]
BSP_GPRS_PowerOff       0x080025f1    0xe  Code  Gb  bsp_gprs.o [1]
BSP_GPRS_PowerOn        0x080025ff    0xe  Code  Gb  bsp_gprs.o [1]
BSP_Init                0x080063c5   0x22  Code  Gb  bsp_init.o [1]
BSP_LED_Close           0x08005745   0x3c  Code  Gb  bsp_led.o [1]
BSP_LED_Init            0x080056ad   0x5c  Code  Gb  bsp_led.o [1]
BSP_LED_Open            0x08005709   0x3c  Code  Gb  bsp_led.o [1]
BSP_LED_Toggle          0x08005781   0x26  Code  Gb  bsp_led.o [1]
BSP_SYSTICK_IncTick     0x08006171    0xc  Code  Gb  stm32f0xx_bsp_systick.o [1]
BSP_SYSTICK_Open        0x08006155   0x1c  Code  Gb  stm32f0xx_bsp_systick.o [1]
BSP_Timer_Init          0x0800628d   0x5e  Code  Gb  stm32f0xx_bsp_timer.o [1]
BSP_USART_IRQHandler    0x0800293f   0x2c  Code  Gb  stm32f0xx_bsp_usart.o [1]
BSP_USART_Open          0x08002729  0x1cc  Code  Gb  stm32f0xx_bsp_usart.o [1]
BSP_USART_ReadBytes     0x0800296b   0x22  Code  Gb  stm32f0xx_bsp_usart.o [1]
BSP_USART_ReadBytesDMA  0x0800298d   0x68  Code  Lc  stm32f0xx_bsp_usart.o [1]
BSP_USART_WriteBytes    0x080028f5   0x4a  Code  Gb  stm32f0xx_bsp_usart.o [1]
Board_Init              0x080063bd    0x8  Code  Gb  bsp_init.o [1]
CLog_GetCurrentTaskID   0x08005bc5    0x4  Code  Gb  clog.o [1]
CLog_GetTime            0x08005bc9   0x1c  Code  Gb  clog.o [1]
CLog_Init               0x08005be5   0x14  Code  Gb  clog.o [1]
CRC16_Modbus            0x08004d95   0x44  Code  Gb  crc.o [1]
CSTACK$$Base            0x200015f8          --   Gb  - Linker created -
CSTACK$$Limit           0x20001df8          --   Gb  - Linker created -
DMA1_Channel1_IRQHandler
                        0x08006089    0x2  Code  Gb  stm32f0xx_it.o [1]
DMA_Cmd                 0x08004c8b   0x1c  Code  Gb  stm32f0xx_dma.o [1]
DMA_GetCurrDataCounter  0x08004cd5    0x6  Code  Gb  stm32f0xx_dma.o [1]
DMA_Init                0x08004c49   0x42  Code  Gb  stm32f0xx_dma.o [1]
DMA_RemapConfig         0x08004ca7   0x2e  Code  Gb  stm32f0xx_dma.o [1]
FLASH_ClearFlag         0x08005635    0x6  Code  Gb  stm32f0xx_flash.o [1]
FLASH_ErasePage         0x0800558f   0x4e  Code  Gb  stm32f0xx_flash.o [1]
FLASH_GetStatus         0x0800563d   0x36  Code  Gb  stm32f0xx_flash.o [1]
FLASH_Lock              0x08005581    0xe  Code  Gb  stm32f0xx_flash.o [1]
FLASH_ProgramHalfWord   0x080055dd   0x42  Code  Gb  stm32f0xx_flash.o [1]
FLASH_Unlock            0x08005569   0x18  Code  Gb  stm32f0xx_flash.o [1]
FLASH_WaitForLastOperation
                        0x08005679   0x2e  Code  Gb  stm32f0xx_flash.o [1]
GPIO_Init               0x08003035   0xbe  Code  Gb  stm32f0xx_gpio.o [1]
GPIO_PinAFConfig        0x08003105   0x70  Code  Gb  stm32f0xx_gpio.o [1]
GPIO_WriteBit           0x080030f3   0x12  Code  Gb  stm32f0xx_gpio.o [1]
GPRS_ACK_Process        0x0800136d  0x102  Code  Gb  gprs_process.o [1]
GPRS_Loop_Process       0x08000801  0xb3c  Code  Gb  gprs_process.o [1]
GPRS_SendData           0x08001913   0xe6  Code  Gb  gprs_commond.o [1]
GPRS_WriteBytes         0x0800176f   0x14  Code  Gb  gprs_commond.o [1]
GprsTask_Init           0x08001a15   0x3c  Code  Gb  gprs_task.o [1]
GprsTask_Process        0x08001a51   0x9c  Code  Gb  gprs_task.o [1]
GprsTask_Send_Event     0x08001aed   0x10  Code  Gb  gprs_task.o [1]
Gprs_ACK_Check          0x08001783   0x18  Code  Gb  gprs_commond.o [1]
Gprs_Add_Sockets        0x08001479   0xb0  Code  Gb  gprs_process.o [1]
Gprs_Cmd_QIACK          0x0800156d   0x5c  Code  Gb  gprs_process.o [1]
Gprs_GetSocketAndLength
                        0x0800179b  0x178  Code  Gb  gprs_commond.o [1]
Gprs_Reset_Moudle       0x080015cd    0xe  Code  Gb  gprs_process.o [1]
Gprs_UpdateRssi         0x0800152d   0x2e  Code  Gb  gprs_process.o [1]
HalTask_Init            0x0800551d   0x14  Code  Gb  hal_task.o [1]
HalTask_Process         0x08005531   0x32  Code  Gb  hal_task.o [1]
HardFault_Handler       0x08005f5b    0x4  Code  Gb  stm32f0xx_it.o [1]
InStream_Read           0x08006195   0x22  Code  Lc  packbits_init.o [5]
LED_IO                  0x080062f0   0x54  Data  Gb  bsp_led.o [1]
LoadInt                 0x08003731   0x68  Code  Lc  xprintffull_nomb.o [3]
M26Trans_Buf            0x2000098c  0x400  Data  Gb  gprs_cache.o [1]
Maintain_Trans_Check    0x08004305   0x88  Code  Gb  maintain_process.o [1]
Maintain_Trans_Process  0x0800438d   0x2c  Code  Gb  maintain_process.o [1]
NMI_Handler             0x08005f59    0x2  Code  Gb  stm32f0xx_it.o [1]
NVIC_Init               0x080047bd   0x6a  Code  Gb  stm32f0xx_misc.o [1]
NVIC_SetPriority        0x08006099   0x8a  Code  Lc  stm32f0xx_bsp_systick.o [1]
OS_Clock_ConvertToDateTime
                        0x0800249b  0x144  Code  Gb  osal_clock.o [1]
OS_Clock_GetSeconds     0x0800244b   0x14  Code  Gb  osal_clock.o [1]
OS_Clock_GetSystemClock
                        0x0800245f   0x14  Code  Gb  osal_clock.o [1]
OS_Clock_Update         0x080023ed   0x5e  Code  Gb  osal_clock.o [1]
OS_Events_Set           0x08002cfb   0x30  Code  Gb  osal_core.o [1]
OS_Init                 0x08002c41   0x10  Code  Gb  osal_core.o [1]
OS_Msg_Init             0x08004ce9    0x2  Code  Gb  osal_msg.o [1]
OS_Start                0x08002c51    0x8  Code  Gb  osal_core.o [1]
OS_Task_Init            0x08004ceb   0x24  Code  Gb  osal_task.o [1]
OS_Timer_Init           0x08002a85   0x20  Code  Gb  osal_timer.o [1]
OS_Timer_Start          0x08002bad   0x28  Code  Gb  osal_timer.o [1]
OS_Timer_Update         0x08002bd5   0x64  Code  Gb  osal_timer.o [1]
PendSV_Handler          0x08005f61    0x2  Code  Gb  stm32f0xx_it.o [1]
RCC_AHBPeriphClockCmd   0x080046e5   0x20  Code  Gb  stm32f0xx_rcc.o [1]
RCC_APB1PeriphClockCmd  0x08004725   0x20  Code  Gb  stm32f0xx_rcc.o [1]
RCC_APB1PeriphResetCmd  0x08004779   0x20  Code  Gb  stm32f0xx_rcc.o [1]
RCC_APB2PeriphClockCmd  0x08004705   0x20  Code  Gb  stm32f0xx_rcc.o [1]
RCC_APB2PeriphResetCmd  0x08004755   0x20  Code  Gb  stm32f0xx_rcc.o [1]
RCC_GetClocksFreq       0x080044bd  0x222  Code  Gb  stm32f0xx_rcc.o [1]
RTTLog_GetLogLevel      0x08005b8f    0x6  Code  Lc  rtt_log.o [1]
RTTLog_Init             0x08005a01   0x16  Code  Gb  rtt_log.o [1]
RTTLog_SetLogLevel      0x08005b95    0x6  Code  Lc  rtt_log.o [1]
RTTLog_Write            0x08005a17   0xb4  Code  Lc  rtt_log.o [1]
RTTLog_WriteRAW         0x08005b7b   0x14  Code  Lc  rtt_log.o [1]
RTTLog_vprintf          0x08005acb   0xb0  Code  Lc  rtt_log.o [1]
Region$$Table$$Base     0x08006434          --   Gb  - Linker created -
Region$$Table$$Limit    0x08006460          --   Gb  - Linker created -
SEGGER_RTT_Write        0x080059bb   0x32  Code  Gb  SEGGER_RTT.o [1]
SEGGER_RTT_WriteNoLock  0x0800593d   0x7e  Code  Gb  SEGGER_RTT.o [1]
SVC_Handler             0x08005f5f    0x2  Code  Gb  stm32f0xx_it.o [1]
Server_Trans_Check      0x08004431   0x62  Code  Gb  maintain_process.o [1]
Server_receiveDataInfo  0x20000264  0x208  Data  Gb  gprs_cache.o [1]
SetSysClock             0x08005e67   0xbe  Code  Lc  system_stm32f0xx.o [1]
SysTick_Config          0x08006123   0x32  Code  Lc  stm32f0xx_bsp_systick.o [1]
SysTick_Handler         0x08005f63   0x14  Code  Gb  stm32f0xx_it.o [1]
SystemInfo_Init         0x08006a95    0x8  Code  Gb  system_info.o [1]
SystemInit              0x08005df9   0x6e  Code  Gb  system_stm32f0xx.o [1]
SystemParam_Init        0x08002d4d   0xbc  Code  Gb  system_param.o [1]
SystemParam_Save        0x08002e09   0x46  Code  Gb  system_param.o [1]
System_Load             0x08006a89    0xc  Code  Gb  system_init.o [1]
TIM3_IRQHandler         0x08005fd3   0x88  Code  Gb  stm32f0xx_it.o [1]
TIM_ClearITPendingBit   0x08005df1    0x8  Code  Gb  stm32f0xx_tim.o [1]
TIM_Cmd                 0x08005d91   0x1c  Code  Gb  stm32f0xx_tim.o [1]
TIM_DeInit              0x08005c39   0xf2  Code  Gb  stm32f0xx_tim.o [1]
TIM_ITConfig            0x08005dd9   0x18  Code  Gb  stm32f0xx_tim.o [1]
TIM_TimeBaseInit        0x08005d2b   0x66  Code  Gb  stm32f0xx_tim.o [1]
USART1_IRQHandler       0x08005f77   0x5c  Code  Gb  stm32f0xx_it.o [1]
USART2_IRQHandler       0x0800608d    0xa  Code  Gb  stm32f0xx_it.o [1]
USART2_Rx_Buf           0x2000058c  0x400  Data  Gb  gprs_cache.o [1]
USART_ClearITPendingBit
                        0x08004b0f   0x18  Code  Gb  stm32f0xx_usart.o [1]
USART_Cmd               0x080049f3   0x1c  Code  Gb  stm32f0xx_usart.o [1]
USART_DMACmd            0x08004a49   0x18  Code  Gb  stm32f0xx_usart.o [1]
USART_DeInit            0x08004835   0xd8  Code  Gb  stm32f0xx_usart.o [1]
USART_GetITStatus       0x08004aa5   0x6a  Code  Gb  stm32f0xx_usart.o [1]
USART_ITConfig          0x08004a61   0x44  Code  Gb  stm32f0xx_usart.o [1]
USART_Init              0x0800490d   0xe6  Code  Gb  stm32f0xx_usart.o [1]
USART_ReceiveData       0x08004a35    0x8  Code  Gb  stm32f0xx_usart.o [1]
UserTask_Init           0x0800269d   0x1e  Code  Gb  user_task.o [1]
UserTask_Process        0x080026bb   0x52  Code  Gb  user_task.o [1]
UserTask_Send_Event     0x0800270d   0x10  Code  Gb  user_task.o [1]
ZSProto_ConfigGetReq_Process
                        0x08002245    0x8  Code  Gb  zsproto_package_process.o [1]
ZSProto_ConfigSetReq_Process
                        0x08001ea9  0x378  Code  Gb  zsproto_package_process.o [1]
ZSProto_FlowAnalysis    0x08004165   0xc6  Code  Gb  zsproto.o [1]
ZSProto_FlowGetCacheIdleLength
                        0x0800423f   0x1c  Code  Gb  zsproto.o [1]
ZSProto_FlowSetCallback
                        0x0800422b   0x14  Code  Gb  zsproto.o [1]
ZSProto_IsPackage       0x0800425b   0x94  Code  Gb  zsproto.o [1]
ZSProto_Make_ConfigGetResp
                        0x0800224d   0x3c  Code  Gb  zsproto_package_process.o [1]
ZSProto_Make_ConfigSetResp
                        0x08001b1d  0x25a  Code  Gb  zsproto_package_process.o [1]
ZSProto_Make_RssiResp   0x080022b5   0xe8  Code  Gb  zsproto_package_process.o [1]
ZSProto_Make_SocketDataPackage
                        0x08001d77   0xea  Code  Gb  zsproto_package_process.o [1]
ZSProto_SocketPcakReq_Process
                        0x08001e91   0x16  Code  Gb  zsproto_package_process.o [1]
ZSProto_TransparentData
                        0x080054e5   0x38  Code  Gb  zsproto_penetrate_process.o [1]
_DoInit                 0x080057b1   0x58  Code  Lc  SEGGER_RTT.o [1]
_GenldFullNoMb          0x08003d61  0x2a0  Code  Lc  xprintffull_nomb.o [3]
_GetAvailWriteSpace     0x08005901   0x24  Code  Lc  SEGGER_RTT.o [1]
_LdtobFullNoMb          0x080038cd  0x480  Code  Lc  xprintffull_nomb.o [3]
_LitobFullNoMb          0x08003799  0x12e  Code  Lc  xprintffull_nomb.o [3]
_PrintfFullNoMb         0x08003175  0x5bc  Code  Gb  xprintffull_nomb.o [3]
_PutcharsFullNoMb       0x08004001   0x30  Code  Lc  xprintffull_nomb.o [3]
_SEGGER_RTT             0x200014d8   0x78  Data  Gb  SEGGER_RTT.o [1]
_SNProut                0x08006a9d   0x1c  Code  Gb  xsnprout.o [3]
_SProut                 0x0800264b    0xa  Code  Gb  xsprout.o [3]
_WriteBlocking          0x08005809   0x88  Code  Lc  SEGGER_RTT.o [1]
_WriteNoCheck           0x08005891   0x70  Code  Lc  SEGGER_RTT.o [1]
__ICFEDIT_region_RAM_end__ {Abs}
                        0x20001fff          --   Gb  command line/config [2]
__ICFEDIT_region_RAM_start__ {Abs}
                        0x20000000          --   Gb  command line/config [2]
__aeabi_cdcmple         0x08004ecb         Code  Gb  DblCmpLe.o [4]
__aeabi_cdrcmple        0x08004efd         Code  Gb  DblCmpGe.o [4]
__aeabi_d2iz            0x0800504d         Code  Gb  DblToI32.o [4]
__aeabi_d2uiz           0x08005071         Code  Gb  DblToI32.o [4]
__aeabi_ddiv            0x08005401         Code  Gb  DblDiv.o [4]
__aeabi_dmul            0x0800527d         Code  Gb  DblMul.o [4]
__aeabi_dsub            0x0800518f         Code  Gb  DblAddSub.o [4]
__aeabi_errno_addr      0x08004df9    0xa  Code  Gb  errno.o [3]
__aeabi_i2d             0x080050a1         Code  Gb  I32ToDbl.o [4]
__aeabi_idiv            0x08001659         Code  Gb  I32DivModFast.o [5]
__aeabi_idiv0           0x08002725         Code  Gb  IntDivZer.o [5]
__aeabi_idivmod         0x08001659         Code  Gb  I32DivModFast.o [5]
__aeabi_ldiv0           0x080056a9         Code  Gb  I64DivZer.o [5]
__aeabi_memcpy          0x08002a29         Code  Gb  ABImemcpy.o [5]
__aeabi_ui2d            0x080050b5         Code  Gb  I32ToDbl.o [4]
__aeabi_uidiv           0x0800165f         Code  Gb  I32DivModFast.o [5]
__aeabi_uidivmod        0x0800165f         Code  Gb  I32DivModFast.o [5]
__aeabi_uldivmod        0x08004e1d         Code  Gb  I64DivMod.o [5]
__aeabi_uread4          0x08002635         Code  Gb  uread4.o [5]
__aeabi_uwrite4         0x08002d39         Code  Gb  uwrite4.o [5]
__cmain                 0x08006ab9         Code  Gb  cmain.o [5]
__exit                  0x08006279   0x14  Code  Gb  exit.o [6]
__iar_Dnorm             0x08004e87   0x44  Code  Gb  xdnorm.o [4]
__iar_Dscale            0x08004f31  0x11c  Code  Gb  xdscale.o [4]
__iar_Errno             0x20000584    0x4  Data  Gb  errno.o [3]
__iar_Memchr            0x08004de1   0x18  Code  Gb  memchr.o [5]
__iar_Stoul             0x08002fdb    0xa  Code  Gb  xstoul.o [3]
__iar_Stoulx            0x08002eb5  0x126  Code  Gb  xstoul.o [3]
__iar_Strchr            0x08004e09   0x14  Code  Gb  strchr.o [5]
__iar_Strstr            0x08004033   0x38  Code  Gb  strstr.o [3]
__iar_d2uiz             0x08005075         Code  Gb  DblToI32.o [4]
__iar_data_init3        0x080063e9   0x28  Code  Gb  data_init.o [5]
__iar_dlib_perthread_access
                        0x080056a7    0x2  Code  Gb  xtls.o [3]
__iar_packbits_init3    0x080061b7   0xb6  Code  Gb  packbits_init.o [5]
__iar_program_start     0x08006d51         Code  Gb  cstartup_M.o [5]
__iar_ui2d              0x080050b9         Code  Gb  I32ToDbl.o [4]
__iar_zero_init3        0x08006381   0x3c  Code  Gb  zero_init3.o [5]
__low_level_init        0x08006ad3    0x4  Code  Gb  low_level_init.o [3]
__vector_table          0x08000000         Data  Gb  startup_stm32f030.o [1]
_acDownBuffer           0x20001550   0x34  Data  Lc  SEGGER_RTT.o [1]
_acUpBuffer             0x200011d0  0x12c  Data  Lc  SEGGER_RTT.o [1]
_call_main              0x08006ac5         Code  Gb  cmain.o [5]
_exit                   0x08006ae1         Code  Gb  cexit.o [5]
_main                   0x08006acf         Code  Gb  cmain.o [5]
abort                   0x0800626d    0xa  Code  Gb  abort.o [3]
atoi                    0x080023e1    0xc  Code  Gb  atoi.o [3]
digits                  0x08002fe4   0x28  Data  Lc  xstoul.o [3]
div                     0x080054c3   0x20  Code  Gb  div.o [3]
exit                    0x08006ad7    0x8  Code  Gb  exit.o [3]
g_AT_ReceiveBuf         0x20000000  0x264  Data  Gb  gprs_cache.o [1]
g_GprsTask_Id           0x200015f0    0x1  Data  Gb  gprs_task.o [1]
g_HalTask_Id            0x200015f1    0x1  Data  Gb  hal_task.o [1]
g_LogLevelText          0x20000530   0x1c  Data  Gb  clog.o [1]
g_Machine_ReceiveBuf    0x20000578    0xc  Data  Gb  gprs_cache.o [1]
g_Machine_TransmitBuf   0x2000056c    0xc  Data  Gb  gprs_cache.o [1]
g_SystemInfo            0x20001400   0xd8  Data  Gb  system_info.o [1]
g_TasksEvents           0x200015c8    0xc  Data  Gb  osal_task.o [1]
g_TasksFnArr            0x08006d2c    0xc  Data  Gb  osal_task.o [1]
g_UserTask_Id           0x200015f4    0x1  Data  Gb  user_task.o [1]
g_ZSProtoMakeCache      0x200012fc  0x104  Data  Gb  zsproto.o [1]
g_ZSProto_Seq           0x200015e8    0x4  Data  Gb  zsproto.o [1]
getnoackLen             0x08000755   0x5e  Code  Lc  gprs_process.o [1]
gprs_add_state          0x080000b5   0x3e  Code  Lc  gprs_process.o [1]
gprs_attribute_deinit   0x08000727   0x1a  Code  Lc  gprs_process.o [1]
gprs_check_param        0x0800170d   0x62  Code  Lc  gprs_commond.o [1]
gprs_check_process      0x080002ad  0x416  Code  Lc  gprs_process.o [1]
gprs_idle_process       0x080006d5   0x10  Code  Lc  gprs_process.o [1]
gprs_msg_queue_clear    0x080006e5   0x14  Code  Lc  gprs_process.o [1]
gprs_socket_deinit      0x08000701   0x26  Code  Lc  gprs_process.o [1]
gprs_update_request     0x0800012f   0xa8  Code  Lc  gprs_process.o [1]
gprs_update_socket      0x080001d7   0xba  Code  Lc  gprs_process.o [1]
gprs_update_state       0x080000f3   0x3c  Code  Lc  gprs_process.o [1]
len                     0x200015f3    0x1  Data  Lc  stm32f0xx_it.o [1]
main                    0x08006a6d   0x1c  Code  Gb  main.o [1]
maintain_apd_process    0x080043b9   0x78  Code  Lc  maintain_process.o [1]
month_length            0x08002473   0x28  Code  Lc  osal_clock.o [1]
ndigs                   0x0800300c   0x28  Data  Lc  xstoul.o [3]
osalRun                 0x08002c73   0x88  Code  Lc  osal_core.o [1]
osalTimeUpdate          0x08002c59   0x1a  Code  Lc  osal_core.o [1]
osalTimerAdd            0x08002b35   0x78  Code  Gb  osal_timer.o [1]
osalTimerAlloc          0x08002aa5   0x5e  Code  Gb  osal_timer.o [1]
osalTimerFind           0x08002b03   0x32  Code  Gb  osal_timer.o [1]
s_BSPLedControlTable    0x20001584   0x30  Data  Lc  bsp_led.o [1]
s_GPRSMsgQueue          0x2000054c   0x10  Data  Lc  gprs_process.o [1]
s_GPRS_CB               0x2000046c   0xc4  Data  Lc  gprs_process.o [1]
s_LogLevel              0x20000588    0x1  Data  Lc  rtt_log.o [1]
s_RTTLog                0x200015b4   0x14  Data  Gb  clog.o [1]
s_RTTLogBuf             0x200010a4  0x12c  Data  Lc  rtt_log.o [1]
s_Systick_Ticks         0x200015e4    0x4  Data  Gb  stm32f0xx_bsp_systick.o [1]
s_USART1_ReceiveCompleteFlag
                        0x200015f2    0x1  Data  Lc  stm32f0xx_it.o [1]
s_ZSProtoFlowCacheList  0x20000f6c  0x138  Data  Lc  zsproto.o [1]
s_osalClock_ElapsedMs   0x200015d8    0x4  Data  Lc  osal_clock.o [1]
s_osalClock_MilliSeconds
                        0x200015ec    0x2  Data  Lc  osal_clock.o [1]
s_osalClock_Seconds     0x200015d4    0x4  Data  Lc  osal_clock.o [1]
s_osalTimerHead         0x200015e0    0x4  Data  Lc  osal_timer.o [1]
s_osalTimerMemHeap      0x20000d8c  0x1e0  Data  Lc  osal_timer.o [1]
sprintf                 0x08002655   0x38  Code  Gb  sprintf.o [3]
strcpy                  0x080059f1         Code  Gb  strcpy.o [5]
strlen                  0x08001b0d   0x10  Code  Gb  strlen.o [5]
strstr                  0x0800268d   0x10  Code  Gb  gprs_process.o [1]
vsnprintf               0x08005bfd   0x3c  Code  Gb  vsnprint.o [3]
zsproto_flow_decode     0x0800406d   0xf8  Code  Lc  zsproto.o [1]


[1] = C:\Users\Administrator\Desktop\M26-DTU\stm32f030x8\projects\stm32f10x_std\IAR\Debug\Obj
[2] = command line
[3] = dl6M_tln.a
[4] = m6M_tl.a
[5] = rt6M_tl.a
[6] = shb_l.a

  25 686 bytes of readonly  code memory
   2 551 bytes of readonly  data memory
   7 669 bytes of readwrite data memory

Errors: none
Warnings: none
