###############################################################################
#
# IAR ELF Linker V7.40.3.8902/W32 for ARM                 31/Oct/2018  18:47:53
# Copyright 2007-2015 IAR Systems AB.
#
#    Output file  =  
#        C:\Users\Administrator\Desktop\M26-DTU\stm32f030x8\projects\stm32f10x_std\IAR\Debug\Exe\c.out
#    Map file     =  
#        C:\Users\Administrator\Desktop\M26-DTU\stm32f030x8\projects\stm32f10x_std\IAR\Debug\List\c.map
#    Command line =  
#        C:\Users\Administrator\Desktop\M26-DTU\stm32f030x8\projects\stm32f10x_std\IAR\Debug\Obj\bsp_gprs.o
#        C:\Users\Administrator\Desktop\M26-DTU\stm32f030x8\projects\stm32f10x_std\IAR\Debug\Obj\bsp_init.o
#        C:\Users\Administrator\Desktop\M26-DTU\stm32f030x8\projects\stm32f10x_std\IAR\Debug\Obj\bsp_led.o
#        C:\Users\Administrator\Desktop\M26-DTU\stm32f030x8\projects\stm32f10x_std\IAR\Debug\Obj\clog.o
#        C:\Users\Administrator\Desktop\M26-DTU\stm32f030x8\projects\stm32f10x_std\IAR\Debug\Obj\cqueue.o
#        C:\Users\Administrator\Desktop\M26-DTU\stm32f030x8\projects\stm32f10x_std\IAR\Debug\Obj\crc.o
#        C:\Users\Administrator\Desktop\M26-DTU\stm32f030x8\projects\stm32f10x_std\IAR\Debug\Obj\cshell.o
#        C:\Users\Administrator\Desktop\M26-DTU\stm32f030x8\projects\stm32f10x_std\IAR\Debug\Obj\cshell_port.o
#        C:\Users\Administrator\Desktop\M26-DTU\stm32f030x8\projects\stm32f10x_std\IAR\Debug\Obj\cshell_user.o
#        C:\Users\Administrator\Desktop\M26-DTU\stm32f030x8\projects\stm32f10x_std\IAR\Debug\Obj\cstring.o
#        C:\Users\Administrator\Desktop\M26-DTU\stm32f030x8\projects\stm32f10x_std\IAR\Debug\Obj\flash_log.o
#        C:\Users\Administrator\Desktop\M26-DTU\stm32f030x8\projects\stm32f10x_std\IAR\Debug\Obj\gprs_cache.o
#        C:\Users\Administrator\Desktop\M26-DTU\stm32f030x8\projects\stm32f10x_std\IAR\Debug\Obj\gprs_commond.o
#        C:\Users\Administrator\Desktop\M26-DTU\stm32f030x8\projects\stm32f10x_std\IAR\Debug\Obj\gprs_process.o
#        C:\Users\Administrator\Desktop\M26-DTU\stm32f030x8\projects\stm32f10x_std\IAR\Debug\Obj\gprs_task.o
#        C:\Users\Administrator\Desktop\M26-DTU\stm32f030x8\projects\stm32f10x_std\IAR\Debug\Obj\hal_task.o
#        C:\Users\Administrator\Desktop\M26-DTU\stm32f030x8\projects\stm32f10x_std\IAR\Debug\Obj\led_process.o
#        C:\Users\Administrator\Desktop\M26-DTU\stm32f030x8\projects\stm32f10x_std\IAR\Debug\Obj\main.o
#        C:\Users\Administrator\Desktop\M26-DTU\stm32f030x8\projects\stm32f10x_std\IAR\Debug\Obj\maintain_process.o
#        C:\Users\Administrator\Desktop\M26-DTU\stm32f030x8\projects\stm32f10x_std\IAR\Debug\Obj\osal.o
#        C:\Users\Administrator\Desktop\M26-DTU\stm32f030x8\projects\stm32f10x_std\IAR\Debug\Obj\osal_cfg.o
#        C:\Users\Administrator\Desktop\M26-DTU\stm32f030x8\projects\stm32f10x_std\IAR\Debug\Obj\osal_clock.o
#        C:\Users\Administrator\Desktop\M26-DTU\stm32f030x8\projects\stm32f10x_std\IAR\Debug\Obj\osal_core.o
#        C:\Users\Administrator\Desktop\M26-DTU\stm32f030x8\projects\stm32f10x_std\IAR\Debug\Obj\osal_cpu.o
#        C:\Users\Administrator\Desktop\M26-DTU\stm32f030x8\projects\stm32f10x_std\IAR\Debug\Obj\osal_msg.o
#        C:\Users\Administrator\Desktop\M26-DTU\stm32f030x8\projects\stm32f10x_std\IAR\Debug\Obj\osal_task.o
#        C:\Users\Administrator\Desktop\M26-DTU\stm32f030x8\projects\stm32f10x_std\IAR\Debug\Obj\osal_timeout.o
#        C:\Users\Administrator\Desktop\M26-DTU\stm32f030x8\projects\stm32f10x_std\IAR\Debug\Obj\osal_timer.o
#        C:\Users\Administrator\Desktop\M26-DTU\stm32f030x8\projects\stm32f10x_std\IAR\Debug\Obj\rtt_log.o
#        C:\Users\Administrator\Desktop\M26-DTU\stm32f030x8\projects\stm32f10x_std\IAR\Debug\Obj\SEGGER_RTT.o
#        C:\Users\Administrator\Desktop\M26-DTU\stm32f030x8\projects\stm32f10x_std\IAR\Debug\Obj\SEGGER_RTT_printf.o
#        C:\Users\Administrator\Desktop\M26-DTU\stm32f030x8\projects\stm32f10x_std\IAR\Debug\Obj\serial_log.o
#        C:\Users\Administrator\Desktop\M26-DTU\stm32f030x8\projects\stm32f10x_std\IAR\Debug\Obj\startup_stm32f030.o
#        C:\Users\Administrator\Desktop\M26-DTU\stm32f030x8\projects\stm32f10x_std\IAR\Debug\Obj\stm32f0xx_adc.o
#        C:\Users\Administrator\Desktop\M26-DTU\stm32f030x8\projects\stm32f10x_std\IAR\Debug\Obj\stm32f0xx_bsp_dma.o
#        C:\Users\Administrator\Desktop\M26-DTU\stm32f030x8\projects\stm32f10x_std\IAR\Debug\Obj\stm32f0xx_bsp_flash.o
#        C:\Users\Administrator\Desktop\M26-DTU\stm32f030x8\projects\stm32f10x_std\IAR\Debug\Obj\stm32f0xx_bsp_gpio.o
#        C:\Users\Administrator\Desktop\M26-DTU\stm32f030x8\projects\stm32f10x_std\IAR\Debug\Obj\stm32f0xx_bsp_nvic.o
#        C:\Users\Administrator\Desktop\M26-DTU\stm32f030x8\projects\stm32f10x_std\IAR\Debug\Obj\stm32f0xx_bsp_systick.o
#        C:\Users\Administrator\Desktop\M26-DTU\stm32f030x8\projects\stm32f10x_std\IAR\Debug\Obj\stm32f0xx_bsp_timer.o
#        C:\Users\Administrator\Desktop\M26-DTU\stm32f030x8\projects\stm32f10x_std\IAR\Debug\Obj\stm32f0xx_bsp_usart.o
#        C:\Users\Administrator\Desktop\M26-DTU\stm32f030x8\projects\stm32f10x_std\IAR\Debug\Obj\stm32f0xx_can.o
#        C:\Users\Administrator\Desktop\M26-DTU\stm32f030x8\projects\stm32f10x_std\IAR\Debug\Obj\stm32f0xx_cec.o
#        C:\Users\Administrator\Desktop\M26-DTU\stm32f030x8\projects\stm32f10x_std\IAR\Debug\Obj\stm32f0xx_comp.o
#        C:\Users\Administrator\Desktop\M26-DTU\stm32f030x8\projects\stm32f10x_std\IAR\Debug\Obj\stm32f0xx_crc.o
#        C:\Users\Administrator\Desktop\M26-DTU\stm32f030x8\projects\stm32f10x_std\IAR\Debug\Obj\stm32f0xx_crs.o
#        C:\Users\Administrator\Desktop\M26-DTU\stm32f030x8\projects\stm32f10x_std\IAR\Debug\Obj\stm32f0xx_dac.o
#        C:\Users\Administrator\Desktop\M26-DTU\stm32f030x8\projects\stm32f10x_std\IAR\Debug\Obj\stm32f0xx_dbgmcu.o
#        C:\Users\Administrator\Desktop\M26-DTU\stm32f030x8\projects\stm32f10x_std\IAR\Debug\Obj\stm32f0xx_dma.o
#        C:\Users\Administrator\Desktop\M26-DTU\stm32f030x8\projects\stm32f10x_std\IAR\Debug\Obj\stm32f0xx_exti.o
#        C:\Users\Administrator\Desktop\M26-DTU\stm32f030x8\projects\stm32f10x_std\IAR\Debug\Obj\stm32f0xx_flash.o
#        C:\Users\Administrator\Desktop\M26-DTU\stm32f030x8\projects\stm32f10x_std\IAR\Debug\Obj\stm32f0xx_gpio.o
#        C:\Users\Administrator\Desktop\M26-DTU\stm32f030x8\projects\stm32f10x_std\IAR\Debug\Obj\stm32f0xx_i2c.o
#        C:\Users\Administrator\Desktop\M26-DTU\stm32f030x8\projects\stm32f10x_std\IAR\Debug\Obj\stm32f0xx_it.o
#        C:\Users\Administrator\Desktop\M26-DTU\stm32f030x8\projects\stm32f10x_std\IAR\Debug\Obj\stm32f0xx_iwdg.o
#        C:\Users\Administrator\Desktop\M26-DTU\stm32f030x8\projects\stm32f10x_std\IAR\Debug\Obj\stm32f0xx_misc.o
#        C:\Users\Administrator\Desktop\M26-DTU\stm32f030x8\projects\stm32f10x_std\IAR\Debug\Obj\stm32f0xx_pwr.o
#        C:\Users\Administrator\Desktop\M26-DTU\stm32f030x8\projects\stm32f10x_std\IAR\Debug\Obj\stm32f0xx_rcc.o
#        C:\Users\Administrator\Desktop\M26-DTU\stm32f030x8\projects\stm32f10x_std\IAR\Debug\Obj\stm32f0xx_rtc.o
#        C:\Users\Administrator\Desktop\M26-DTU\stm32f030x8\projects\stm32f10x_std\IAR\Debug\Obj\stm32f0xx_spi.o
#        C:\Users\Administrator\Desktop\M26-DTU\stm32f030x8\projects\stm32f10x_std\IAR\Debug\Obj\stm32f0xx_syscfg.o
#        C:\Users\Administrator\Desktop\M26-DTU\stm32f030x8\projects\stm32f10x_std\IAR\Debug\Obj\stm32f0xx_tim.o
#        C:\Users\Administrator\Desktop\M26-DTU\stm32f030x8\projects\stm32f10x_std\IAR\Debug\Obj\stm32f0xx_usart.o
#        C:\Users\Administrator\Desktop\M26-DTU\stm32f030x8\projects\stm32f10x_std\IAR\Debug\Obj\stm32f0xx_wwdg.o
#        C:\Users\Administrator\Desktop\M26-DTU\stm32f030x8\projects\stm32f10x_std\IAR\Debug\Obj\system_info.o
#        C:\Users\Administrator\Desktop\M26-DTU\stm32f030x8\projects\stm32f10x_std\IAR\Debug\Obj\system_init.o
#        C:\Users\Administrator\Desktop\M26-DTU\stm32f030x8\projects\stm32f10x_std\IAR\Debug\Obj\system_param.o
#        C:\Users\Administrator\Desktop\M26-DTU\stm32f030x8\projects\stm32f10x_std\IAR\Debug\Obj\system_stm32f0xx.o
#        C:\Users\Administrator\Desktop\M26-DTU\stm32f030x8\projects\stm32f10x_std\IAR\Debug\Obj\user_task.o
#        C:\Users\Administrator\Desktop\M26-DTU\stm32f030x8\projects\stm32f10x_std\IAR\Debug\Obj\zsproto.o
#        C:\Users\Administrator\Desktop\M26-DTU\stm32f030x8\projects\stm32f10x_std\IAR\Debug\Obj\zsproto_package_process.o
#        C:\Users\Administrator\Desktop\M26-DTU\stm32f030x8\projects\stm32f10x_std\IAR\Debug\Obj\zsproto_penetrate_process.o
#        -o
#        C:\Users\Administrator\Desktop\M26-DTU\stm32f030x8\projects\stm32f10x_std\IAR\Debug\Exe\c.out
#        --map
#        C:\Users\Administrator\Desktop\M26-DTU\stm32f030x8\projects\stm32f10x_std\IAR\Debug\List\c.map
#        --config "D:\Program Files (x86)\IAR Systems\Embedded Workbench
#        7.2\arm\config\linker\ST\stm32f030x8.icf" --semihosting --entry
#        __iar_program_start --vfe
#
###############################################################################

*******************************************************************************
*** RUNTIME MODEL ATTRIBUTES
***

CppFlavor       = *
__SystemLibrary = DLib


*******************************************************************************
*** PLACEMENT SUMMARY
***

"A1":  place at 0x08000000 { ro section .intvec };
"P1":  place in [from 0x08000000 to 0x0800ffff] { ro };
"P2":  place in [from 0x20000000 to 0x20001fff] { rw, block CSTACK, block HEAP };

  Section             Kind        Address    Size  Object
  -------             ----        -------    ----  ------
"A1":                                        0xb4
  .intvec             ro code  0x08000000    0xb4  startup_stm32f030.o [1]
                             - 0x080000b4    0xb4

"P1":                                      0x6c53
  .text               ro code  0x080000b4  0x14bc  gprs_process.o [1]
  .text               ro code  0x08001570    0xe0  I32DivModFast.o [5]
  .text               ro code  0x08001650   0x248  gprs_commond.o [1]
  .text               ro code  0x08001898    0xf8  gprs_task.o [1]
  .text               ro code  0x08001990    0x10  strlen.o [5]
  .text               ro code  0x080019a0   0x8c4  zsproto_package_process.o [1]
  .text               ro code  0x08002264     0xc  atoi.o [3]
  .text               ro code  0x08002270   0x204  osal_clock.o [1]
  .text               ro code  0x08002474    0x44  bsp_gprs.o [1]
  .text               ro code  0x080024b8    0x16  uread4.o [5]
  .text               ro code  0x080024ce     0xa  xsprout.o [3]
  .text               ro code  0x080024d8    0x38  sprintf.o [3]
  .text               ro code  0x08002510    0x5c  ABImemcpy.o [5]
  .text               ro code  0x0800256c    0x10  gprs_process.o [1]
  .text               ro code  0x0800257c    0x88  user_task.o [1]
  .text               ro code  0x08002604     0x2  IntDivZer.o [5]
  .rodata             const    0x08002606     0x2  clog.o [1]
  .text               ro code  0x08002608   0x300  stm32f0xx_bsp_usart.o [1]
  .text               ro code  0x08002908    0x10  strcpy.o [5]
  .text               ro code  0x08002918   0x1bc  osal_timer.o [1]
  .text               ro code  0x08002ad4    0xf8  osal_core.o [1]
  .text               ro code  0x08002bcc    0x14  uwrite4.o [5]
  .text               ro code  0x08002be0   0x168  system_param.o [1]
  .text               ro code  0x08002d48   0x180  xstoul.o [3]
  .text               ro code  0x08002ec8   0x140  stm32f0xx_gpio.o [1]
  .text               ro code  0x08003008   0xebe  xprintffull_nomb.o [3]
  .text               ro code  0x08003ec6    0x38  strstr.o [3]
  .text               ro code  0x08003efe     0x2  startup_stm32f030.o [1]
  .text               ro code  0x08003f00   0x298  zsproto.o [1]
  .text               ro code  0x08004198   0x1ac  maintain_process.o [1]
  .text               ro code  0x08004344   0x300  stm32f0xx_rcc.o [1]
  .text               ro code  0x08004644    0x78  stm32f0xx_misc.o [1]
  .text               ro code  0x080046bc   0x2f2  stm32f0xx_usart.o [1]
  .text               ro code  0x080049ae     0x2  startup_stm32f030.o [1]
  .text               ro code  0x080049b0   0x120  stm32f0xx_bsp_dma.o [1]
  .text               ro code  0x08004ad0    0xa0  stm32f0xx_dma.o [1]
  .text               ro code  0x08004b70     0x2  osal_msg.o [1]
  .text               ro code  0x08004b72    0x24  osal_task.o [1]
  .text               ro code  0x08004b96    0x86  stm32f0xx_bsp_flash.o [1]
  .text               ro code  0x08004c1c    0x4c  crc.o [1]
  .text               ro code  0x08004c68    0x18  memchr.o [5]
  .text               ro code  0x08004c80    0x10  errno.o [3]
  .text               ro code  0x08004c90    0x14  strchr.o [5]
  .text               ro code  0x08004ca4    0x6a  I64DivMod.o [5]
  .text               ro code  0x08004d0e    0x44  xdnorm.o [4]
  .text               ro code  0x08004d52    0x32  DblCmpLe.o [4]
  .text               ro code  0x08004d84    0x32  DblCmpGe.o [4]
  .text               ro code  0x08004db6     0x2  startup_stm32f030.o [1]
  .text               ro code  0x08004db8   0x11c  xdscale.o [4]
  .text               ro code  0x08004ed4    0x52  DblToI32.o [4]
  .text               ro code  0x08004f26     0x2  startup_stm32f030.o [1]
  .text               ro code  0x08004f28    0x34  I32ToDbl.o [4]
  .text               ro code  0x08004f5c   0x1a8  DblAddSub.o [4]
  .text               ro code  0x08005104   0x184  DblMul.o [4]
  .text               ro code  0x08005288    0xc2  DblDiv.o [4]
  .text               ro code  0x0800534a    0x20  div.o [3]
  .text               ro code  0x0800536a     0x2  startup_stm32f030.o [1]
  .text               ro code  0x0800536c    0x38  zsproto_penetrate_process.o [1]
  .text               ro code  0x080053a4    0x4c  hal_task.o [1]
  .text               ro code  0x080053f0   0x13e  stm32f0xx_flash.o [1]
  .text               ro code  0x0800552e     0x2  xtls.o [3]
  .text               ro code  0x08005530     0x2  I64DivZer.o [5]
  .text               ro code  0x08005532     0x2  startup_stm32f030.o [1]
  .text               ro code  0x08005534   0x104  bsp_led.o [1]
  .text               ro code  0x08005638   0x240  SEGGER_RTT.o [1]
  .text               ro code  0x08005878   0x1c4  rtt_log.o [1]
  .text               ro code  0x08005a3c    0x38  clog.o [1]
  .text               ro code  0x08005a74    0x3c  vsnprint.o [3]
  .text               ro code  0x08005ab0   0x1c0  stm32f0xx_tim.o [1]
  .text               ro code  0x08005c70   0x160  system_stm32f0xx.o [1]
  .text               ro code  0x08005dd0   0x136  stm32f0xx_it.o [1]
  .text               ro code  0x08005f06     0x2  startup_stm32f030.o [1]
  .text               ro code  0x08005f08    0xfc  stm32f0xx_bsp_systick.o [1]
  .text               ro code  0x08006004    0xd8  packbits_init.o [5]
  .text               ro code  0x080060dc     0xa  abort.o [3]
  .text               ro code  0x080060e6     0x2  startup_stm32f030.o [1]
  .text               ro code  0x080060e8    0x14  exit.o [6]
  .text               ro code  0x080060fc    0x64  stm32f0xx_bsp_timer.o [1]
  .rodata             const    0x08006160    0x54  bsp_led.o [1]
  .text               ro code  0x080061b4    0x3c  startup_stm32f030.o [1]
  .text               ro code  0x080061f0    0x3c  zero_init3.o [5]
  .text               ro code  0x0800622c    0x2a  bsp_init.o [1]
  .text               ro code  0x08006256     0x2  startup_stm32f030.o [1]
  .text               ro code  0x08006258    0x28  data_init.o [5]
  .rodata             const    0x08006280    0x24  zsproto_package_process.o [1]
  .iar.init_table     const    0x080062a4    0x2c  - Linker created -
  .rodata             const    0x080062d0    0x20  gprs_commond.o [1]
  .rodata             const    0x080062f0    0x20  gprs_process.o [1]
  .rodata             const    0x08006310    0x20  gprs_process.o [1]
  .rodata             const    0x08006330    0x20  gprs_process.o [1]
  .rodata             const    0x08006350    0x20  gprs_process.o [1]
  .rodata             const    0x08006370    0x20  gprs_process.o [1]
  .rodata             const    0x08006390    0x20  gprs_process.o [1]
  .rodata             const    0x080063b0    0x20  gprs_process.o [1]
  .rodata             const    0x080063d0    0x20  gprs_process.o [1]
  .rodata             const    0x080063f0    0x20  gprs_process.o [1]
  .rodata             const    0x08006410    0x20  gprs_process.o [1]
  .rodata             const    0x08006430    0x20  gprs_process.o [1]
  .rodata             const    0x08006450    0x20  gprs_process.o [1]
  .rodata             const    0x08006470    0x20  gprs_process.o [1]
  .rodata             const    0x08006490    0x20  gprs_process.o [1]
  .rodata             const    0x080064b0    0x20  maintain_process.o [1]
  .rodata             const    0x080064d0    0x20  maintain_process.o [1]
  .rodata             const    0x080064f0    0x20  maintain_process.o [1]
  .rodata             const    0x08006510    0x20  system_param.o [1]
  .rodata             const    0x08006530    0x20  zsproto.o [1]
  .rodata             const    0x08006550    0x20  zsproto_package_process.o [1]
  .rodata             const    0x08006570    0x20  zsproto_package_process.o [1]
  .rodata             const    0x08006590    0x20  zsproto_package_process.o [1]
  .rodata             const    0x080065b0    0x20  zsproto_package_process.o [1]
  .rodata             const    0x080065d0    0x20  zsproto_package_process.o [1]
  .rodata             const    0x080065f0    0x1c  gprs_process.o [1]
  .rodata             const    0x0800660c    0x1c  gprs_process.o [1]
  .rodata             const    0x08006628    0x1c  gprs_process.o [1]
  .rodata             const    0x08006644    0x1c  gprs_process.o [1]
  .rodata             const    0x08006660    0x1c  gprs_process.o [1]
  .rodata             const    0x0800667c    0x1c  gprs_process.o [1]
  .rodata             const    0x08006698    0x1c  gprs_process.o [1]
  .rodata             const    0x080066b4    0x1c  gprs_process.o [1]
  .rodata             const    0x080066d0    0x1c  gprs_process.o [1]
  .rodata             const    0x080066ec    0x1c  gprs_process.o [1]
  .rodata             const    0x08006708    0x1c  gprs_process.o [1]
  .rodata             const    0x08006724    0x1c  gprs_process.o [1]
  .rodata             const    0x08006740    0x1c  gprs_process.o [1]
  .rodata             const    0x0800675c    0x1c  gprs_process.o [1]
  .rodata             const    0x08006778    0x1c  gprs_process.o [1]
  .rodata             const    0x08006794    0x1c  gprs_process.o [1]
  .rodata             const    0x080067b0    0x1c  gprs_process.o [1]
  .rodata             const    0x080067cc    0x1c  system_param.o [1]
  .rodata             const    0x080067e8    0x1c  zsproto.o [1]
  .rodata             const    0x08006804    0x1c  zsproto.o [1]
  .rodata             const    0x08006820    0x1c  zsproto_package_process.o [1]
  .rodata             const    0x0800683c    0x1c  zsproto_package_process.o [1]
  .rodata             const    0x08006858    0x1c  zsproto_package_process.o [1]
  .rodata             const    0x08006874    0x1c  zsproto_package_process.o [1]
  .rodata             const    0x08006890    0x1c  zsproto_package_process.o [1]
  .rodata             const    0x080068ac    0x1c  zsproto_package_process.o [1]
  .rodata             const    0x080068c8    0x1c  zsproto_package_process.o [1]
  .rodata             const    0x080068e4    0x1c  zsproto_package_process.o [1]
  .rodata             const    0x08006900    0x1c  zsproto_package_process.o [1]
  .text               ro code  0x0800691c    0x1c  main.o [1]
  .text               ro code  0x08006938     0xc  system_init.o [1]
  .text               ro code  0x08006944     0x8  system_info.o [1]
  .text               ro code  0x0800694c    0x1c  xsnprout.o [3]
  .text               ro code  0x08006968    0x1a  cmain.o [5]
  .text               ro code  0x08006982     0x4  low_level_init.o [3]
  .text               ro code  0x08006986     0x8  exit.o [3]
  .text               ro code  0x0800698e     0x2  startup_stm32f030.o [1]
  .text               ro code  0x08006990     0xa  cexit.o [5]
  .text               ro code  0x0800699a     0x2  startup_stm32f030.o [1]
  .rodata             const    0x0800699c    0x18  gprs_process.o [1]
  .rodata             const    0x080069b4    0x18  gprs_process.o [1]
  .rodata             const    0x080069cc    0x18  gprs_process.o [1]
  .rodata             const    0x080069e4    0x18  gprs_process.o [1]
  .rodata             const    0x080069fc    0x18  rtt_log.o [1]
  .rodata             const    0x08006a14    0x18  zsproto_package_process.o [1]
  .rodata             const    0x08006a2c    0x18  zsproto_package_process.o [1]
  .rodata             const    0x08006a44    0x18  zsproto_package_process.o [1]
  .rodata             const    0x08006a5c    0x18  zsproto_package_process.o [1]
  .rodata             const    0x08006a74    0x18  xprintffull_nomb.o [3]
  .rodata             const    0x08006a8c    0x14  gprs_process.o [1]
  .rodata             const    0x08006aa0    0x14  gprs_process.o [1]
  .rodata             const    0x08006ab4    0x14  gprs_process.o [1]
  .rodata             const    0x08006ac8    0x14  gprs_process.o [1]
  .rodata             const    0x08006adc    0x10  gprs_process.o [1]
  .rodata             const    0x08006aec    0x10  gprs_process.o [1]
  .rodata             const    0x08006afc    0x10  gprs_process.o [1]
  .rodata             const    0x08006b0c    0x10  gprs_process.o [1]
  .rodata             const    0x08006b1c    0x10  gprs_process.o [1]
  .rodata             const    0x08006b2c    0x10  gprs_process.o [1]
  .rodata             const    0x08006b3c    0x10  system_param.o [1]
  .rodata             const    0x08006b4c    0x10  system_param.o [1]
  .rodata             const    0x08006b5c    0x10  system_param.o [1]
  .rodata             const    0x08006b6c     0xc  gprs_process.o [1]
  .rodata             const    0x08006b78     0xc  gprs_process.o [1]
  .rodata             const    0x08006b84     0xc  gprs_process.o [1]
  .rodata             const    0x08006b90     0xc  gprs_process.o [1]
  .rodata             const    0x08006b9c     0xc  gprs_process.o [1]
  .rodata             const    0x08006ba8     0xc  gprs_process.o [1]
  .rodata             const    0x08006bb4     0xc  gprs_process.o [1]
  .rodata             const    0x08006bc0     0xc  gprs_process.o [1]
  .rodata             const    0x08006bcc     0xc  gprs_process.o [1]
  .rodata             const    0x08006bd8     0xc  osal_task.o [1]
  .rodata             const    0x08006be4     0xc  SEGGER_RTT.o [1]
  .rodata             const    0x08006bf0     0xc  zsproto_package_process.o [1]
  .text               ro code  0x08006bfc     0xc  cstartup_M.o [5]
  .rodata             const    0x08006c08     0x8  clog.o [1]
  .rodata             const    0x08006c10     0x8  clog.o [1]
  .rodata             const    0x08006c18     0x8  clog.o [1]
  .rodata             const    0x08006c20     0x8  clog.o [1]
  .rodata             const    0x08006c28     0x8  clog.o [1]
  .rodata             const    0x08006c30     0x8  clog.o [1]
  .rodata             const    0x08006c38     0x8  gprs_process.o [1]
  .rodata             const    0x08006c40     0x8  gprs_process.o [1]
  .rodata             const    0x08006c48     0x8  gprs_process.o [1]
  .rodata             const    0x08006c50     0x8  gprs_process.o [1]
  .rodata             const    0x08006c58     0x8  gprs_process.o [1]
  .rodata             const    0x08006c60     0x8  gprs_process.o [1]
  .rodata             const    0x08006c68     0x8  gprs_process.o [1]
  .rodata             const    0x08006c70     0x8  rtt_log.o [1]
  .rodata             const    0x08006c78     0x8  SEGGER_RTT.o [1]
  .text               ro code  0x08006c80     0x2  startup_stm32f030.o [1]
  .text               ro code  0x08006c82     0x2  startup_stm32f030.o [1]
  .text               ro code  0x08006c84     0x2  startup_stm32f030.o [1]
  .text               ro code  0x08006c86     0x2  startup_stm32f030.o [1]
  .text               ro code  0x08006c88     0x2  startup_stm32f030.o [1]
  .text               ro code  0x08006c8a     0x2  startup_stm32f030.o [1]
  .text               ro code  0x08006c8c     0x2  startup_stm32f030.o [1]
  .text               ro code  0x08006c8e     0x2  startup_stm32f030.o [1]
  .rodata             const    0x08006c90     0x0  zero_init3.o [5]
  .rodata             const    0x08006c90     0x0  packbits_init.o [5]
  Initializer bytes   const    0x08006c90    0x77  <for P2 s0>
                             - 0x08006d07  0x6c53

"P2":                                      0x1ea0
  P2 s0                        0x20000000   0x97d  <Init block>
    .data             inited   0x20000000   0x308  gprs_cache.o [1]
    .data             inited   0x20000308   0x2fc  gprs_cache.o [1]
    .data             inited   0x20000604   0x26c  gprs_cache.o [1]
    .data             inited   0x20000870    0xc0  gprs_process.o [1]
    .data             inited   0x20000930    0x1c  clog.o [1]
    .data             inited   0x2000094c    0x10  gprs_process.o [1]
    .data             inited   0x2000095c    0x10  stm32f0xx_rcc.o [1]
    .data             inited   0x2000096c     0xc  gprs_cache.o [1]
    __DLIB_PERTHREAD  inited   0x20000978     0x4  errno.o [3]
    .data             inited   0x2000097c     0x1  rtt_log.o [1]
  .bss                zero     0x20000980   0x3e8  gprs_cache.o [1]
  .bss                zero     0x20000d68   0x1e0  osal_timer.o [1]
  .bss                zero     0x20000f48   0x138  zsproto.o [1]
  .bss                zero     0x20001080   0x12c  rtt_log.o [1]
  .bss                zero     0x200011ac   0x12c  SEGGER_RTT.o [1]
  .bss                zero     0x200012d8   0x104  zsproto.o [1]
  .bss                zero     0x200013dc    0xd8  system_info.o [1]
  .bss                zero     0x200014b4    0x78  SEGGER_RTT.o [1]
  .bss                zero     0x2000152c    0x64  gprs_process.o [1]
  .bss                zero     0x20001590    0x64  maintain_process.o [1]
  .bss                zero     0x200015f4    0x34  SEGGER_RTT.o [1]
  .bss                zero     0x20001628    0x30  bsp_led.o [1]
  .bss                zero     0x20001658    0x14  clog.o [1]
  .bss                zero     0x2000166c     0xc  osal_task.o [1]
  .bss                zero     0x20001678     0x4  osal_clock.o [1]
  .bss                zero     0x2000167c     0x4  osal_clock.o [1]
  .bss                zero     0x20001680     0x4  osal_core.o [1]
  .bss                zero     0x20001684     0x4  osal_timer.o [1]
  .bss                zero     0x20001688     0x4  stm32f0xx_bsp_systick.o [1]
  .bss                zero     0x2000168c     0x4  zsproto.o [1]
  .bss                zero     0x20001690     0x2  osal_clock.o [1]
  .bss                zero     0x20001692     0x1  gprs_process.o [1]
  .bss                zero     0x20001693     0x1  gprs_process.o [1]
  .bss                zero     0x20001694     0x1  gprs_task.o [1]
  .bss                zero     0x20001695     0x1  hal_task.o [1]
  .bss                zero     0x20001696     0x1  stm32f0xx_it.o [1]
  .bss                zero     0x20001697     0x1  stm32f0xx_it.o [1]
  .bss                zero     0x20001698     0x1  user_task.o [1]
  CSTACK                       0x200016a0   0x800  <Block>
    CSTACK            uninit   0x200016a0   0x800  <Block tail>
                             - 0x20001ea0  0x1ea0


*******************************************************************************
*** INIT TABLE
***

          Address     Size
          -------     ----
Zero (__iar_zero_init3)
    1 destination range, total size 0xd19:
          0x20000980  0xd19

Copy/packbits (__iar_packbits_init3)
    1 source range, total size 0x77 (4% of destination):
          0x08006c90   0x77
    1 destination range, total size 0x97d:
          0x20000000  0x97d



*******************************************************************************
*** MODULE SUMMARY
***

    Module                       ro code  ro data  rw data
    ------                       -------  -------  -------
C:\Users\Administrator\Desktop\M26-DTU\stm32f030x8\projects\stm32f10x_std\IAR\Debug\Obj: [1]
    SEGGER_RTT.o                     576       20      472
    bsp_gprs.o                        68
    bsp_init.o                        42
    bsp_led.o                        260       84       48
    clog.o                            56       51       48
    crc.o                             76
    gprs_cache.o                              105    3 172
    gprs_commond.o                   584       32
    gprs_process.o                 5 324    1 371      310
    gprs_task.o                      248                 1
    hal_task.o                        76                 1
    main.o                            28
    maintain_process.o               428       96      100
    osal_clock.o                     516                10
    osal_core.o                      248                 4
    osal_msg.o                         2
    osal_task.o                       36       12       12
    osal_timer.o                     444               484
    rtt_log.o                        452       33      301
    startup_stm32f030.o              278
    stm32f0xx_bsp_dma.o              288
    stm32f0xx_bsp_flash.o            134
    stm32f0xx_bsp_systick.o          252                 4
    stm32f0xx_bsp_timer.o            100
    stm32f0xx_bsp_usart.o            768
    stm32f0xx_dma.o                  160
    stm32f0xx_flash.o                318
    stm32f0xx_gpio.o                 320
    stm32f0xx_it.o                   310                 2
    stm32f0xx_misc.o                 120
    stm32f0xx_rcc.o                  768        1       16
    stm32f0xx_tim.o                  448
    stm32f0xx_usart.o                754
    system_info.o                      8               216
    system_init.o                     12
    system_param.o                   360      108
    system_stm32f0xx.o               352
    user_task.o                      136                 1
    zsproto.o                        664       88      576
    zsproto_package_process.o      2 244      556
    zsproto_penetrate_process.o       56
    ------------------------------------------------------
    Total:                        18 314    2 557    5 778

command line: [2]
    ------------------------------------------------------
    Total:

dl6M_tln.a: [3]
    abort.o                           10
    atoi.o                            12
    div.o                             32
    errno.o                           16                 4
    exit.o                             8
    low_level_init.o                   4
    sprintf.o                         56
    strstr.o                          56
    vsnprint.o                        60
    xprintffull_nomb.o             3 774       24
    xsnprout.o                        28
    xsprout.o                         10
    xstoul.o                         384
    xtls.o                             2
    ------------------------------------------------------
    Total:                         4 452       24        4

m6M_tl.a: [4]
    DblAddSub.o                      424
    DblCmpGe.o                        50
    DblCmpLe.o                        50
    DblDiv.o                         194
    DblMul.o                         388
    DblToI32.o                        82
    I32ToDbl.o                        52
    xdnorm.o                          68
    xdscale.o                        284
    ------------------------------------------------------
    Total:                         1 592

rt6M_tl.a: [5]
    ABImemcpy.o                       92
    I32DivModFast.o                  224
    I64DivMod.o                      106
    I64DivZer.o                        2
    IntDivZer.o                        2
    cexit.o                           10
    cmain.o                           26
    cstartup_M.o                      12
    data_init.o                       40
    memchr.o                          24
    packbits_init.o                  216
    strchr.o                          20
    strcpy.o                          16
    strlen.o                          16
    uread4.o                          22
    uwrite4.o                         20
    zero_init3.o                      60
    ------------------------------------------------------
    Total:                           908

shb_l.a: [6]
    exit.o                            20
    ------------------------------------------------------
    Total:                            20

    Gaps                                                 3
    Linker created                             44    2 048
----------------------------------------------------------
    Grand Total:                  25 286    2 625    7 833


*******************************************************************************
*** ENTRY LIST
***

Entry                      Address   Size  Type      Object
-----                      -------   ----  ----      ------
.iar.init_table$$Base   0x080062a4          --   Gb  - Linker created -
.iar.init_table$$Limit  0x080062d0          --   Gb  - Linker created -
?main                   0x08006969         Code  Gb  cmain.o [5]
ADC1_IRQHandler         0x08005efb    0x2  Code  Gb  stm32f0xx_it.o [1]
APBAHBPrescTable        0x2000095c   0x10  Data  Lc  stm32f0xx_rcc.o [1]
BSP_DMA_USART_StructInit
                        0x080049b1  0x120  Code  Gb  stm32f0xx_bsp_dma.o [1]
BSP_FLASH_EraseSector   0x08004b97   0x18  Code  Gb  stm32f0xx_bsp_flash.o [1]
BSP_FLASH_ReadBytes     0x08004bff   0x1e  Code  Gb  stm32f0xx_bsp_flash.o [1]
BSP_FLASH_WriteBytes    0x08004baf   0x50  Code  Gb  stm32f0xx_bsp_flash.o [1]
BSP_GPRS_PowerKeyHigh   0x08002495   0x12  Code  Gb  bsp_gprs.o [1]
BSP_GPRS_PowerKeyLow    0x080024a7   0x12  Code  Gb  bsp_gprs.o [1]
BSP_GPRS_PowerOff       0x08002475    0xe  Code  Gb  bsp_gprs.o [1]
BSP_GPRS_PowerOn        0x08002483    0xe  Code  Gb  bsp_gprs.o [1]
BSP_Init                0x08006235   0x22  Code  Gb  bsp_init.o [1]
BSP_LED_Close           0x080055cd   0x3c  Code  Gb  bsp_led.o [1]
BSP_LED_Init            0x08005535   0x5c  Code  Gb  bsp_led.o [1]
BSP_LED_Open            0x08005591   0x3c  Code  Gb  bsp_led.o [1]
BSP_LED_Toggle          0x08005609   0x26  Code  Gb  bsp_led.o [1]
BSP_SYSTICK_IncTick     0x08005fe1    0xc  Code  Gb  stm32f0xx_bsp_systick.o [1]
BSP_SYSTICK_Open        0x08005fc5   0x1c  Code  Gb  stm32f0xx_bsp_systick.o [1]
BSP_Timer_Init          0x080060fd   0x5e  Code  Gb  stm32f0xx_bsp_timer.o [1]
BSP_USART_IRQHandler    0x0800281f   0x2c  Code  Gb  stm32f0xx_bsp_usart.o [1]
BSP_USART_Open          0x08002609  0x1cc  Code  Gb  stm32f0xx_bsp_usart.o [1]
BSP_USART_ReadBytes     0x0800284b   0x22  Code  Gb  stm32f0xx_bsp_usart.o [1]
BSP_USART_ReadBytesDMA  0x0800286d   0x68  Code  Lc  stm32f0xx_bsp_usart.o [1]
BSP_USART_WriteBytes    0x080027d5   0x4a  Code  Gb  stm32f0xx_bsp_usart.o [1]
Board_Init              0x0800622d    0x8  Code  Gb  bsp_init.o [1]
CLog_GetCurrentTaskID   0x08005a3d    0x4  Code  Gb  clog.o [1]
CLog_GetTime            0x08005a41   0x1c  Code  Gb  clog.o [1]
CLog_Init               0x08005a5d   0x14  Code  Gb  clog.o [1]
CRC16_Modbus            0x08004c1d   0x44  Code  Gb  crc.o [1]
CSTACK$$Base            0x200016a0          --   Gb  - Linker created -
CSTACK$$Limit           0x20001ea0          --   Gb  - Linker created -
DMA1_Channel1_IRQHandler
                        0x08005ef9    0x2  Code  Gb  stm32f0xx_it.o [1]
DMA_Cmd                 0x08004b13   0x1c  Code  Gb  stm32f0xx_dma.o [1]
DMA_GetCurrDataCounter  0x08004b5d    0x6  Code  Gb  stm32f0xx_dma.o [1]
DMA_Init                0x08004ad1   0x42  Code  Gb  stm32f0xx_dma.o [1]
DMA_RemapConfig         0x08004b2f   0x2e  Code  Gb  stm32f0xx_dma.o [1]
FLASH_ClearFlag         0x080054bd    0x6  Code  Gb  stm32f0xx_flash.o [1]
FLASH_ErasePage         0x08005417   0x4e  Code  Gb  stm32f0xx_flash.o [1]
FLASH_GetStatus         0x080054c5   0x36  Code  Gb  stm32f0xx_flash.o [1]
FLASH_Lock              0x08005409    0xe  Code  Gb  stm32f0xx_flash.o [1]
FLASH_ProgramHalfWord   0x08005465   0x42  Code  Gb  stm32f0xx_flash.o [1]
FLASH_Unlock            0x080053f1   0x18  Code  Gb  stm32f0xx_flash.o [1]
FLASH_WaitForLastOperation
                        0x08005501   0x2e  Code  Gb  stm32f0xx_flash.o [1]
GPIO_Init               0x08002ec9   0xbe  Code  Gb  stm32f0xx_gpio.o [1]
GPIO_PinAFConfig        0x08002f99   0x70  Code  Gb  stm32f0xx_gpio.o [1]
GPIO_WriteBit           0x08002f87   0x12  Code  Gb  stm32f0xx_gpio.o [1]
GPRS_ACK_Process        0x080012dd   0xf8  Code  Gb  gprs_process.o [1]
GPRS_Loop_Process       0x08000825  0xa88  Code  Gb  gprs_process.o [1]
GPRS_SendData           0x080017cf   0x98  Code  Gb  gprs_commond.o [1]
GPRS_WriteBytes         0x080016af   0x14  Code  Gb  gprs_commond.o [1]
GprsTask_Init           0x08001899   0x3c  Code  Gb  gprs_task.o [1]
GprsTask_Process        0x080018d5   0x9c  Code  Gb  gprs_task.o [1]
GprsTask_Send_Event     0x08001971   0x10  Code  Gb  gprs_task.o [1]
Gprs_ACK_Check          0x080016c3   0x18  Code  Gb  gprs_commond.o [1]
Gprs_Add_Sockets        0x080013d9   0xb0  Code  Gb  gprs_process.o [1]
Gprs_Cmd_QIACK          0x080014b5   0x5c  Code  Gb  gprs_process.o [1]
Gprs_GetSocketAndLength
                        0x080016db   0xf4  Code  Gb  gprs_commond.o [1]
Gprs_Reset_Moudle       0x08001515    0xe  Code  Gb  gprs_process.o [1]
Gprs_UpdateRssi         0x0800148d   0x16  Code  Gb  gprs_process.o [1]
HalTask_Init            0x080053a5   0x14  Code  Gb  hal_task.o [1]
HalTask_Process         0x080053b9   0x32  Code  Gb  hal_task.o [1]
HardFault_Handler       0x08005dd3    0x4  Code  Gb  stm32f0xx_it.o [1]
InStream_Read           0x08006005   0x22  Code  Lc  packbits_init.o [5]
LED_IO                  0x08006160   0x54  Data  Gb  bsp_led.o [1]
LoadInt                 0x080035c5   0x68  Code  Lc  xprintffull_nomb.o [3]
Maintain_Trans_Check    0x08004199   0x7e  Code  Gb  maintain_process.o [1]
Maintain_Trans_Process  0x08004217   0x2c  Code  Gb  maintain_process.o [1]
NMI_Handler             0x08005dd1    0x2  Code  Gb  stm32f0xx_it.o [1]
NVIC_Init               0x08004645   0x6a  Code  Gb  stm32f0xx_misc.o [1]
NVIC_SetPriority        0x08005f09   0x8a  Code  Lc  stm32f0xx_bsp_systick.o [1]
OS_Clock_ConvertToDateTime
                        0x0800231f  0x144  Code  Gb  osal_clock.o [1]
OS_Clock_GetSeconds     0x080022cf   0x14  Code  Gb  osal_clock.o [1]
OS_Clock_GetSystemClock
                        0x080022e3   0x14  Code  Gb  osal_clock.o [1]
OS_Clock_Update         0x08002271   0x5e  Code  Gb  osal_clock.o [1]
OS_Events_Set           0x08002b8f   0x30  Code  Gb  osal_core.o [1]
OS_Init                 0x08002ad5   0x10  Code  Gb  osal_core.o [1]
OS_Msg_Init             0x08004b71    0x2  Code  Gb  osal_msg.o [1]
OS_Start                0x08002ae5    0x8  Code  Gb  osal_core.o [1]
OS_Task_Init            0x08004b73   0x24  Code  Gb  osal_task.o [1]
OS_Timer_Init           0x08002919   0x20  Code  Gb  osal_timer.o [1]
OS_Timer_Start          0x08002a41   0x28  Code  Gb  osal_timer.o [1]
OS_Timer_Update         0x08002a69   0x64  Code  Gb  osal_timer.o [1]
PendSV_Handler          0x08005dd9    0x2  Code  Gb  stm32f0xx_it.o [1]
RCC_AHBPeriphClockCmd   0x0800456d   0x20  Code  Gb  stm32f0xx_rcc.o [1]
RCC_APB1PeriphClockCmd  0x080045ad   0x20  Code  Gb  stm32f0xx_rcc.o [1]
RCC_APB1PeriphResetCmd  0x08004601   0x20  Code  Gb  stm32f0xx_rcc.o [1]
RCC_APB2PeriphClockCmd  0x0800458d   0x20  Code  Gb  stm32f0xx_rcc.o [1]
RCC_APB2PeriphResetCmd  0x080045dd   0x20  Code  Gb  stm32f0xx_rcc.o [1]
RCC_GetClocksFreq       0x08004345  0x222  Code  Gb  stm32f0xx_rcc.o [1]
RTTLog_GetLogLevel      0x08005a07    0x6  Code  Lc  rtt_log.o [1]
RTTLog_Init             0x08005879   0x16  Code  Gb  rtt_log.o [1]
RTTLog_SetLogLevel      0x08005a0d    0x6  Code  Lc  rtt_log.o [1]
RTTLog_Write            0x0800588f   0xb4  Code  Lc  rtt_log.o [1]
RTTLog_WriteRAW         0x080059f3   0x14  Code  Lc  rtt_log.o [1]
RTTLog_vprintf          0x08005943   0xb0  Code  Lc  rtt_log.o [1]
Region$$Table$$Base     0x080062a4          --   Gb  - Linker created -
Region$$Table$$Limit    0x080062d0          --   Gb  - Linker created -
SEGGER_RTT_Write        0x08005843   0x32  Code  Gb  SEGGER_RTT.o [1]
SEGGER_RTT_WriteNoLock  0x080057c5   0x7e  Code  Gb  SEGGER_RTT.o [1]
SVC_Handler             0x08005dd7    0x2  Code  Gb  stm32f0xx_it.o [1]
Server_Trans_Check      0x080042bb   0x5c  Code  Gb  maintain_process.o [1]
Server_receiveDataInfo  0x20000000  0x308  Data  Gb  gprs_cache.o [1]
SetSysClock             0x08005cdf   0xbe  Code  Lc  system_stm32f0xx.o [1]
SysTick_Config          0x08005f93   0x32  Code  Lc  stm32f0xx_bsp_systick.o [1]
SysTick_Handler         0x08005ddb   0x14  Code  Gb  stm32f0xx_it.o [1]
SystemInfo_Init         0x08006945    0x8  Code  Gb  system_info.o [1]
SystemInit              0x08005c71   0x6e  Code  Gb  system_stm32f0xx.o [1]
SystemParam_Init        0x08002be1   0xbc  Code  Gb  system_param.o [1]
SystemParam_Save        0x08002c9d   0x46  Code  Gb  system_param.o [1]
System_Load             0x08006939    0xc  Code  Gb  system_init.o [1]
TIM3_IRQHandler         0x08005e49   0x82  Code  Gb  stm32f0xx_it.o [1]
TIM_ClearITPendingBit   0x08005c69    0x8  Code  Gb  stm32f0xx_tim.o [1]
TIM_Cmd                 0x08005c09   0x1c  Code  Gb  stm32f0xx_tim.o [1]
TIM_DeInit              0x08005ab1   0xf2  Code  Gb  stm32f0xx_tim.o [1]
TIM_ITConfig            0x08005c51   0x18  Code  Gb  stm32f0xx_tim.o [1]
TIM_TimeBaseInit        0x08005ba3   0x66  Code  Gb  stm32f0xx_tim.o [1]
USART1_IRQHandler       0x08005def   0x5a  Code  Gb  stm32f0xx_it.o [1]
USART2_IRQHandler       0x08005efd    0xa  Code  Gb  stm32f0xx_it.o [1]
USART2_Rx_Buf           0x20000980  0x3e8  Data  Gb  gprs_cache.o [1]
USART_ClearITPendingBit
                        0x08004997   0x18  Code  Gb  stm32f0xx_usart.o [1]
USART_Cmd               0x0800487b   0x1c  Code  Gb  stm32f0xx_usart.o [1]
USART_DMACmd            0x080048d1   0x18  Code  Gb  stm32f0xx_usart.o [1]
USART_DeInit            0x080046bd   0xd8  Code  Gb  stm32f0xx_usart.o [1]
USART_GetITStatus       0x0800492d   0x6a  Code  Gb  stm32f0xx_usart.o [1]
USART_ITConfig          0x080048e9   0x44  Code  Gb  stm32f0xx_usart.o [1]
USART_Init              0x08004795   0xe6  Code  Gb  stm32f0xx_usart.o [1]
USART_ReceiveData       0x080048bd    0x8  Code  Gb  stm32f0xx_usart.o [1]
UserTask_Init           0x0800257d   0x1e  Code  Gb  user_task.o [1]
UserTask_Process        0x0800259b   0x52  Code  Gb  user_task.o [1]
UserTask_Send_Event     0x080025ed   0x10  Code  Gb  user_task.o [1]
ZSProto_ConfigGetReq_Process
                        0x080020c9    0x8  Code  Gb  zsproto_package_process.o [1]
ZSProto_ConfigSetReq_Process
                        0x08001d2d  0x378  Code  Gb  zsproto_package_process.o [1]
ZSProto_FlowAnalysis    0x08003ff9   0xc6  Code  Gb  zsproto.o [1]
ZSProto_FlowGetCacheIdleLength
                        0x080040d3   0x1c  Code  Gb  zsproto.o [1]
ZSProto_FlowSetCallback
                        0x080040bf   0x14  Code  Gb  zsproto.o [1]
ZSProto_IsPackage       0x080040ef   0x94  Code  Gb  zsproto.o [1]
ZSProto_Make_ConfigGetResp
                        0x080020d1   0x3c  Code  Gb  zsproto_package_process.o [1]
ZSProto_Make_ConfigSetResp
                        0x080019a1  0x25a  Code  Gb  zsproto_package_process.o [1]
ZSProto_Make_RssiResp   0x08002139   0xe8  Code  Gb  zsproto_package_process.o [1]
ZSProto_Make_SocketDataPackage
                        0x08001bfb   0xea  Code  Gb  zsproto_package_process.o [1]
ZSProto_SocketPcakReq_Process
                        0x08001d15   0x16  Code  Gb  zsproto_package_process.o [1]
ZSProto_TransparentData
                        0x0800536d   0x38  Code  Gb  zsproto_penetrate_process.o [1]
_DoInit                 0x08005639   0x58  Code  Lc  SEGGER_RTT.o [1]
_GenldFullNoMb          0x08003bf5  0x2a0  Code  Lc  xprintffull_nomb.o [3]
_GetAvailWriteSpace     0x08005789   0x24  Code  Lc  SEGGER_RTT.o [1]
_LdtobFullNoMb          0x08003761  0x480  Code  Lc  xprintffull_nomb.o [3]
_LitobFullNoMb          0x0800362d  0x12e  Code  Lc  xprintffull_nomb.o [3]
_PrintfFullNoMb         0x08003009  0x5bc  Code  Gb  xprintffull_nomb.o [3]
_PutcharsFullNoMb       0x08003e95   0x30  Code  Lc  xprintffull_nomb.o [3]
_SEGGER_RTT             0x200014b4   0x78  Data  Gb  SEGGER_RTT.o [1]
_SNProut                0x0800694d   0x1c  Code  Gb  xsnprout.o [3]
_SProut                 0x080024cf    0xa  Code  Gb  xsprout.o [3]
_WriteBlocking          0x08005691   0x88  Code  Lc  SEGGER_RTT.o [1]
_WriteNoCheck           0x08005719   0x70  Code  Lc  SEGGER_RTT.o [1]
__ICFEDIT_region_RAM_end__ {Abs}
                        0x20001fff          --   Gb  command line/config [2]
__ICFEDIT_region_RAM_start__ {Abs}
                        0x20000000          --   Gb  command line/config [2]
__aeabi_cdcmple         0x08004d53         Code  Gb  DblCmpLe.o [4]
__aeabi_cdrcmple        0x08004d85         Code  Gb  DblCmpGe.o [4]
__aeabi_d2iz            0x08004ed5         Code  Gb  DblToI32.o [4]
__aeabi_d2uiz           0x08004ef9         Code  Gb  DblToI32.o [4]
__aeabi_ddiv            0x08005289         Code  Gb  DblDiv.o [4]
__aeabi_dmul            0x08005105         Code  Gb  DblMul.o [4]
__aeabi_dsub            0x08005017         Code  Gb  DblAddSub.o [4]
__aeabi_errno_addr      0x08004c81    0xa  Code  Gb  errno.o [3]
__aeabi_i2d             0x08004f29         Code  Gb  I32ToDbl.o [4]
__aeabi_idiv            0x0800159d         Code  Gb  I32DivModFast.o [5]
__aeabi_idiv0           0x08002605         Code  Gb  IntDivZer.o [5]
__aeabi_idivmod         0x0800159d         Code  Gb  I32DivModFast.o [5]
__aeabi_ldiv0           0x08005531         Code  Gb  I64DivZer.o [5]
__aeabi_memcpy          0x08002511         Code  Gb  ABImemcpy.o [5]
__aeabi_ui2d            0x08004f3d         Code  Gb  I32ToDbl.o [4]
__aeabi_uidiv           0x080015a3         Code  Gb  I32DivModFast.o [5]
__aeabi_uidivmod        0x080015a3         Code  Gb  I32DivModFast.o [5]
__aeabi_uldivmod        0x08004ca5         Code  Gb  I64DivMod.o [5]
__aeabi_uread4          0x080024b9         Code  Gb  uread4.o [5]
__aeabi_uwrite4         0x08002bcd         Code  Gb  uwrite4.o [5]
__cmain                 0x08006969         Code  Gb  cmain.o [5]
__exit                  0x080060e9   0x14  Code  Gb  exit.o [6]
__iar_Dnorm             0x08004d0f   0x44  Code  Gb  xdnorm.o [4]
__iar_Dscale            0x08004db9  0x11c  Code  Gb  xdscale.o [4]
__iar_Errno             0x20000978    0x4  Data  Gb  errno.o [3]
__iar_Memchr            0x08004c69   0x18  Code  Gb  memchr.o [5]
__iar_Stoul             0x08002e6f    0xa  Code  Gb  xstoul.o [3]
__iar_Stoulx            0x08002d49  0x126  Code  Gb  xstoul.o [3]
__iar_Strchr            0x08004c91   0x14  Code  Gb  strchr.o [5]
__iar_Strstr            0x08003ec7   0x38  Code  Gb  strstr.o [3]
__iar_d2uiz             0x08004efd         Code  Gb  DblToI32.o [4]
__iar_data_init3        0x08006259   0x28  Code  Gb  data_init.o [5]
__iar_dlib_perthread_access
                        0x0800552f    0x2  Code  Gb  xtls.o [3]
__iar_packbits_init3    0x08006027   0xb6  Code  Gb  packbits_init.o [5]
__iar_program_start     0x08006bfd         Code  Gb  cstartup_M.o [5]
__iar_ui2d              0x08004f41         Code  Gb  I32ToDbl.o [4]
__iar_zero_init3        0x080061f1   0x3c  Code  Gb  zero_init3.o [5]
__low_level_init        0x08006983    0x4  Code  Gb  low_level_init.o [3]
__vector_table          0x08000000         Data  Gb  startup_stm32f030.o [1]
_acDownBuffer           0x200015f4   0x34  Data  Lc  SEGGER_RTT.o [1]
_acUpBuffer             0x200011ac  0x12c  Data  Lc  SEGGER_RTT.o [1]
_call_main              0x08006975         Code  Gb  cmain.o [5]
_exit                   0x08006991         Code  Gb  cexit.o [5]
_main                   0x0800697f         Code  Gb  cmain.o [5]
abort                   0x080060dd    0xa  Code  Gb  abort.o [3]
atoi                    0x08002265    0xc  Code  Gb  atoi.o [3]
digits                  0x08002e78   0x28  Data  Lc  xstoul.o [3]
div                     0x0800534b   0x20  Code  Gb  div.o [3]
exit                    0x08006987    0x8  Code  Gb  exit.o [3]
g_AT_ReceiveBuf         0x20000308  0x2fc  Data  Gb  gprs_cache.o [1]
g_GprsTask_Id           0x20001694    0x1  Data  Gb  gprs_task.o [1]
g_HalTask_Id            0x20001695    0x1  Data  Gb  hal_task.o [1]
g_LogLevelText          0x20000930   0x1c  Data  Gb  clog.o [1]
g_Machine_ReceiveBuf    0x2000096c    0xc  Data  Gb  gprs_cache.o [1]
g_Machine_TransmitBuf   0x20000604  0x26c  Data  Gb  gprs_cache.o [1]
g_SystemInfo            0x200013dc   0xd8  Data  Gb  system_info.o [1]
g_TasksEvents           0x2000166c    0xc  Data  Gb  osal_task.o [1]
g_TasksFnArr            0x08006bd8    0xc  Data  Gb  osal_task.o [1]
g_UserTask_Id           0x20001698    0x1  Data  Gb  user_task.o [1]
g_ZSProtoMakeCache      0x200012d8  0x104  Data  Gb  zsproto.o [1]
g_ZSProto_Seq           0x2000168c    0x4  Data  Gb  zsproto.o [1]
getnoackLen             0x08000779   0x5a  Code  Lc  gprs_process.o [1]
gprs_add_state          0x080000b5   0x3e  Code  Lc  gprs_process.o [1]
gprs_attribute_deinit   0x0800074d   0x1a  Code  Lc  gprs_process.o [1]
gprs_check_param        0x08001651   0x5e  Code  Lc  gprs_commond.o [1]
gprs_check_process      0x080002bd  0x42c  Code  Lc  gprs_process.o [1]
gprs_idle_process       0x080006ed   0x10  Code  Lc  gprs_process.o [1]
gprs_msg_queue_clear    0x080006fd   0x14  Code  Lc  gprs_process.o [1]
gprs_socket_deinit      0x08000715   0x26  Code  Lc  gprs_process.o [1]
gprs_update_request     0x0800012f   0xae  Code  Lc  gprs_process.o [1]
gprs_update_socket      0x080001dd   0xba  Code  Lc  gprs_process.o [1]
gprs_update_state       0x080000f3   0x3c  Code  Lc  gprs_process.o [1]
len                     0x20001697    0x1  Data  Lc  stm32f0xx_it.o [1]
main                    0x0800691d   0x1c  Code  Gb  main.o [1]
maintain_apd_process    0x08004243   0x78  Code  Lc  maintain_process.o [1]
month_length            0x080022f7   0x28  Code  Lc  osal_clock.o [1]
ndigs                   0x08002ea0   0x28  Data  Lc  xstoul.o [3]
osalRun                 0x08002b07   0x88  Code  Lc  osal_core.o [1]
osalTimeUpdate          0x08002aed   0x1a  Code  Lc  osal_core.o [1]
osalTimerAdd            0x080029c9   0x78  Code  Gb  osal_timer.o [1]
osalTimerAlloc          0x08002939   0x5e  Code  Gb  osal_timer.o [1]
osalTimerFind           0x08002997   0x32  Code  Gb  osal_timer.o [1]
s_BSPLedControlTable    0x20001628   0x30  Data  Lc  bsp_led.o [1]
s_GPRSMsgQueue          0x2000094c   0x10  Data  Lc  gprs_process.o [1]
s_GPRS_CB               0x20000870   0xc0  Data  Lc  gprs_process.o [1]
s_LogLevel              0x2000097c    0x1  Data  Lc  rtt_log.o [1]
s_RTTLog                0x20001658   0x14  Data  Gb  clog.o [1]
s_RTTLogBuf             0x20001080  0x12c  Data  Lc  rtt_log.o [1]
s_Systick_Ticks         0x20001688    0x4  Data  Gb  stm32f0xx_bsp_systick.o [1]
s_USART1_ReceiveCompleteFlag
                        0x20001696    0x1  Data  Lc  stm32f0xx_it.o [1]
s_ZSProtoFlowCacheList  0x20000f48  0x138  Data  Lc  zsproto.o [1]
s_osalClock_ElapsedMs   0x2000167c    0x4  Data  Lc  osal_clock.o [1]
s_osalClock_MilliSeconds
                        0x20001690    0x2  Data  Lc  osal_clock.o [1]
s_osalClock_Seconds     0x20001678    0x4  Data  Lc  osal_clock.o [1]
s_osalTimerHead         0x20001684    0x4  Data  Lc  osal_timer.o [1]
s_osalTimerMemHeap      0x20000d68  0x1e0  Data  Lc  osal_timer.o [1]
sprintf                 0x080024d9   0x38  Code  Gb  sprintf.o [3]
strcpy                  0x08002909         Code  Gb  strcpy.o [5]
strlen                  0x08001991   0x10  Code  Gb  strlen.o [5]
strstr                  0x0800256d   0x10  Code  Gb  gprs_process.o [1]
vsnprintf               0x08005a75   0x3c  Code  Gb  vsnprint.o [3]
zsproto_flow_decode     0x08003f01   0xf8  Code  Lc  zsproto.o [1]


[1] = C:\Users\Administrator\Desktop\M26-DTU\stm32f030x8\projects\stm32f10x_std\IAR\Debug\Obj
[2] = command line
[3] = dl6M_tln.a
[4] = m6M_tl.a
[5] = rt6M_tl.a
[6] = shb_l.a

  25 286 bytes of readonly  code memory
   2 625 bytes of readonly  data memory
   7 833 bytes of readwrite data memory

Errors: none
Warnings: none
