###############################################################################
#
# IAR ELF Linker V7.40.3.8902/W32 for ARM                 26/Nov/2018  10:02:25
# Copyright 2007-2015 IAR Systems AB.
#
#    Output file  =  
#        C:\Users\Administrator\Desktop\M26-DTU\stm32f030x8\projects\stm32f10x_std\IAR\Debug\Exe\c.out
#    Map file     =  
#        C:\Users\Administrator\Desktop\M26-DTU\stm32f030x8\projects\stm32f10x_std\IAR\Debug\List\c.map
#    Command line =  
#        C:\Users\Administrator\Desktop\M26-DTU\stm32f030x8\projects\stm32f10x_std\IAR\Debug\Obj\bsp_gprs.o
#        C:\Users\Administrator\Desktop\M26-DTU\stm32f030x8\projects\stm32f10x_std\IAR\Debug\Obj\bsp_init.o
#        C:\Users\Administrator\Desktop\M26-DTU\stm32f030x8\projects\stm32f10x_std\IAR\Debug\Obj\bsp_led.o
#        C:\Users\Administrator\Desktop\M26-DTU\stm32f030x8\projects\stm32f10x_std\IAR\Debug\Obj\clog.o
#        C:\Users\Administrator\Desktop\M26-DTU\stm32f030x8\projects\stm32f10x_std\IAR\Debug\Obj\cqueue.o
#        C:\Users\Administrator\Desktop\M26-DTU\stm32f030x8\projects\stm32f10x_std\IAR\Debug\Obj\crc.o
#        C:\Users\Administrator\Desktop\M26-DTU\stm32f030x8\projects\stm32f10x_std\IAR\Debug\Obj\cshell.o
#        C:\Users\Administrator\Desktop\M26-DTU\stm32f030x8\projects\stm32f10x_std\IAR\Debug\Obj\cshell_port.o
#        C:\Users\Administrator\Desktop\M26-DTU\stm32f030x8\projects\stm32f10x_std\IAR\Debug\Obj\cshell_user.o
#        C:\Users\Administrator\Desktop\M26-DTU\stm32f030x8\projects\stm32f10x_std\IAR\Debug\Obj\cstring.o
#        C:\Users\Administrator\Desktop\M26-DTU\stm32f030x8\projects\stm32f10x_std\IAR\Debug\Obj\flash_log.o
#        C:\Users\Administrator\Desktop\M26-DTU\stm32f030x8\projects\stm32f10x_std\IAR\Debug\Obj\gprs_cache.o
#        C:\Users\Administrator\Desktop\M26-DTU\stm32f030x8\projects\stm32f10x_std\IAR\Debug\Obj\gprs_commond.o
#        C:\Users\Administrator\Desktop\M26-DTU\stm32f030x8\projects\stm32f10x_std\IAR\Debug\Obj\gprs_process.o
#        C:\Users\Administrator\Desktop\M26-DTU\stm32f030x8\projects\stm32f10x_std\IAR\Debug\Obj\gprs_task.o
#        C:\Users\Administrator\Desktop\M26-DTU\stm32f030x8\projects\stm32f10x_std\IAR\Debug\Obj\hal_task.o
#        C:\Users\Administrator\Desktop\M26-DTU\stm32f030x8\projects\stm32f10x_std\IAR\Debug\Obj\led_process.o
#        C:\Users\Administrator\Desktop\M26-DTU\stm32f030x8\projects\stm32f10x_std\IAR\Debug\Obj\main.o
#        C:\Users\Administrator\Desktop\M26-DTU\stm32f030x8\projects\stm32f10x_std\IAR\Debug\Obj\maintain_process.o
#        C:\Users\Administrator\Desktop\M26-DTU\stm32f030x8\projects\stm32f10x_std\IAR\Debug\Obj\osal.o
#        C:\Users\Administrator\Desktop\M26-DTU\stm32f030x8\projects\stm32f10x_std\IAR\Debug\Obj\osal_cfg.o
#        C:\Users\Administrator\Desktop\M26-DTU\stm32f030x8\projects\stm32f10x_std\IAR\Debug\Obj\osal_clock.o
#        C:\Users\Administrator\Desktop\M26-DTU\stm32f030x8\projects\stm32f10x_std\IAR\Debug\Obj\osal_core.o
#        C:\Users\Administrator\Desktop\M26-DTU\stm32f030x8\projects\stm32f10x_std\IAR\Debug\Obj\osal_cpu.o
#        C:\Users\Administrator\Desktop\M26-DTU\stm32f030x8\projects\stm32f10x_std\IAR\Debug\Obj\osal_msg.o
#        C:\Users\Administrator\Desktop\M26-DTU\stm32f030x8\projects\stm32f10x_std\IAR\Debug\Obj\osal_task.o
#        C:\Users\Administrator\Desktop\M26-DTU\stm32f030x8\projects\stm32f10x_std\IAR\Debug\Obj\osal_timeout.o
#        C:\Users\Administrator\Desktop\M26-DTU\stm32f030x8\projects\stm32f10x_std\IAR\Debug\Obj\osal_timer.o
#        C:\Users\Administrator\Desktop\M26-DTU\stm32f030x8\projects\stm32f10x_std\IAR\Debug\Obj\rtt_log.o
#        C:\Users\Administrator\Desktop\M26-DTU\stm32f030x8\projects\stm32f10x_std\IAR\Debug\Obj\SEGGER_RTT.o
#        C:\Users\Administrator\Desktop\M26-DTU\stm32f030x8\projects\stm32f10x_std\IAR\Debug\Obj\SEGGER_RTT_printf.o
#        C:\Users\Administrator\Desktop\M26-DTU\stm32f030x8\projects\stm32f10x_std\IAR\Debug\Obj\serial_log.o
#        C:\Users\Administrator\Desktop\M26-DTU\stm32f030x8\projects\stm32f10x_std\IAR\Debug\Obj\startup_stm32f030.o
#        C:\Users\Administrator\Desktop\M26-DTU\stm32f030x8\projects\stm32f10x_std\IAR\Debug\Obj\stm32f0xx_adc.o
#        C:\Users\Administrator\Desktop\M26-DTU\stm32f030x8\projects\stm32f10x_std\IAR\Debug\Obj\stm32f0xx_bsp_dma.o
#        C:\Users\Administrator\Desktop\M26-DTU\stm32f030x8\projects\stm32f10x_std\IAR\Debug\Obj\stm32f0xx_bsp_flash.o
#        C:\Users\Administrator\Desktop\M26-DTU\stm32f030x8\projects\stm32f10x_std\IAR\Debug\Obj\stm32f0xx_bsp_gpio.o
#        C:\Users\Administrator\Desktop\M26-DTU\stm32f030x8\projects\stm32f10x_std\IAR\Debug\Obj\stm32f0xx_bsp_nvic.o
#        C:\Users\Administrator\Desktop\M26-DTU\stm32f030x8\projects\stm32f10x_std\IAR\Debug\Obj\stm32f0xx_bsp_systick.o
#        C:\Users\Administrator\Desktop\M26-DTU\stm32f030x8\projects\stm32f10x_std\IAR\Debug\Obj\stm32f0xx_bsp_timer.o
#        C:\Users\Administrator\Desktop\M26-DTU\stm32f030x8\projects\stm32f10x_std\IAR\Debug\Obj\stm32f0xx_bsp_usart.o
#        C:\Users\Administrator\Desktop\M26-DTU\stm32f030x8\projects\stm32f10x_std\IAR\Debug\Obj\stm32f0xx_can.o
#        C:\Users\Administrator\Desktop\M26-DTU\stm32f030x8\projects\stm32f10x_std\IAR\Debug\Obj\stm32f0xx_cec.o
#        C:\Users\Administrator\Desktop\M26-DTU\stm32f030x8\projects\stm32f10x_std\IAR\Debug\Obj\stm32f0xx_comp.o
#        C:\Users\Administrator\Desktop\M26-DTU\stm32f030x8\projects\stm32f10x_std\IAR\Debug\Obj\stm32f0xx_crc.o
#        C:\Users\Administrator\Desktop\M26-DTU\stm32f030x8\projects\stm32f10x_std\IAR\Debug\Obj\stm32f0xx_crs.o
#        C:\Users\Administrator\Desktop\M26-DTU\stm32f030x8\projects\stm32f10x_std\IAR\Debug\Obj\stm32f0xx_dac.o
#        C:\Users\Administrator\Desktop\M26-DTU\stm32f030x8\projects\stm32f10x_std\IAR\Debug\Obj\stm32f0xx_dbgmcu.o
#        C:\Users\Administrator\Desktop\M26-DTU\stm32f030x8\projects\stm32f10x_std\IAR\Debug\Obj\stm32f0xx_dma.o
#        C:\Users\Administrator\Desktop\M26-DTU\stm32f030x8\projects\stm32f10x_std\IAR\Debug\Obj\stm32f0xx_exti.o
#        C:\Users\Administrator\Desktop\M26-DTU\stm32f030x8\projects\stm32f10x_std\IAR\Debug\Obj\stm32f0xx_flash.o
#        C:\Users\Administrator\Desktop\M26-DTU\stm32f030x8\projects\stm32f10x_std\IAR\Debug\Obj\stm32f0xx_gpio.o
#        C:\Users\Administrator\Desktop\M26-DTU\stm32f030x8\projects\stm32f10x_std\IAR\Debug\Obj\stm32f0xx_i2c.o
#        C:\Users\Administrator\Desktop\M26-DTU\stm32f030x8\projects\stm32f10x_std\IAR\Debug\Obj\stm32f0xx_it.o
#        C:\Users\Administrator\Desktop\M26-DTU\stm32f030x8\projects\stm32f10x_std\IAR\Debug\Obj\stm32f0xx_iwdg.o
#        C:\Users\Administrator\Desktop\M26-DTU\stm32f030x8\projects\stm32f10x_std\IAR\Debug\Obj\stm32f0xx_misc.o
#        C:\Users\Administrator\Desktop\M26-DTU\stm32f030x8\projects\stm32f10x_std\IAR\Debug\Obj\stm32f0xx_pwr.o
#        C:\Users\Administrator\Desktop\M26-DTU\stm32f030x8\projects\stm32f10x_std\IAR\Debug\Obj\stm32f0xx_rcc.o
#        C:\Users\Administrator\Desktop\M26-DTU\stm32f030x8\projects\stm32f10x_std\IAR\Debug\Obj\stm32f0xx_rtc.o
#        C:\Users\Administrator\Desktop\M26-DTU\stm32f030x8\projects\stm32f10x_std\IAR\Debug\Obj\stm32f0xx_spi.o
#        C:\Users\Administrator\Desktop\M26-DTU\stm32f030x8\projects\stm32f10x_std\IAR\Debug\Obj\stm32f0xx_syscfg.o
#        C:\Users\Administrator\Desktop\M26-DTU\stm32f030x8\projects\stm32f10x_std\IAR\Debug\Obj\stm32f0xx_tim.o
#        C:\Users\Administrator\Desktop\M26-DTU\stm32f030x8\projects\stm32f10x_std\IAR\Debug\Obj\stm32f0xx_usart.o
#        C:\Users\Administrator\Desktop\M26-DTU\stm32f030x8\projects\stm32f10x_std\IAR\Debug\Obj\stm32f0xx_wwdg.o
#        C:\Users\Administrator\Desktop\M26-DTU\stm32f030x8\projects\stm32f10x_std\IAR\Debug\Obj\system_info.o
#        C:\Users\Administrator\Desktop\M26-DTU\stm32f030x8\projects\stm32f10x_std\IAR\Debug\Obj\system_init.o
#        C:\Users\Administrator\Desktop\M26-DTU\stm32f030x8\projects\stm32f10x_std\IAR\Debug\Obj\system_param.o
#        C:\Users\Administrator\Desktop\M26-DTU\stm32f030x8\projects\stm32f10x_std\IAR\Debug\Obj\system_stm32f0xx.o
#        C:\Users\Administrator\Desktop\M26-DTU\stm32f030x8\projects\stm32f10x_std\IAR\Debug\Obj\user_task.o
#        C:\Users\Administrator\Desktop\M26-DTU\stm32f030x8\projects\stm32f10x_std\IAR\Debug\Obj\zsproto.o
#        C:\Users\Administrator\Desktop\M26-DTU\stm32f030x8\projects\stm32f10x_std\IAR\Debug\Obj\zsproto_package_process.o
#        C:\Users\Administrator\Desktop\M26-DTU\stm32f030x8\projects\stm32f10x_std\IAR\Debug\Obj\zsproto_penetrate_process.o
#        -o
#        C:\Users\Administrator\Desktop\M26-DTU\stm32f030x8\projects\stm32f10x_std\IAR\Debug\Exe\c.out
#        --map
#        C:\Users\Administrator\Desktop\M26-DTU\stm32f030x8\projects\stm32f10x_std\IAR\Debug\List\c.map
#        --config "D:\Program Files (x86)\IAR Systems\Embedded Workbench
#        7.2\arm\config\linker\ST\stm32f030x8.icf" --semihosting --entry
#        __iar_program_start --vfe
#
###############################################################################

*******************************************************************************
*** RUNTIME MODEL ATTRIBUTES
***

CppFlavor       = *
__SystemLibrary = DLib


*******************************************************************************
*** PLACEMENT SUMMARY
***

"A1":  place at 0x08000000 { ro section .intvec };
"P1":  place in [from 0x08000000 to 0x0800ffff] { ro };
"P2":  place in [from 0x20000000 to 0x20001fff] { rw, block CSTACK, block HEAP };

  Section             Kind        Address    Size  Object
  -------             ----        -------    ----  ------
"A1":                                        0xb4
  .intvec             ro code  0x08000000    0xb4  startup_stm32f030.o [1]
                             - 0x080000b4    0xb4

"P1":                                      0x7651
  .text               ro code  0x080000b4  0x1604  gprs_process.o [1]
  .text               ro code  0x080016b8    0xe0  I32DivModFast.o [5]
  .text               ro code  0x08001798   0x308  gprs_commond.o [1]
  .text               ro code  0x08001aa0    0xf8  gprs_task.o [1]
  .text               ro code  0x08001b98    0x10  strlen.o [5]
  .text               ro code  0x08001ba8   0xe74  zsproto_package_process.o [1]
  .text               ro code  0x08002a1c     0xc  atoi.o [3]
  .text               ro code  0x08002a28   0x204  osal_clock.o [1]
  .text               ro code  0x08002c2c    0x44  bsp_gprs.o [1]
  .text               ro code  0x08002c70    0x16  uread4.o [5]
  .text               ro code  0x08002c86     0xa  xsprout.o [3]
  .text               ro code  0x08002c90    0x38  sprintf.o [3]
  .text               ro code  0x08002cc8    0x10  gprs_process.o [1]
  .text               ro code  0x08002cd8    0x88  user_task.o [1]
  .text               ro code  0x08002d60     0x2  IntDivZer.o [5]
  .rodata             const    0x08002d62     0x2  clog.o [1]
  .text               ro code  0x08002d64   0x3c8  stm32f0xx_bsp_usart.o [1]
  .text               ro code  0x0800312c    0x5c  ABImemcpy.o [5]
  .text               ro code  0x08003188   0x1bc  osal_timer.o [1]
  .text               ro code  0x08003344    0xf8  osal_core.o [1]
  .text               ro code  0x0800343c    0x14  uwrite4.o [5]
  .text               ro code  0x08003450   0x19c  system_param.o [1]
  .text               ro code  0x080035ec   0x180  xstoul.o [3]
  .text               ro code  0x0800376c   0x140  stm32f0xx_gpio.o [1]
  .text               ro code  0x080038ac   0xebe  xprintffull_nomb.o [3]
  .text               ro code  0x0800476a    0x38  strstr.o [3]
  .text               ro code  0x080047a2     0x2  startup_stm32f030.o [1]
  .text               ro code  0x080047a4   0x288  zsproto.o [1]
  .text               ro code  0x08004a2c   0x1dc  maintain_process.o [1]
  .text               ro code  0x08004c08   0x300  stm32f0xx_rcc.o [1]
  .text               ro code  0x08004f08   0x2f2  stm32f0xx_usart.o [1]
  .text               ro code  0x080051fa     0x2  startup_stm32f030.o [1]
  .text               ro code  0x080051fc    0x78  stm32f0xx_misc.o [1]
  .text               ro code  0x08005274   0x120  stm32f0xx_bsp_dma.o [1]
  .text               ro code  0x08005394    0xa0  stm32f0xx_dma.o [1]
  .text               ro code  0x08005434     0x2  osal_msg.o [1]
  .text               ro code  0x08005436    0x24  osal_task.o [1]
  .text               ro code  0x0800545a    0x86  stm32f0xx_bsp_flash.o [1]
  .text               ro code  0x080054e0    0x4c  crc.o [1]
  .text               ro code  0x0800552c    0x18  memchr.o [5]
  .text               ro code  0x08005544    0x10  errno.o [3]
  .text               ro code  0x08005554    0x14  strchr.o [5]
  .text               ro code  0x08005568    0x6a  I64DivMod.o [5]
  .text               ro code  0x080055d2    0x44  xdnorm.o [4]
  .text               ro code  0x08005616    0x32  DblCmpLe.o [4]
  .text               ro code  0x08005648    0x32  DblCmpGe.o [4]
  .text               ro code  0x0800567a     0x2  startup_stm32f030.o [1]
  .text               ro code  0x0800567c   0x11c  xdscale.o [4]
  .text               ro code  0x08005798    0x52  DblToI32.o [4]
  .text               ro code  0x080057ea     0x2  startup_stm32f030.o [1]
  .text               ro code  0x080057ec    0x34  I32ToDbl.o [4]
  .text               ro code  0x08005820   0x1a8  DblAddSub.o [4]
  .text               ro code  0x080059c8   0x184  DblMul.o [4]
  .text               ro code  0x08005b4c    0xc2  DblDiv.o [4]
  .text               ro code  0x08005c0e    0x20  div.o [3]
  .text               ro code  0x08005c2e     0x2  startup_stm32f030.o [1]
  .text               ro code  0x08005c30    0x38  zsproto_penetrate_process.o [1]
  .text               ro code  0x08005c68    0x4c  hal_task.o [1]
  .text               ro code  0x08005cb4   0x13e  stm32f0xx_flash.o [1]
  .text               ro code  0x08005df2     0x2  xtls.o [3]
  .text               ro code  0x08005df4     0x2  I64DivZer.o [5]
  .text               ro code  0x08005df6     0x2  startup_stm32f030.o [1]
  .text               ro code  0x08005df8   0x104  bsp_led.o [1]
  .text               ro code  0x08005efc   0x240  SEGGER_RTT.o [1]
  .text               ro code  0x0800613c    0x10  strcpy.o [5]
  .text               ro code  0x0800614c   0x1c4  rtt_log.o [1]
  .text               ro code  0x08006310    0x38  clog.o [1]
  .text               ro code  0x08006348    0x3c  vsnprint.o [3]
  .text               ro code  0x08006384   0x1c0  stm32f0xx_tim.o [1]
  .text               ro code  0x08006544   0x160  system_stm32f0xx.o [1]
  .text               ro code  0x080066a4   0x13e  stm32f0xx_it.o [1]
  .text               ro code  0x080067e2     0x2  startup_stm32f030.o [1]
  .text               ro code  0x080067e4    0xfc  stm32f0xx_bsp_systick.o [1]
  .text               ro code  0x080068e0    0xd8  packbits_init.o [5]
  .text               ro code  0x080069b8     0xa  abort.o [3]
  .text               ro code  0x080069c2     0x2  startup_stm32f030.o [1]
  .text               ro code  0x080069c4    0x14  exit.o [6]
  .text               ro code  0x080069d8    0x64  stm32f0xx_bsp_timer.o [1]
  .rodata             const    0x08006a3c    0x54  bsp_led.o [1]
  .text               ro code  0x08006a90    0x3c  startup_stm32f030.o [1]
  .text               ro code  0x08006acc    0x3c  zero_init3.o [5]
  .text               ro code  0x08006b08    0x28  data_init.o [5]
  .text               ro code  0x08006b30    0x26  bsp_init.o [1]
  .text               ro code  0x08006b56     0x2  startup_stm32f030.o [1]
  .rodata             const    0x08006b58    0x24  maintain_process.o [1]
  .rodata             const    0x08006b7c    0x24  zsproto_package_process.o [1]
  .rodata             const    0x08006ba0    0x24  zsproto_package_process.o [1]
  .rodata             const    0x08006bc4    0x24  zsproto_package_process.o [1]
  .rodata             const    0x08006be8    0x24  zsproto_package_process.o [1]
  .iar.init_table     const    0x08006c0c    0x2c  - Linker created -
  .rodata             const    0x08006c38    0x20  gprs_process.o [1]
  .rodata             const    0x08006c58    0x20  gprs_process.o [1]
  .rodata             const    0x08006c78    0x20  gprs_process.o [1]
  .rodata             const    0x08006c98    0x20  gprs_process.o [1]
  .rodata             const    0x08006cb8    0x20  gprs_process.o [1]
  .rodata             const    0x08006cd8    0x20  gprs_process.o [1]
  .rodata             const    0x08006cf8    0x20  gprs_process.o [1]
  .rodata             const    0x08006d18    0x20  gprs_process.o [1]
  .rodata             const    0x08006d38    0x20  gprs_process.o [1]
  .rodata             const    0x08006d58    0x20  gprs_process.o [1]
  .rodata             const    0x08006d78    0x20  gprs_process.o [1]
  .rodata             const    0x08006d98    0x20  gprs_process.o [1]
  .rodata             const    0x08006db8    0x20  gprs_process.o [1]
  .rodata             const    0x08006dd8    0x20  gprs_process.o [1]
  .rodata             const    0x08006df8    0x20  maintain_process.o [1]
  .rodata             const    0x08006e18    0x20  maintain_process.o [1]
  .rodata             const    0x08006e38    0x20  maintain_process.o [1]
  .rodata             const    0x08006e58    0x20  system_param.o [1]
  .rodata             const    0x08006e78    0x20  zsproto.o [1]
  .rodata             const    0x08006e98    0x20  zsproto_package_process.o [1]
  .rodata             const    0x08006eb8    0x20  zsproto_package_process.o [1]
  .rodata             const    0x08006ed8    0x20  zsproto_package_process.o [1]
  .rodata             const    0x08006ef8    0x20  zsproto_package_process.o [1]
  .rodata             const    0x08006f18    0x20  zsproto_package_process.o [1]
  .rodata             const    0x08006f38    0x20  zsproto_package_process.o [1]
  .rodata             const    0x08006f58    0x1c  gprs_process.o [1]
  .rodata             const    0x08006f74    0x1c  gprs_process.o [1]
  .rodata             const    0x08006f90    0x1c  gprs_process.o [1]
  .rodata             const    0x08006fac    0x1c  gprs_process.o [1]
  .rodata             const    0x08006fc8    0x1c  gprs_process.o [1]
  .rodata             const    0x08006fe4    0x1c  gprs_process.o [1]
  .rodata             const    0x08007000    0x1c  gprs_process.o [1]
  .rodata             const    0x0800701c    0x1c  gprs_process.o [1]
  .rodata             const    0x08007038    0x1c  gprs_process.o [1]
  .rodata             const    0x08007054    0x1c  gprs_process.o [1]
  .rodata             const    0x08007070    0x1c  gprs_process.o [1]
  .rodata             const    0x0800708c    0x1c  gprs_process.o [1]
  .rodata             const    0x080070a8    0x1c  gprs_process.o [1]
  .rodata             const    0x080070c4    0x1c  gprs_process.o [1]
  .rodata             const    0x080070e0    0x1c  gprs_process.o [1]
  .rodata             const    0x080070fc    0x1c  gprs_process.o [1]
  .rodata             const    0x08007118    0x1c  gprs_process.o [1]
  .rodata             const    0x08007134    0x1c  maintain_process.o [1]
  .rodata             const    0x08007150    0x1c  system_param.o [1]
  .rodata             const    0x0800716c    0x1c  zsproto.o [1]
  .rodata             const    0x08007188    0x1c  zsproto.o [1]
  .rodata             const    0x080071a4    0x1c  zsproto_package_process.o [1]
  .rodata             const    0x080071c0    0x1c  zsproto_package_process.o [1]
  .rodata             const    0x080071dc    0x1c  zsproto_package_process.o [1]
  .rodata             const    0x080071f8    0x1c  zsproto_package_process.o [1]
  .rodata             const    0x08007214    0x1c  zsproto_package_process.o [1]
  .rodata             const    0x08007230    0x1c  zsproto_package_process.o [1]
  .rodata             const    0x0800724c    0x1c  zsproto_package_process.o [1]
  .rodata             const    0x08007268    0x1c  zsproto_package_process.o [1]
  .text               ro code  0x08007284    0x1c  main.o [1]
  .text               ro code  0x080072a0     0xc  system_init.o [1]
  .text               ro code  0x080072ac     0x8  system_info.o [1]
  .text               ro code  0x080072b4    0x1c  xsnprout.o [3]
  .text               ro code  0x080072d0    0x1a  cmain.o [5]
  .text               ro code  0x080072ea     0x4  low_level_init.o [3]
  .text               ro code  0x080072ee     0x8  exit.o [3]
  .text               ro code  0x080072f6     0x2  startup_stm32f030.o [1]
  .text               ro code  0x080072f8     0xa  cexit.o [5]
  .text               ro code  0x08007302     0x2  startup_stm32f030.o [1]
  .rodata             const    0x08007304    0x18  gprs_process.o [1]
  .rodata             const    0x0800731c    0x18  gprs_process.o [1]
  .rodata             const    0x08007334    0x18  gprs_process.o [1]
  .rodata             const    0x0800734c    0x18  gprs_process.o [1]
  .rodata             const    0x08007364    0x18  rtt_log.o [1]
  .rodata             const    0x0800737c    0x18  zsproto_package_process.o [1]
  .rodata             const    0x08007394    0x18  zsproto_package_process.o [1]
  .rodata             const    0x080073ac    0x18  zsproto_package_process.o [1]
  .rodata             const    0x080073c4    0x18  zsproto_package_process.o [1]
  .rodata             const    0x080073dc    0x18  xprintffull_nomb.o [3]
  .rodata             const    0x080073f4    0x14  gprs_process.o [1]
  .rodata             const    0x08007408    0x14  gprs_process.o [1]
  .rodata             const    0x0800741c    0x14  gprs_process.o [1]
  .rodata             const    0x08007430    0x14  gprs_process.o [1]
  .rodata             const    0x08007444    0x14  zsproto_package_process.o [1]
  .rodata             const    0x08007458    0x14  zsproto_package_process.o [1]
  .rodata             const    0x0800746c    0x14  zsproto_package_process.o [1]
  .rodata             const    0x08007480    0x14  zsproto_package_process.o [1]
  .rodata             const    0x08007494    0x14  zsproto_package_process.o [1]
  .rodata             const    0x080074a8    0x14  zsproto_package_process.o [1]
  .rodata             const    0x080074bc    0x14  zsproto_package_process.o [1]
  .rodata             const    0x080074d0    0x14  zsproto_package_process.o [1]
  .rodata             const    0x080074e4    0x14  zsproto_package_process.o [1]
  .rodata             const    0x080074f8    0x10  gprs_process.o [1]
  .rodata             const    0x08007508    0x10  gprs_process.o [1]
  .rodata             const    0x08007518    0x10  gprs_process.o [1]
  .rodata             const    0x08007528    0x10  gprs_process.o [1]
  .rodata             const    0x08007538    0x10  gprs_process.o [1]
  .rodata             const    0x08007548    0x10  system_param.o [1]
  .rodata             const    0x08007558    0x10  system_param.o [1]
  .rodata             const    0x08007568    0x10  system_param.o [1]
  .rodata             const    0x08007578     0xc  gprs_process.o [1]
  .rodata             const    0x08007584     0xc  gprs_process.o [1]
  .rodata             const    0x08007590     0xc  gprs_process.o [1]
  .rodata             const    0x0800759c     0xc  gprs_process.o [1]
  .rodata             const    0x080075a8     0xc  gprs_process.o [1]
  .rodata             const    0x080075b4     0xc  gprs_process.o [1]
  .rodata             const    0x080075c0     0xc  gprs_process.o [1]
  .rodata             const    0x080075cc     0xc  gprs_process.o [1]
  .rodata             const    0x080075d8     0xc  gprs_process.o [1]
  .rodata             const    0x080075e4     0xc  osal_task.o [1]
  .rodata             const    0x080075f0     0xc  SEGGER_RTT.o [1]
  .rodata             const    0x080075fc     0xc  zsproto_package_process.o [1]
  .text               ro code  0x08007608     0xc  cstartup_M.o [5]
  .rodata             const    0x08007614     0x8  clog.o [1]
  .rodata             const    0x0800761c     0x8  clog.o [1]
  .rodata             const    0x08007624     0x8  clog.o [1]
  .rodata             const    0x0800762c     0x8  clog.o [1]
  .rodata             const    0x08007634     0x8  clog.o [1]
  .rodata             const    0x0800763c     0x8  clog.o [1]
  .rodata             const    0x08007644     0x8  gprs_process.o [1]
  .rodata             const    0x0800764c     0x8  gprs_process.o [1]
  .rodata             const    0x08007654     0x8  gprs_process.o [1]
  .rodata             const    0x0800765c     0x8  gprs_process.o [1]
  .rodata             const    0x08007664     0x8  gprs_process.o [1]
  .rodata             const    0x0800766c     0x8  gprs_process.o [1]
  .rodata             const    0x08007674     0x8  gprs_process.o [1]
  .rodata             const    0x0800767c     0x8  rtt_log.o [1]
  .rodata             const    0x08007684     0x8  SEGGER_RTT.o [1]
  .text               ro code  0x0800768c     0x2  startup_stm32f030.o [1]
  .text               ro code  0x0800768e     0x2  startup_stm32f030.o [1]
  .text               ro code  0x08007690     0x2  startup_stm32f030.o [1]
  .text               ro code  0x08007692     0x2  startup_stm32f030.o [1]
  .text               ro code  0x08007694     0x2  startup_stm32f030.o [1]
  .text               ro code  0x08007696     0x2  startup_stm32f030.o [1]
  .text               ro code  0x08007698     0x2  startup_stm32f030.o [1]
  .text               ro code  0x0800769a     0x2  startup_stm32f030.o [1]
  .rodata             const    0x0800769c     0x0  zero_init3.o [5]
  .rodata             const    0x0800769c     0x0  packbits_init.o [5]
  Initializer bytes   const    0x0800769c    0x69  <for P2 s0>
                             - 0x08007705  0x7651

"P2":                                      0x1e10
  P2 s0                        0x20000000   0x589  <Init block>
    .data             inited   0x20000000   0x264  gprs_cache.o [1]
    .data             inited   0x20000264   0x208  gprs_cache.o [1]
    .data             inited   0x2000046c    0xc4  gprs_process.o [1]
    .data             inited   0x20000530    0x1c  clog.o [1]
    .data             inited   0x2000054c    0x10  gprs_process.o [1]
    .data             inited   0x2000055c    0x10  stm32f0xx_rcc.o [1]
    .data             inited   0x2000056c     0xc  gprs_cache.o [1]
    .data             inited   0x20000578     0xc  gprs_cache.o [1]
    __DLIB_PERTHREAD  inited   0x20000584     0x4  errno.o [3]
    .data             inited   0x20000588     0x1  rtt_log.o [1]
  .bss                zero     0x2000058c   0x400  gprs_cache.o [1]
  .bss                zero     0x2000098c   0x400  gprs_cache.o [1]
  .bss                zero     0x20000d8c   0x1e0  osal_timer.o [1]
  .bss                zero     0x20000f6c   0x138  zsproto.o [1]
  .bss                zero     0x200010a4   0x12c  rtt_log.o [1]
  .bss                zero     0x200011d0   0x12c  SEGGER_RTT.o [1]
  .bss                zero     0x200012fc   0x104  zsproto.o [1]
  .bss                zero     0x20001400    0xe0  system_info.o [1]
  .bss                zero     0x200014e0    0x78  SEGGER_RTT.o [1]
  .bss                zero     0x20001558    0x34  SEGGER_RTT.o [1]
  .bss                zero     0x2000158c    0x30  bsp_led.o [1]
  .bss                zero     0x200015bc    0x14  clog.o [1]
  .bss                zero     0x200015d0    0x10  stm32f0xx_bsp_usart.o [1]
  .bss                zero     0x200015e0     0xc  osal_task.o [1]
  .bss                zero     0x200015ec     0x4  osal_clock.o [1]
  .bss                zero     0x200015f0     0x4  osal_clock.o [1]
  .bss                zero     0x200015f4     0x4  osal_core.o [1]
  .bss                zero     0x200015f8     0x4  osal_timer.o [1]
  .bss                zero     0x200015fc     0x4  stm32f0xx_bsp_systick.o [1]
  .bss                zero     0x20001600     0x4  zsproto.o [1]
  .bss                zero     0x20001604     0x2  osal_clock.o [1]
  .bss                zero     0x20001606     0x1  gprs_process.o [1]
  .bss                zero     0x20001607     0x1  gprs_process.o [1]
  .bss                zero     0x20001608     0x1  gprs_task.o [1]
  .bss                zero     0x20001609     0x1  hal_task.o [1]
  .bss                zero     0x2000160a     0x1  stm32f0xx_it.o [1]
  .bss                zero     0x2000160b     0x1  stm32f0xx_it.o [1]
  .bss                zero     0x2000160c     0x1  user_task.o [1]
  CSTACK                       0x20001610   0x800  <Block>
    CSTACK            uninit   0x20001610   0x800  <Block tail>
                             - 0x20001e10  0x1e10


*******************************************************************************
*** INIT TABLE
***

          Address     Size
          -------     ----
Zero (__iar_zero_init3)
    1 destination range, total size 0x1081:
          0x2000058c  0x1081

Copy/packbits (__iar_packbits_init3)
    1 source range, total size 0x69 (7% of destination):
          0x0800769c    0x69
    1 destination range, total size 0x589:
          0x20000000   0x589



*******************************************************************************
*** MODULE SUMMARY
***

    Module                       ro code  ro data  rw data
    ------                       -------  -------  -------
C:\Users\Administrator\Desktop\M26-DTU\stm32f030x8\projects\stm32f10x_std\IAR\Debug\Obj: [1]
    SEGGER_RTT.o                     576       20      472
    bsp_gprs.o                        68
    bsp_init.o                        38
    bsp_led.o                        260       84       48
    clog.o                            56       52       48
    crc.o                             76
    gprs_cache.o                               85    3 204
    gprs_commond.o                   776
    gprs_process.o                 5 652    1 360      214
    gprs_task.o                      248                 1
    hal_task.o                        76                 1
    main.o                            28
    maintain_process.o               476      160
    osal_clock.o                     516                10
    osal_core.o                      248                 4
    osal_msg.o                         2
    osal_task.o                       36       12       12
    osal_timer.o                     444               484
    rtt_log.o                        452       33      301
    startup_stm32f030.o              278
    stm32f0xx_bsp_dma.o              288
    stm32f0xx_bsp_flash.o            134
    stm32f0xx_bsp_systick.o          252                 4
    stm32f0xx_bsp_timer.o            100
    stm32f0xx_bsp_usart.o            968                16
    stm32f0xx_dma.o                  160
    stm32f0xx_flash.o                318
    stm32f0xx_gpio.o                 320
    stm32f0xx_it.o                   318                 2
    stm32f0xx_misc.o                 120
    stm32f0xx_rcc.o                  768        1       16
    stm32f0xx_tim.o                  448
    stm32f0xx_usart.o                754
    system_info.o                      8               224
    system_init.o                     12
    system_param.o                   412      108
    system_stm32f0xx.o               352
    user_task.o                      136                 1
    zsproto.o                        648       88      576
    zsproto_package_process.o      3 700      848
    zsproto_penetrate_process.o       56
    ------------------------------------------------------
    Total:                        20 578    2 851    5 638

command line: [2]
    ------------------------------------------------------
    Total:

dl6M_tln.a: [3]
    abort.o                           10
    atoi.o                            12
    div.o                             32
    errno.o                           16                 4
    exit.o                             8
    low_level_init.o                   4
    sprintf.o                         56
    strstr.o                          56
    vsnprint.o                        60
    xprintffull_nomb.o             3 774       24
    xsnprout.o                        28
    xsprout.o                         10
    xstoul.o                         384
    xtls.o                             2
    ------------------------------------------------------
    Total:                         4 452       24        4

m6M_tl.a: [4]
    DblAddSub.o                      424
    DblCmpGe.o                        50
    DblCmpLe.o                        50
    DblDiv.o                         194
    DblMul.o                         388
    DblToI32.o                        82
    I32ToDbl.o                        52
    xdnorm.o                          68
    xdscale.o                        284
    ------------------------------------------------------
    Total:                         1 592

rt6M_tl.a: [5]
    ABImemcpy.o                       92
    I32DivModFast.o                  224
    I64DivMod.o                      106
    I64DivZer.o                        2
    IntDivZer.o                        2
    cexit.o                           10
    cmain.o                           26
    cstartup_M.o                      12
    data_init.o                       40
    memchr.o                          24
    packbits_init.o                  216
    strchr.o                          20
    strcpy.o                          16
    strlen.o                          16
    uread4.o                          22
    uwrite4.o                         20
    zero_init3.o                      60
    ------------------------------------------------------
    Total:                           908

shb_l.a: [6]
    exit.o                            20
    ------------------------------------------------------
    Total:                            20

    Gaps                                                 3
    Linker created                             44    2 048
----------------------------------------------------------
    Grand Total:                  27 550    2 919    7 693


*******************************************************************************
*** ENTRY LIST
***

Entry                      Address   Size  Type      Object
-----                      -------   ----  ----      ------
.iar.init_table$$Base   0x08006c0c          --   Gb  - Linker created -
.iar.init_table$$Limit  0x08006c38          --   Gb  - Linker created -
?main                   0x080072d1         Code  Gb  cmain.o [5]
ADC1_IRQHandler         0x080067d7    0x2  Code  Gb  stm32f0xx_it.o [1]
APBAHBPrescTable        0x2000055c   0x10  Data  Lc  stm32f0xx_rcc.o [1]
BSP_DMA_USART_StructInit
                        0x08005275  0x120  Code  Gb  stm32f0xx_bsp_dma.o [1]
BSP_FLASH_EraseSector   0x0800545b   0x18  Code  Gb  stm32f0xx_bsp_flash.o [1]
BSP_FLASH_ReadBytes     0x080054c3   0x1e  Code  Gb  stm32f0xx_bsp_flash.o [1]
BSP_FLASH_WriteBytes    0x08005473   0x50  Code  Gb  stm32f0xx_bsp_flash.o [1]
BSP_GPRS_PowerKeyHigh   0x08002c4d   0x12  Code  Gb  bsp_gprs.o [1]
BSP_GPRS_PowerKeyLow    0x08002c5f   0x12  Code  Gb  bsp_gprs.o [1]
BSP_GPRS_PowerOff       0x08002c2d    0xe  Code  Gb  bsp_gprs.o [1]
BSP_GPRS_PowerOn        0x08002c3b    0xe  Code  Gb  bsp_gprs.o [1]
BSP_Init                0x08006b3f   0x18  Code  Gb  bsp_init.o [1]
BSP_LED_Close           0x08005e91   0x3c  Code  Gb  bsp_led.o [1]
BSP_LED_Init            0x08005df9   0x5c  Code  Gb  bsp_led.o [1]
BSP_LED_Open            0x08005e55   0x3c  Code  Gb  bsp_led.o [1]
BSP_LED_Toggle          0x08005ecd   0x26  Code  Gb  bsp_led.o [1]
BSP_SYSTICK_IncTick     0x080068bd    0xc  Code  Gb  stm32f0xx_bsp_systick.o [1]
BSP_SYSTICK_Open        0x080068a1   0x1c  Code  Gb  stm32f0xx_bsp_systick.o [1]
BSP_Timer_Init          0x080069d9   0x5e  Code  Gb  stm32f0xx_bsp_timer.o [1]
BSP_USART_IRQHandler    0x08002f8f   0x2c  Code  Gb  stm32f0xx_bsp_usart.o [1]
BSP_USART_Open          0x08002d65  0x1e0  Code  Gb  stm32f0xx_bsp_usart.o [1]
BSP_USART_ReadBytes     0x08003059   0x22  Code  Gb  stm32f0xx_bsp_usart.o [1]
BSP_USART_ReadBytesDMA  0x0800307b   0x68  Code  Lc  stm32f0xx_bsp_usart.o [1]
BSP_USART_WriteBytes    0x08002f45   0x4a  Code  Gb  stm32f0xx_bsp_usart.o [1]
Board_Init              0x08006b31    0xe  Code  Gb  bsp_init.o [1]
CLog_GetCurrentTaskID   0x08006311    0x4  Code  Gb  clog.o [1]
CLog_GetTime            0x08006315   0x1c  Code  Gb  clog.o [1]
CLog_Init               0x08006331   0x14  Code  Gb  clog.o [1]
CRC16_Modbus            0x080054e1   0x44  Code  Gb  crc.o [1]
CSTACK$$Base            0x20001610          --   Gb  - Linker created -
CSTACK$$Limit           0x20001e10          --   Gb  - Linker created -
DMA1_Channel1_IRQHandler
                        0x080067d5    0x2  Code  Gb  stm32f0xx_it.o [1]
DMA_Cmd                 0x080053d7   0x1c  Code  Gb  stm32f0xx_dma.o [1]
DMA_GetCurrDataCounter  0x08005421    0x6  Code  Gb  stm32f0xx_dma.o [1]
DMA_Init                0x08005395   0x42  Code  Gb  stm32f0xx_dma.o [1]
DMA_RemapConfig         0x080053f3   0x2e  Code  Gb  stm32f0xx_dma.o [1]
FLASH_ClearFlag         0x08005d81    0x6  Code  Gb  stm32f0xx_flash.o [1]
FLASH_ErasePage         0x08005cdb   0x4e  Code  Gb  stm32f0xx_flash.o [1]
FLASH_GetStatus         0x08005d89   0x36  Code  Gb  stm32f0xx_flash.o [1]
FLASH_Lock              0x08005ccd    0xe  Code  Gb  stm32f0xx_flash.o [1]
FLASH_ProgramHalfWord   0x08005d29   0x42  Code  Gb  stm32f0xx_flash.o [1]
FLASH_Unlock            0x08005cb5   0x18  Code  Gb  stm32f0xx_flash.o [1]
FLASH_WaitForLastOperation
                        0x08005dc5   0x2e  Code  Gb  stm32f0xx_flash.o [1]
GPIO_Init               0x0800376d   0xbe  Code  Gb  stm32f0xx_gpio.o [1]
GPIO_PinAFConfig        0x0800383d   0x70  Code  Gb  stm32f0xx_gpio.o [1]
GPIO_WriteBit           0x0800382b   0x12  Code  Gb  stm32f0xx_gpio.o [1]
GPRS_ACK_Process        0x080013a5  0x106  Code  Gb  gprs_process.o [1]
GPRS_Loop_Process       0x0800082d  0xb48  Code  Gb  gprs_process.o [1]
GPRS_SendData           0x0800199f   0xe6  Code  Gb  gprs_commond.o [1]
GPRS_WriteBytes         0x080017fb   0x14  Code  Gb  gprs_commond.o [1]
GprsTask_Init           0x08001aa1   0x3c  Code  Gb  gprs_task.o [1]
GprsTask_Process        0x08001add   0x9c  Code  Gb  gprs_task.o [1]
GprsTask_Send_Event     0x08001b79   0x10  Code  Gb  gprs_task.o [1]
Gprs_ACK_Check          0x0800180f   0x18  Code  Gb  gprs_commond.o [1]
Gprs_Add_Sockets        0x080014b5   0xb0  Code  Gb  gprs_process.o [1]
Gprs_Cmd_QIACK          0x080015ad   0x5c  Code  Gb  gprs_process.o [1]
Gprs_GetLinkState       0x08001617   0x42  Code  Gb  gprs_process.o [1]
Gprs_GetRssiValue       0x0800165d    0x6  Code  Gb  gprs_process.o [1]
Gprs_GetSocketAndLength
                        0x08001827  0x178  Code  Gb  gprs_commond.o [1]
Gprs_Reset_Moudle       0x08001609    0xe  Code  Gb  gprs_process.o [1]
Gprs_UpdateRssi         0x08001569   0x2e  Code  Gb  gprs_process.o [1]
HalTask_Init            0x08005c69   0x14  Code  Gb  hal_task.o [1]
HalTask_Process         0x08005c7d   0x32  Code  Gb  hal_task.o [1]
HardFault_Handler       0x080066a7    0x4  Code  Gb  stm32f0xx_it.o [1]
InStream_Read           0x080068e1   0x22  Code  Lc  packbits_init.o [5]
LED_IO                  0x08006a3c   0x54  Data  Gb  bsp_led.o [1]
LoadInt                 0x08003e69   0x68  Code  Lc  xprintffull_nomb.o [3]
M26Trans_Buf            0x2000098c  0x400  Data  Gb  gprs_cache.o [1]
Maintain_Trans_Check    0x08004aef   0x88  Code  Gb  maintain_process.o [1]
Maintain_Trans_Process  0x08004a2d   0x2c  Code  Gb  maintain_process.o [1]
NMI_Handler             0x080066a5    0x2  Code  Gb  stm32f0xx_it.o [1]
NVIC_Init               0x080051fd   0x6a  Code  Gb  stm32f0xx_misc.o [1]
NVIC_SetPriority        0x080067e5   0x8a  Code  Lc  stm32f0xx_bsp_systick.o [1]
OS_Clock_ConvertToDateTime
                        0x08002ad7  0x144  Code  Gb  osal_clock.o [1]
OS_Clock_GetSeconds     0x08002a87   0x14  Code  Gb  osal_clock.o [1]
OS_Clock_GetSystemClock
                        0x08002a9b   0x14  Code  Gb  osal_clock.o [1]
OS_Clock_Update         0x08002a29   0x5e  Code  Gb  osal_clock.o [1]
OS_Events_Set           0x080033ff   0x30  Code  Gb  osal_core.o [1]
OS_Init                 0x08003345   0x10  Code  Gb  osal_core.o [1]
OS_Msg_Init             0x08005435    0x2  Code  Gb  osal_msg.o [1]
OS_Start                0x08003355    0x8  Code  Gb  osal_core.o [1]
OS_Task_Init            0x08005437   0x24  Code  Gb  osal_task.o [1]
OS_Timer_Init           0x08003189   0x20  Code  Gb  osal_timer.o [1]
OS_Timer_Start          0x080032b1   0x28  Code  Gb  osal_timer.o [1]
OS_Timer_Update         0x080032d9   0x64  Code  Gb  osal_timer.o [1]
PendSV_Handler          0x080066ad    0x2  Code  Gb  stm32f0xx_it.o [1]
RCC_AHBPeriphClockCmd   0x08004e31   0x20  Code  Gb  stm32f0xx_rcc.o [1]
RCC_APB1PeriphClockCmd  0x08004e71   0x20  Code  Gb  stm32f0xx_rcc.o [1]
RCC_APB1PeriphResetCmd  0x08004ec5   0x20  Code  Gb  stm32f0xx_rcc.o [1]
RCC_APB2PeriphClockCmd  0x08004e51   0x20  Code  Gb  stm32f0xx_rcc.o [1]
RCC_APB2PeriphResetCmd  0x08004ea1   0x20  Code  Gb  stm32f0xx_rcc.o [1]
RCC_GetClocksFreq       0x08004c09  0x222  Code  Gb  stm32f0xx_rcc.o [1]
RTTLog_GetLogLevel      0x080062db    0x6  Code  Lc  rtt_log.o [1]
RTTLog_Init             0x0800614d   0x16  Code  Gb  rtt_log.o [1]
RTTLog_SetLogLevel      0x080062e1    0x6  Code  Lc  rtt_log.o [1]
RTTLog_Write            0x08006163   0xb4  Code  Lc  rtt_log.o [1]
RTTLog_WriteRAW         0x080062c7   0x14  Code  Lc  rtt_log.o [1]
RTTLog_vprintf          0x08006217   0xb0  Code  Lc  rtt_log.o [1]
Region$$Table$$Base     0x08006c0c          --   Gb  - Linker created -
Region$$Table$$Limit    0x08006c38          --   Gb  - Linker created -
SEGGER_RTT_Write        0x08006107   0x32  Code  Gb  SEGGER_RTT.o [1]
SEGGER_RTT_WriteNoLock  0x08006089   0x7e  Code  Gb  SEGGER_RTT.o [1]
SVC_Handler             0x080066ab    0x2  Code  Gb  stm32f0xx_it.o [1]
Server_Trans_Check      0x08004b77   0x62  Code  Gb  maintain_process.o [1]
Server_receiveDataInfo  0x20000264  0x208  Data  Gb  gprs_cache.o [1]
SetSysClock             0x080065b3   0xbe  Code  Lc  system_stm32f0xx.o [1]
SysTick_Config          0x0800686f   0x32  Code  Lc  stm32f0xx_bsp_systick.o [1]
SysTick_Handler         0x080066af   0x14  Code  Gb  stm32f0xx_it.o [1]
SystemInfo_Init         0x080072ad    0x8  Code  Gb  system_info.o [1]
SystemInit              0x08006545   0x6e  Code  Gb  system_stm32f0xx.o [1]
SystemParam_Init        0x08003451   0xde  Code  Gb  system_param.o [1]
SystemParam_Save        0x0800352f   0x46  Code  Gb  system_param.o [1]
System_Load             0x080072a1    0xc  Code  Gb  system_init.o [1]
TIM3_IRQHandler         0x0800671f   0x88  Code  Gb  stm32f0xx_it.o [1]
TIM_ClearITPendingBit   0x0800653d    0x8  Code  Gb  stm32f0xx_tim.o [1]
TIM_Cmd                 0x080064dd   0x1c  Code  Gb  stm32f0xx_tim.o [1]
TIM_DeInit              0x08006385   0xf2  Code  Gb  stm32f0xx_tim.o [1]
TIM_ITConfig            0x08006525   0x18  Code  Gb  stm32f0xx_tim.o [1]
TIM_TimeBaseInit        0x08006477   0x66  Code  Gb  stm32f0xx_tim.o [1]
USART1_IRQHandler       0x080066c3   0x5c  Code  Gb  stm32f0xx_it.o [1]
USART2_IRQHandler       0x080067d9    0xa  Code  Gb  stm32f0xx_it.o [1]
USART2_Rx_Buf           0x2000058c  0x400  Data  Gb  gprs_cache.o [1]
USART_ClearITPendingBit
                        0x080051e3   0x18  Code  Gb  stm32f0xx_usart.o [1]
USART_Cmd               0x080050c7   0x1c  Code  Gb  stm32f0xx_usart.o [1]
USART_DMACmd            0x0800511d   0x18  Code  Gb  stm32f0xx_usart.o [1]
USART_DeInit            0x08004f09   0xd8  Code  Gb  stm32f0xx_usart.o [1]
USART_GetITStatus       0x08005179   0x6a  Code  Gb  stm32f0xx_usart.o [1]
USART_ITConfig          0x08005135   0x44  Code  Gb  stm32f0xx_usart.o [1]
USART_Init              0x08004fe1   0xe6  Code  Gb  stm32f0xx_usart.o [1]
USART_ReceiveData       0x08005109    0x8  Code  Gb  stm32f0xx_usart.o [1]
UserTask_Init           0x08002cd9   0x1e  Code  Gb  user_task.o [1]
UserTask_Process        0x08002cf7   0x52  Code  Gb  user_task.o [1]
UserTask_Send_Event     0x08002d49   0x10  Code  Gb  user_task.o [1]
ZSProto_ConfigGetReq_Process
                        0x080024b5   0x3c  Code  Gb  zsproto_package_process.o [1]
ZSProto_ConfigSetReq_Process
                        0x08001f81  0x508  Code  Gb  zsproto_package_process.o [1]
ZSProto_FlowAnalysis    0x0800489d   0xc6  Code  Gb  zsproto.o [1]
ZSProto_FlowGetCacheIdleLength
                        0x08004977   0x1c  Code  Gb  zsproto.o [1]
ZSProto_FlowSetCallback
                        0x08004963   0x14  Code  Gb  zsproto.o [1]
ZSProto_IsPackage       0x08004993   0x86  Code  Gb  zsproto.o [1]
ZSProto_LinkStateNotify_Process
                        0x08002a0f    0xe  Code  Gb  zsproto_package_process.o [1]
ZSProto_Make_ConfigGetResp
                        0x08002561  0x290  Code  Gb  zsproto_package_process.o [1]
ZSProto_Make_ConfigSetResp
                        0x08001ba9  0x298  Code  Gb  zsproto_package_process.o [1]
ZSProto_Make_LinkStateNotify
                        0x080028f5   0xe8  Code  Gb  zsproto_package_process.o [1]
ZSProto_Make_RssiNotify
                        0x080027f5   0xe8  Code  Gb  zsproto_package_process.o [1]
ZSProto_Make_SocketDataPackage
                        0x08001e41   0xea  Code  Gb  zsproto_package_process.o [1]
ZSProto_RssiNotify_Process
                        0x08002a01    0xe  Code  Gb  zsproto_package_process.o [1]
ZSProto_SocketPcakSend_Process
                        0x08001f69   0x16  Code  Gb  zsproto_package_process.o [1]
ZSProto_TransparentData
                        0x08005c31   0x38  Code  Gb  zsproto_penetrate_process.o [1]
_DoInit                 0x08005efd   0x58  Code  Lc  SEGGER_RTT.o [1]
_GenldFullNoMb          0x08004499  0x2a0  Code  Lc  xprintffull_nomb.o [3]
_GetAvailWriteSpace     0x0800604d   0x24  Code  Lc  SEGGER_RTT.o [1]
_LdtobFullNoMb          0x08004005  0x480  Code  Lc  xprintffull_nomb.o [3]
_LitobFullNoMb          0x08003ed1  0x12e  Code  Lc  xprintffull_nomb.o [3]
_PrintfFullNoMb         0x080038ad  0x5bc  Code  Gb  xprintffull_nomb.o [3]
_PutcharsFullNoMb       0x08004739   0x30  Code  Lc  xprintffull_nomb.o [3]
_SEGGER_RTT             0x200014e0   0x78  Data  Gb  SEGGER_RTT.o [1]
_SNProut                0x080072b5   0x1c  Code  Gb  xsnprout.o [3]
_SProut                 0x08002c87    0xa  Code  Gb  xsprout.o [3]
_WriteBlocking          0x08005f55   0x88  Code  Lc  SEGGER_RTT.o [1]
_WriteNoCheck           0x08005fdd   0x70  Code  Lc  SEGGER_RTT.o [1]
__ICFEDIT_region_RAM_end__ {Abs}
                        0x20001fff          --   Gb  command line/config [2]
__ICFEDIT_region_RAM_start__ {Abs}
                        0x20000000          --   Gb  command line/config [2]
__aeabi_cdcmple         0x08005617         Code  Gb  DblCmpLe.o [4]
__aeabi_cdrcmple        0x08005649         Code  Gb  DblCmpGe.o [4]
__aeabi_d2iz            0x08005799         Code  Gb  DblToI32.o [4]
__aeabi_d2uiz           0x080057bd         Code  Gb  DblToI32.o [4]
__aeabi_ddiv            0x08005b4d         Code  Gb  DblDiv.o [4]
__aeabi_dmul            0x080059c9         Code  Gb  DblMul.o [4]
__aeabi_dsub            0x080058db         Code  Gb  DblAddSub.o [4]
__aeabi_errno_addr      0x08005545    0xa  Code  Gb  errno.o [3]
__aeabi_i2d             0x080057ed         Code  Gb  I32ToDbl.o [4]
__aeabi_idiv            0x080016e5         Code  Gb  I32DivModFast.o [5]
__aeabi_idiv0           0x08002d61         Code  Gb  IntDivZer.o [5]
__aeabi_idivmod         0x080016e5         Code  Gb  I32DivModFast.o [5]
__aeabi_ldiv0           0x08005df5         Code  Gb  I64DivZer.o [5]
__aeabi_memcpy          0x0800312d         Code  Gb  ABImemcpy.o [5]
__aeabi_ui2d            0x08005801         Code  Gb  I32ToDbl.o [4]
__aeabi_uidiv           0x080016eb         Code  Gb  I32DivModFast.o [5]
__aeabi_uidivmod        0x080016eb         Code  Gb  I32DivModFast.o [5]
__aeabi_uldivmod        0x08005569         Code  Gb  I64DivMod.o [5]
__aeabi_uread4          0x08002c71         Code  Gb  uread4.o [5]
__aeabi_uwrite4         0x0800343d         Code  Gb  uwrite4.o [5]
__cmain                 0x080072d1         Code  Gb  cmain.o [5]
__exit                  0x080069c5   0x14  Code  Gb  exit.o [6]
__iar_Dnorm             0x080055d3   0x44  Code  Gb  xdnorm.o [4]
__iar_Dscale            0x0800567d  0x11c  Code  Gb  xdscale.o [4]
__iar_Errno             0x20000584    0x4  Data  Gb  errno.o [3]
__iar_Memchr            0x0800552d   0x18  Code  Gb  memchr.o [5]
__iar_Stoul             0x08003713    0xa  Code  Gb  xstoul.o [3]
__iar_Stoulx            0x080035ed  0x126  Code  Gb  xstoul.o [3]
__iar_Strchr            0x08005555   0x14  Code  Gb  strchr.o [5]
__iar_Strstr            0x0800476b   0x38  Code  Gb  strstr.o [3]
__iar_d2uiz             0x080057c1         Code  Gb  DblToI32.o [4]
__iar_data_init3        0x08006b09   0x28  Code  Gb  data_init.o [5]
__iar_dlib_perthread_access
                        0x08005df3    0x2  Code  Gb  xtls.o [3]
__iar_packbits_init3    0x08006903   0xb6  Code  Gb  packbits_init.o [5]
__iar_program_start     0x08007609         Code  Gb  cstartup_M.o [5]
__iar_ui2d              0x08005805         Code  Gb  I32ToDbl.o [4]
__iar_zero_init3        0x08006acd   0x3c  Code  Gb  zero_init3.o [5]
__low_level_init        0x080072eb    0x4  Code  Gb  low_level_init.o [3]
__vector_table          0x08000000         Data  Gb  startup_stm32f030.o [1]
_acDownBuffer           0x20001558   0x34  Data  Lc  SEGGER_RTT.o [1]
_acUpBuffer             0x200011d0  0x12c  Data  Lc  SEGGER_RTT.o [1]
_call_main              0x080072dd         Code  Gb  cmain.o [5]
_exit                   0x080072f9         Code  Gb  cexit.o [5]
_main                   0x080072e7         Code  Gb  cmain.o [5]
abort                   0x080069b9    0xa  Code  Gb  abort.o [3]
atoi                    0x08002a1d    0xc  Code  Gb  atoi.o [3]
bsp_USART_ParameterRedistribution
                        0x08002fbb   0x98  Code  Lc  stm32f0xx_bsp_usart.o [1]
digits                  0x0800371c   0x28  Data  Lc  xstoul.o [3]
div                     0x08005c0f   0x20  Code  Gb  div.o [3]
exit                    0x080072ef    0x8  Code  Gb  exit.o [3]
g_AT_ReceiveBuf         0x20000000  0x264  Data  Gb  gprs_cache.o [1]
g_GprsTask_Id           0x20001608    0x1  Data  Gb  gprs_task.o [1]
g_HalTask_Id            0x20001609    0x1  Data  Gb  hal_task.o [1]
g_LogLevelText          0x20000530   0x1c  Data  Gb  clog.o [1]
g_Machine_ReceiveBuf    0x20000578    0xc  Data  Gb  gprs_cache.o [1]
g_Machine_TransmitBuf   0x2000056c    0xc  Data  Gb  gprs_cache.o [1]
g_SystemInfo            0x20001400   0xe0  Data  Gb  system_info.o [1]
g_TasksEvents           0x200015e0    0xc  Data  Gb  osal_task.o [1]
g_TasksFnArr            0x080075e4    0xc  Data  Gb  osal_task.o [1]
g_UserTask_Id           0x2000160c    0x1  Data  Gb  user_task.o [1]
g_ZSProtoMakeCache      0x200012fc  0x104  Data  Gb  zsproto.o [1]
g_ZSProto_Seq           0x20001600    0x4  Data  Gb  zsproto.o [1]
gprs_add_state          0x080000b5   0x3e  Code  Lc  gprs_process.o [1]
gprs_attribute_deinit   0x08000739   0x1a  Code  Lc  gprs_process.o [1]
gprs_check_param        0x08001799   0x62  Code  Lc  gprs_commond.o [1]
gprs_check_process      0x080002ad  0x422  Code  Lc  gprs_process.o [1]
gprs_getnoackLen        0x08000761   0x5e  Code  Lc  gprs_process.o [1]
gprs_idle_process       0x080006e1   0x10  Code  Lc  gprs_process.o [1]
gprs_linkstate_report   0x080007c5   0x16  Code  Lc  gprs_process.o [1]
gprs_msg_queue_clear    0x080006f1   0x14  Code  Lc  gprs_process.o [1]
gprs_socket_deinit      0x08000709   0x26  Code  Lc  gprs_process.o [1]
gprs_update_request     0x0800012f   0xa8  Code  Lc  gprs_process.o [1]
gprs_update_socket      0x080001d7   0xba  Code  Lc  gprs_process.o [1]
gprs_update_state       0x080000f3   0x3c  Code  Lc  gprs_process.o [1]
len                     0x2000160b    0x1  Data  Lc  stm32f0xx_it.o [1]
main                    0x08007285   0x1c  Code  Gb  main.o [1]
maintain_apd_process    0x08004a59   0x96  Code  Lc  maintain_process.o [1]
month_length            0x08002aaf   0x28  Code  Lc  osal_clock.o [1]
ndigs                   0x08003744   0x28  Data  Lc  xstoul.o [3]
osalRun                 0x08003377   0x88  Code  Lc  osal_core.o [1]
osalTimeUpdate          0x0800335d   0x1a  Code  Lc  osal_core.o [1]
osalTimerAdd            0x08003239   0x78  Code  Gb  osal_timer.o [1]
osalTimerAlloc          0x080031a9   0x5e  Code  Gb  osal_timer.o [1]
osalTimerFind           0x08003207   0x32  Code  Gb  osal_timer.o [1]
s_BSPLedControlTable    0x2000158c   0x30  Data  Lc  bsp_led.o [1]
s_GPRSMsgQueue          0x2000054c   0x10  Data  Lc  gprs_process.o [1]
s_GPRS_CB               0x2000046c   0xc4  Data  Lc  gprs_process.o [1]
s_GPRS_USARTParams      0x200015d0   0x10  Data  Lc  stm32f0xx_bsp_usart.o [1]
s_LogLevel              0x20000588    0x1  Data  Lc  rtt_log.o [1]
s_RTTLog                0x200015bc   0x14  Data  Gb  clog.o [1]
s_RTTLogBuf             0x200010a4  0x12c  Data  Lc  rtt_log.o [1]
s_Systick_Ticks         0x200015fc    0x4  Data  Gb  stm32f0xx_bsp_systick.o [1]
s_USART1_ReceiveCompleteFlag
                        0x2000160a    0x1  Data  Lc  stm32f0xx_it.o [1]
s_ZSProtoFlowCacheList  0x20000f6c  0x138  Data  Lc  zsproto.o [1]
s_osalClock_ElapsedMs   0x200015f0    0x4  Data  Lc  osal_clock.o [1]
s_osalClock_MilliSeconds
                        0x20001604    0x2  Data  Lc  osal_clock.o [1]
s_osalClock_Seconds     0x200015ec    0x4  Data  Lc  osal_clock.o [1]
s_osalTimerHead         0x200015f8    0x4  Data  Lc  osal_timer.o [1]
s_osalTimerMemHeap      0x20000d8c  0x1e0  Data  Lc  osal_timer.o [1]
sprintf                 0x08002c91   0x38  Code  Gb  sprintf.o [3]
strcpy                  0x0800613d         Code  Gb  strcpy.o [5]
strlen                  0x08001b99   0x10  Code  Gb  strlen.o [5]
strstr                  0x08002cc9   0x10  Code  Gb  gprs_process.o [1]
vsnprintf               0x08006349   0x3c  Code  Gb  vsnprint.o [3]
zsproto_flow_decode     0x080047a5   0xf8  Code  Lc  zsproto.o [1]


[1] = C:\Users\Administrator\Desktop\M26-DTU\stm32f030x8\projects\stm32f10x_std\IAR\Debug\Obj
[2] = command line
[3] = dl6M_tln.a
[4] = m6M_tl.a
[5] = rt6M_tl.a
[6] = shb_l.a

  27 550 bytes of readonly  code memory
   2 919 bytes of readonly  data memory
   7 693 bytes of readwrite data memory

Errors: none
Warnings: none
