###############################################################################
#
# IAR ELF Linker V7.40.3.8902/W32 for ARM                 03/Dec/2018  15:59:36
# Copyright 2007-2015 IAR Systems AB.
#
#    Output file  =  
#        C:\Users\Administrator\Desktop\M26-DTU\stm32f030x8\projects\stm32f10x_std\IAR\Debug\Exe\c.out
#    Map file     =  
#        C:\Users\Administrator\Desktop\M26-DTU\stm32f030x8\projects\stm32f10x_std\IAR\Debug\List\c.map
#    Command line =  
#        C:\Users\Administrator\Desktop\M26-DTU\stm32f030x8\projects\stm32f10x_std\IAR\Debug\Obj\bsp_gprs.o
#        C:\Users\Administrator\Desktop\M26-DTU\stm32f030x8\projects\stm32f10x_std\IAR\Debug\Obj\bsp_init.o
#        C:\Users\Administrator\Desktop\M26-DTU\stm32f030x8\projects\stm32f10x_std\IAR\Debug\Obj\bsp_led.o
#        C:\Users\Administrator\Desktop\M26-DTU\stm32f030x8\projects\stm32f10x_std\IAR\Debug\Obj\clog.o
#        C:\Users\Administrator\Desktop\M26-DTU\stm32f030x8\projects\stm32f10x_std\IAR\Debug\Obj\cqueue.o
#        C:\Users\Administrator\Desktop\M26-DTU\stm32f030x8\projects\stm32f10x_std\IAR\Debug\Obj\crc.o
#        C:\Users\Administrator\Desktop\M26-DTU\stm32f030x8\projects\stm32f10x_std\IAR\Debug\Obj\cshell.o
#        C:\Users\Administrator\Desktop\M26-DTU\stm32f030x8\projects\stm32f10x_std\IAR\Debug\Obj\cshell_port.o
#        C:\Users\Administrator\Desktop\M26-DTU\stm32f030x8\projects\stm32f10x_std\IAR\Debug\Obj\cshell_user.o
#        C:\Users\Administrator\Desktop\M26-DTU\stm32f030x8\projects\stm32f10x_std\IAR\Debug\Obj\cstring.o
#        C:\Users\Administrator\Desktop\M26-DTU\stm32f030x8\projects\stm32f10x_std\IAR\Debug\Obj\flash_log.o
#        C:\Users\Administrator\Desktop\M26-DTU\stm32f030x8\projects\stm32f10x_std\IAR\Debug\Obj\gprs_cache.o
#        C:\Users\Administrator\Desktop\M26-DTU\stm32f030x8\projects\stm32f10x_std\IAR\Debug\Obj\gprs_commond.o
#        C:\Users\Administrator\Desktop\M26-DTU\stm32f030x8\projects\stm32f10x_std\IAR\Debug\Obj\gprs_process.o
#        C:\Users\Administrator\Desktop\M26-DTU\stm32f030x8\projects\stm32f10x_std\IAR\Debug\Obj\gprs_task.o
#        C:\Users\Administrator\Desktop\M26-DTU\stm32f030x8\projects\stm32f10x_std\IAR\Debug\Obj\hal_task.o
#        C:\Users\Administrator\Desktop\M26-DTU\stm32f030x8\projects\stm32f10x_std\IAR\Debug\Obj\led_process.o
#        C:\Users\Administrator\Desktop\M26-DTU\stm32f030x8\projects\stm32f10x_std\IAR\Debug\Obj\main.o
#        C:\Users\Administrator\Desktop\M26-DTU\stm32f030x8\projects\stm32f10x_std\IAR\Debug\Obj\maintain_process.o
#        C:\Users\Administrator\Desktop\M26-DTU\stm32f030x8\projects\stm32f10x_std\IAR\Debug\Obj\osal.o
#        C:\Users\Administrator\Desktop\M26-DTU\stm32f030x8\projects\stm32f10x_std\IAR\Debug\Obj\osal_cfg.o
#        C:\Users\Administrator\Desktop\M26-DTU\stm32f030x8\projects\stm32f10x_std\IAR\Debug\Obj\osal_clock.o
#        C:\Users\Administrator\Desktop\M26-DTU\stm32f030x8\projects\stm32f10x_std\IAR\Debug\Obj\osal_core.o
#        C:\Users\Administrator\Desktop\M26-DTU\stm32f030x8\projects\stm32f10x_std\IAR\Debug\Obj\osal_cpu.o
#        C:\Users\Administrator\Desktop\M26-DTU\stm32f030x8\projects\stm32f10x_std\IAR\Debug\Obj\osal_msg.o
#        C:\Users\Administrator\Desktop\M26-DTU\stm32f030x8\projects\stm32f10x_std\IAR\Debug\Obj\osal_task.o
#        C:\Users\Administrator\Desktop\M26-DTU\stm32f030x8\projects\stm32f10x_std\IAR\Debug\Obj\osal_timeout.o
#        C:\Users\Administrator\Desktop\M26-DTU\stm32f030x8\projects\stm32f10x_std\IAR\Debug\Obj\osal_timer.o
#        C:\Users\Administrator\Desktop\M26-DTU\stm32f030x8\projects\stm32f10x_std\IAR\Debug\Obj\rtt_log.o
#        C:\Users\Administrator\Desktop\M26-DTU\stm32f030x8\projects\stm32f10x_std\IAR\Debug\Obj\SEGGER_RTT.o
#        C:\Users\Administrator\Desktop\M26-DTU\stm32f030x8\projects\stm32f10x_std\IAR\Debug\Obj\SEGGER_RTT_printf.o
#        C:\Users\Administrator\Desktop\M26-DTU\stm32f030x8\projects\stm32f10x_std\IAR\Debug\Obj\serial_log.o
#        C:\Users\Administrator\Desktop\M26-DTU\stm32f030x8\projects\stm32f10x_std\IAR\Debug\Obj\startup_stm32f030.o
#        C:\Users\Administrator\Desktop\M26-DTU\stm32f030x8\projects\stm32f10x_std\IAR\Debug\Obj\stm32f0xx_adc.o
#        C:\Users\Administrator\Desktop\M26-DTU\stm32f030x8\projects\stm32f10x_std\IAR\Debug\Obj\stm32f0xx_bsp_dma.o
#        C:\Users\Administrator\Desktop\M26-DTU\stm32f030x8\projects\stm32f10x_std\IAR\Debug\Obj\stm32f0xx_bsp_flash.o
#        C:\Users\Administrator\Desktop\M26-DTU\stm32f030x8\projects\stm32f10x_std\IAR\Debug\Obj\stm32f0xx_bsp_gpio.o
#        C:\Users\Administrator\Desktop\M26-DTU\stm32f030x8\projects\stm32f10x_std\IAR\Debug\Obj\stm32f0xx_bsp_nvic.o
#        C:\Users\Administrator\Desktop\M26-DTU\stm32f030x8\projects\stm32f10x_std\IAR\Debug\Obj\stm32f0xx_bsp_systick.o
#        C:\Users\Administrator\Desktop\M26-DTU\stm32f030x8\projects\stm32f10x_std\IAR\Debug\Obj\stm32f0xx_bsp_timer.o
#        C:\Users\Administrator\Desktop\M26-DTU\stm32f030x8\projects\stm32f10x_std\IAR\Debug\Obj\stm32f0xx_bsp_usart.o
#        C:\Users\Administrator\Desktop\M26-DTU\stm32f030x8\projects\stm32f10x_std\IAR\Debug\Obj\stm32f0xx_can.o
#        C:\Users\Administrator\Desktop\M26-DTU\stm32f030x8\projects\stm32f10x_std\IAR\Debug\Obj\stm32f0xx_cec.o
#        C:\Users\Administrator\Desktop\M26-DTU\stm32f030x8\projects\stm32f10x_std\IAR\Debug\Obj\stm32f0xx_comp.o
#        C:\Users\Administrator\Desktop\M26-DTU\stm32f030x8\projects\stm32f10x_std\IAR\Debug\Obj\stm32f0xx_crc.o
#        C:\Users\Administrator\Desktop\M26-DTU\stm32f030x8\projects\stm32f10x_std\IAR\Debug\Obj\stm32f0xx_crs.o
#        C:\Users\Administrator\Desktop\M26-DTU\stm32f030x8\projects\stm32f10x_std\IAR\Debug\Obj\stm32f0xx_dac.o
#        C:\Users\Administrator\Desktop\M26-DTU\stm32f030x8\projects\stm32f10x_std\IAR\Debug\Obj\stm32f0xx_dbgmcu.o
#        C:\Users\Administrator\Desktop\M26-DTU\stm32f030x8\projects\stm32f10x_std\IAR\Debug\Obj\stm32f0xx_dma.o
#        C:\Users\Administrator\Desktop\M26-DTU\stm32f030x8\projects\stm32f10x_std\IAR\Debug\Obj\stm32f0xx_exti.o
#        C:\Users\Administrator\Desktop\M26-DTU\stm32f030x8\projects\stm32f10x_std\IAR\Debug\Obj\stm32f0xx_flash.o
#        C:\Users\Administrator\Desktop\M26-DTU\stm32f030x8\projects\stm32f10x_std\IAR\Debug\Obj\stm32f0xx_gpio.o
#        C:\Users\Administrator\Desktop\M26-DTU\stm32f030x8\projects\stm32f10x_std\IAR\Debug\Obj\stm32f0xx_i2c.o
#        C:\Users\Administrator\Desktop\M26-DTU\stm32f030x8\projects\stm32f10x_std\IAR\Debug\Obj\stm32f0xx_it.o
#        C:\Users\Administrator\Desktop\M26-DTU\stm32f030x8\projects\stm32f10x_std\IAR\Debug\Obj\stm32f0xx_iwdg.o
#        C:\Users\Administrator\Desktop\M26-DTU\stm32f030x8\projects\stm32f10x_std\IAR\Debug\Obj\stm32f0xx_misc.o
#        C:\Users\Administrator\Desktop\M26-DTU\stm32f030x8\projects\stm32f10x_std\IAR\Debug\Obj\stm32f0xx_pwr.o
#        C:\Users\Administrator\Desktop\M26-DTU\stm32f030x8\projects\stm32f10x_std\IAR\Debug\Obj\stm32f0xx_rcc.o
#        C:\Users\Administrator\Desktop\M26-DTU\stm32f030x8\projects\stm32f10x_std\IAR\Debug\Obj\stm32f0xx_rtc.o
#        C:\Users\Administrator\Desktop\M26-DTU\stm32f030x8\projects\stm32f10x_std\IAR\Debug\Obj\stm32f0xx_spi.o
#        C:\Users\Administrator\Desktop\M26-DTU\stm32f030x8\projects\stm32f10x_std\IAR\Debug\Obj\stm32f0xx_syscfg.o
#        C:\Users\Administrator\Desktop\M26-DTU\stm32f030x8\projects\stm32f10x_std\IAR\Debug\Obj\stm32f0xx_tim.o
#        C:\Users\Administrator\Desktop\M26-DTU\stm32f030x8\projects\stm32f10x_std\IAR\Debug\Obj\stm32f0xx_usart.o
#        C:\Users\Administrator\Desktop\M26-DTU\stm32f030x8\projects\stm32f10x_std\IAR\Debug\Obj\stm32f0xx_wwdg.o
#        C:\Users\Administrator\Desktop\M26-DTU\stm32f030x8\projects\stm32f10x_std\IAR\Debug\Obj\system_info.o
#        C:\Users\Administrator\Desktop\M26-DTU\stm32f030x8\projects\stm32f10x_std\IAR\Debug\Obj\system_init.o
#        C:\Users\Administrator\Desktop\M26-DTU\stm32f030x8\projects\stm32f10x_std\IAR\Debug\Obj\system_param.o
#        C:\Users\Administrator\Desktop\M26-DTU\stm32f030x8\projects\stm32f10x_std\IAR\Debug\Obj\system_stm32f0xx.o
#        C:\Users\Administrator\Desktop\M26-DTU\stm32f030x8\projects\stm32f10x_std\IAR\Debug\Obj\user_task.o
#        C:\Users\Administrator\Desktop\M26-DTU\stm32f030x8\projects\stm32f10x_std\IAR\Debug\Obj\zsproto.o
#        C:\Users\Administrator\Desktop\M26-DTU\stm32f030x8\projects\stm32f10x_std\IAR\Debug\Obj\zsproto_package_process.o
#        C:\Users\Administrator\Desktop\M26-DTU\stm32f030x8\projects\stm32f10x_std\IAR\Debug\Obj\zsproto_penetrate_process.o
#        -o
#        C:\Users\Administrator\Desktop\M26-DTU\stm32f030x8\projects\stm32f10x_std\IAR\Debug\Exe\c.out
#        --map
#        C:\Users\Administrator\Desktop\M26-DTU\stm32f030x8\projects\stm32f10x_std\IAR\Debug\List\c.map
#        --config "D:\Program Files (x86)\IAR Systems\Embedded Workbench
#        7.2\arm\config\linker\ST\stm32f030x8.icf" --semihosting --entry
#        __iar_program_start --vfe
#
###############################################################################

*******************************************************************************
*** RUNTIME MODEL ATTRIBUTES
***

CppFlavor       = *
__SystemLibrary = DLib


*******************************************************************************
*** PLACEMENT SUMMARY
***

"A1":  place at 0x08000000 { ro section .intvec };
"P1":  place in [from 0x08000000 to 0x0800ffff] { ro };
"P2":  place in [from 0x20000000 to 0x20001fff] { rw, block CSTACK, block HEAP };

  Section             Kind        Address    Size  Object
  -------             ----        -------    ----  ------
"A1":                                        0xb4
  .intvec             ro code  0x08000000    0xb4  startup_stm32f030.o [1]
                             - 0x080000b4    0xb4

"P1":                                      0x7755
  .text               ro code  0x080000b4  0x1624  gprs_process.o [1]
  .text               ro code  0x080016d8    0xe0  I32DivModFast.o [5]
  .text               ro code  0x080017b8   0x308  gprs_commond.o [1]
  .text               ro code  0x08001ac0    0xf8  gprs_task.o [1]
  .text               ro code  0x08001bb8    0x10  strlen.o [5]
  .text               ro code  0x08001bc8   0xe80  zsproto_package_process.o [1]
  .text               ro code  0x08002a48     0xc  atoi.o [3]
  .text               ro code  0x08002a54   0x204  osal_clock.o [1]
  .text               ro code  0x08002c58    0x44  bsp_gprs.o [1]
  .text               ro code  0x08002c9c    0x16  uread4.o [5]
  .text               ro code  0x08002cb2     0xa  xsprout.o [3]
  .text               ro code  0x08002cbc    0x38  sprintf.o [3]
  .text               ro code  0x08002cf4    0x10  gprs_process.o [1]
  .text               ro code  0x08002d04    0x7c  user_task.o [1]
  .text               ro code  0x08002d80     0x2  IntDivZer.o [5]
  .rodata             const    0x08002d82     0x2  clog.o [1]
  .text               ro code  0x08002d84   0x3dc  stm32f0xx_bsp_usart.o [1]
  .text               ro code  0x08003160    0x5c  ABImemcpy.o [5]
  .text               ro code  0x080031bc   0x1bc  osal_timer.o [1]
  .text               ro code  0x08003378    0xf8  osal_core.o [1]
  .text               ro code  0x08003470    0x14  uwrite4.o [5]
  .text               ro code  0x08003484   0x19c  system_param.o [1]
  .text               ro code  0x08003620   0x180  xstoul.o [3]
  .text               ro code  0x080037a0   0x140  stm32f0xx_gpio.o [1]
  .text               ro code  0x080038e0   0xebe  xprintffull_nomb.o [3]
  .text               ro code  0x0800479e    0x38  strstr.o [3]
  .text               ro code  0x080047d6     0x2  startup_stm32f030.o [1]
  .text               ro code  0x080047d8   0x288  zsproto.o [1]
  .text               ro code  0x08004a60   0x1fc  maintain_process.o [1]
  .text               ro code  0x08004c5c   0x300  stm32f0xx_rcc.o [1]
  .text               ro code  0x08004f5c   0x2f2  stm32f0xx_usart.o [1]
  .text               ro code  0x0800524e     0x2  startup_stm32f030.o [1]
  .text               ro code  0x08005250    0x78  stm32f0xx_misc.o [1]
  .text               ro code  0x080052c8   0x100  stm32f0xx_bsp_dma.o [1]
  .text               ro code  0x080053c8    0xa0  stm32f0xx_dma.o [1]
  .text               ro code  0x08005468     0x2  osal_msg.o [1]
  .text               ro code  0x0800546a    0x24  osal_task.o [1]
  .text               ro code  0x0800548e    0x86  stm32f0xx_bsp_flash.o [1]
  .text               ro code  0x08005514    0x4c  crc.o [1]
  .text               ro code  0x08005560    0x18  memchr.o [5]
  .text               ro code  0x08005578    0x10  errno.o [3]
  .text               ro code  0x08005588    0x14  strchr.o [5]
  .text               ro code  0x0800559c    0x6a  I64DivMod.o [5]
  .text               ro code  0x08005606    0x44  xdnorm.o [4]
  .text               ro code  0x0800564a    0x32  DblCmpLe.o [4]
  .text               ro code  0x0800567c    0x32  DblCmpGe.o [4]
  .text               ro code  0x080056ae     0x2  startup_stm32f030.o [1]
  .text               ro code  0x080056b0   0x11c  xdscale.o [4]
  .text               ro code  0x080057cc    0x52  DblToI32.o [4]
  .text               ro code  0x0800581e     0x2  startup_stm32f030.o [1]
  .text               ro code  0x08005820    0x34  I32ToDbl.o [4]
  .text               ro code  0x08005854   0x1a8  DblAddSub.o [4]
  .text               ro code  0x080059fc   0x184  DblMul.o [4]
  .text               ro code  0x08005b80    0xc2  DblDiv.o [4]
  .text               ro code  0x08005c42    0x20  div.o [3]
  .text               ro code  0x08005c62     0x2  startup_stm32f030.o [1]
  .text               ro code  0x08005c64    0x34  ABImemset.o [5]
  .text               ro code  0x08005c98    0x38  zsproto_penetrate_process.o [1]
  .text               ro code  0x08005cd0    0x4c  hal_task.o [1]
  .text               ro code  0x08005d1c   0x13e  stm32f0xx_flash.o [1]
  .text               ro code  0x08005e5a     0x2  xtls.o [3]
  .text               ro code  0x08005e5c     0x2  I64DivZer.o [5]
  .text               ro code  0x08005e5e     0x2  startup_stm32f030.o [1]
  .text               ro code  0x08005e60   0x104  bsp_led.o [1]
  .text               ro code  0x08005f64   0x240  SEGGER_RTT.o [1]
  .text               ro code  0x080061a4    0x10  strcpy.o [5]
  .text               ro code  0x080061b4   0x1c4  rtt_log.o [1]
  .text               ro code  0x08006378    0x38  clog.o [1]
  .text               ro code  0x080063b0    0x3c  vsnprint.o [3]
  .text               ro code  0x080063ec   0x1c0  stm32f0xx_tim.o [1]
  .text               ro code  0x080065ac   0x160  system_stm32f0xx.o [1]
  .text               ro code  0x0800670c   0x13e  stm32f0xx_it.o [1]
  .text               ro code  0x0800684a     0x2  startup_stm32f030.o [1]
  .text               ro code  0x0800684c    0xfc  stm32f0xx_bsp_systick.o [1]
  .text               ro code  0x08006948    0xd8  packbits_init.o [5]
  .text               ro code  0x08006a20     0xa  abort.o [3]
  .text               ro code  0x08006a2a     0x2  startup_stm32f030.o [1]
  .text               ro code  0x08006a2c    0x14  exit.o [6]
  .text               ro code  0x08006a40    0x64  stm32f0xx_bsp_timer.o [1]
  .rodata             const    0x08006aa4    0x54  bsp_led.o [1]
  .text               ro code  0x08006af8    0x3c  startup_stm32f030.o [1]
  .text               ro code  0x08006b34    0x3c  zero_init3.o [5]
  .rodata             const    0x08006b70    0x28  maintain_process.o [1]
  .text               ro code  0x08006b98    0x28  data_init.o [5]
  .text               ro code  0x08006bc0    0x26  bsp_init.o [1]
  .text               ro code  0x08006be6     0x2  startup_stm32f030.o [1]
  .rodata             const    0x08006be8    0x24  maintain_process.o [1]
  .rodata             const    0x08006c0c    0x24  maintain_process.o [1]
  .rodata             const    0x08006c30    0x24  zsproto_package_process.o [1]
  .rodata             const    0x08006c54    0x24  zsproto_package_process.o [1]
  .rodata             const    0x08006c78    0x24  zsproto_package_process.o [1]
  .rodata             const    0x08006c9c    0x24  zsproto_package_process.o [1]
  .rodata             const    0x08006cc0    0x24  zsproto_package_process.o [1]
  .iar.init_table     const    0x08006ce4    0x2c  - Linker created -
  .rodata             const    0x08006d10    0x20  gprs_process.o [1]
  .rodata             const    0x08006d30    0x20  gprs_process.o [1]
  .rodata             const    0x08006d50    0x20  gprs_process.o [1]
  .rodata             const    0x08006d70    0x20  gprs_process.o [1]
  .rodata             const    0x08006d90    0x20  gprs_process.o [1]
  .rodata             const    0x08006db0    0x20  gprs_process.o [1]
  .rodata             const    0x08006dd0    0x20  gprs_process.o [1]
  .rodata             const    0x08006df0    0x20  gprs_process.o [1]
  .rodata             const    0x08006e10    0x20  gprs_process.o [1]
  .rodata             const    0x08006e30    0x20  gprs_process.o [1]
  .rodata             const    0x08006e50    0x20  gprs_process.o [1]
  .rodata             const    0x08006e70    0x20  gprs_process.o [1]
  .rodata             const    0x08006e90    0x20  gprs_process.o [1]
  .rodata             const    0x08006eb0    0x20  gprs_process.o [1]
  .rodata             const    0x08006ed0    0x20  gprs_process.o [1]
  .rodata             const    0x08006ef0    0x20  maintain_process.o [1]
  .rodata             const    0x08006f10    0x20  maintain_process.o [1]
  .rodata             const    0x08006f30    0x20  maintain_process.o [1]
  .rodata             const    0x08006f50    0x20  zsproto_package_process.o [1]
  .rodata             const    0x08006f70    0x20  zsproto_package_process.o [1]
  .rodata             const    0x08006f90    0x20  zsproto_package_process.o [1]
  .rodata             const    0x08006fb0    0x20  zsproto_package_process.o [1]
  .rodata             const    0x08006fd0    0x20  zsproto_package_process.o [1]
  .rodata             const    0x08006ff0    0x20  zsproto_package_process.o [1]
  .rodata             const    0x08007010    0x1c  gprs_process.o [1]
  .rodata             const    0x0800702c    0x1c  gprs_process.o [1]
  .rodata             const    0x08007048    0x1c  gprs_process.o [1]
  .rodata             const    0x08007064    0x1c  gprs_process.o [1]
  .rodata             const    0x08007080    0x1c  gprs_process.o [1]
  .rodata             const    0x0800709c    0x1c  gprs_process.o [1]
  .rodata             const    0x080070b8    0x1c  gprs_process.o [1]
  .rodata             const    0x080070d4    0x1c  gprs_process.o [1]
  .rodata             const    0x080070f0    0x1c  gprs_process.o [1]
  .rodata             const    0x0800710c    0x1c  gprs_process.o [1]
  .rodata             const    0x08007128    0x1c  gprs_process.o [1]
  .rodata             const    0x08007144    0x1c  gprs_process.o [1]
  .rodata             const    0x08007160    0x1c  gprs_process.o [1]
  .rodata             const    0x0800717c    0x1c  gprs_process.o [1]
  .rodata             const    0x08007198    0x1c  gprs_process.o [1]
  .rodata             const    0x080071b4    0x1c  gprs_process.o [1]
  .rodata             const    0x080071d0    0x1c  gprs_process.o [1]
  .rodata             const    0x080071ec    0x1c  gprs_process.o [1]
  .rodata             const    0x08007208    0x1c  maintain_process.o [1]
  .rodata             const    0x08007224    0x1c  zsproto.o [1]
  .rodata             const    0x08007240    0x1c  zsproto.o [1]
  .rodata             const    0x0800725c    0x1c  zsproto.o [1]
  .rodata             const    0x08007278    0x1c  zsproto_package_process.o [1]
  .rodata             const    0x08007294    0x1c  zsproto_package_process.o [1]
  .rodata             const    0x080072b0    0x1c  zsproto_package_process.o [1]
  .rodata             const    0x080072cc    0x1c  zsproto_package_process.o [1]
  .rodata             const    0x080072e8    0x1c  zsproto_package_process.o [1]
  .rodata             const    0x08007304    0x1c  zsproto_package_process.o [1]
  .rodata             const    0x08007320    0x1c  zsproto_package_process.o [1]
  .rodata             const    0x0800733c    0x1c  zsproto_package_process.o [1]
  .text               ro code  0x08007358    0x1c  main.o [1]
  .text               ro code  0x08007374     0xc  system_init.o [1]
  .text               ro code  0x08007380     0x8  system_info.o [1]
  .text               ro code  0x08007388    0x1c  xsnprout.o [3]
  .text               ro code  0x080073a4    0x1a  cmain.o [5]
  .text               ro code  0x080073be     0x4  low_level_init.o [3]
  .text               ro code  0x080073c2     0x8  exit.o [3]
  .text               ro code  0x080073ca     0x2  startup_stm32f030.o [1]
  .text               ro code  0x080073cc     0xa  cexit.o [5]
  .text               ro code  0x080073d6     0x2  startup_stm32f030.o [1]
  .rodata             const    0x080073d8    0x18  gprs_process.o [1]
  .rodata             const    0x080073f0    0x18  gprs_process.o [1]
  .rodata             const    0x08007408    0x18  gprs_process.o [1]
  .rodata             const    0x08007420    0x18  gprs_process.o [1]
  .rodata             const    0x08007438    0x18  gprs_process.o [1]
  .rodata             const    0x08007450    0x18  rtt_log.o [1]
  .rodata             const    0x08007468    0x18  system_param.o [1]
  .rodata             const    0x08007480    0x18  zsproto_package_process.o [1]
  .rodata             const    0x08007498    0x18  zsproto_package_process.o [1]
  .rodata             const    0x080074b0    0x18  zsproto_package_process.o [1]
  .rodata             const    0x080074c8    0x18  zsproto_package_process.o [1]
  .rodata             const    0x080074e0    0x18  xprintffull_nomb.o [3]
  .rodata             const    0x080074f8    0x14  gprs_process.o [1]
  .rodata             const    0x0800750c    0x14  gprs_process.o [1]
  .rodata             const    0x08007520    0x14  gprs_process.o [1]
  .rodata             const    0x08007534    0x14  system_param.o [1]
  .rodata             const    0x08007548    0x14  zsproto_package_process.o [1]
  .rodata             const    0x0800755c    0x14  zsproto_package_process.o [1]
  .rodata             const    0x08007570    0x14  zsproto_package_process.o [1]
  .rodata             const    0x08007584    0x14  zsproto_package_process.o [1]
  .rodata             const    0x08007598    0x14  zsproto_package_process.o [1]
  .rodata             const    0x080075ac    0x14  zsproto_package_process.o [1]
  .rodata             const    0x080075c0    0x14  zsproto_package_process.o [1]
  .rodata             const    0x080075d4    0x14  zsproto_package_process.o [1]
  .rodata             const    0x080075e8    0x14  zsproto_package_process.o [1]
  .rodata             const    0x080075fc    0x10  gprs_process.o [1]
  .rodata             const    0x0800760c    0x10  gprs_process.o [1]
  .rodata             const    0x0800761c    0x10  gprs_process.o [1]
  .rodata             const    0x0800762c    0x10  gprs_process.o [1]
  .rodata             const    0x0800763c    0x10  gprs_process.o [1]
  .rodata             const    0x0800764c    0x10  system_param.o [1]
  .rodata             const    0x0800765c    0x10  system_param.o [1]
  .rodata             const    0x0800766c    0x10  system_param.o [1]
  .rodata             const    0x0800767c     0xc  gprs_process.o [1]
  .rodata             const    0x08007688     0xc  gprs_process.o [1]
  .rodata             const    0x08007694     0xc  gprs_process.o [1]
  .rodata             const    0x080076a0     0xc  gprs_process.o [1]
  .rodata             const    0x080076ac     0xc  gprs_process.o [1]
  .rodata             const    0x080076b8     0xc  gprs_process.o [1]
  .rodata             const    0x080076c4     0xc  gprs_process.o [1]
  .rodata             const    0x080076d0     0xc  gprs_process.o [1]
  .rodata             const    0x080076dc     0xc  gprs_process.o [1]
  .rodata             const    0x080076e8     0xc  osal_task.o [1]
  .rodata             const    0x080076f4     0xc  SEGGER_RTT.o [1]
  .rodata             const    0x08007700     0xc  zsproto_package_process.o [1]
  .text               ro code  0x0800770c     0xc  cstartup_M.o [5]
  .rodata             const    0x08007718     0x8  clog.o [1]
  .rodata             const    0x08007720     0x8  clog.o [1]
  .rodata             const    0x08007728     0x8  clog.o [1]
  .rodata             const    0x08007730     0x8  clog.o [1]
  .rodata             const    0x08007738     0x8  clog.o [1]
  .rodata             const    0x08007740     0x8  clog.o [1]
  .rodata             const    0x08007748     0x8  gprs_process.o [1]
  .rodata             const    0x08007750     0x8  gprs_process.o [1]
  .rodata             const    0x08007758     0x8  gprs_process.o [1]
  .rodata             const    0x08007760     0x8  gprs_process.o [1]
  .rodata             const    0x08007768     0x8  gprs_process.o [1]
  .rodata             const    0x08007770     0x8  gprs_process.o [1]
  .rodata             const    0x08007778     0x8  gprs_process.o [1]
  .rodata             const    0x08007780     0x8  rtt_log.o [1]
  .rodata             const    0x08007788     0x8  SEGGER_RTT.o [1]
  .text               ro code  0x08007790     0x2  startup_stm32f030.o [1]
  .text               ro code  0x08007792     0x2  startup_stm32f030.o [1]
  .text               ro code  0x08007794     0x2  startup_stm32f030.o [1]
  .text               ro code  0x08007796     0x2  startup_stm32f030.o [1]
  .text               ro code  0x08007798     0x2  startup_stm32f030.o [1]
  .text               ro code  0x0800779a     0x2  startup_stm32f030.o [1]
  .text               ro code  0x0800779c     0x2  startup_stm32f030.o [1]
  .text               ro code  0x0800779e     0x2  startup_stm32f030.o [1]
  .rodata             const    0x080077a0     0x0  zero_init3.o [5]
  .rodata             const    0x080077a0     0x0  packbits_init.o [5]
  Initializer bytes   const    0x080077a0    0x69  <for P2 s0>
                             - 0x08007809  0x7755

"P2":                                      0x1e10
  P2 s0                        0x20000000   0x589  <Init block>
    .data             inited   0x20000000   0x264  gprs_cache.o [1]
    .data             inited   0x20000264   0x208  gprs_cache.o [1]
    .data             inited   0x2000046c    0xc4  gprs_process.o [1]
    .data             inited   0x20000530    0x1c  clog.o [1]
    .data             inited   0x2000054c    0x10  gprs_process.o [1]
    .data             inited   0x2000055c    0x10  stm32f0xx_rcc.o [1]
    .data             inited   0x2000056c     0xc  gprs_cache.o [1]
    .data             inited   0x20000578     0xc  gprs_cache.o [1]
    __DLIB_PERTHREAD  inited   0x20000584     0x4  errno.o [3]
    .data             inited   0x20000588     0x1  rtt_log.o [1]
  .bss                zero     0x2000058c   0x400  gprs_cache.o [1]
  .bss                zero     0x2000098c   0x400  gprs_cache.o [1]
  .bss                zero     0x20000d8c   0x1e0  osal_timer.o [1]
  .bss                zero     0x20000f6c   0x138  zsproto.o [1]
  .bss                zero     0x200010a4   0x12c  rtt_log.o [1]
  .bss                zero     0x200011d0   0x12c  SEGGER_RTT.o [1]
  .bss                zero     0x200012fc   0x104  zsproto.o [1]
  .bss                zero     0x20001400    0xe0  system_info.o [1]
  .bss                zero     0x200014e0    0x78  SEGGER_RTT.o [1]
  .bss                zero     0x20001558    0x34  SEGGER_RTT.o [1]
  .bss                zero     0x2000158c    0x30  bsp_led.o [1]
  .bss                zero     0x200015bc    0x14  clog.o [1]
  .bss                zero     0x200015d0    0x10  stm32f0xx_bsp_usart.o [1]
  .bss                zero     0x200015e0     0xc  osal_task.o [1]
  .bss                zero     0x200015ec     0x4  osal_clock.o [1]
  .bss                zero     0x200015f0     0x4  osal_clock.o [1]
  .bss                zero     0x200015f4     0x4  osal_core.o [1]
  .bss                zero     0x200015f8     0x4  osal_timer.o [1]
  .bss                zero     0x200015fc     0x4  stm32f0xx_bsp_systick.o [1]
  .bss                zero     0x20001600     0x4  zsproto.o [1]
  .bss                zero     0x20001604     0x2  osal_clock.o [1]
  .bss                zero     0x20001606     0x1  gprs_process.o [1]
  .bss                zero     0x20001607     0x1  gprs_process.o [1]
  .bss                zero     0x20001608     0x1  gprs_task.o [1]
  .bss                zero     0x20001609     0x1  hal_task.o [1]
  .bss                zero     0x2000160a     0x1  stm32f0xx_it.o [1]
  .bss                zero     0x2000160b     0x1  stm32f0xx_it.o [1]
  .bss                zero     0x2000160c     0x1  user_task.o [1]
  CSTACK                       0x20001610   0x800  <Block>
    CSTACK            uninit   0x20001610   0x800  <Block tail>
                             - 0x20001e10  0x1e10


*******************************************************************************
*** INIT TABLE
***

          Address     Size
          -------     ----
Zero (__iar_zero_init3)
    1 destination range, total size 0x1081:
          0x2000058c  0x1081

Copy/packbits (__iar_packbits_init3)
    1 source range, total size 0x69 (7% of destination):
          0x080077a0    0x69
    1 destination range, total size 0x589:
          0x20000000   0x589



*******************************************************************************
*** MODULE SUMMARY
***

    Module                       ro code  ro data  rw data
    ------                       -------  -------  -------
C:\Users\Administrator\Desktop\M26-DTU\stm32f030x8\projects\stm32f10x_std\IAR\Debug\Obj: [1]
    SEGGER_RTT.o                     576       20      472
    bsp_gprs.o                        68
    bsp_init.o                        38
    bsp_led.o                        260       84       48
    clog.o                            56       52       48
    crc.o                             76
    gprs_cache.o                               85    3 204
    gprs_commond.o                   776
    gprs_process.o                 5 684    1 424      214
    gprs_task.o                      248                 1
    hal_task.o                        76                 1
    main.o                            28
    maintain_process.o               508      236
    osal_clock.o                     516                10
    osal_core.o                      248                 4
    osal_msg.o                         2
    osal_task.o                       36       12       12
    osal_timer.o                     444               484
    rtt_log.o                        452       33      301
    startup_stm32f030.o              278
    stm32f0xx_bsp_dma.o              256
    stm32f0xx_bsp_flash.o            134
    stm32f0xx_bsp_systick.o          252                 4
    stm32f0xx_bsp_timer.o            100
    stm32f0xx_bsp_usart.o            988                16
    stm32f0xx_dma.o                  160
    stm32f0xx_flash.o                318
    stm32f0xx_gpio.o                 320
    stm32f0xx_it.o                   318                 2
    stm32f0xx_misc.o                 120
    stm32f0xx_rcc.o                  768        1       16
    stm32f0xx_tim.o                  448
    stm32f0xx_usart.o                754
    system_info.o                      8               224
    system_init.o                     12
    system_param.o                   412       92
    system_stm32f0xx.o               352
    user_task.o                      124                 1
    zsproto.o                        648       84      576
    zsproto_package_process.o      3 712      884
    zsproto_penetrate_process.o       56
    ------------------------------------------------------
    Total:                        20 630    3 007    5 638

command line: [2]
    ------------------------------------------------------
    Total:

dl6M_tln.a: [3]
    abort.o                           10
    atoi.o                            12
    div.o                             32
    errno.o                           16                 4
    exit.o                             8
    low_level_init.o                   4
    sprintf.o                         56
    strstr.o                          56
    vsnprint.o                        60
    xprintffull_nomb.o             3 774       24
    xsnprout.o                        28
    xsprout.o                         10
    xstoul.o                         384
    xtls.o                             2
    ------------------------------------------------------
    Total:                         4 452       24        4

m6M_tl.a: [4]
    DblAddSub.o                      424
    DblCmpGe.o                        50
    DblCmpLe.o                        50
    DblDiv.o                         194
    DblMul.o                         388
    DblToI32.o                        82
    I32ToDbl.o                        52
    xdnorm.o                          68
    xdscale.o                        284
    ------------------------------------------------------
    Total:                         1 592

rt6M_tl.a: [5]
    ABImemcpy.o                       92
    ABImemset.o                       52
    I32DivModFast.o                  224
    I64DivMod.o                      106
    I64DivZer.o                        2
    IntDivZer.o                        2
    cexit.o                           10
    cmain.o                           26
    cstartup_M.o                      12
    data_init.o                       40
    memchr.o                          24
    packbits_init.o                  216
    strchr.o                          20
    strcpy.o                          16
    strlen.o                          16
    uread4.o                          22
    uwrite4.o                         20
    zero_init3.o                      60
    ------------------------------------------------------
    Total:                           960

shb_l.a: [6]
    exit.o                            20
    ------------------------------------------------------
    Total:                            20

    Gaps                                                 3
    Linker created                             44    2 048
----------------------------------------------------------
    Grand Total:                  27 654    3 075    7 693


*******************************************************************************
*** ENTRY LIST
***

Entry                      Address   Size  Type      Object
-----                      -------   ----  ----      ------
.iar.init_table$$Base   0x08006ce4          --   Gb  - Linker created -
.iar.init_table$$Limit  0x08006d10          --   Gb  - Linker created -
?main                   0x080073a5         Code  Gb  cmain.o [5]
ADC1_IRQHandler         0x0800683f    0x2  Code  Gb  stm32f0xx_it.o [1]
APBAHBPrescTable        0x2000055c   0x10  Data  Lc  stm32f0xx_rcc.o [1]
BSP_DMA_USART_StructInit
                        0x080052c9  0x100  Code  Gb  stm32f0xx_bsp_dma.o [1]
BSP_FLASH_EraseSector   0x0800548f   0x18  Code  Gb  stm32f0xx_bsp_flash.o [1]
BSP_FLASH_ReadBytes     0x080054f7   0x1e  Code  Gb  stm32f0xx_bsp_flash.o [1]
BSP_FLASH_WriteBytes    0x080054a7   0x50  Code  Gb  stm32f0xx_bsp_flash.o [1]
BSP_GPRS_PowerKeyHigh   0x08002c79   0x12  Code  Gb  bsp_gprs.o [1]
BSP_GPRS_PowerKeyLow    0x08002c8b   0x12  Code  Gb  bsp_gprs.o [1]
BSP_GPRS_PowerOff       0x08002c59    0xe  Code  Gb  bsp_gprs.o [1]
BSP_GPRS_PowerOn        0x08002c67    0xe  Code  Gb  bsp_gprs.o [1]
BSP_Init                0x08006bcf   0x18  Code  Gb  bsp_init.o [1]
BSP_LED_Close           0x08005ef9   0x3c  Code  Gb  bsp_led.o [1]
BSP_LED_Init            0x08005e61   0x5c  Code  Gb  bsp_led.o [1]
BSP_LED_Open            0x08005ebd   0x3c  Code  Gb  bsp_led.o [1]
BSP_LED_Toggle          0x08005f35   0x26  Code  Gb  bsp_led.o [1]
BSP_SYSTICK_IncTick     0x08006925    0xc  Code  Gb  stm32f0xx_bsp_systick.o [1]
BSP_SYSTICK_Open        0x08006909   0x1c  Code  Gb  stm32f0xx_bsp_systick.o [1]
BSP_Timer_Init          0x08006a41   0x5e  Code  Gb  stm32f0xx_bsp_timer.o [1]
BSP_USART_IRQHandler    0x08002fc5   0x2c  Code  Gb  stm32f0xx_bsp_usart.o [1]
BSP_USART_Open          0x08002d85  0x1f6  Code  Gb  stm32f0xx_bsp_usart.o [1]
BSP_USART_ReadBytes     0x0800308d   0x22  Code  Gb  stm32f0xx_bsp_usart.o [1]
BSP_USART_ReadBytesDMA  0x080030af   0x68  Code  Lc  stm32f0xx_bsp_usart.o [1]
BSP_USART_WriteBytes    0x08002f7b   0x4a  Code  Gb  stm32f0xx_bsp_usart.o [1]
Board_Init              0x08006bc1    0xe  Code  Gb  bsp_init.o [1]
CLog_GetCurrentTaskID   0x08006379    0x4  Code  Gb  clog.o [1]
CLog_GetTime            0x0800637d   0x1c  Code  Gb  clog.o [1]
CLog_Init               0x08006399   0x14  Code  Gb  clog.o [1]
CRC16_Modbus            0x08005515   0x44  Code  Gb  crc.o [1]
CSTACK$$Base            0x20001610          --   Gb  - Linker created -
CSTACK$$Limit           0x20001e10          --   Gb  - Linker created -
DMA1_Channel1_IRQHandler
                        0x0800683d    0x2  Code  Gb  stm32f0xx_it.o [1]
DMA_Cmd                 0x0800540b   0x1c  Code  Gb  stm32f0xx_dma.o [1]
DMA_GetCurrDataCounter  0x08005455    0x6  Code  Gb  stm32f0xx_dma.o [1]
DMA_Init                0x080053c9   0x42  Code  Gb  stm32f0xx_dma.o [1]
DMA_RemapConfig         0x08005427   0x2e  Code  Gb  stm32f0xx_dma.o [1]
FLASH_ClearFlag         0x08005de9    0x6  Code  Gb  stm32f0xx_flash.o [1]
FLASH_ErasePage         0x08005d43   0x4e  Code  Gb  stm32f0xx_flash.o [1]
FLASH_GetStatus         0x08005df1   0x36  Code  Gb  stm32f0xx_flash.o [1]
FLASH_Lock              0x08005d35    0xe  Code  Gb  stm32f0xx_flash.o [1]
FLASH_ProgramHalfWord   0x08005d91   0x42  Code  Gb  stm32f0xx_flash.o [1]
FLASH_Unlock            0x08005d1d   0x18  Code  Gb  stm32f0xx_flash.o [1]
FLASH_WaitForLastOperation
                        0x08005e2d   0x2e  Code  Gb  stm32f0xx_flash.o [1]
GPIO_Init               0x080037a1   0xbe  Code  Gb  stm32f0xx_gpio.o [1]
GPIO_PinAFConfig        0x08003871   0x70  Code  Gb  stm32f0xx_gpio.o [1]
GPIO_WriteBit           0x0800385f   0x12  Code  Gb  stm32f0xx_gpio.o [1]
GPRS_ACK_Process        0x080013c5  0x106  Code  Gb  gprs_process.o [1]
GPRS_Loop_Process       0x08000845  0xb4c  Code  Gb  gprs_process.o [1]
GPRS_SendData           0x080019bf   0xe4  Code  Gb  gprs_commond.o [1]
GPRS_WriteBytes         0x0800181b   0x14  Code  Gb  gprs_commond.o [1]
GprsTask_Init           0x08001ac1   0x3c  Code  Gb  gprs_task.o [1]
GprsTask_Process        0x08001afd   0x9c  Code  Gb  gprs_task.o [1]
GprsTask_Send_Event     0x08001b99   0x10  Code  Gb  gprs_task.o [1]
Gprs_ACK_Check          0x0800182f   0x18  Code  Gb  gprs_commond.o [1]
Gprs_Add_Sockets        0x080014d5   0xb0  Code  Gb  gprs_process.o [1]
Gprs_Cmd_QIACK          0x080015cd   0x5c  Code  Gb  gprs_process.o [1]
Gprs_GetLinkState       0x08001637   0x42  Code  Gb  gprs_process.o [1]
Gprs_GetRssiValue       0x0800167d    0x6  Code  Gb  gprs_process.o [1]
Gprs_GetSocketAndLength
                        0x08001847  0x178  Code  Gb  gprs_commond.o [1]
Gprs_Reset_Moudle       0x08001629    0xe  Code  Gb  gprs_process.o [1]
Gprs_UpdateRssi         0x08001589   0x2e  Code  Gb  gprs_process.o [1]
HalTask_Init            0x08005cd1   0x14  Code  Gb  hal_task.o [1]
HalTask_Process         0x08005ce5   0x32  Code  Gb  hal_task.o [1]
HardFault_Handler       0x0800670f    0x4  Code  Gb  stm32f0xx_it.o [1]
InStream_Read           0x08006949   0x22  Code  Lc  packbits_init.o [5]
LED_IO                  0x08006aa4   0x54  Data  Gb  bsp_led.o [1]
LoadInt                 0x08003e9d   0x68  Code  Lc  xprintffull_nomb.o [3]
M26Trans_Buf            0x2000098c  0x400  Data  Gb  gprs_cache.o [1]
Maintain_Trans_Check    0x08004b23   0xa2  Code  Gb  maintain_process.o [1]
Maintain_Trans_Process  0x08004a61   0x2c  Code  Gb  maintain_process.o [1]
NMI_Handler             0x0800670d    0x2  Code  Gb  stm32f0xx_it.o [1]
NVIC_Init               0x08005251   0x6a  Code  Gb  stm32f0xx_misc.o [1]
NVIC_SetPriority        0x0800684d   0x8a  Code  Lc  stm32f0xx_bsp_systick.o [1]
OS_Clock_ConvertToDateTime
                        0x08002b03  0x144  Code  Gb  osal_clock.o [1]
OS_Clock_GetSeconds     0x08002ab3   0x14  Code  Gb  osal_clock.o [1]
OS_Clock_GetSystemClock
                        0x08002ac7   0x14  Code  Gb  osal_clock.o [1]
OS_Clock_Update         0x08002a55   0x5e  Code  Gb  osal_clock.o [1]
OS_Events_Set           0x08003433   0x30  Code  Gb  osal_core.o [1]
OS_Init                 0x08003379   0x10  Code  Gb  osal_core.o [1]
OS_Msg_Init             0x08005469    0x2  Code  Gb  osal_msg.o [1]
OS_Start                0x08003389    0x8  Code  Gb  osal_core.o [1]
OS_Task_Init            0x0800546b   0x24  Code  Gb  osal_task.o [1]
OS_Timer_Init           0x080031bd   0x20  Code  Gb  osal_timer.o [1]
OS_Timer_Start          0x080032e5   0x28  Code  Gb  osal_timer.o [1]
OS_Timer_Update         0x0800330d   0x64  Code  Gb  osal_timer.o [1]
PendSV_Handler          0x08006715    0x2  Code  Gb  stm32f0xx_it.o [1]
RCC_AHBPeriphClockCmd   0x08004e85   0x20  Code  Gb  stm32f0xx_rcc.o [1]
RCC_APB1PeriphClockCmd  0x08004ec5   0x20  Code  Gb  stm32f0xx_rcc.o [1]
RCC_APB1PeriphResetCmd  0x08004f19   0x20  Code  Gb  stm32f0xx_rcc.o [1]
RCC_APB2PeriphClockCmd  0x08004ea5   0x20  Code  Gb  stm32f0xx_rcc.o [1]
RCC_APB2PeriphResetCmd  0x08004ef5   0x20  Code  Gb  stm32f0xx_rcc.o [1]
RCC_GetClocksFreq       0x08004c5d  0x222  Code  Gb  stm32f0xx_rcc.o [1]
RTTLog_GetLogLevel      0x08006343    0x6  Code  Lc  rtt_log.o [1]
RTTLog_Init             0x080061b5   0x16  Code  Gb  rtt_log.o [1]
RTTLog_SetLogLevel      0x08006349    0x6  Code  Lc  rtt_log.o [1]
RTTLog_Write            0x080061cb   0xb4  Code  Lc  rtt_log.o [1]
RTTLog_WriteRAW         0x0800632f   0x14  Code  Lc  rtt_log.o [1]
RTTLog_vprintf          0x0800627f   0xb0  Code  Lc  rtt_log.o [1]
Region$$Table$$Base     0x08006ce4          --   Gb  - Linker created -
Region$$Table$$Limit    0x08006d10          --   Gb  - Linker created -
SEGGER_RTT_Write        0x0800616f   0x32  Code  Gb  SEGGER_RTT.o [1]
SEGGER_RTT_WriteNoLock  0x080060f1   0x7e  Code  Gb  SEGGER_RTT.o [1]
SVC_Handler             0x08006713    0x2  Code  Gb  stm32f0xx_it.o [1]
Server_Trans_Check      0x08004bc5   0x62  Code  Gb  maintain_process.o [1]
Server_receiveDataInfo  0x20000264  0x208  Data  Gb  gprs_cache.o [1]
SetSysClock             0x0800661b   0xbe  Code  Lc  system_stm32f0xx.o [1]
SysTick_Config          0x080068d7   0x32  Code  Lc  stm32f0xx_bsp_systick.o [1]
SysTick_Handler         0x08006717   0x14  Code  Gb  stm32f0xx_it.o [1]
SystemInfo_Init         0x08007381    0x8  Code  Gb  system_info.o [1]
SystemInit              0x080065ad   0x6e  Code  Gb  system_stm32f0xx.o [1]
SystemParam_Init        0x08003485   0xde  Code  Gb  system_param.o [1]
SystemParam_Save        0x08003563   0x46  Code  Gb  system_param.o [1]
System_Load             0x08007375    0xc  Code  Gb  system_init.o [1]
TIM3_IRQHandler         0x08006787   0x88  Code  Gb  stm32f0xx_it.o [1]
TIM_ClearITPendingBit   0x080065a5    0x8  Code  Gb  stm32f0xx_tim.o [1]
TIM_Cmd                 0x08006545   0x1c  Code  Gb  stm32f0xx_tim.o [1]
TIM_DeInit              0x080063ed   0xf2  Code  Gb  stm32f0xx_tim.o [1]
TIM_ITConfig            0x0800658d   0x18  Code  Gb  stm32f0xx_tim.o [1]
TIM_TimeBaseInit        0x080064df   0x66  Code  Gb  stm32f0xx_tim.o [1]
USART1_IRQHandler       0x0800672b   0x5c  Code  Gb  stm32f0xx_it.o [1]
USART2_IRQHandler       0x08006841    0xa  Code  Gb  stm32f0xx_it.o [1]
USART2_Rx_Buf           0x2000058c  0x400  Data  Gb  gprs_cache.o [1]
USART_ClearITPendingBit
                        0x08005237   0x18  Code  Gb  stm32f0xx_usart.o [1]
USART_Cmd               0x0800511b   0x1c  Code  Gb  stm32f0xx_usart.o [1]
USART_DMACmd            0x08005171   0x18  Code  Gb  stm32f0xx_usart.o [1]
USART_DeInit            0x08004f5d   0xd8  Code  Gb  stm32f0xx_usart.o [1]
USART_GetITStatus       0x080051cd   0x6a  Code  Gb  stm32f0xx_usart.o [1]
USART_ITConfig          0x08005189   0x44  Code  Gb  stm32f0xx_usart.o [1]
USART_Init              0x08005035   0xe6  Code  Gb  stm32f0xx_usart.o [1]
USART_ReceiveData       0x0800515d    0x8  Code  Gb  stm32f0xx_usart.o [1]
UserTask_Init           0x08002d05   0x12  Code  Gb  user_task.o [1]
UserTask_Process        0x08002d17   0x52  Code  Gb  user_task.o [1]
UserTask_Send_Event     0x08002d69   0x10  Code  Gb  user_task.o [1]
ZSProto_ConfigGetReq_Process
                        0x080024dd   0x3c  Code  Gb  zsproto_package_process.o [1]
ZSProto_ConfigSetReq_Process
                        0x08001fa5  0x508  Code  Gb  zsproto_package_process.o [1]
ZSProto_FlowAnalysis    0x080048d1   0xc6  Code  Gb  zsproto.o [1]
ZSProto_FlowGetCacheIdleLength
                        0x080049ab   0x1c  Code  Gb  zsproto.o [1]
ZSProto_FlowSetCallback
                        0x08004997   0x14  Code  Gb  zsproto.o [1]
ZSProto_IsPackage       0x080049c7   0x86  Code  Gb  zsproto.o [1]
ZSProto_LinkStateNotify_Process
                        0x08002a3b    0xe  Code  Gb  zsproto_package_process.o [1]
ZSProto_Make_ConfigGetResp
                        0x08002589  0x290  Code  Gb  zsproto_package_process.o [1]
ZSProto_Make_ConfigSetResp
                        0x08001bc9  0x298  Code  Gb  zsproto_package_process.o [1]
ZSProto_Make_LinkStateNotify
                        0x08002921   0xe8  Code  Gb  zsproto_package_process.o [1]
ZSProto_Make_RssiNotify
                        0x0800281d   0xe8  Code  Gb  zsproto_package_process.o [1]
ZSProto_Make_SocketDataPackage
                        0x08001e61   0xea  Code  Gb  zsproto_package_process.o [1]
ZSProto_RssiNotify_Process
                        0x08002a2d    0xe  Code  Gb  zsproto_package_process.o [1]
ZSProto_SocketPcakSend_Process
                        0x08001f8d   0x16  Code  Gb  zsproto_package_process.o [1]
ZSProto_TransparentData
                        0x08005c99   0x38  Code  Gb  zsproto_penetrate_process.o [1]
_DoInit                 0x08005f65   0x58  Code  Lc  SEGGER_RTT.o [1]
_GenldFullNoMb          0x080044cd  0x2a0  Code  Lc  xprintffull_nomb.o [3]
_GetAvailWriteSpace     0x080060b5   0x24  Code  Lc  SEGGER_RTT.o [1]
_LdtobFullNoMb          0x08004039  0x480  Code  Lc  xprintffull_nomb.o [3]
_LitobFullNoMb          0x08003f05  0x12e  Code  Lc  xprintffull_nomb.o [3]
_PrintfFullNoMb         0x080038e1  0x5bc  Code  Gb  xprintffull_nomb.o [3]
_PutcharsFullNoMb       0x0800476d   0x30  Code  Lc  xprintffull_nomb.o [3]
_SEGGER_RTT             0x200014e0   0x78  Data  Gb  SEGGER_RTT.o [1]
_SNProut                0x08007389   0x1c  Code  Gb  xsnprout.o [3]
_SProut                 0x08002cb3    0xa  Code  Gb  xsprout.o [3]
_WriteBlocking          0x08005fbd   0x88  Code  Lc  SEGGER_RTT.o [1]
_WriteNoCheck           0x08006045   0x70  Code  Lc  SEGGER_RTT.o [1]
__ICFEDIT_region_RAM_end__ {Abs}
                        0x20001fff          --   Gb  command line/config [2]
__ICFEDIT_region_RAM_start__ {Abs}
                        0x20000000          --   Gb  command line/config [2]
__aeabi_cdcmple         0x0800564b         Code  Gb  DblCmpLe.o [4]
__aeabi_cdrcmple        0x0800567d         Code  Gb  DblCmpGe.o [4]
__aeabi_d2iz            0x080057cd         Code  Gb  DblToI32.o [4]
__aeabi_d2uiz           0x080057f1         Code  Gb  DblToI32.o [4]
__aeabi_ddiv            0x08005b81         Code  Gb  DblDiv.o [4]
__aeabi_dmul            0x080059fd         Code  Gb  DblMul.o [4]
__aeabi_dsub            0x0800590f         Code  Gb  DblAddSub.o [4]
__aeabi_errno_addr      0x08005579    0xa  Code  Gb  errno.o [3]
__aeabi_i2d             0x08005821         Code  Gb  I32ToDbl.o [4]
__aeabi_idiv            0x08001705         Code  Gb  I32DivModFast.o [5]
__aeabi_idiv0           0x08002d81         Code  Gb  IntDivZer.o [5]
__aeabi_idivmod         0x08001705         Code  Gb  I32DivModFast.o [5]
__aeabi_ldiv0           0x08005e5d         Code  Gb  I64DivZer.o [5]
__aeabi_memclr4         0x08005c95         Code  Gb  ABImemset.o [5]
__aeabi_memclr8         0x08005c95         Code  Gb  ABImemset.o [5]
__aeabi_memcpy          0x08003161         Code  Gb  ABImemcpy.o [5]
__aeabi_ui2d            0x08005835         Code  Gb  I32ToDbl.o [4]
__aeabi_uidiv           0x0800170b         Code  Gb  I32DivModFast.o [5]
__aeabi_uidivmod        0x0800170b         Code  Gb  I32DivModFast.o [5]
__aeabi_uldivmod        0x0800559d         Code  Gb  I64DivMod.o [5]
__aeabi_uread4          0x08002c9d         Code  Gb  uread4.o [5]
__aeabi_uwrite4         0x08003471         Code  Gb  uwrite4.o [5]
__cmain                 0x080073a5         Code  Gb  cmain.o [5]
__exit                  0x08006a2d   0x14  Code  Gb  exit.o [6]
__iar_Dnorm             0x08005607   0x44  Code  Gb  xdnorm.o [4]
__iar_Dscale            0x080056b1  0x11c  Code  Gb  xdscale.o [4]
__iar_Errno             0x20000584    0x4  Data  Gb  errno.o [3]
__iar_Memchr            0x08005561   0x18  Code  Gb  memchr.o [5]
__iar_Memset4_word      0x08005c65         Code  Gb  ABImemset.o [5]
__iar_Stoul             0x08003747    0xa  Code  Gb  xstoul.o [3]
__iar_Stoulx            0x08003621  0x126  Code  Gb  xstoul.o [3]
__iar_Strchr            0x08005589   0x14  Code  Gb  strchr.o [5]
__iar_Strstr            0x0800479f   0x38  Code  Gb  strstr.o [3]
__iar_d2uiz             0x080057f5         Code  Gb  DblToI32.o [4]
__iar_data_init3        0x08006b99   0x28  Code  Gb  data_init.o [5]
__iar_dlib_perthread_access
                        0x08005e5b    0x2  Code  Gb  xtls.o [3]
__iar_packbits_init3    0x0800696b   0xb6  Code  Gb  packbits_init.o [5]
__iar_program_start     0x0800770d         Code  Gb  cstartup_M.o [5]
__iar_ui2d              0x08005839         Code  Gb  I32ToDbl.o [4]
__iar_zero_init3        0x08006b35   0x3c  Code  Gb  zero_init3.o [5]
__low_level_init        0x080073bf    0x4  Code  Gb  low_level_init.o [3]
__vector_table          0x08000000         Data  Gb  startup_stm32f030.o [1]
_acDownBuffer           0x20001558   0x34  Data  Lc  SEGGER_RTT.o [1]
_acUpBuffer             0x200011d0  0x12c  Data  Lc  SEGGER_RTT.o [1]
_call_main              0x080073b1         Code  Gb  cmain.o [5]
_exit                   0x080073cd         Code  Gb  cexit.o [5]
_main                   0x080073bb         Code  Gb  cmain.o [5]
abort                   0x08006a21    0xa  Code  Gb  abort.o [3]
atoi                    0x08002a49    0xc  Code  Gb  atoi.o [3]
bsp_USART_ParameterRedistribution
                        0x08002ff1   0x98  Code  Lc  stm32f0xx_bsp_usart.o [1]
digits                  0x08003750   0x28  Data  Lc  xstoul.o [3]
div                     0x08005c43   0x20  Code  Gb  div.o [3]
exit                    0x080073c3    0x8  Code  Gb  exit.o [3]
g_AT_ReceiveBuf         0x20000000  0x264  Data  Gb  gprs_cache.o [1]
g_GprsTask_Id           0x20001608    0x1  Data  Gb  gprs_task.o [1]
g_HalTask_Id            0x20001609    0x1  Data  Gb  hal_task.o [1]
g_LogLevelText          0x20000530   0x1c  Data  Gb  clog.o [1]
g_Machine_ReceiveBuf    0x20000578    0xc  Data  Gb  gprs_cache.o [1]
g_Machine_TransmitBuf   0x2000056c    0xc  Data  Gb  gprs_cache.o [1]
g_SystemInfo            0x20001400   0xe0  Data  Gb  system_info.o [1]
g_TasksEvents           0x200015e0    0xc  Data  Gb  osal_task.o [1]
g_TasksFnArr            0x080076e8    0xc  Data  Gb  osal_task.o [1]
g_UserTask_Id           0x2000160c    0x1  Data  Gb  user_task.o [1]
g_ZSProtoMakeCache      0x200012fc  0x104  Data  Gb  zsproto.o [1]
g_ZSProto_Seq           0x20001600    0x4  Data  Gb  zsproto.o [1]
gprs_add_state          0x080000b5   0x3e  Code  Lc  gprs_process.o [1]
gprs_attribute_deinit   0x0800073d   0x1a  Code  Lc  gprs_process.o [1]
gprs_check_param        0x080017b9   0x62  Code  Lc  gprs_commond.o [1]
gprs_check_process      0x080002ad  0x422  Code  Lc  gprs_process.o [1]
gprs_getnoackLen        0x08000761   0x5e  Code  Lc  gprs_process.o [1]
gprs_idle_process       0x080006e5   0x10  Code  Lc  gprs_process.o [1]
gprs_linkstate_report   0x080007c5   0x28  Code  Lc  gprs_process.o [1]
gprs_msg_queue_clear    0x080006f5   0x14  Code  Lc  gprs_process.o [1]
gprs_socket_deinit      0x0800070d   0x26  Code  Lc  gprs_process.o [1]
gprs_update_request     0x0800012f   0xa8  Code  Lc  gprs_process.o [1]
gprs_update_socket      0x080001d7   0xba  Code  Lc  gprs_process.o [1]
gprs_update_state       0x080000f3   0x3c  Code  Lc  gprs_process.o [1]
len                     0x2000160b    0x1  Data  Lc  stm32f0xx_it.o [1]
main                    0x08007359   0x1c  Code  Gb  main.o [1]
maintain_apd_process    0x08004a8d   0x96  Code  Lc  maintain_process.o [1]
month_length            0x08002adb   0x28  Code  Lc  osal_clock.o [1]
ndigs                   0x08003778   0x28  Data  Lc  xstoul.o [3]
osalRun                 0x080033ab   0x88  Code  Lc  osal_core.o [1]
osalTimeUpdate          0x08003391   0x1a  Code  Lc  osal_core.o [1]
osalTimerAdd            0x0800326d   0x78  Code  Gb  osal_timer.o [1]
osalTimerAlloc          0x080031dd   0x5e  Code  Gb  osal_timer.o [1]
osalTimerFind           0x0800323b   0x32  Code  Gb  osal_timer.o [1]
s_BSPLedControlTable    0x2000158c   0x30  Data  Lc  bsp_led.o [1]
s_GPRSMsgQueue          0x2000054c   0x10  Data  Lc  gprs_process.o [1]
s_GPRS_CB               0x2000046c   0xc4  Data  Lc  gprs_process.o [1]
s_GPRS_USARTParams      0x200015d0   0x10  Data  Lc  stm32f0xx_bsp_usart.o [1]
s_LogLevel              0x20000588    0x1  Data  Lc  rtt_log.o [1]
s_RTTLog                0x200015bc   0x14  Data  Gb  clog.o [1]
s_RTTLogBuf             0x200010a4  0x12c  Data  Lc  rtt_log.o [1]
s_Systick_Ticks         0x200015fc    0x4  Data  Gb  stm32f0xx_bsp_systick.o [1]
s_USART1_ReceiveCompleteFlag
                        0x2000160a    0x1  Data  Lc  stm32f0xx_it.o [1]
s_ZSProtoFlowCacheList  0x20000f6c  0x138  Data  Lc  zsproto.o [1]
s_osalClock_ElapsedMs   0x200015f0    0x4  Data  Lc  osal_clock.o [1]
s_osalClock_MilliSeconds
                        0x20001604    0x2  Data  Lc  osal_clock.o [1]
s_osalClock_Seconds     0x200015ec    0x4  Data  Lc  osal_clock.o [1]
s_osalTimerHead         0x200015f8    0x4  Data  Lc  osal_timer.o [1]
s_osalTimerMemHeap      0x20000d8c  0x1e0  Data  Lc  osal_timer.o [1]
sprintf                 0x08002cbd   0x38  Code  Gb  sprintf.o [3]
strcpy                  0x080061a5         Code  Gb  strcpy.o [5]
strlen                  0x08001bb9   0x10  Code  Gb  strlen.o [5]
strstr                  0x08002cf5   0x10  Code  Gb  gprs_process.o [1]
vsnprintf               0x080063b1   0x3c  Code  Gb  vsnprint.o [3]
zsproto_flow_decode     0x080047d9   0xf8  Code  Lc  zsproto.o [1]


[1] = C:\Users\Administrator\Desktop\M26-DTU\stm32f030x8\projects\stm32f10x_std\IAR\Debug\Obj
[2] = command line
[3] = dl6M_tln.a
[4] = m6M_tl.a
[5] = rt6M_tl.a
[6] = shb_l.a

  27 654 bytes of readonly  code memory
   3 075 bytes of readonly  data memory
   7 693 bytes of readwrite data memory

Errors: none
Warnings: none
