###############################################################################
#
# IAR ELF Linker V7.40.3.8902/W32 for ARM                 04/Dec/2018  09:10:18
# Copyright 2007-2015 IAR Systems AB.
#
#    Output file  =  
#        C:\Users\Administrator\Desktop\M26-DTU\stm32f030x8\projects\stm32f10x_std\IAR\Debug\Exe\c.out
#    Map file     =  
#        C:\Users\Administrator\Desktop\M26-DTU\stm32f030x8\projects\stm32f10x_std\IAR\Debug\List\c.map
#    Command line =  
#        C:\Users\Administrator\Desktop\M26-DTU\stm32f030x8\projects\stm32f10x_std\IAR\Debug\Obj\bsp_gprs.o
#        C:\Users\Administrator\Desktop\M26-DTU\stm32f030x8\projects\stm32f10x_std\IAR\Debug\Obj\bsp_init.o
#        C:\Users\Administrator\Desktop\M26-DTU\stm32f030x8\projects\stm32f10x_std\IAR\Debug\Obj\bsp_led.o
#        C:\Users\Administrator\Desktop\M26-DTU\stm32f030x8\projects\stm32f10x_std\IAR\Debug\Obj\clog.o
#        C:\Users\Administrator\Desktop\M26-DTU\stm32f030x8\projects\stm32f10x_std\IAR\Debug\Obj\cqueue.o
#        C:\Users\Administrator\Desktop\M26-DTU\stm32f030x8\projects\stm32f10x_std\IAR\Debug\Obj\crc.o
#        C:\Users\Administrator\Desktop\M26-DTU\stm32f030x8\projects\stm32f10x_std\IAR\Debug\Obj\cshell.o
#        C:\Users\Administrator\Desktop\M26-DTU\stm32f030x8\projects\stm32f10x_std\IAR\Debug\Obj\cshell_port.o
#        C:\Users\Administrator\Desktop\M26-DTU\stm32f030x8\projects\stm32f10x_std\IAR\Debug\Obj\cshell_user.o
#        C:\Users\Administrator\Desktop\M26-DTU\stm32f030x8\projects\stm32f10x_std\IAR\Debug\Obj\cstring.o
#        C:\Users\Administrator\Desktop\M26-DTU\stm32f030x8\projects\stm32f10x_std\IAR\Debug\Obj\flash_log.o
#        C:\Users\Administrator\Desktop\M26-DTU\stm32f030x8\projects\stm32f10x_std\IAR\Debug\Obj\gprs_cache.o
#        C:\Users\Administrator\Desktop\M26-DTU\stm32f030x8\projects\stm32f10x_std\IAR\Debug\Obj\gprs_commond.o
#        C:\Users\Administrator\Desktop\M26-DTU\stm32f030x8\projects\stm32f10x_std\IAR\Debug\Obj\gprs_process.o
#        C:\Users\Administrator\Desktop\M26-DTU\stm32f030x8\projects\stm32f10x_std\IAR\Debug\Obj\gprs_task.o
#        C:\Users\Administrator\Desktop\M26-DTU\stm32f030x8\projects\stm32f10x_std\IAR\Debug\Obj\hal_task.o
#        C:\Users\Administrator\Desktop\M26-DTU\stm32f030x8\projects\stm32f10x_std\IAR\Debug\Obj\led_process.o
#        C:\Users\Administrator\Desktop\M26-DTU\stm32f030x8\projects\stm32f10x_std\IAR\Debug\Obj\main.o
#        C:\Users\Administrator\Desktop\M26-DTU\stm32f030x8\projects\stm32f10x_std\IAR\Debug\Obj\maintain_process.o
#        C:\Users\Administrator\Desktop\M26-DTU\stm32f030x8\projects\stm32f10x_std\IAR\Debug\Obj\osal.o
#        C:\Users\Administrator\Desktop\M26-DTU\stm32f030x8\projects\stm32f10x_std\IAR\Debug\Obj\osal_cfg.o
#        C:\Users\Administrator\Desktop\M26-DTU\stm32f030x8\projects\stm32f10x_std\IAR\Debug\Obj\osal_clock.o
#        C:\Users\Administrator\Desktop\M26-DTU\stm32f030x8\projects\stm32f10x_std\IAR\Debug\Obj\osal_core.o
#        C:\Users\Administrator\Desktop\M26-DTU\stm32f030x8\projects\stm32f10x_std\IAR\Debug\Obj\osal_cpu.o
#        C:\Users\Administrator\Desktop\M26-DTU\stm32f030x8\projects\stm32f10x_std\IAR\Debug\Obj\osal_msg.o
#        C:\Users\Administrator\Desktop\M26-DTU\stm32f030x8\projects\stm32f10x_std\IAR\Debug\Obj\osal_task.o
#        C:\Users\Administrator\Desktop\M26-DTU\stm32f030x8\projects\stm32f10x_std\IAR\Debug\Obj\osal_timeout.o
#        C:\Users\Administrator\Desktop\M26-DTU\stm32f030x8\projects\stm32f10x_std\IAR\Debug\Obj\osal_timer.o
#        C:\Users\Administrator\Desktop\M26-DTU\stm32f030x8\projects\stm32f10x_std\IAR\Debug\Obj\rtt_log.o
#        C:\Users\Administrator\Desktop\M26-DTU\stm32f030x8\projects\stm32f10x_std\IAR\Debug\Obj\SEGGER_RTT.o
#        C:\Users\Administrator\Desktop\M26-DTU\stm32f030x8\projects\stm32f10x_std\IAR\Debug\Obj\SEGGER_RTT_printf.o
#        C:\Users\Administrator\Desktop\M26-DTU\stm32f030x8\projects\stm32f10x_std\IAR\Debug\Obj\serial_log.o
#        C:\Users\Administrator\Desktop\M26-DTU\stm32f030x8\projects\stm32f10x_std\IAR\Debug\Obj\startup_stm32f030.o
#        C:\Users\Administrator\Desktop\M26-DTU\stm32f030x8\projects\stm32f10x_std\IAR\Debug\Obj\stm32f0xx_adc.o
#        C:\Users\Administrator\Desktop\M26-DTU\stm32f030x8\projects\stm32f10x_std\IAR\Debug\Obj\stm32f0xx_bsp_dma.o
#        C:\Users\Administrator\Desktop\M26-DTU\stm32f030x8\projects\stm32f10x_std\IAR\Debug\Obj\stm32f0xx_bsp_flash.o
#        C:\Users\Administrator\Desktop\M26-DTU\stm32f030x8\projects\stm32f10x_std\IAR\Debug\Obj\stm32f0xx_bsp_gpio.o
#        C:\Users\Administrator\Desktop\M26-DTU\stm32f030x8\projects\stm32f10x_std\IAR\Debug\Obj\stm32f0xx_bsp_nvic.o
#        C:\Users\Administrator\Desktop\M26-DTU\stm32f030x8\projects\stm32f10x_std\IAR\Debug\Obj\stm32f0xx_bsp_systick.o
#        C:\Users\Administrator\Desktop\M26-DTU\stm32f030x8\projects\stm32f10x_std\IAR\Debug\Obj\stm32f0xx_bsp_timer.o
#        C:\Users\Administrator\Desktop\M26-DTU\stm32f030x8\projects\stm32f10x_std\IAR\Debug\Obj\stm32f0xx_bsp_usart.o
#        C:\Users\Administrator\Desktop\M26-DTU\stm32f030x8\projects\stm32f10x_std\IAR\Debug\Obj\stm32f0xx_can.o
#        C:\Users\Administrator\Desktop\M26-DTU\stm32f030x8\projects\stm32f10x_std\IAR\Debug\Obj\stm32f0xx_cec.o
#        C:\Users\Administrator\Desktop\M26-DTU\stm32f030x8\projects\stm32f10x_std\IAR\Debug\Obj\stm32f0xx_comp.o
#        C:\Users\Administrator\Desktop\M26-DTU\stm32f030x8\projects\stm32f10x_std\IAR\Debug\Obj\stm32f0xx_crc.o
#        C:\Users\Administrator\Desktop\M26-DTU\stm32f030x8\projects\stm32f10x_std\IAR\Debug\Obj\stm32f0xx_crs.o
#        C:\Users\Administrator\Desktop\M26-DTU\stm32f030x8\projects\stm32f10x_std\IAR\Debug\Obj\stm32f0xx_dac.o
#        C:\Users\Administrator\Desktop\M26-DTU\stm32f030x8\projects\stm32f10x_std\IAR\Debug\Obj\stm32f0xx_dbgmcu.o
#        C:\Users\Administrator\Desktop\M26-DTU\stm32f030x8\projects\stm32f10x_std\IAR\Debug\Obj\stm32f0xx_dma.o
#        C:\Users\Administrator\Desktop\M26-DTU\stm32f030x8\projects\stm32f10x_std\IAR\Debug\Obj\stm32f0xx_exti.o
#        C:\Users\Administrator\Desktop\M26-DTU\stm32f030x8\projects\stm32f10x_std\IAR\Debug\Obj\stm32f0xx_flash.o
#        C:\Users\Administrator\Desktop\M26-DTU\stm32f030x8\projects\stm32f10x_std\IAR\Debug\Obj\stm32f0xx_gpio.o
#        C:\Users\Administrator\Desktop\M26-DTU\stm32f030x8\projects\stm32f10x_std\IAR\Debug\Obj\stm32f0xx_i2c.o
#        C:\Users\Administrator\Desktop\M26-DTU\stm32f030x8\projects\stm32f10x_std\IAR\Debug\Obj\stm32f0xx_it.o
#        C:\Users\Administrator\Desktop\M26-DTU\stm32f030x8\projects\stm32f10x_std\IAR\Debug\Obj\stm32f0xx_iwdg.o
#        C:\Users\Administrator\Desktop\M26-DTU\stm32f030x8\projects\stm32f10x_std\IAR\Debug\Obj\stm32f0xx_misc.o
#        C:\Users\Administrator\Desktop\M26-DTU\stm32f030x8\projects\stm32f10x_std\IAR\Debug\Obj\stm32f0xx_pwr.o
#        C:\Users\Administrator\Desktop\M26-DTU\stm32f030x8\projects\stm32f10x_std\IAR\Debug\Obj\stm32f0xx_rcc.o
#        C:\Users\Administrator\Desktop\M26-DTU\stm32f030x8\projects\stm32f10x_std\IAR\Debug\Obj\stm32f0xx_rtc.o
#        C:\Users\Administrator\Desktop\M26-DTU\stm32f030x8\projects\stm32f10x_std\IAR\Debug\Obj\stm32f0xx_spi.o
#        C:\Users\Administrator\Desktop\M26-DTU\stm32f030x8\projects\stm32f10x_std\IAR\Debug\Obj\stm32f0xx_syscfg.o
#        C:\Users\Administrator\Desktop\M26-DTU\stm32f030x8\projects\stm32f10x_std\IAR\Debug\Obj\stm32f0xx_tim.o
#        C:\Users\Administrator\Desktop\M26-DTU\stm32f030x8\projects\stm32f10x_std\IAR\Debug\Obj\stm32f0xx_usart.o
#        C:\Users\Administrator\Desktop\M26-DTU\stm32f030x8\projects\stm32f10x_std\IAR\Debug\Obj\stm32f0xx_wwdg.o
#        C:\Users\Administrator\Desktop\M26-DTU\stm32f030x8\projects\stm32f10x_std\IAR\Debug\Obj\system_info.o
#        C:\Users\Administrator\Desktop\M26-DTU\stm32f030x8\projects\stm32f10x_std\IAR\Debug\Obj\system_init.o
#        C:\Users\Administrator\Desktop\M26-DTU\stm32f030x8\projects\stm32f10x_std\IAR\Debug\Obj\system_param.o
#        C:\Users\Administrator\Desktop\M26-DTU\stm32f030x8\projects\stm32f10x_std\IAR\Debug\Obj\system_stm32f0xx.o
#        C:\Users\Administrator\Desktop\M26-DTU\stm32f030x8\projects\stm32f10x_std\IAR\Debug\Obj\user_task.o
#        C:\Users\Administrator\Desktop\M26-DTU\stm32f030x8\projects\stm32f10x_std\IAR\Debug\Obj\zsproto.o
#        C:\Users\Administrator\Desktop\M26-DTU\stm32f030x8\projects\stm32f10x_std\IAR\Debug\Obj\zsproto_package_process.o
#        C:\Users\Administrator\Desktop\M26-DTU\stm32f030x8\projects\stm32f10x_std\IAR\Debug\Obj\zsproto_penetrate_process.o
#        -o
#        C:\Users\Administrator\Desktop\M26-DTU\stm32f030x8\projects\stm32f10x_std\IAR\Debug\Exe\c.out
#        --map
#        C:\Users\Administrator\Desktop\M26-DTU\stm32f030x8\projects\stm32f10x_std\IAR\Debug\List\c.map
#        --config "D:\Program Files (x86)\IAR Systems\Embedded Workbench
#        7.2\arm\config\linker\ST\stm32f030x8.icf" --semihosting --entry
#        __iar_program_start --vfe
#
###############################################################################

*******************************************************************************
*** RUNTIME MODEL ATTRIBUTES
***

CppFlavor       = *
__SystemLibrary = DLib


*******************************************************************************
*** PLACEMENT SUMMARY
***

"A1":  place at 0x08000000 { ro section .intvec };
"P1":  place in [from 0x08000000 to 0x0800ffff] { ro };
"P2":  place in [from 0x20000000 to 0x20001fff] { rw, block CSTACK, block HEAP };

  Section             Kind        Address    Size  Object
  -------             ----        -------    ----  ------
"A1":                                        0xb4
  .intvec             ro code  0x08000000    0xb4  startup_stm32f030.o [1]
                             - 0x080000b4    0xb4

"P1":                                      0x773d
  .text               ro code  0x080000b4  0x1624  gprs_process.o [1]
  .text               ro code  0x080016d8    0xe0  I32DivModFast.o [5]
  .text               ro code  0x080017b8   0x308  gprs_commond.o [1]
  .text               ro code  0x08001ac0    0xf8  gprs_task.o [1]
  .text               ro code  0x08001bb8    0x10  strlen.o [5]
  .text               ro code  0x08001bc8   0xe80  zsproto_package_process.o [1]
  .text               ro code  0x08002a48     0xc  atoi.o [3]
  .text               ro code  0x08002a54   0x204  osal_clock.o [1]
  .text               ro code  0x08002c58    0x44  bsp_gprs.o [1]
  .text               ro code  0x08002c9c    0x16  uread4.o [5]
  .text               ro code  0x08002cb2     0xa  xsprout.o [3]
  .text               ro code  0x08002cbc    0x38  sprintf.o [3]
  .text               ro code  0x08002cf4    0x10  gprs_process.o [1]
  .text               ro code  0x08002d04    0x70  user_task.o [1]
  .text               ro code  0x08002d74     0x2  IntDivZer.o [5]
  .rodata             const    0x08002d76     0x2  clog.o [1]
  .text               ro code  0x08002d78   0x3d8  stm32f0xx_bsp_usart.o [1]
  .text               ro code  0x08003150    0x5c  ABImemcpy.o [5]
  .text               ro code  0x080031ac   0x1bc  osal_timer.o [1]
  .text               ro code  0x08003368    0xf8  osal_core.o [1]
  .text               ro code  0x08003460    0x14  uwrite4.o [5]
  .text               ro code  0x08003474   0x19c  system_param.o [1]
  .text               ro code  0x08003610   0x180  xstoul.o [3]
  .text               ro code  0x08003790   0x140  stm32f0xx_gpio.o [1]
  .text               ro code  0x080038d0   0xebe  xprintffull_nomb.o [3]
  .text               ro code  0x0800478e    0x38  strstr.o [3]
  .text               ro code  0x080047c6     0x2  startup_stm32f030.o [1]
  .text               ro code  0x080047c8   0x280  zsproto.o [1]
  .text               ro code  0x08004a48   0x1fc  maintain_process.o [1]
  .text               ro code  0x08004c44   0x300  stm32f0xx_rcc.o [1]
  .text               ro code  0x08004f44   0x2f2  stm32f0xx_usart.o [1]
  .text               ro code  0x08005236     0x2  startup_stm32f030.o [1]
  .text               ro code  0x08005238    0x78  stm32f0xx_misc.o [1]
  .text               ro code  0x080052b0   0x100  stm32f0xx_bsp_dma.o [1]
  .text               ro code  0x080053b0    0xa0  stm32f0xx_dma.o [1]
  .text               ro code  0x08005450     0x2  osal_msg.o [1]
  .text               ro code  0x08005452    0x24  osal_task.o [1]
  .text               ro code  0x08005476    0x86  stm32f0xx_bsp_flash.o [1]
  .text               ro code  0x080054fc    0x4c  crc.o [1]
  .text               ro code  0x08005548    0x18  memchr.o [5]
  .text               ro code  0x08005560    0x10  errno.o [3]
  .text               ro code  0x08005570    0x14  strchr.o [5]
  .text               ro code  0x08005584    0x6a  I64DivMod.o [5]
  .text               ro code  0x080055ee    0x44  xdnorm.o [4]
  .text               ro code  0x08005632    0x32  DblCmpLe.o [4]
  .text               ro code  0x08005664    0x32  DblCmpGe.o [4]
  .text               ro code  0x08005696     0x2  startup_stm32f030.o [1]
  .text               ro code  0x08005698   0x11c  xdscale.o [4]
  .text               ro code  0x080057b4    0x52  DblToI32.o [4]
  .text               ro code  0x08005806     0x2  startup_stm32f030.o [1]
  .text               ro code  0x08005808    0x34  I32ToDbl.o [4]
  .text               ro code  0x0800583c   0x1a8  DblAddSub.o [4]
  .text               ro code  0x080059e4   0x184  DblMul.o [4]
  .text               ro code  0x08005b68    0xc2  DblDiv.o [4]
  .text               ro code  0x08005c2a    0x20  div.o [3]
  .text               ro code  0x08005c4a     0x2  startup_stm32f030.o [1]
  .text               ro code  0x08005c4c    0x34  ABImemset.o [5]
  .text               ro code  0x08005c80    0x38  zsproto_penetrate_process.o [1]
  .text               ro code  0x08005cb8    0x4c  hal_task.o [1]
  .text               ro code  0x08005d04   0x13e  stm32f0xx_flash.o [1]
  .text               ro code  0x08005e42     0x2  xtls.o [3]
  .text               ro code  0x08005e44     0x2  I64DivZer.o [5]
  .text               ro code  0x08005e46     0x2  startup_stm32f030.o [1]
  .text               ro code  0x08005e48   0x104  bsp_led.o [1]
  .text               ro code  0x08005f4c   0x240  SEGGER_RTT.o [1]
  .text               ro code  0x0800618c    0x10  strcpy.o [5]
  .text               ro code  0x0800619c   0x1c4  rtt_log.o [1]
  .text               ro code  0x08006360    0x38  clog.o [1]
  .text               ro code  0x08006398    0x3c  vsnprint.o [3]
  .text               ro code  0x080063d4   0x1c0  stm32f0xx_tim.o [1]
  .text               ro code  0x08006594   0x160  system_stm32f0xx.o [1]
  .text               ro code  0x080066f4   0x13e  stm32f0xx_it.o [1]
  .text               ro code  0x08006832     0x2  startup_stm32f030.o [1]
  .text               ro code  0x08006834    0xfc  stm32f0xx_bsp_systick.o [1]
  .text               ro code  0x08006930    0xd8  packbits_init.o [5]
  .text               ro code  0x08006a08     0xa  abort.o [3]
  .text               ro code  0x08006a12     0x2  startup_stm32f030.o [1]
  .text               ro code  0x08006a14    0x14  exit.o [6]
  .text               ro code  0x08006a28    0x64  stm32f0xx_bsp_timer.o [1]
  .rodata             const    0x08006a8c    0x54  bsp_led.o [1]
  .text               ro code  0x08006ae0    0x3c  startup_stm32f030.o [1]
  .text               ro code  0x08006b1c    0x3c  zero_init3.o [5]
  .rodata             const    0x08006b58    0x28  maintain_process.o [1]
  .text               ro code  0x08006b80    0x28  data_init.o [5]
  .text               ro code  0x08006ba8    0x26  bsp_init.o [1]
  .text               ro code  0x08006bce     0x2  startup_stm32f030.o [1]
  .rodata             const    0x08006bd0    0x24  maintain_process.o [1]
  .rodata             const    0x08006bf4    0x24  maintain_process.o [1]
  .rodata             const    0x08006c18    0x24  zsproto_package_process.o [1]
  .rodata             const    0x08006c3c    0x24  zsproto_package_process.o [1]
  .rodata             const    0x08006c60    0x24  zsproto_package_process.o [1]
  .rodata             const    0x08006c84    0x24  zsproto_package_process.o [1]
  .rodata             const    0x08006ca8    0x24  zsproto_package_process.o [1]
  .iar.init_table     const    0x08006ccc    0x2c  - Linker created -
  .rodata             const    0x08006cf8    0x20  gprs_process.o [1]
  .rodata             const    0x08006d18    0x20  gprs_process.o [1]
  .rodata             const    0x08006d38    0x20  gprs_process.o [1]
  .rodata             const    0x08006d58    0x20  gprs_process.o [1]
  .rodata             const    0x08006d78    0x20  gprs_process.o [1]
  .rodata             const    0x08006d98    0x20  gprs_process.o [1]
  .rodata             const    0x08006db8    0x20  gprs_process.o [1]
  .rodata             const    0x08006dd8    0x20  gprs_process.o [1]
  .rodata             const    0x08006df8    0x20  gprs_process.o [1]
  .rodata             const    0x08006e18    0x20  gprs_process.o [1]
  .rodata             const    0x08006e38    0x20  gprs_process.o [1]
  .rodata             const    0x08006e58    0x20  gprs_process.o [1]
  .rodata             const    0x08006e78    0x20  gprs_process.o [1]
  .rodata             const    0x08006e98    0x20  gprs_process.o [1]
  .rodata             const    0x08006eb8    0x20  gprs_process.o [1]
  .rodata             const    0x08006ed8    0x20  maintain_process.o [1]
  .rodata             const    0x08006ef8    0x20  maintain_process.o [1]
  .rodata             const    0x08006f18    0x20  maintain_process.o [1]
  .rodata             const    0x08006f38    0x20  zsproto_package_process.o [1]
  .rodata             const    0x08006f58    0x20  zsproto_package_process.o [1]
  .rodata             const    0x08006f78    0x20  zsproto_package_process.o [1]
  .rodata             const    0x08006f98    0x20  zsproto_package_process.o [1]
  .rodata             const    0x08006fb8    0x20  zsproto_package_process.o [1]
  .rodata             const    0x08006fd8    0x20  zsproto_package_process.o [1]
  .rodata             const    0x08006ff8    0x1c  gprs_process.o [1]
  .rodata             const    0x08007014    0x1c  gprs_process.o [1]
  .rodata             const    0x08007030    0x1c  gprs_process.o [1]
  .rodata             const    0x0800704c    0x1c  gprs_process.o [1]
  .rodata             const    0x08007068    0x1c  gprs_process.o [1]
  .rodata             const    0x08007084    0x1c  gprs_process.o [1]
  .rodata             const    0x080070a0    0x1c  gprs_process.o [1]
  .rodata             const    0x080070bc    0x1c  gprs_process.o [1]
  .rodata             const    0x080070d8    0x1c  gprs_process.o [1]
  .rodata             const    0x080070f4    0x1c  gprs_process.o [1]
  .rodata             const    0x08007110    0x1c  gprs_process.o [1]
  .rodata             const    0x0800712c    0x1c  gprs_process.o [1]
  .rodata             const    0x08007148    0x1c  gprs_process.o [1]
  .rodata             const    0x08007164    0x1c  gprs_process.o [1]
  .rodata             const    0x08007180    0x1c  gprs_process.o [1]
  .rodata             const    0x0800719c    0x1c  gprs_process.o [1]
  .rodata             const    0x080071b8    0x1c  gprs_process.o [1]
  .rodata             const    0x080071d4    0x1c  gprs_process.o [1]
  .rodata             const    0x080071f0    0x1c  maintain_process.o [1]
  .rodata             const    0x0800720c    0x1c  zsproto.o [1]
  .rodata             const    0x08007228    0x1c  zsproto.o [1]
  .rodata             const    0x08007244    0x1c  zsproto.o [1]
  .rodata             const    0x08007260    0x1c  zsproto_package_process.o [1]
  .rodata             const    0x0800727c    0x1c  zsproto_package_process.o [1]
  .rodata             const    0x08007298    0x1c  zsproto_package_process.o [1]
  .rodata             const    0x080072b4    0x1c  zsproto_package_process.o [1]
  .rodata             const    0x080072d0    0x1c  zsproto_package_process.o [1]
  .rodata             const    0x080072ec    0x1c  zsproto_package_process.o [1]
  .rodata             const    0x08007308    0x1c  zsproto_package_process.o [1]
  .rodata             const    0x08007324    0x1c  zsproto_package_process.o [1]
  .text               ro code  0x08007340    0x1c  main.o [1]
  .text               ro code  0x0800735c     0xc  system_init.o [1]
  .text               ro code  0x08007368     0x8  system_info.o [1]
  .text               ro code  0x08007370    0x1c  xsnprout.o [3]
  .text               ro code  0x0800738c    0x1a  cmain.o [5]
  .text               ro code  0x080073a6     0x4  low_level_init.o [3]
  .text               ro code  0x080073aa     0x8  exit.o [3]
  .text               ro code  0x080073b2     0x2  startup_stm32f030.o [1]
  .text               ro code  0x080073b4     0xa  cexit.o [5]
  .text               ro code  0x080073be     0x2  startup_stm32f030.o [1]
  .rodata             const    0x080073c0    0x18  gprs_process.o [1]
  .rodata             const    0x080073d8    0x18  gprs_process.o [1]
  .rodata             const    0x080073f0    0x18  gprs_process.o [1]
  .rodata             const    0x08007408    0x18  gprs_process.o [1]
  .rodata             const    0x08007420    0x18  gprs_process.o [1]
  .rodata             const    0x08007438    0x18  rtt_log.o [1]
  .rodata             const    0x08007450    0x18  system_param.o [1]
  .rodata             const    0x08007468    0x18  zsproto_package_process.o [1]
  .rodata             const    0x08007480    0x18  zsproto_package_process.o [1]
  .rodata             const    0x08007498    0x18  zsproto_package_process.o [1]
  .rodata             const    0x080074b0    0x18  zsproto_package_process.o [1]
  .rodata             const    0x080074c8    0x18  xprintffull_nomb.o [3]
  .rodata             const    0x080074e0    0x14  gprs_process.o [1]
  .rodata             const    0x080074f4    0x14  gprs_process.o [1]
  .rodata             const    0x08007508    0x14  gprs_process.o [1]
  .rodata             const    0x0800751c    0x14  system_param.o [1]
  .rodata             const    0x08007530    0x14  zsproto_package_process.o [1]
  .rodata             const    0x08007544    0x14  zsproto_package_process.o [1]
  .rodata             const    0x08007558    0x14  zsproto_package_process.o [1]
  .rodata             const    0x0800756c    0x14  zsproto_package_process.o [1]
  .rodata             const    0x08007580    0x14  zsproto_package_process.o [1]
  .rodata             const    0x08007594    0x14  zsproto_package_process.o [1]
  .rodata             const    0x080075a8    0x14  zsproto_package_process.o [1]
  .rodata             const    0x080075bc    0x14  zsproto_package_process.o [1]
  .rodata             const    0x080075d0    0x14  zsproto_package_process.o [1]
  .rodata             const    0x080075e4    0x10  gprs_process.o [1]
  .rodata             const    0x080075f4    0x10  gprs_process.o [1]
  .rodata             const    0x08007604    0x10  gprs_process.o [1]
  .rodata             const    0x08007614    0x10  gprs_process.o [1]
  .rodata             const    0x08007624    0x10  gprs_process.o [1]
  .rodata             const    0x08007634    0x10  system_param.o [1]
  .rodata             const    0x08007644    0x10  system_param.o [1]
  .rodata             const    0x08007654    0x10  system_param.o [1]
  .rodata             const    0x08007664     0xc  gprs_process.o [1]
  .rodata             const    0x08007670     0xc  gprs_process.o [1]
  .rodata             const    0x0800767c     0xc  gprs_process.o [1]
  .rodata             const    0x08007688     0xc  gprs_process.o [1]
  .rodata             const    0x08007694     0xc  gprs_process.o [1]
  .rodata             const    0x080076a0     0xc  gprs_process.o [1]
  .rodata             const    0x080076ac     0xc  gprs_process.o [1]
  .rodata             const    0x080076b8     0xc  gprs_process.o [1]
  .rodata             const    0x080076c4     0xc  gprs_process.o [1]
  .rodata             const    0x080076d0     0xc  osal_task.o [1]
  .rodata             const    0x080076dc     0xc  SEGGER_RTT.o [1]
  .rodata             const    0x080076e8     0xc  zsproto_package_process.o [1]
  .text               ro code  0x080076f4     0xc  cstartup_M.o [5]
  .rodata             const    0x08007700     0x8  clog.o [1]
  .rodata             const    0x08007708     0x8  clog.o [1]
  .rodata             const    0x08007710     0x8  clog.o [1]
  .rodata             const    0x08007718     0x8  clog.o [1]
  .rodata             const    0x08007720     0x8  clog.o [1]
  .rodata             const    0x08007728     0x8  clog.o [1]
  .rodata             const    0x08007730     0x8  gprs_process.o [1]
  .rodata             const    0x08007738     0x8  gprs_process.o [1]
  .rodata             const    0x08007740     0x8  gprs_process.o [1]
  .rodata             const    0x08007748     0x8  gprs_process.o [1]
  .rodata             const    0x08007750     0x8  gprs_process.o [1]
  .rodata             const    0x08007758     0x8  gprs_process.o [1]
  .rodata             const    0x08007760     0x8  gprs_process.o [1]
  .rodata             const    0x08007768     0x8  rtt_log.o [1]
  .rodata             const    0x08007770     0x8  SEGGER_RTT.o [1]
  .text               ro code  0x08007778     0x2  startup_stm32f030.o [1]
  .text               ro code  0x0800777a     0x2  startup_stm32f030.o [1]
  .text               ro code  0x0800777c     0x2  startup_stm32f030.o [1]
  .text               ro code  0x0800777e     0x2  startup_stm32f030.o [1]
  .text               ro code  0x08007780     0x2  startup_stm32f030.o [1]
  .text               ro code  0x08007782     0x2  startup_stm32f030.o [1]
  .text               ro code  0x08007784     0x2  startup_stm32f030.o [1]
  .text               ro code  0x08007786     0x2  startup_stm32f030.o [1]
  .rodata             const    0x08007788     0x0  zero_init3.o [5]
  .rodata             const    0x08007788     0x0  packbits_init.o [5]
  Initializer bytes   const    0x08007788    0x69  <for P2 s0>
                             - 0x080077f1  0x773d

"P2":                                      0x1ff8
  P2 s0                        0x20000000   0x589  <Init block>
    .data             inited   0x20000000   0x264  gprs_cache.o [1]
    .data             inited   0x20000264   0x208  gprs_cache.o [1]
    .data             inited   0x2000046c    0xc4  gprs_process.o [1]
    .data             inited   0x20000530    0x1c  clog.o [1]
    .data             inited   0x2000054c    0x10  gprs_process.o [1]
    .data             inited   0x2000055c    0x10  stm32f0xx_rcc.o [1]
    .data             inited   0x2000056c     0xc  gprs_cache.o [1]
    .data             inited   0x20000578     0xc  gprs_cache.o [1]
    __DLIB_PERTHREAD  inited   0x20000584     0x4  errno.o [3]
    .data             inited   0x20000588     0x1  rtt_log.o [1]
  .bss                zero     0x2000058c   0x400  gprs_cache.o [1]
  .bss                zero     0x2000098c   0x400  gprs_cache.o [1]
  .bss                zero     0x20000d8c   0x22c  zsproto.o [1]
  .bss                zero     0x20000fb8   0x1f8  zsproto.o [1]
  .bss                zero     0x200011b0   0x1e0  osal_timer.o [1]
  .bss                zero     0x20001390   0x12c  rtt_log.o [1]
  .bss                zero     0x200014bc   0x12c  SEGGER_RTT.o [1]
  .bss                zero     0x200015e8    0xe0  system_info.o [1]
  .bss                zero     0x200016c8    0x78  SEGGER_RTT.o [1]
  .bss                zero     0x20001740    0x34  SEGGER_RTT.o [1]
  .bss                zero     0x20001774    0x30  bsp_led.o [1]
  .bss                zero     0x200017a4    0x14  clog.o [1]
  .bss                zero     0x200017b8    0x10  stm32f0xx_bsp_usart.o [1]
  .bss                zero     0x200017c8     0xc  osal_task.o [1]
  .bss                zero     0x200017d4     0x4  osal_clock.o [1]
  .bss                zero     0x200017d8     0x4  osal_clock.o [1]
  .bss                zero     0x200017dc     0x4  osal_core.o [1]
  .bss                zero     0x200017e0     0x4  osal_timer.o [1]
  .bss                zero     0x200017e4     0x4  stm32f0xx_bsp_systick.o [1]
  .bss                zero     0x200017e8     0x4  zsproto.o [1]
  .bss                zero     0x200017ec     0x2  osal_clock.o [1]
  .bss                zero     0x200017ee     0x1  gprs_process.o [1]
  .bss                zero     0x200017ef     0x1  gprs_process.o [1]
  .bss                zero     0x200017f0     0x1  gprs_task.o [1]
  .bss                zero     0x200017f1     0x1  hal_task.o [1]
  .bss                zero     0x200017f2     0x1  stm32f0xx_it.o [1]
  .bss                zero     0x200017f3     0x1  stm32f0xx_it.o [1]
  .bss                zero     0x200017f4     0x1  user_task.o [1]
  CSTACK                       0x200017f8   0x800  <Block>
    CSTACK            uninit   0x200017f8   0x800  <Block tail>
                             - 0x20001ff8  0x1ff8


*******************************************************************************
*** INIT TABLE
***

          Address     Size
          -------     ----
Zero (__iar_zero_init3)
    1 destination range, total size 0x1269:
          0x2000058c  0x1269

Copy/packbits (__iar_packbits_init3)
    1 source range, total size 0x69 (7% of destination):
          0x08007788    0x69
    1 destination range, total size 0x589:
          0x20000000   0x589



*******************************************************************************
*** MODULE SUMMARY
***

    Module                       ro code  ro data  rw data
    ------                       -------  -------  -------
C:\Users\Administrator\Desktop\M26-DTU\stm32f030x8\projects\stm32f10x_std\IAR\Debug\Obj: [1]
    SEGGER_RTT.o                     576       20      472
    bsp_gprs.o                        68
    bsp_init.o                        38
    bsp_led.o                        260       84       48
    clog.o                            56       52       48
    crc.o                             76
    gprs_cache.o                               85    3 204
    gprs_commond.o                   776
    gprs_process.o                 5 684    1 424      214
    gprs_task.o                      248                 1
    hal_task.o                        76                 1
    main.o                            28
    maintain_process.o               508      236
    osal_clock.o                     516                10
    osal_core.o                      248                 4
    osal_msg.o                         2
    osal_task.o                       36       12       12
    osal_timer.o                     444               484
    rtt_log.o                        452       33      301
    startup_stm32f030.o              278
    stm32f0xx_bsp_dma.o              256
    stm32f0xx_bsp_flash.o            134
    stm32f0xx_bsp_systick.o          252                 4
    stm32f0xx_bsp_timer.o            100
    stm32f0xx_bsp_usart.o            984                16
    stm32f0xx_dma.o                  160
    stm32f0xx_flash.o                318
    stm32f0xx_gpio.o                 320
    stm32f0xx_it.o                   318                 2
    stm32f0xx_misc.o                 120
    stm32f0xx_rcc.o                  768        1       16
    stm32f0xx_tim.o                  448
    stm32f0xx_usart.o                754
    system_info.o                      8               224
    system_init.o                     12
    system_param.o                   412       92
    system_stm32f0xx.o               352
    user_task.o                      112                 1
    zsproto.o                        640       84    1 064
    zsproto_package_process.o      3 712      884
    zsproto_penetrate_process.o       56
    ------------------------------------------------------
    Total:                        20 606    3 007    6 126

command line: [2]
    ------------------------------------------------------
    Total:

dl6M_tln.a: [3]
    abort.o                           10
    atoi.o                            12
    div.o                             32
    errno.o                           16                 4
    exit.o                             8
    low_level_init.o                   4
    sprintf.o                         56
    strstr.o                          56
    vsnprint.o                        60
    xprintffull_nomb.o             3 774       24
    xsnprout.o                        28
    xsprout.o                         10
    xstoul.o                         384
    xtls.o                             2
    ------------------------------------------------------
    Total:                         4 452       24        4

m6M_tl.a: [4]
    DblAddSub.o                      424
    DblCmpGe.o                        50
    DblCmpLe.o                        50
    DblDiv.o                         194
    DblMul.o                         388
    DblToI32.o                        82
    I32ToDbl.o                        52
    xdnorm.o                          68
    xdscale.o                        284
    ------------------------------------------------------
    Total:                         1 592

rt6M_tl.a: [5]
    ABImemcpy.o                       92
    ABImemset.o                       52
    I32DivModFast.o                  224
    I64DivMod.o                      106
    I64DivZer.o                        2
    IntDivZer.o                        2
    cexit.o                           10
    cmain.o                           26
    cstartup_M.o                      12
    data_init.o                       40
    memchr.o                          24
    packbits_init.o                  216
    strchr.o                          20
    strcpy.o                          16
    strlen.o                          16
    uread4.o                          22
    uwrite4.o                         20
    zero_init3.o                      60
    ------------------------------------------------------
    Total:                           960

shb_l.a: [6]
    exit.o                            20
    ------------------------------------------------------
    Total:                            20

    Gaps                                                 3
    Linker created                             44    2 048
----------------------------------------------------------
    Grand Total:                  27 630    3 075    8 181


*******************************************************************************
*** ENTRY LIST
***

Entry                      Address   Size  Type      Object
-----                      -------   ----  ----      ------
.iar.init_table$$Base   0x08006ccc          --   Gb  - Linker created -
.iar.init_table$$Limit  0x08006cf8          --   Gb  - Linker created -
?main                   0x0800738d         Code  Gb  cmain.o [5]
ADC1_IRQHandler         0x08006827    0x2  Code  Gb  stm32f0xx_it.o [1]
APBAHBPrescTable        0x2000055c   0x10  Data  Lc  stm32f0xx_rcc.o [1]
BSP_DMA_USART_StructInit
                        0x080052b1  0x100  Code  Gb  stm32f0xx_bsp_dma.o [1]
BSP_FLASH_EraseSector   0x08005477   0x18  Code  Gb  stm32f0xx_bsp_flash.o [1]
BSP_FLASH_ReadBytes     0x080054df   0x1e  Code  Gb  stm32f0xx_bsp_flash.o [1]
BSP_FLASH_WriteBytes    0x0800548f   0x50  Code  Gb  stm32f0xx_bsp_flash.o [1]
BSP_GPRS_PowerKeyHigh   0x08002c79   0x12  Code  Gb  bsp_gprs.o [1]
BSP_GPRS_PowerKeyLow    0x08002c8b   0x12  Code  Gb  bsp_gprs.o [1]
BSP_GPRS_PowerOff       0x08002c59    0xe  Code  Gb  bsp_gprs.o [1]
BSP_GPRS_PowerOn        0x08002c67    0xe  Code  Gb  bsp_gprs.o [1]
BSP_Init                0x08006bb7   0x18  Code  Gb  bsp_init.o [1]
BSP_LED_Close           0x08005ee1   0x3c  Code  Gb  bsp_led.o [1]
BSP_LED_Init            0x08005e49   0x5c  Code  Gb  bsp_led.o [1]
BSP_LED_Open            0x08005ea5   0x3c  Code  Gb  bsp_led.o [1]
BSP_LED_Toggle          0x08005f1d   0x26  Code  Gb  bsp_led.o [1]
BSP_SYSTICK_IncTick     0x0800690d    0xc  Code  Gb  stm32f0xx_bsp_systick.o [1]
BSP_SYSTICK_Open        0x080068f1   0x1c  Code  Gb  stm32f0xx_bsp_systick.o [1]
BSP_Timer_Init          0x08006a29   0x5e  Code  Gb  stm32f0xx_bsp_timer.o [1]
BSP_USART_IRQHandler    0x08002fa9   0x32  Code  Gb  stm32f0xx_bsp_usart.o [1]
BSP_USART_Open          0x08002d79  0x1e6  Code  Gb  stm32f0xx_bsp_usart.o [1]
BSP_USART_ReadBytes     0x08003079   0x22  Code  Gb  stm32f0xx_bsp_usart.o [1]
BSP_USART_ReadBytesDMA  0x0800309b   0x68  Code  Lc  stm32f0xx_bsp_usart.o [1]
BSP_USART_WriteBytes    0x08002f5f   0x4a  Code  Gb  stm32f0xx_bsp_usart.o [1]
Board_Init              0x08006ba9    0xe  Code  Gb  bsp_init.o [1]
CLog_GetCurrentTaskID   0x08006361    0x4  Code  Gb  clog.o [1]
CLog_GetTime            0x08006365   0x1c  Code  Gb  clog.o [1]
CLog_Init               0x08006381   0x14  Code  Gb  clog.o [1]
CRC16_Modbus            0x080054fd   0x44  Code  Gb  crc.o [1]
CSTACK$$Base            0x200017f8          --   Gb  - Linker created -
CSTACK$$Limit           0x20001ff8          --   Gb  - Linker created -
DMA1_Channel1_IRQHandler
                        0x08006825    0x2  Code  Gb  stm32f0xx_it.o [1]
DMA_Cmd                 0x080053f3   0x1c  Code  Gb  stm32f0xx_dma.o [1]
DMA_GetCurrDataCounter  0x0800543d    0x6  Code  Gb  stm32f0xx_dma.o [1]
DMA_Init                0x080053b1   0x42  Code  Gb  stm32f0xx_dma.o [1]
DMA_RemapConfig         0x0800540f   0x2e  Code  Gb  stm32f0xx_dma.o [1]
FLASH_ClearFlag         0x08005dd1    0x6  Code  Gb  stm32f0xx_flash.o [1]
FLASH_ErasePage         0x08005d2b   0x4e  Code  Gb  stm32f0xx_flash.o [1]
FLASH_GetStatus         0x08005dd9   0x36  Code  Gb  stm32f0xx_flash.o [1]
FLASH_Lock              0x08005d1d    0xe  Code  Gb  stm32f0xx_flash.o [1]
FLASH_ProgramHalfWord   0x08005d79   0x42  Code  Gb  stm32f0xx_flash.o [1]
FLASH_Unlock            0x08005d05   0x18  Code  Gb  stm32f0xx_flash.o [1]
FLASH_WaitForLastOperation
                        0x08005e15   0x2e  Code  Gb  stm32f0xx_flash.o [1]
GPIO_Init               0x08003791   0xbe  Code  Gb  stm32f0xx_gpio.o [1]
GPIO_PinAFConfig        0x08003861   0x70  Code  Gb  stm32f0xx_gpio.o [1]
GPIO_WriteBit           0x0800384f   0x12  Code  Gb  stm32f0xx_gpio.o [1]
GPRS_ACK_Process        0x080013c5  0x106  Code  Gb  gprs_process.o [1]
GPRS_Loop_Process       0x08000845  0xb4c  Code  Gb  gprs_process.o [1]
GPRS_SendData           0x080019bf   0xe4  Code  Gb  gprs_commond.o [1]
GPRS_WriteBytes         0x0800181b   0x14  Code  Gb  gprs_commond.o [1]
GprsTask_Init           0x08001ac1   0x3c  Code  Gb  gprs_task.o [1]
GprsTask_Process        0x08001afd   0x9c  Code  Gb  gprs_task.o [1]
GprsTask_Send_Event     0x08001b99   0x10  Code  Gb  gprs_task.o [1]
Gprs_ACK_Check          0x0800182f   0x18  Code  Gb  gprs_commond.o [1]
Gprs_Add_Sockets        0x080014d5   0xb0  Code  Gb  gprs_process.o [1]
Gprs_Cmd_QIACK          0x080015cd   0x5c  Code  Gb  gprs_process.o [1]
Gprs_GetLinkState       0x08001637   0x42  Code  Gb  gprs_process.o [1]
Gprs_GetRssiValue       0x0800167d    0x6  Code  Gb  gprs_process.o [1]
Gprs_GetSocketAndLength
                        0x08001847  0x178  Code  Gb  gprs_commond.o [1]
Gprs_Reset_Moudle       0x08001629    0xe  Code  Gb  gprs_process.o [1]
Gprs_UpdateRssi         0x08001589   0x2e  Code  Gb  gprs_process.o [1]
HalTask_Init            0x08005cb9   0x14  Code  Gb  hal_task.o [1]
HalTask_Process         0x08005ccd   0x32  Code  Gb  hal_task.o [1]
HardFault_Handler       0x080066f7    0x4  Code  Gb  stm32f0xx_it.o [1]
InStream_Read           0x08006931   0x22  Code  Lc  packbits_init.o [5]
LED_IO                  0x08006a8c   0x54  Data  Gb  bsp_led.o [1]
LoadInt                 0x08003e8d   0x68  Code  Lc  xprintffull_nomb.o [3]
M26Trans_Buf            0x2000098c  0x400  Data  Gb  gprs_cache.o [1]
Maintain_Trans_Check    0x08004b0b   0xa2  Code  Gb  maintain_process.o [1]
Maintain_Trans_Process  0x08004a49   0x2c  Code  Gb  maintain_process.o [1]
NMI_Handler             0x080066f5    0x2  Code  Gb  stm32f0xx_it.o [1]
NVIC_Init               0x08005239   0x6a  Code  Gb  stm32f0xx_misc.o [1]
NVIC_SetPriority        0x08006835   0x8a  Code  Lc  stm32f0xx_bsp_systick.o [1]
OS_Clock_ConvertToDateTime
                        0x08002b03  0x144  Code  Gb  osal_clock.o [1]
OS_Clock_GetSeconds     0x08002ab3   0x14  Code  Gb  osal_clock.o [1]
OS_Clock_GetSystemClock
                        0x08002ac7   0x14  Code  Gb  osal_clock.o [1]
OS_Clock_Update         0x08002a55   0x5e  Code  Gb  osal_clock.o [1]
OS_Events_Set           0x08003423   0x30  Code  Gb  osal_core.o [1]
OS_Init                 0x08003369   0x10  Code  Gb  osal_core.o [1]
OS_Msg_Init             0x08005451    0x2  Code  Gb  osal_msg.o [1]
OS_Start                0x08003379    0x8  Code  Gb  osal_core.o [1]
OS_Task_Init            0x08005453   0x24  Code  Gb  osal_task.o [1]
OS_Timer_Init           0x080031ad   0x20  Code  Gb  osal_timer.o [1]
OS_Timer_Start          0x080032d5   0x28  Code  Gb  osal_timer.o [1]
OS_Timer_Update         0x080032fd   0x64  Code  Gb  osal_timer.o [1]
PendSV_Handler          0x080066fd    0x2  Code  Gb  stm32f0xx_it.o [1]
RCC_AHBPeriphClockCmd   0x08004e6d   0x20  Code  Gb  stm32f0xx_rcc.o [1]
RCC_APB1PeriphClockCmd  0x08004ead   0x20  Code  Gb  stm32f0xx_rcc.o [1]
RCC_APB1PeriphResetCmd  0x08004f01   0x20  Code  Gb  stm32f0xx_rcc.o [1]
RCC_APB2PeriphClockCmd  0x08004e8d   0x20  Code  Gb  stm32f0xx_rcc.o [1]
RCC_APB2PeriphResetCmd  0x08004edd   0x20  Code  Gb  stm32f0xx_rcc.o [1]
RCC_GetClocksFreq       0x08004c45  0x222  Code  Gb  stm32f0xx_rcc.o [1]
RTTLog_GetLogLevel      0x0800632b    0x6  Code  Lc  rtt_log.o [1]
RTTLog_Init             0x0800619d   0x16  Code  Gb  rtt_log.o [1]
RTTLog_SetLogLevel      0x08006331    0x6  Code  Lc  rtt_log.o [1]
RTTLog_Write            0x080061b3   0xb4  Code  Lc  rtt_log.o [1]
RTTLog_WriteRAW         0x08006317   0x14  Code  Lc  rtt_log.o [1]
RTTLog_vprintf          0x08006267   0xb0  Code  Lc  rtt_log.o [1]
Region$$Table$$Base     0x08006ccc          --   Gb  - Linker created -
Region$$Table$$Limit    0x08006cf8          --   Gb  - Linker created -
SEGGER_RTT_Write        0x08006157   0x32  Code  Gb  SEGGER_RTT.o [1]
SEGGER_RTT_WriteNoLock  0x080060d9   0x7e  Code  Gb  SEGGER_RTT.o [1]
SVC_Handler             0x080066fb    0x2  Code  Gb  stm32f0xx_it.o [1]
Server_Trans_Check      0x08004bad   0x62  Code  Gb  maintain_process.o [1]
Server_receiveDataInfo  0x20000264  0x208  Data  Gb  gprs_cache.o [1]
SetSysClock             0x08006603   0xbe  Code  Lc  system_stm32f0xx.o [1]
SysTick_Config          0x080068bf   0x32  Code  Lc  stm32f0xx_bsp_systick.o [1]
SysTick_Handler         0x080066ff   0x14  Code  Gb  stm32f0xx_it.o [1]
SystemInfo_Init         0x08007369    0x8  Code  Gb  system_info.o [1]
SystemInit              0x08006595   0x6e  Code  Gb  system_stm32f0xx.o [1]
SystemParam_Init        0x08003475   0xde  Code  Gb  system_param.o [1]
SystemParam_Save        0x08003553   0x46  Code  Gb  system_param.o [1]
System_Load             0x0800735d    0xc  Code  Gb  system_init.o [1]
TIM3_IRQHandler         0x0800676f   0x88  Code  Gb  stm32f0xx_it.o [1]
TIM_ClearITPendingBit   0x0800658d    0x8  Code  Gb  stm32f0xx_tim.o [1]
TIM_Cmd                 0x0800652d   0x1c  Code  Gb  stm32f0xx_tim.o [1]
TIM_DeInit              0x080063d5   0xf2  Code  Gb  stm32f0xx_tim.o [1]
TIM_ITConfig            0x08006575   0x18  Code  Gb  stm32f0xx_tim.o [1]
TIM_TimeBaseInit        0x080064c7   0x66  Code  Gb  stm32f0xx_tim.o [1]
USART1_IRQHandler       0x08006713   0x5c  Code  Gb  stm32f0xx_it.o [1]
USART2_IRQHandler       0x08006829    0xa  Code  Gb  stm32f0xx_it.o [1]
USART2_Rx_Buf           0x2000058c  0x400  Data  Gb  gprs_cache.o [1]
USART_ClearITPendingBit
                        0x0800521f   0x18  Code  Gb  stm32f0xx_usart.o [1]
USART_Cmd               0x08005103   0x1c  Code  Gb  stm32f0xx_usart.o [1]
USART_DMACmd            0x08005159   0x18  Code  Gb  stm32f0xx_usart.o [1]
USART_DeInit            0x08004f45   0xd8  Code  Gb  stm32f0xx_usart.o [1]
USART_GetITStatus       0x080051b5   0x6a  Code  Gb  stm32f0xx_usart.o [1]
USART_ITConfig          0x08005171   0x44  Code  Gb  stm32f0xx_usart.o [1]
USART_Init              0x0800501d   0xe6  Code  Gb  stm32f0xx_usart.o [1]
USART_ReceiveData       0x08005145    0x8  Code  Gb  stm32f0xx_usart.o [1]
UserTask_Init           0x08002d05   0x12  Code  Gb  user_task.o [1]
UserTask_Process        0x08002d17   0x44  Code  Gb  user_task.o [1]
UserTask_Send_Event     0x08002d5b   0x10  Code  Gb  user_task.o [1]
ZSProto_ConfigGetReq_Process
                        0x080024dd   0x3c  Code  Gb  zsproto_package_process.o [1]
ZSProto_ConfigSetReq_Process
                        0x08001fa5  0x508  Code  Gb  zsproto_package_process.o [1]
ZSProto_FlowAnalysis    0x080048c3   0xb6  Code  Gb  zsproto.o [1]
ZSProto_FlowGetCacheIdleLength
                        0x0800498d   0x18  Code  Gb  zsproto.o [1]
ZSProto_FlowSetCallback
                        0x08004979   0x14  Code  Gb  zsproto.o [1]
ZSProto_IsPackage       0x080049a5   0x8a  Code  Gb  zsproto.o [1]
ZSProto_LinkStateNotify_Process
                        0x08002a3b    0xe  Code  Gb  zsproto_package_process.o [1]
ZSProto_Make_ConfigGetResp
                        0x08002589  0x290  Code  Gb  zsproto_package_process.o [1]
ZSProto_Make_ConfigSetResp
                        0x08001bc9  0x298  Code  Gb  zsproto_package_process.o [1]
ZSProto_Make_LinkStateNotify
                        0x08002921   0xe8  Code  Gb  zsproto_package_process.o [1]
ZSProto_Make_RssiNotify
                        0x0800281d   0xe8  Code  Gb  zsproto_package_process.o [1]
ZSProto_Make_SocketDataPackage
                        0x08001e61   0xea  Code  Gb  zsproto_package_process.o [1]
ZSProto_RssiNotify_Process
                        0x08002a2d    0xe  Code  Gb  zsproto_package_process.o [1]
ZSProto_SocketPcakSend_Process
                        0x08001f8d   0x16  Code  Gb  zsproto_package_process.o [1]
ZSProto_TransparentData
                        0x08005c81   0x38  Code  Gb  zsproto_penetrate_process.o [1]
_DoInit                 0x08005f4d   0x58  Code  Lc  SEGGER_RTT.o [1]
_GenldFullNoMb          0x080044bd  0x2a0  Code  Lc  xprintffull_nomb.o [3]
_GetAvailWriteSpace     0x0800609d   0x24  Code  Lc  SEGGER_RTT.o [1]
_LdtobFullNoMb          0x08004029  0x480  Code  Lc  xprintffull_nomb.o [3]
_LitobFullNoMb          0x08003ef5  0x12e  Code  Lc  xprintffull_nomb.o [3]
_PrintfFullNoMb         0x080038d1  0x5bc  Code  Gb  xprintffull_nomb.o [3]
_PutcharsFullNoMb       0x0800475d   0x30  Code  Lc  xprintffull_nomb.o [3]
_SEGGER_RTT             0x200016c8   0x78  Data  Gb  SEGGER_RTT.o [1]
_SNProut                0x08007371   0x1c  Code  Gb  xsnprout.o [3]
_SProut                 0x08002cb3    0xa  Code  Gb  xsprout.o [3]
_WriteBlocking          0x08005fa5   0x88  Code  Lc  SEGGER_RTT.o [1]
_WriteNoCheck           0x0800602d   0x70  Code  Lc  SEGGER_RTT.o [1]
__ICFEDIT_region_RAM_end__ {Abs}
                        0x20001fff          --   Gb  command line/config [2]
__ICFEDIT_region_RAM_start__ {Abs}
                        0x20000000          --   Gb  command line/config [2]
__aeabi_cdcmple         0x08005633         Code  Gb  DblCmpLe.o [4]
__aeabi_cdrcmple        0x08005665         Code  Gb  DblCmpGe.o [4]
__aeabi_d2iz            0x080057b5         Code  Gb  DblToI32.o [4]
__aeabi_d2uiz           0x080057d9         Code  Gb  DblToI32.o [4]
__aeabi_ddiv            0x08005b69         Code  Gb  DblDiv.o [4]
__aeabi_dmul            0x080059e5         Code  Gb  DblMul.o [4]
__aeabi_dsub            0x080058f7         Code  Gb  DblAddSub.o [4]
__aeabi_errno_addr      0x08005561    0xa  Code  Gb  errno.o [3]
__aeabi_i2d             0x08005809         Code  Gb  I32ToDbl.o [4]
__aeabi_idiv            0x08001705         Code  Gb  I32DivModFast.o [5]
__aeabi_idiv0           0x08002d75         Code  Gb  IntDivZer.o [5]
__aeabi_idivmod         0x08001705         Code  Gb  I32DivModFast.o [5]
__aeabi_ldiv0           0x08005e45         Code  Gb  I64DivZer.o [5]
__aeabi_memclr4         0x08005c7d         Code  Gb  ABImemset.o [5]
__aeabi_memclr8         0x08005c7d         Code  Gb  ABImemset.o [5]
__aeabi_memcpy          0x08003151         Code  Gb  ABImemcpy.o [5]
__aeabi_ui2d            0x0800581d         Code  Gb  I32ToDbl.o [4]
__aeabi_uidiv           0x0800170b         Code  Gb  I32DivModFast.o [5]
__aeabi_uidivmod        0x0800170b         Code  Gb  I32DivModFast.o [5]
__aeabi_uldivmod        0x08005585         Code  Gb  I64DivMod.o [5]
__aeabi_uread4          0x08002c9d         Code  Gb  uread4.o [5]
__aeabi_uwrite4         0x08003461         Code  Gb  uwrite4.o [5]
__cmain                 0x0800738d         Code  Gb  cmain.o [5]
__exit                  0x08006a15   0x14  Code  Gb  exit.o [6]
__iar_Dnorm             0x080055ef   0x44  Code  Gb  xdnorm.o [4]
__iar_Dscale            0x08005699  0x11c  Code  Gb  xdscale.o [4]
__iar_Errno             0x20000584    0x4  Data  Gb  errno.o [3]
__iar_Memchr            0x08005549   0x18  Code  Gb  memchr.o [5]
__iar_Memset4_word      0x08005c4d         Code  Gb  ABImemset.o [5]
__iar_Stoul             0x08003737    0xa  Code  Gb  xstoul.o [3]
__iar_Stoulx            0x08003611  0x126  Code  Gb  xstoul.o [3]
__iar_Strchr            0x08005571   0x14  Code  Gb  strchr.o [5]
__iar_Strstr            0x0800478f   0x38  Code  Gb  strstr.o [3]
__iar_d2uiz             0x080057dd         Code  Gb  DblToI32.o [4]
__iar_data_init3        0x08006b81   0x28  Code  Gb  data_init.o [5]
__iar_dlib_perthread_access
                        0x08005e43    0x2  Code  Gb  xtls.o [3]
__iar_packbits_init3    0x08006953   0xb6  Code  Gb  packbits_init.o [5]
__iar_program_start     0x080076f5         Code  Gb  cstartup_M.o [5]
__iar_ui2d              0x08005821         Code  Gb  I32ToDbl.o [4]
__iar_zero_init3        0x08006b1d   0x3c  Code  Gb  zero_init3.o [5]
__low_level_init        0x080073a7    0x4  Code  Gb  low_level_init.o [3]
__vector_table          0x08000000         Data  Gb  startup_stm32f030.o [1]
_acDownBuffer           0x20001740   0x34  Data  Lc  SEGGER_RTT.o [1]
_acUpBuffer             0x200014bc  0x12c  Data  Lc  SEGGER_RTT.o [1]
_call_main              0x08007399         Code  Gb  cmain.o [5]
_exit                   0x080073b5         Code  Gb  cexit.o [5]
_main                   0x080073a3         Code  Gb  cmain.o [5]
abort                   0x08006a09    0xa  Code  Gb  abort.o [3]
atoi                    0x08002a49    0xc  Code  Gb  atoi.o [3]
bsp_USART_ParameterRedistribution
                        0x08002fdb   0x98  Code  Lc  stm32f0xx_bsp_usart.o [1]
digits                  0x08003740   0x28  Data  Lc  xstoul.o [3]
div                     0x08005c2b   0x20  Code  Gb  div.o [3]
exit                    0x080073ab    0x8  Code  Gb  exit.o [3]
g_AT_ReceiveBuf         0x20000000  0x264  Data  Gb  gprs_cache.o [1]
g_GprsTask_Id           0x200017f0    0x1  Data  Gb  gprs_task.o [1]
g_HalTask_Id            0x200017f1    0x1  Data  Gb  hal_task.o [1]
g_LogLevelText          0x20000530   0x1c  Data  Gb  clog.o [1]
g_Machine_ReceiveBuf    0x20000578    0xc  Data  Gb  gprs_cache.o [1]
g_Machine_TransmitBuf   0x2000056c    0xc  Data  Gb  gprs_cache.o [1]
g_SystemInfo            0x200015e8   0xe0  Data  Gb  system_info.o [1]
g_TasksEvents           0x200017c8    0xc  Data  Gb  osal_task.o [1]
g_TasksFnArr            0x080076d0    0xc  Data  Gb  osal_task.o [1]
g_UserTask_Id           0x200017f4    0x1  Data  Gb  user_task.o [1]
g_ZSProtoMakeCache      0x20000fb8  0x1f8  Data  Gb  zsproto.o [1]
g_ZSProto_Seq           0x200017e8    0x4  Data  Gb  zsproto.o [1]
gprs_add_state          0x080000b5   0x3e  Code  Lc  gprs_process.o [1]
gprs_attribute_deinit   0x0800073d   0x1a  Code  Lc  gprs_process.o [1]
gprs_check_param        0x080017b9   0x62  Code  Lc  gprs_commond.o [1]
gprs_check_process      0x080002ad  0x422  Code  Lc  gprs_process.o [1]
gprs_getnoackLen        0x08000761   0x5e  Code  Lc  gprs_process.o [1]
gprs_idle_process       0x080006e5   0x10  Code  Lc  gprs_process.o [1]
gprs_linkstate_report   0x080007c5   0x28  Code  Lc  gprs_process.o [1]
gprs_msg_queue_clear    0x080006f5   0x14  Code  Lc  gprs_process.o [1]
gprs_socket_deinit      0x0800070d   0x26  Code  Lc  gprs_process.o [1]
gprs_update_request     0x0800012f   0xa8  Code  Lc  gprs_process.o [1]
gprs_update_socket      0x080001d7   0xba  Code  Lc  gprs_process.o [1]
gprs_update_state       0x080000f3   0x3c  Code  Lc  gprs_process.o [1]
len                     0x200017f3    0x1  Data  Lc  stm32f0xx_it.o [1]
main                    0x08007341   0x1c  Code  Gb  main.o [1]
maintain_apd_process    0x08004a75   0x96  Code  Lc  maintain_process.o [1]
month_length            0x08002adb   0x28  Code  Lc  osal_clock.o [1]
ndigs                   0x08003768   0x28  Data  Lc  xstoul.o [3]
osalRun                 0x0800339b   0x88  Code  Lc  osal_core.o [1]
osalTimeUpdate          0x08003381   0x1a  Code  Lc  osal_core.o [1]
osalTimerAdd            0x0800325d   0x78  Code  Gb  osal_timer.o [1]
osalTimerAlloc          0x080031cd   0x5e  Code  Gb  osal_timer.o [1]
osalTimerFind           0x0800322b   0x32  Code  Gb  osal_timer.o [1]
s_BSPLedControlTable    0x20001774   0x30  Data  Lc  bsp_led.o [1]
s_GPRSMsgQueue          0x2000054c   0x10  Data  Lc  gprs_process.o [1]
s_GPRS_CB               0x2000046c   0xc4  Data  Lc  gprs_process.o [1]
s_GPRS_USARTParams      0x200017b8   0x10  Data  Lc  stm32f0xx_bsp_usart.o [1]
s_LogLevel              0x20000588    0x1  Data  Lc  rtt_log.o [1]
s_RTTLog                0x200017a4   0x14  Data  Gb  clog.o [1]
s_RTTLogBuf             0x20001390  0x12c  Data  Lc  rtt_log.o [1]
s_Systick_Ticks         0x200017e4    0x4  Data  Gb  stm32f0xx_bsp_systick.o [1]
s_USART1_ReceiveCompleteFlag
                        0x200017f2    0x1  Data  Lc  stm32f0xx_it.o [1]
s_ZSProtoFlowCacheList  0x20000d8c  0x22c  Data  Lc  zsproto.o [1]
s_osalClock_ElapsedMs   0x200017d8    0x4  Data  Lc  osal_clock.o [1]
s_osalClock_MilliSeconds
                        0x200017ec    0x2  Data  Lc  osal_clock.o [1]
s_osalClock_Seconds     0x200017d4    0x4  Data  Lc  osal_clock.o [1]
s_osalTimerHead         0x200017e0    0x4  Data  Lc  osal_timer.o [1]
s_osalTimerMemHeap      0x200011b0  0x1e0  Data  Lc  osal_timer.o [1]
sprintf                 0x08002cbd   0x38  Code  Gb  sprintf.o [3]
strcpy                  0x0800618d         Code  Gb  strcpy.o [5]
strlen                  0x08001bb9   0x10  Code  Gb  strlen.o [5]
strstr                  0x08002cf5   0x10  Code  Gb  gprs_process.o [1]
vsnprintf               0x08006399   0x3c  Code  Gb  vsnprint.o [3]
zsproto_flow_decode     0x080047c9   0xfa  Code  Lc  zsproto.o [1]


[1] = C:\Users\Administrator\Desktop\M26-DTU\stm32f030x8\projects\stm32f10x_std\IAR\Debug\Obj
[2] = command line
[3] = dl6M_tln.a
[4] = m6M_tl.a
[5] = rt6M_tl.a
[6] = shb_l.a

  27 630 bytes of readonly  code memory
   3 075 bytes of readonly  data memory
   8 181 bytes of readwrite data memory

Errors: none
Warnings: none
