###############################################################################
#
# IAR ELF Linker V7.40.3.8902/W32 for ARM                 21/Nov/2018  10:26:25
# Copyright 2007-2015 IAR Systems AB.
#
#    Output file  =  
#        C:\Users\Administrator\Desktop\M26-DTU\stm32f030x8\projects\stm32f10x_std\IAR\Debug\Exe\c.out
#    Map file     =  
#        C:\Users\Administrator\Desktop\M26-DTU\stm32f030x8\projects\stm32f10x_std\IAR\Debug\List\c.map
#    Command line =  
#        C:\Users\Administrator\Desktop\M26-DTU\stm32f030x8\projects\stm32f10x_std\IAR\Debug\Obj\bsp_gprs.o
#        C:\Users\Administrator\Desktop\M26-DTU\stm32f030x8\projects\stm32f10x_std\IAR\Debug\Obj\bsp_init.o
#        C:\Users\Administrator\Desktop\M26-DTU\stm32f030x8\projects\stm32f10x_std\IAR\Debug\Obj\bsp_led.o
#        C:\Users\Administrator\Desktop\M26-DTU\stm32f030x8\projects\stm32f10x_std\IAR\Debug\Obj\clog.o
#        C:\Users\Administrator\Desktop\M26-DTU\stm32f030x8\projects\stm32f10x_std\IAR\Debug\Obj\cqueue.o
#        C:\Users\Administrator\Desktop\M26-DTU\stm32f030x8\projects\stm32f10x_std\IAR\Debug\Obj\crc.o
#        C:\Users\Administrator\Desktop\M26-DTU\stm32f030x8\projects\stm32f10x_std\IAR\Debug\Obj\cshell.o
#        C:\Users\Administrator\Desktop\M26-DTU\stm32f030x8\projects\stm32f10x_std\IAR\Debug\Obj\cshell_port.o
#        C:\Users\Administrator\Desktop\M26-DTU\stm32f030x8\projects\stm32f10x_std\IAR\Debug\Obj\cshell_user.o
#        C:\Users\Administrator\Desktop\M26-DTU\stm32f030x8\projects\stm32f10x_std\IAR\Debug\Obj\cstring.o
#        C:\Users\Administrator\Desktop\M26-DTU\stm32f030x8\projects\stm32f10x_std\IAR\Debug\Obj\flash_log.o
#        C:\Users\Administrator\Desktop\M26-DTU\stm32f030x8\projects\stm32f10x_std\IAR\Debug\Obj\gprs_cache.o
#        C:\Users\Administrator\Desktop\M26-DTU\stm32f030x8\projects\stm32f10x_std\IAR\Debug\Obj\gprs_commond.o
#        C:\Users\Administrator\Desktop\M26-DTU\stm32f030x8\projects\stm32f10x_std\IAR\Debug\Obj\gprs_process.o
#        C:\Users\Administrator\Desktop\M26-DTU\stm32f030x8\projects\stm32f10x_std\IAR\Debug\Obj\gprs_task.o
#        C:\Users\Administrator\Desktop\M26-DTU\stm32f030x8\projects\stm32f10x_std\IAR\Debug\Obj\hal_task.o
#        C:\Users\Administrator\Desktop\M26-DTU\stm32f030x8\projects\stm32f10x_std\IAR\Debug\Obj\led_process.o
#        C:\Users\Administrator\Desktop\M26-DTU\stm32f030x8\projects\stm32f10x_std\IAR\Debug\Obj\main.o
#        C:\Users\Administrator\Desktop\M26-DTU\stm32f030x8\projects\stm32f10x_std\IAR\Debug\Obj\maintain_process.o
#        C:\Users\Administrator\Desktop\M26-DTU\stm32f030x8\projects\stm32f10x_std\IAR\Debug\Obj\osal.o
#        C:\Users\Administrator\Desktop\M26-DTU\stm32f030x8\projects\stm32f10x_std\IAR\Debug\Obj\osal_cfg.o
#        C:\Users\Administrator\Desktop\M26-DTU\stm32f030x8\projects\stm32f10x_std\IAR\Debug\Obj\osal_clock.o
#        C:\Users\Administrator\Desktop\M26-DTU\stm32f030x8\projects\stm32f10x_std\IAR\Debug\Obj\osal_core.o
#        C:\Users\Administrator\Desktop\M26-DTU\stm32f030x8\projects\stm32f10x_std\IAR\Debug\Obj\osal_cpu.o
#        C:\Users\Administrator\Desktop\M26-DTU\stm32f030x8\projects\stm32f10x_std\IAR\Debug\Obj\osal_msg.o
#        C:\Users\Administrator\Desktop\M26-DTU\stm32f030x8\projects\stm32f10x_std\IAR\Debug\Obj\osal_task.o
#        C:\Users\Administrator\Desktop\M26-DTU\stm32f030x8\projects\stm32f10x_std\IAR\Debug\Obj\osal_timeout.o
#        C:\Users\Administrator\Desktop\M26-DTU\stm32f030x8\projects\stm32f10x_std\IAR\Debug\Obj\osal_timer.o
#        C:\Users\Administrator\Desktop\M26-DTU\stm32f030x8\projects\stm32f10x_std\IAR\Debug\Obj\rtt_log.o
#        C:\Users\Administrator\Desktop\M26-DTU\stm32f030x8\projects\stm32f10x_std\IAR\Debug\Obj\SEGGER_RTT.o
#        C:\Users\Administrator\Desktop\M26-DTU\stm32f030x8\projects\stm32f10x_std\IAR\Debug\Obj\SEGGER_RTT_printf.o
#        C:\Users\Administrator\Desktop\M26-DTU\stm32f030x8\projects\stm32f10x_std\IAR\Debug\Obj\serial_log.o
#        C:\Users\Administrator\Desktop\M26-DTU\stm32f030x8\projects\stm32f10x_std\IAR\Debug\Obj\startup_stm32f030.o
#        C:\Users\Administrator\Desktop\M26-DTU\stm32f030x8\projects\stm32f10x_std\IAR\Debug\Obj\stm32f0xx_adc.o
#        C:\Users\Administrator\Desktop\M26-DTU\stm32f030x8\projects\stm32f10x_std\IAR\Debug\Obj\stm32f0xx_bsp_dma.o
#        C:\Users\Administrator\Desktop\M26-DTU\stm32f030x8\projects\stm32f10x_std\IAR\Debug\Obj\stm32f0xx_bsp_flash.o
#        C:\Users\Administrator\Desktop\M26-DTU\stm32f030x8\projects\stm32f10x_std\IAR\Debug\Obj\stm32f0xx_bsp_gpio.o
#        C:\Users\Administrator\Desktop\M26-DTU\stm32f030x8\projects\stm32f10x_std\IAR\Debug\Obj\stm32f0xx_bsp_nvic.o
#        C:\Users\Administrator\Desktop\M26-DTU\stm32f030x8\projects\stm32f10x_std\IAR\Debug\Obj\stm32f0xx_bsp_systick.o
#        C:\Users\Administrator\Desktop\M26-DTU\stm32f030x8\projects\stm32f10x_std\IAR\Debug\Obj\stm32f0xx_bsp_timer.o
#        C:\Users\Administrator\Desktop\M26-DTU\stm32f030x8\projects\stm32f10x_std\IAR\Debug\Obj\stm32f0xx_bsp_usart.o
#        C:\Users\Administrator\Desktop\M26-DTU\stm32f030x8\projects\stm32f10x_std\IAR\Debug\Obj\stm32f0xx_can.o
#        C:\Users\Administrator\Desktop\M26-DTU\stm32f030x8\projects\stm32f10x_std\IAR\Debug\Obj\stm32f0xx_cec.o
#        C:\Users\Administrator\Desktop\M26-DTU\stm32f030x8\projects\stm32f10x_std\IAR\Debug\Obj\stm32f0xx_comp.o
#        C:\Users\Administrator\Desktop\M26-DTU\stm32f030x8\projects\stm32f10x_std\IAR\Debug\Obj\stm32f0xx_crc.o
#        C:\Users\Administrator\Desktop\M26-DTU\stm32f030x8\projects\stm32f10x_std\IAR\Debug\Obj\stm32f0xx_crs.o
#        C:\Users\Administrator\Desktop\M26-DTU\stm32f030x8\projects\stm32f10x_std\IAR\Debug\Obj\stm32f0xx_dac.o
#        C:\Users\Administrator\Desktop\M26-DTU\stm32f030x8\projects\stm32f10x_std\IAR\Debug\Obj\stm32f0xx_dbgmcu.o
#        C:\Users\Administrator\Desktop\M26-DTU\stm32f030x8\projects\stm32f10x_std\IAR\Debug\Obj\stm32f0xx_dma.o
#        C:\Users\Administrator\Desktop\M26-DTU\stm32f030x8\projects\stm32f10x_std\IAR\Debug\Obj\stm32f0xx_exti.o
#        C:\Users\Administrator\Desktop\M26-DTU\stm32f030x8\projects\stm32f10x_std\IAR\Debug\Obj\stm32f0xx_flash.o
#        C:\Users\Administrator\Desktop\M26-DTU\stm32f030x8\projects\stm32f10x_std\IAR\Debug\Obj\stm32f0xx_gpio.o
#        C:\Users\Administrator\Desktop\M26-DTU\stm32f030x8\projects\stm32f10x_std\IAR\Debug\Obj\stm32f0xx_i2c.o
#        C:\Users\Administrator\Desktop\M26-DTU\stm32f030x8\projects\stm32f10x_std\IAR\Debug\Obj\stm32f0xx_it.o
#        C:\Users\Administrator\Desktop\M26-DTU\stm32f030x8\projects\stm32f10x_std\IAR\Debug\Obj\stm32f0xx_iwdg.o
#        C:\Users\Administrator\Desktop\M26-DTU\stm32f030x8\projects\stm32f10x_std\IAR\Debug\Obj\stm32f0xx_misc.o
#        C:\Users\Administrator\Desktop\M26-DTU\stm32f030x8\projects\stm32f10x_std\IAR\Debug\Obj\stm32f0xx_pwr.o
#        C:\Users\Administrator\Desktop\M26-DTU\stm32f030x8\projects\stm32f10x_std\IAR\Debug\Obj\stm32f0xx_rcc.o
#        C:\Users\Administrator\Desktop\M26-DTU\stm32f030x8\projects\stm32f10x_std\IAR\Debug\Obj\stm32f0xx_rtc.o
#        C:\Users\Administrator\Desktop\M26-DTU\stm32f030x8\projects\stm32f10x_std\IAR\Debug\Obj\stm32f0xx_spi.o
#        C:\Users\Administrator\Desktop\M26-DTU\stm32f030x8\projects\stm32f10x_std\IAR\Debug\Obj\stm32f0xx_syscfg.o
#        C:\Users\Administrator\Desktop\M26-DTU\stm32f030x8\projects\stm32f10x_std\IAR\Debug\Obj\stm32f0xx_tim.o
#        C:\Users\Administrator\Desktop\M26-DTU\stm32f030x8\projects\stm32f10x_std\IAR\Debug\Obj\stm32f0xx_usart.o
#        C:\Users\Administrator\Desktop\M26-DTU\stm32f030x8\projects\stm32f10x_std\IAR\Debug\Obj\stm32f0xx_wwdg.o
#        C:\Users\Administrator\Desktop\M26-DTU\stm32f030x8\projects\stm32f10x_std\IAR\Debug\Obj\system_info.o
#        C:\Users\Administrator\Desktop\M26-DTU\stm32f030x8\projects\stm32f10x_std\IAR\Debug\Obj\system_init.o
#        C:\Users\Administrator\Desktop\M26-DTU\stm32f030x8\projects\stm32f10x_std\IAR\Debug\Obj\system_param.o
#        C:\Users\Administrator\Desktop\M26-DTU\stm32f030x8\projects\stm32f10x_std\IAR\Debug\Obj\system_stm32f0xx.o
#        C:\Users\Administrator\Desktop\M26-DTU\stm32f030x8\projects\stm32f10x_std\IAR\Debug\Obj\user_task.o
#        C:\Users\Administrator\Desktop\M26-DTU\stm32f030x8\projects\stm32f10x_std\IAR\Debug\Obj\zsproto.o
#        C:\Users\Administrator\Desktop\M26-DTU\stm32f030x8\projects\stm32f10x_std\IAR\Debug\Obj\zsproto_package_process.o
#        C:\Users\Administrator\Desktop\M26-DTU\stm32f030x8\projects\stm32f10x_std\IAR\Debug\Obj\zsproto_penetrate_process.o
#        -o
#        C:\Users\Administrator\Desktop\M26-DTU\stm32f030x8\projects\stm32f10x_std\IAR\Debug\Exe\c.out
#        --map
#        C:\Users\Administrator\Desktop\M26-DTU\stm32f030x8\projects\stm32f10x_std\IAR\Debug\List\c.map
#        --config "D:\Program Files (x86)\IAR Systems\Embedded Workbench
#        7.2\arm\config\linker\ST\stm32f030x8.icf" --semihosting --entry
#        __iar_program_start --vfe
#
###############################################################################

*******************************************************************************
*** RUNTIME MODEL ATTRIBUTES
***

CppFlavor       = *
__SystemLibrary = DLib


*******************************************************************************
*** PLACEMENT SUMMARY
***

"A1":  place at 0x08000000 { ro section .intvec };
"P1":  place in [from 0x08000000 to 0x0800ffff] { ro };
"P2":  place in [from 0x20000000 to 0x20001fff] { rw, block CSTACK, block HEAP };

  Section             Kind        Address    Size  Object
  -------             ----        -------    ----  ------
"A1":                                        0xb4
  .intvec             ro code  0x08000000    0xb4  startup_stm32f030.o [1]
                             - 0x080000b4    0xb4

"P1":                                      0x7659
  .text               ro code  0x080000b4  0x1604  gprs_process.o [1]
  .text               ro code  0x080016b8    0xe0  I32DivModFast.o [5]
  .text               ro code  0x08001798   0x308  gprs_commond.o [1]
  .text               ro code  0x08001aa0    0xf8  gprs_task.o [1]
  .text               ro code  0x08001b98    0x10  strlen.o [5]
  .text               ro code  0x08001ba8   0xe70  zsproto_package_process.o [1]
  .text               ro code  0x08002a18     0xc  atoi.o [3]
  .text               ro code  0x08002a24   0x204  osal_clock.o [1]
  .text               ro code  0x08002c28    0x44  bsp_gprs.o [1]
  .text               ro code  0x08002c6c    0x16  uread4.o [5]
  .text               ro code  0x08002c82     0xa  xsprout.o [3]
  .text               ro code  0x08002c8c    0x38  sprintf.o [3]
  .text               ro code  0x08002cc4    0x10  gprs_process.o [1]
  .text               ro code  0x08002cd4    0x88  user_task.o [1]
  .text               ro code  0x08002d5c     0x2  IntDivZer.o [5]
  .rodata             const    0x08002d5e     0x2  clog.o [1]
  .text               ro code  0x08002d60   0x3cc  stm32f0xx_bsp_usart.o [1]
  .text               ro code  0x0800312c    0x5c  ABImemcpy.o [5]
  .text               ro code  0x08003188   0x1bc  osal_timer.o [1]
  .text               ro code  0x08003344    0xf8  osal_core.o [1]
  .text               ro code  0x0800343c    0x14  uwrite4.o [5]
  .text               ro code  0x08003450   0x194  system_param.o [1]
  .text               ro code  0x080035e4   0x180  xstoul.o [3]
  .text               ro code  0x08003764   0x140  stm32f0xx_gpio.o [1]
  .text               ro code  0x080038a4   0xebe  xprintffull_nomb.o [3]
  .text               ro code  0x08004762    0x38  strstr.o [3]
  .text               ro code  0x0800479a     0x2  startup_stm32f030.o [1]
  .text               ro code  0x0800479c   0x298  zsproto.o [1]
  .text               ro code  0x08004a34   0x1dc  maintain_process.o [1]
  .text               ro code  0x08004c10   0x300  stm32f0xx_rcc.o [1]
  .text               ro code  0x08004f10   0x2f2  stm32f0xx_usart.o [1]
  .text               ro code  0x08005202     0x2  startup_stm32f030.o [1]
  .text               ro code  0x08005204    0x78  stm32f0xx_misc.o [1]
  .text               ro code  0x0800527c   0x120  stm32f0xx_bsp_dma.o [1]
  .text               ro code  0x0800539c    0xa0  stm32f0xx_dma.o [1]
  .text               ro code  0x0800543c     0x2  osal_msg.o [1]
  .text               ro code  0x0800543e    0x24  osal_task.o [1]
  .text               ro code  0x08005462    0x86  stm32f0xx_bsp_flash.o [1]
  .text               ro code  0x080054e8    0x4c  crc.o [1]
  .text               ro code  0x08005534    0x18  memchr.o [5]
  .text               ro code  0x0800554c    0x10  errno.o [3]
  .text               ro code  0x0800555c    0x14  strchr.o [5]
  .text               ro code  0x08005570    0x6a  I64DivMod.o [5]
  .text               ro code  0x080055da    0x44  xdnorm.o [4]
  .text               ro code  0x0800561e    0x32  DblCmpLe.o [4]
  .text               ro code  0x08005650    0x32  DblCmpGe.o [4]
  .text               ro code  0x08005682     0x2  startup_stm32f030.o [1]
  .text               ro code  0x08005684   0x11c  xdscale.o [4]
  .text               ro code  0x080057a0    0x52  DblToI32.o [4]
  .text               ro code  0x080057f2     0x2  startup_stm32f030.o [1]
  .text               ro code  0x080057f4    0x34  I32ToDbl.o [4]
  .text               ro code  0x08005828   0x1a8  DblAddSub.o [4]
  .text               ro code  0x080059d0   0x184  DblMul.o [4]
  .text               ro code  0x08005b54    0xc2  DblDiv.o [4]
  .text               ro code  0x08005c16    0x20  div.o [3]
  .text               ro code  0x08005c36     0x2  startup_stm32f030.o [1]
  .text               ro code  0x08005c38    0x38  zsproto_penetrate_process.o [1]
  .text               ro code  0x08005c70    0x4c  hal_task.o [1]
  .text               ro code  0x08005cbc   0x13e  stm32f0xx_flash.o [1]
  .text               ro code  0x08005dfa     0x2  xtls.o [3]
  .text               ro code  0x08005dfc     0x2  I64DivZer.o [5]
  .text               ro code  0x08005dfe     0x2  startup_stm32f030.o [1]
  .text               ro code  0x08005e00   0x104  bsp_led.o [1]
  .text               ro code  0x08005f04   0x240  SEGGER_RTT.o [1]
  .text               ro code  0x08006144    0x10  strcpy.o [5]
  .text               ro code  0x08006154   0x1c4  rtt_log.o [1]
  .text               ro code  0x08006318    0x38  clog.o [1]
  .text               ro code  0x08006350    0x3c  vsnprint.o [3]
  .text               ro code  0x0800638c   0x1c0  stm32f0xx_tim.o [1]
  .text               ro code  0x0800654c   0x160  system_stm32f0xx.o [1]
  .text               ro code  0x080066ac   0x13e  stm32f0xx_it.o [1]
  .text               ro code  0x080067ea     0x2  startup_stm32f030.o [1]
  .text               ro code  0x080067ec    0xfc  stm32f0xx_bsp_systick.o [1]
  .text               ro code  0x080068e8    0xd8  packbits_init.o [5]
  .text               ro code  0x080069c0     0xa  abort.o [3]
  .text               ro code  0x080069ca     0x2  startup_stm32f030.o [1]
  .text               ro code  0x080069cc    0x14  exit.o [6]
  .text               ro code  0x080069e0    0x64  stm32f0xx_bsp_timer.o [1]
  .rodata             const    0x08006a44    0x54  bsp_led.o [1]
  .text               ro code  0x08006a98    0x3c  startup_stm32f030.o [1]
  .text               ro code  0x08006ad4    0x3c  zero_init3.o [5]
  .text               ro code  0x08006b10    0x28  data_init.o [5]
  .text               ro code  0x08006b38    0x26  bsp_init.o [1]
  .text               ro code  0x08006b5e     0x2  startup_stm32f030.o [1]
  .rodata             const    0x08006b60    0x24  maintain_process.o [1]
  .rodata             const    0x08006b84    0x24  zsproto_package_process.o [1]
  .rodata             const    0x08006ba8    0x24  zsproto_package_process.o [1]
  .rodata             const    0x08006bcc    0x24  zsproto_package_process.o [1]
  .rodata             const    0x08006bf0    0x24  zsproto_package_process.o [1]
  .iar.init_table     const    0x08006c14    0x2c  - Linker created -
  .rodata             const    0x08006c40    0x20  gprs_process.o [1]
  .rodata             const    0x08006c60    0x20  gprs_process.o [1]
  .rodata             const    0x08006c80    0x20  gprs_process.o [1]
  .rodata             const    0x08006ca0    0x20  gprs_process.o [1]
  .rodata             const    0x08006cc0    0x20  gprs_process.o [1]
  .rodata             const    0x08006ce0    0x20  gprs_process.o [1]
  .rodata             const    0x08006d00    0x20  gprs_process.o [1]
  .rodata             const    0x08006d20    0x20  gprs_process.o [1]
  .rodata             const    0x08006d40    0x20  gprs_process.o [1]
  .rodata             const    0x08006d60    0x20  gprs_process.o [1]
  .rodata             const    0x08006d80    0x20  gprs_process.o [1]
  .rodata             const    0x08006da0    0x20  gprs_process.o [1]
  .rodata             const    0x08006dc0    0x20  gprs_process.o [1]
  .rodata             const    0x08006de0    0x20  gprs_process.o [1]
  .rodata             const    0x08006e00    0x20  maintain_process.o [1]
  .rodata             const    0x08006e20    0x20  maintain_process.o [1]
  .rodata             const    0x08006e40    0x20  maintain_process.o [1]
  .rodata             const    0x08006e60    0x20  system_param.o [1]
  .rodata             const    0x08006e80    0x20  zsproto.o [1]
  .rodata             const    0x08006ea0    0x20  zsproto_package_process.o [1]
  .rodata             const    0x08006ec0    0x20  zsproto_package_process.o [1]
  .rodata             const    0x08006ee0    0x20  zsproto_package_process.o [1]
  .rodata             const    0x08006f00    0x20  zsproto_package_process.o [1]
  .rodata             const    0x08006f20    0x20  zsproto_package_process.o [1]
  .rodata             const    0x08006f40    0x20  zsproto_package_process.o [1]
  .rodata             const    0x08006f60    0x1c  gprs_process.o [1]
  .rodata             const    0x08006f7c    0x1c  gprs_process.o [1]
  .rodata             const    0x08006f98    0x1c  gprs_process.o [1]
  .rodata             const    0x08006fb4    0x1c  gprs_process.o [1]
  .rodata             const    0x08006fd0    0x1c  gprs_process.o [1]
  .rodata             const    0x08006fec    0x1c  gprs_process.o [1]
  .rodata             const    0x08007008    0x1c  gprs_process.o [1]
  .rodata             const    0x08007024    0x1c  gprs_process.o [1]
  .rodata             const    0x08007040    0x1c  gprs_process.o [1]
  .rodata             const    0x0800705c    0x1c  gprs_process.o [1]
  .rodata             const    0x08007078    0x1c  gprs_process.o [1]
  .rodata             const    0x08007094    0x1c  gprs_process.o [1]
  .rodata             const    0x080070b0    0x1c  gprs_process.o [1]
  .rodata             const    0x080070cc    0x1c  gprs_process.o [1]
  .rodata             const    0x080070e8    0x1c  gprs_process.o [1]
  .rodata             const    0x08007104    0x1c  gprs_process.o [1]
  .rodata             const    0x08007120    0x1c  gprs_process.o [1]
  .rodata             const    0x0800713c    0x1c  maintain_process.o [1]
  .rodata             const    0x08007158    0x1c  system_param.o [1]
  .rodata             const    0x08007174    0x1c  zsproto.o [1]
  .rodata             const    0x08007190    0x1c  zsproto.o [1]
  .rodata             const    0x080071ac    0x1c  zsproto_package_process.o [1]
  .rodata             const    0x080071c8    0x1c  zsproto_package_process.o [1]
  .rodata             const    0x080071e4    0x1c  zsproto_package_process.o [1]
  .rodata             const    0x08007200    0x1c  zsproto_package_process.o [1]
  .rodata             const    0x0800721c    0x1c  zsproto_package_process.o [1]
  .rodata             const    0x08007238    0x1c  zsproto_package_process.o [1]
  .rodata             const    0x08007254    0x1c  zsproto_package_process.o [1]
  .rodata             const    0x08007270    0x1c  zsproto_package_process.o [1]
  .text               ro code  0x0800728c    0x1c  main.o [1]
  .text               ro code  0x080072a8     0xc  system_init.o [1]
  .text               ro code  0x080072b4     0x8  system_info.o [1]
  .text               ro code  0x080072bc    0x1c  xsnprout.o [3]
  .text               ro code  0x080072d8    0x1a  cmain.o [5]
  .text               ro code  0x080072f2     0x4  low_level_init.o [3]
  .text               ro code  0x080072f6     0x8  exit.o [3]
  .text               ro code  0x080072fe     0x2  startup_stm32f030.o [1]
  .text               ro code  0x08007300     0xa  cexit.o [5]
  .text               ro code  0x0800730a     0x2  startup_stm32f030.o [1]
  .rodata             const    0x0800730c    0x18  gprs_process.o [1]
  .rodata             const    0x08007324    0x18  gprs_process.o [1]
  .rodata             const    0x0800733c    0x18  gprs_process.o [1]
  .rodata             const    0x08007354    0x18  gprs_process.o [1]
  .rodata             const    0x0800736c    0x18  rtt_log.o [1]
  .rodata             const    0x08007384    0x18  zsproto_package_process.o [1]
  .rodata             const    0x0800739c    0x18  zsproto_package_process.o [1]
  .rodata             const    0x080073b4    0x18  zsproto_package_process.o [1]
  .rodata             const    0x080073cc    0x18  zsproto_package_process.o [1]
  .rodata             const    0x080073e4    0x18  xprintffull_nomb.o [3]
  .rodata             const    0x080073fc    0x14  gprs_process.o [1]
  .rodata             const    0x08007410    0x14  gprs_process.o [1]
  .rodata             const    0x08007424    0x14  gprs_process.o [1]
  .rodata             const    0x08007438    0x14  gprs_process.o [1]
  .rodata             const    0x0800744c    0x14  zsproto_package_process.o [1]
  .rodata             const    0x08007460    0x14  zsproto_package_process.o [1]
  .rodata             const    0x08007474    0x14  zsproto_package_process.o [1]
  .rodata             const    0x08007488    0x14  zsproto_package_process.o [1]
  .rodata             const    0x0800749c    0x14  zsproto_package_process.o [1]
  .rodata             const    0x080074b0    0x14  zsproto_package_process.o [1]
  .rodata             const    0x080074c4    0x14  zsproto_package_process.o [1]
  .rodata             const    0x080074d8    0x14  zsproto_package_process.o [1]
  .rodata             const    0x080074ec    0x14  zsproto_package_process.o [1]
  .rodata             const    0x08007500    0x10  gprs_process.o [1]
  .rodata             const    0x08007510    0x10  gprs_process.o [1]
  .rodata             const    0x08007520    0x10  gprs_process.o [1]
  .rodata             const    0x08007530    0x10  gprs_process.o [1]
  .rodata             const    0x08007540    0x10  gprs_process.o [1]
  .rodata             const    0x08007550    0x10  system_param.o [1]
  .rodata             const    0x08007560    0x10  system_param.o [1]
  .rodata             const    0x08007570    0x10  system_param.o [1]
  .rodata             const    0x08007580     0xc  gprs_process.o [1]
  .rodata             const    0x0800758c     0xc  gprs_process.o [1]
  .rodata             const    0x08007598     0xc  gprs_process.o [1]
  .rodata             const    0x080075a4     0xc  gprs_process.o [1]
  .rodata             const    0x080075b0     0xc  gprs_process.o [1]
  .rodata             const    0x080075bc     0xc  gprs_process.o [1]
  .rodata             const    0x080075c8     0xc  gprs_process.o [1]
  .rodata             const    0x080075d4     0xc  gprs_process.o [1]
  .rodata             const    0x080075e0     0xc  gprs_process.o [1]
  .rodata             const    0x080075ec     0xc  osal_task.o [1]
  .rodata             const    0x080075f8     0xc  SEGGER_RTT.o [1]
  .rodata             const    0x08007604     0xc  zsproto_package_process.o [1]
  .text               ro code  0x08007610     0xc  cstartup_M.o [5]
  .rodata             const    0x0800761c     0x8  clog.o [1]
  .rodata             const    0x08007624     0x8  clog.o [1]
  .rodata             const    0x0800762c     0x8  clog.o [1]
  .rodata             const    0x08007634     0x8  clog.o [1]
  .rodata             const    0x0800763c     0x8  clog.o [1]
  .rodata             const    0x08007644     0x8  clog.o [1]
  .rodata             const    0x0800764c     0x8  gprs_process.o [1]
  .rodata             const    0x08007654     0x8  gprs_process.o [1]
  .rodata             const    0x0800765c     0x8  gprs_process.o [1]
  .rodata             const    0x08007664     0x8  gprs_process.o [1]
  .rodata             const    0x0800766c     0x8  gprs_process.o [1]
  .rodata             const    0x08007674     0x8  gprs_process.o [1]
  .rodata             const    0x0800767c     0x8  gprs_process.o [1]
  .rodata             const    0x08007684     0x8  rtt_log.o [1]
  .rodata             const    0x0800768c     0x8  SEGGER_RTT.o [1]
  .text               ro code  0x08007694     0x2  startup_stm32f030.o [1]
  .text               ro code  0x08007696     0x2  startup_stm32f030.o [1]
  .text               ro code  0x08007698     0x2  startup_stm32f030.o [1]
  .text               ro code  0x0800769a     0x2  startup_stm32f030.o [1]
  .text               ro code  0x0800769c     0x2  startup_stm32f030.o [1]
  .text               ro code  0x0800769e     0x2  startup_stm32f030.o [1]
  .text               ro code  0x080076a0     0x2  startup_stm32f030.o [1]
  .text               ro code  0x080076a2     0x2  startup_stm32f030.o [1]
  .rodata             const    0x080076a4     0x0  zero_init3.o [5]
  .rodata             const    0x080076a4     0x0  packbits_init.o [5]
  Initializer bytes   const    0x080076a4    0x69  <for P2 s0>
                             - 0x0800770d  0x7659

"P2":                                      0x1e10
  P2 s0                        0x20000000   0x589  <Init block>
    .data             inited   0x20000000   0x264  gprs_cache.o [1]
    .data             inited   0x20000264   0x208  gprs_cache.o [1]
    .data             inited   0x2000046c    0xc4  gprs_process.o [1]
    .data             inited   0x20000530    0x1c  clog.o [1]
    .data             inited   0x2000054c    0x10  gprs_process.o [1]
    .data             inited   0x2000055c    0x10  stm32f0xx_rcc.o [1]
    .data             inited   0x2000056c     0xc  gprs_cache.o [1]
    .data             inited   0x20000578     0xc  gprs_cache.o [1]
    __DLIB_PERTHREAD  inited   0x20000584     0x4  errno.o [3]
    .data             inited   0x20000588     0x1  rtt_log.o [1]
  .bss                zero     0x2000058c   0x400  gprs_cache.o [1]
  .bss                zero     0x2000098c   0x400  gprs_cache.o [1]
  .bss                zero     0x20000d8c   0x1e0  osal_timer.o [1]
  .bss                zero     0x20000f6c   0x138  zsproto.o [1]
  .bss                zero     0x200010a4   0x12c  rtt_log.o [1]
  .bss                zero     0x200011d0   0x12c  SEGGER_RTT.o [1]
  .bss                zero     0x200012fc   0x104  zsproto.o [1]
  .bss                zero     0x20001400    0xe0  system_info.o [1]
  .bss                zero     0x200014e0    0x78  SEGGER_RTT.o [1]
  .bss                zero     0x20001558    0x34  SEGGER_RTT.o [1]
  .bss                zero     0x2000158c    0x30  bsp_led.o [1]
  .bss                zero     0x200015bc    0x14  clog.o [1]
  .bss                zero     0x200015d0    0x10  stm32f0xx_bsp_usart.o [1]
  .bss                zero     0x200015e0     0xc  osal_task.o [1]
  .bss                zero     0x200015ec     0x4  osal_clock.o [1]
  .bss                zero     0x200015f0     0x4  osal_clock.o [1]
  .bss                zero     0x200015f4     0x4  osal_core.o [1]
  .bss                zero     0x200015f8     0x4  osal_timer.o [1]
  .bss                zero     0x200015fc     0x4  stm32f0xx_bsp_systick.o [1]
  .bss                zero     0x20001600     0x4  zsproto.o [1]
  .bss                zero     0x20001604     0x2  osal_clock.o [1]
  .bss                zero     0x20001606     0x1  gprs_process.o [1]
  .bss                zero     0x20001607     0x1  gprs_process.o [1]
  .bss                zero     0x20001608     0x1  gprs_task.o [1]
  .bss                zero     0x20001609     0x1  hal_task.o [1]
  .bss                zero     0x2000160a     0x1  stm32f0xx_it.o [1]
  .bss                zero     0x2000160b     0x1  stm32f0xx_it.o [1]
  .bss                zero     0x2000160c     0x1  user_task.o [1]
  CSTACK                       0x20001610   0x800  <Block>
    CSTACK            uninit   0x20001610   0x800  <Block tail>
                             - 0x20001e10  0x1e10


*******************************************************************************
*** INIT TABLE
***

          Address     Size
          -------     ----
Zero (__iar_zero_init3)
    1 destination range, total size 0x1081:
          0x2000058c  0x1081

Copy/packbits (__iar_packbits_init3)
    1 source range, total size 0x69 (7% of destination):
          0x080076a4    0x69
    1 destination range, total size 0x589:
          0x20000000   0x589



*******************************************************************************
*** MODULE SUMMARY
***

    Module                       ro code  ro data  rw data
    ------                       -------  -------  -------
C:\Users\Administrator\Desktop\M26-DTU\stm32f030x8\projects\stm32f10x_std\IAR\Debug\Obj: [1]
    SEGGER_RTT.o                     576       20      472
    bsp_gprs.o                        68
    bsp_init.o                        38
    bsp_led.o                        260       84       48
    clog.o                            56       52       48
    crc.o                             76
    gprs_cache.o                               85    3 204
    gprs_commond.o                   776
    gprs_process.o                 5 652    1 360      214
    gprs_task.o                      248                 1
    hal_task.o                        76                 1
    main.o                            28
    maintain_process.o               476      160
    osal_clock.o                     516                10
    osal_core.o                      248                 4
    osal_msg.o                         2
    osal_task.o                       36       12       12
    osal_timer.o                     444               484
    rtt_log.o                        452       33      301
    startup_stm32f030.o              278
    stm32f0xx_bsp_dma.o              288
    stm32f0xx_bsp_flash.o            134
    stm32f0xx_bsp_systick.o          252                 4
    stm32f0xx_bsp_timer.o            100
    stm32f0xx_bsp_usart.o            972                16
    stm32f0xx_dma.o                  160
    stm32f0xx_flash.o                318
    stm32f0xx_gpio.o                 320
    stm32f0xx_it.o                   318                 2
    stm32f0xx_misc.o                 120
    stm32f0xx_rcc.o                  768        1       16
    stm32f0xx_tim.o                  448
    stm32f0xx_usart.o                754
    system_info.o                      8               224
    system_init.o                     12
    system_param.o                   404      108
    system_stm32f0xx.o               352
    user_task.o                      136                 1
    zsproto.o                        664       88      576
    zsproto_package_process.o      3 696      848
    zsproto_penetrate_process.o       56
    ------------------------------------------------------
    Total:                        20 586    2 851    5 638

command line: [2]
    ------------------------------------------------------
    Total:

dl6M_tln.a: [3]
    abort.o                           10
    atoi.o                            12
    div.o                             32
    errno.o                           16                 4
    exit.o                             8
    low_level_init.o                   4
    sprintf.o                         56
    strstr.o                          56
    vsnprint.o                        60
    xprintffull_nomb.o             3 774       24
    xsnprout.o                        28
    xsprout.o                         10
    xstoul.o                         384
    xtls.o                             2
    ------------------------------------------------------
    Total:                         4 452       24        4

m6M_tl.a: [4]
    DblAddSub.o                      424
    DblCmpGe.o                        50
    DblCmpLe.o                        50
    DblDiv.o                         194
    DblMul.o                         388
    DblToI32.o                        82
    I32ToDbl.o                        52
    xdnorm.o                          68
    xdscale.o                        284
    ------------------------------------------------------
    Total:                         1 592

rt6M_tl.a: [5]
    ABImemcpy.o                       92
    I32DivModFast.o                  224
    I64DivMod.o                      106
    I64DivZer.o                        2
    IntDivZer.o                        2
    cexit.o                           10
    cmain.o                           26
    cstartup_M.o                      12
    data_init.o                       40
    memchr.o                          24
    packbits_init.o                  216
    strchr.o                          20
    strcpy.o                          16
    strlen.o                          16
    uread4.o                          22
    uwrite4.o                         20
    zero_init3.o                      60
    ------------------------------------------------------
    Total:                           908

shb_l.a: [6]
    exit.o                            20
    ------------------------------------------------------
    Total:                            20

    Gaps                                                 3
    Linker created                             44    2 048
----------------------------------------------------------
    Grand Total:                  27 558    2 919    7 693


*******************************************************************************
*** ENTRY LIST
***

Entry                      Address   Size  Type      Object
-----                      -------   ----  ----      ------
.iar.init_table$$Base   0x08006c14          --   Gb  - Linker created -
.iar.init_table$$Limit  0x08006c40          --   Gb  - Linker created -
?main                   0x080072d9         Code  Gb  cmain.o [5]
ADC1_IRQHandler         0x080067df    0x2  Code  Gb  stm32f0xx_it.o [1]
APBAHBPrescTable        0x2000055c   0x10  Data  Lc  stm32f0xx_rcc.o [1]
BSP_DMA_USART_StructInit
                        0x0800527d  0x120  Code  Gb  stm32f0xx_bsp_dma.o [1]
BSP_FLASH_EraseSector   0x08005463   0x18  Code  Gb  stm32f0xx_bsp_flash.o [1]
BSP_FLASH_ReadBytes     0x080054cb   0x1e  Code  Gb  stm32f0xx_bsp_flash.o [1]
BSP_FLASH_WriteBytes    0x0800547b   0x50  Code  Gb  stm32f0xx_bsp_flash.o [1]
BSP_GPRS_PowerKeyHigh   0x08002c49   0x12  Code  Gb  bsp_gprs.o [1]
BSP_GPRS_PowerKeyLow    0x08002c5b   0x12  Code  Gb  bsp_gprs.o [1]
BSP_GPRS_PowerOff       0x08002c29    0xe  Code  Gb  bsp_gprs.o [1]
BSP_GPRS_PowerOn        0x08002c37    0xe  Code  Gb  bsp_gprs.o [1]
BSP_Init                0x08006b47   0x18  Code  Gb  bsp_init.o [1]
BSP_LED_Close           0x08005e99   0x3c  Code  Gb  bsp_led.o [1]
BSP_LED_Init            0x08005e01   0x5c  Code  Gb  bsp_led.o [1]
BSP_LED_Open            0x08005e5d   0x3c  Code  Gb  bsp_led.o [1]
BSP_LED_Toggle          0x08005ed5   0x26  Code  Gb  bsp_led.o [1]
BSP_SYSTICK_IncTick     0x080068c5    0xc  Code  Gb  stm32f0xx_bsp_systick.o [1]
BSP_SYSTICK_Open        0x080068a9   0x1c  Code  Gb  stm32f0xx_bsp_systick.o [1]
BSP_Timer_Init          0x080069e1   0x5e  Code  Gb  stm32f0xx_bsp_timer.o [1]
BSP_USART_IRQHandler    0x08002f8b   0x2c  Code  Gb  stm32f0xx_bsp_usart.o [1]
BSP_USART_Open          0x08002d61  0x1e0  Code  Gb  stm32f0xx_bsp_usart.o [1]
BSP_USART_ReadBytes     0x08003059   0x22  Code  Gb  stm32f0xx_bsp_usart.o [1]
BSP_USART_ReadBytesDMA  0x0800307b   0x68  Code  Lc  stm32f0xx_bsp_usart.o [1]
BSP_USART_WriteBytes    0x08002f41   0x4a  Code  Gb  stm32f0xx_bsp_usart.o [1]
Board_Init              0x08006b39    0xe  Code  Gb  bsp_init.o [1]
CLog_GetCurrentTaskID   0x08006319    0x4  Code  Gb  clog.o [1]
CLog_GetTime            0x0800631d   0x1c  Code  Gb  clog.o [1]
CLog_Init               0x08006339   0x14  Code  Gb  clog.o [1]
CRC16_Modbus            0x080054e9   0x44  Code  Gb  crc.o [1]
CSTACK$$Base            0x20001610          --   Gb  - Linker created -
CSTACK$$Limit           0x20001e10          --   Gb  - Linker created -
DMA1_Channel1_IRQHandler
                        0x080067dd    0x2  Code  Gb  stm32f0xx_it.o [1]
DMA_Cmd                 0x080053df   0x1c  Code  Gb  stm32f0xx_dma.o [1]
DMA_GetCurrDataCounter  0x08005429    0x6  Code  Gb  stm32f0xx_dma.o [1]
DMA_Init                0x0800539d   0x42  Code  Gb  stm32f0xx_dma.o [1]
DMA_RemapConfig         0x080053fb   0x2e  Code  Gb  stm32f0xx_dma.o [1]
FLASH_ClearFlag         0x08005d89    0x6  Code  Gb  stm32f0xx_flash.o [1]
FLASH_ErasePage         0x08005ce3   0x4e  Code  Gb  stm32f0xx_flash.o [1]
FLASH_GetStatus         0x08005d91   0x36  Code  Gb  stm32f0xx_flash.o [1]
FLASH_Lock              0x08005cd5    0xe  Code  Gb  stm32f0xx_flash.o [1]
FLASH_ProgramHalfWord   0x08005d31   0x42  Code  Gb  stm32f0xx_flash.o [1]
FLASH_Unlock            0x08005cbd   0x18  Code  Gb  stm32f0xx_flash.o [1]
FLASH_WaitForLastOperation
                        0x08005dcd   0x2e  Code  Gb  stm32f0xx_flash.o [1]
GPIO_Init               0x08003765   0xbe  Code  Gb  stm32f0xx_gpio.o [1]
GPIO_PinAFConfig        0x08003835   0x70  Code  Gb  stm32f0xx_gpio.o [1]
GPIO_WriteBit           0x08003823   0x12  Code  Gb  stm32f0xx_gpio.o [1]
GPRS_ACK_Process        0x080013a5  0x106  Code  Gb  gprs_process.o [1]
GPRS_Loop_Process       0x0800082d  0xb48  Code  Gb  gprs_process.o [1]
GPRS_SendData           0x0800199f   0xe6  Code  Gb  gprs_commond.o [1]
GPRS_WriteBytes         0x080017fb   0x14  Code  Gb  gprs_commond.o [1]
GprsTask_Init           0x08001aa1   0x3c  Code  Gb  gprs_task.o [1]
GprsTask_Process        0x08001add   0x9c  Code  Gb  gprs_task.o [1]
GprsTask_Send_Event     0x08001b79   0x10  Code  Gb  gprs_task.o [1]
Gprs_ACK_Check          0x0800180f   0x18  Code  Gb  gprs_commond.o [1]
Gprs_Add_Sockets        0x080014b5   0xb0  Code  Gb  gprs_process.o [1]
Gprs_Cmd_QIACK          0x080015ad   0x5c  Code  Gb  gprs_process.o [1]
Gprs_GetLinkState       0x08001617   0x42  Code  Gb  gprs_process.o [1]
Gprs_GetRssiValue       0x0800165d    0x6  Code  Gb  gprs_process.o [1]
Gprs_GetSocketAndLength
                        0x08001827  0x178  Code  Gb  gprs_commond.o [1]
Gprs_Reset_Moudle       0x08001609    0xe  Code  Gb  gprs_process.o [1]
Gprs_UpdateRssi         0x08001569   0x2e  Code  Gb  gprs_process.o [1]
HalTask_Init            0x08005c71   0x14  Code  Gb  hal_task.o [1]
HalTask_Process         0x08005c85   0x32  Code  Gb  hal_task.o [1]
HardFault_Handler       0x080066af    0x4  Code  Gb  stm32f0xx_it.o [1]
InStream_Read           0x080068e9   0x22  Code  Lc  packbits_init.o [5]
LED_IO                  0x08006a44   0x54  Data  Gb  bsp_led.o [1]
LoadInt                 0x08003e61   0x68  Code  Lc  xprintffull_nomb.o [3]
M26Trans_Buf            0x2000098c  0x400  Data  Gb  gprs_cache.o [1]
Maintain_Trans_Check    0x08004af7   0x88  Code  Gb  maintain_process.o [1]
Maintain_Trans_Process  0x08004a35   0x2c  Code  Gb  maintain_process.o [1]
NMI_Handler             0x080066ad    0x2  Code  Gb  stm32f0xx_it.o [1]
NVIC_Init               0x08005205   0x6a  Code  Gb  stm32f0xx_misc.o [1]
NVIC_SetPriority        0x080067ed   0x8a  Code  Lc  stm32f0xx_bsp_systick.o [1]
OS_Clock_ConvertToDateTime
                        0x08002ad3  0x144  Code  Gb  osal_clock.o [1]
OS_Clock_GetSeconds     0x08002a83   0x14  Code  Gb  osal_clock.o [1]
OS_Clock_GetSystemClock
                        0x08002a97   0x14  Code  Gb  osal_clock.o [1]
OS_Clock_Update         0x08002a25   0x5e  Code  Gb  osal_clock.o [1]
OS_Events_Set           0x080033ff   0x30  Code  Gb  osal_core.o [1]
OS_Init                 0x08003345   0x10  Code  Gb  osal_core.o [1]
OS_Msg_Init             0x0800543d    0x2  Code  Gb  osal_msg.o [1]
OS_Start                0x08003355    0x8  Code  Gb  osal_core.o [1]
OS_Task_Init            0x0800543f   0x24  Code  Gb  osal_task.o [1]
OS_Timer_Init           0x08003189   0x20  Code  Gb  osal_timer.o [1]
OS_Timer_Start          0x080032b1   0x28  Code  Gb  osal_timer.o [1]
OS_Timer_Update         0x080032d9   0x64  Code  Gb  osal_timer.o [1]
PendSV_Handler          0x080066b5    0x2  Code  Gb  stm32f0xx_it.o [1]
RCC_AHBPeriphClockCmd   0x08004e39   0x20  Code  Gb  stm32f0xx_rcc.o [1]
RCC_APB1PeriphClockCmd  0x08004e79   0x20  Code  Gb  stm32f0xx_rcc.o [1]
RCC_APB1PeriphResetCmd  0x08004ecd   0x20  Code  Gb  stm32f0xx_rcc.o [1]
RCC_APB2PeriphClockCmd  0x08004e59   0x20  Code  Gb  stm32f0xx_rcc.o [1]
RCC_APB2PeriphResetCmd  0x08004ea9   0x20  Code  Gb  stm32f0xx_rcc.o [1]
RCC_GetClocksFreq       0x08004c11  0x222  Code  Gb  stm32f0xx_rcc.o [1]
RTTLog_GetLogLevel      0x080062e3    0x6  Code  Lc  rtt_log.o [1]
RTTLog_Init             0x08006155   0x16  Code  Gb  rtt_log.o [1]
RTTLog_SetLogLevel      0x080062e9    0x6  Code  Lc  rtt_log.o [1]
RTTLog_Write            0x0800616b   0xb4  Code  Lc  rtt_log.o [1]
RTTLog_WriteRAW         0x080062cf   0x14  Code  Lc  rtt_log.o [1]
RTTLog_vprintf          0x0800621f   0xb0  Code  Lc  rtt_log.o [1]
Region$$Table$$Base     0x08006c14          --   Gb  - Linker created -
Region$$Table$$Limit    0x08006c40          --   Gb  - Linker created -
SEGGER_RTT_Write        0x0800610f   0x32  Code  Gb  SEGGER_RTT.o [1]
SEGGER_RTT_WriteNoLock  0x08006091   0x7e  Code  Gb  SEGGER_RTT.o [1]
SVC_Handler             0x080066b3    0x2  Code  Gb  stm32f0xx_it.o [1]
Server_Trans_Check      0x08004b7f   0x62  Code  Gb  maintain_process.o [1]
Server_receiveDataInfo  0x20000264  0x208  Data  Gb  gprs_cache.o [1]
SetSysClock             0x080065bb   0xbe  Code  Lc  system_stm32f0xx.o [1]
SysTick_Config          0x08006877   0x32  Code  Lc  stm32f0xx_bsp_systick.o [1]
SysTick_Handler         0x080066b7   0x14  Code  Gb  stm32f0xx_it.o [1]
SystemInfo_Init         0x080072b5    0x8  Code  Gb  system_info.o [1]
SystemInit              0x0800654d   0x6e  Code  Gb  system_stm32f0xx.o [1]
SystemParam_Init        0x08003451   0xd8  Code  Gb  system_param.o [1]
SystemParam_Save        0x08003529   0x46  Code  Gb  system_param.o [1]
System_Load             0x080072a9    0xc  Code  Gb  system_init.o [1]
TIM3_IRQHandler         0x08006727   0x88  Code  Gb  stm32f0xx_it.o [1]
TIM_ClearITPendingBit   0x08006545    0x8  Code  Gb  stm32f0xx_tim.o [1]
TIM_Cmd                 0x080064e5   0x1c  Code  Gb  stm32f0xx_tim.o [1]
TIM_DeInit              0x0800638d   0xf2  Code  Gb  stm32f0xx_tim.o [1]
TIM_ITConfig            0x0800652d   0x18  Code  Gb  stm32f0xx_tim.o [1]
TIM_TimeBaseInit        0x0800647f   0x66  Code  Gb  stm32f0xx_tim.o [1]
USART1_IRQHandler       0x080066cb   0x5c  Code  Gb  stm32f0xx_it.o [1]
USART2_IRQHandler       0x080067e1    0xa  Code  Gb  stm32f0xx_it.o [1]
USART2_Rx_Buf           0x2000058c  0x400  Data  Gb  gprs_cache.o [1]
USART_ClearITPendingBit
                        0x080051eb   0x18  Code  Gb  stm32f0xx_usart.o [1]
USART_Cmd               0x080050cf   0x1c  Code  Gb  stm32f0xx_usart.o [1]
USART_DMACmd            0x08005125   0x18  Code  Gb  stm32f0xx_usart.o [1]
USART_DeInit            0x08004f11   0xd8  Code  Gb  stm32f0xx_usart.o [1]
USART_GetITStatus       0x08005181   0x6a  Code  Gb  stm32f0xx_usart.o [1]
USART_ITConfig          0x0800513d   0x44  Code  Gb  stm32f0xx_usart.o [1]
USART_Init              0x08004fe9   0xe6  Code  Gb  stm32f0xx_usart.o [1]
USART_ReceiveData       0x08005111    0x8  Code  Gb  stm32f0xx_usart.o [1]
UserTask_Init           0x08002cd5   0x1e  Code  Gb  user_task.o [1]
UserTask_Process        0x08002cf3   0x52  Code  Gb  user_task.o [1]
UserTask_Send_Event     0x08002d45   0x10  Code  Gb  user_task.o [1]
ZSProto_ConfigGetReq_Process
                        0x080024ad   0x3c  Code  Gb  zsproto_package_process.o [1]
ZSProto_ConfigSetReq_Process
                        0x08001f79  0x508  Code  Gb  zsproto_package_process.o [1]
ZSProto_FlowAnalysis    0x08004895   0xc6  Code  Gb  zsproto.o [1]
ZSProto_FlowGetCacheIdleLength
                        0x0800496f   0x1c  Code  Gb  zsproto.o [1]
ZSProto_FlowSetCallback
                        0x0800495b   0x14  Code  Gb  zsproto.o [1]
ZSProto_IsPackage       0x0800498b   0x94  Code  Gb  zsproto.o [1]
ZSProto_LinkStateNotify_Process
                        0x08002a0b    0xe  Code  Gb  zsproto_package_process.o [1]
ZSProto_Make_ConfigGetResp
                        0x08002559  0x292  Code  Gb  zsproto_package_process.o [1]
ZSProto_Make_ConfigSetResp
                        0x08001ba9  0x292  Code  Gb  zsproto_package_process.o [1]
ZSProto_Make_LinkStateNotify
                        0x080028f1   0xe8  Code  Gb  zsproto_package_process.o [1]
ZSProto_Make_RssiNotify
                        0x080027f1   0xe8  Code  Gb  zsproto_package_process.o [1]
ZSProto_Make_SocketDataPackage
                        0x08001e3b   0xea  Code  Gb  zsproto_package_process.o [1]
ZSProto_RssiNotify_Process
                        0x080029fd    0xe  Code  Gb  zsproto_package_process.o [1]
ZSProto_SocketPcakSend_Process
                        0x08001f61   0x16  Code  Gb  zsproto_package_process.o [1]
ZSProto_TransparentData
                        0x08005c39   0x38  Code  Gb  zsproto_penetrate_process.o [1]
_DoInit                 0x08005f05   0x58  Code  Lc  SEGGER_RTT.o [1]
_GenldFullNoMb          0x08004491  0x2a0  Code  Lc  xprintffull_nomb.o [3]
_GetAvailWriteSpace     0x08006055   0x24  Code  Lc  SEGGER_RTT.o [1]
_LdtobFullNoMb          0x08003ffd  0x480  Code  Lc  xprintffull_nomb.o [3]
_LitobFullNoMb          0x08003ec9  0x12e  Code  Lc  xprintffull_nomb.o [3]
_PrintfFullNoMb         0x080038a5  0x5bc  Code  Gb  xprintffull_nomb.o [3]
_PutcharsFullNoMb       0x08004731   0x30  Code  Lc  xprintffull_nomb.o [3]
_SEGGER_RTT             0x200014e0   0x78  Data  Gb  SEGGER_RTT.o [1]
_SNProut                0x080072bd   0x1c  Code  Gb  xsnprout.o [3]
_SProut                 0x08002c83    0xa  Code  Gb  xsprout.o [3]
_WriteBlocking          0x08005f5d   0x88  Code  Lc  SEGGER_RTT.o [1]
_WriteNoCheck           0x08005fe5   0x70  Code  Lc  SEGGER_RTT.o [1]
__ICFEDIT_region_RAM_end__ {Abs}
                        0x20001fff          --   Gb  command line/config [2]
__ICFEDIT_region_RAM_start__ {Abs}
                        0x20000000          --   Gb  command line/config [2]
__aeabi_cdcmple         0x0800561f         Code  Gb  DblCmpLe.o [4]
__aeabi_cdrcmple        0x08005651         Code  Gb  DblCmpGe.o [4]
__aeabi_d2iz            0x080057a1         Code  Gb  DblToI32.o [4]
__aeabi_d2uiz           0x080057c5         Code  Gb  DblToI32.o [4]
__aeabi_ddiv            0x08005b55         Code  Gb  DblDiv.o [4]
__aeabi_dmul            0x080059d1         Code  Gb  DblMul.o [4]
__aeabi_dsub            0x080058e3         Code  Gb  DblAddSub.o [4]
__aeabi_errno_addr      0x0800554d    0xa  Code  Gb  errno.o [3]
__aeabi_i2d             0x080057f5         Code  Gb  I32ToDbl.o [4]
__aeabi_idiv            0x080016e5         Code  Gb  I32DivModFast.o [5]
__aeabi_idiv0           0x08002d5d         Code  Gb  IntDivZer.o [5]
__aeabi_idivmod         0x080016e5         Code  Gb  I32DivModFast.o [5]
__aeabi_ldiv0           0x08005dfd         Code  Gb  I64DivZer.o [5]
__aeabi_memcpy          0x0800312d         Code  Gb  ABImemcpy.o [5]
__aeabi_ui2d            0x08005809         Code  Gb  I32ToDbl.o [4]
__aeabi_uidiv           0x080016eb         Code  Gb  I32DivModFast.o [5]
__aeabi_uidivmod        0x080016eb         Code  Gb  I32DivModFast.o [5]
__aeabi_uldivmod        0x08005571         Code  Gb  I64DivMod.o [5]
__aeabi_uread4          0x08002c6d         Code  Gb  uread4.o [5]
__aeabi_uwrite4         0x0800343d         Code  Gb  uwrite4.o [5]
__cmain                 0x080072d9         Code  Gb  cmain.o [5]
__exit                  0x080069cd   0x14  Code  Gb  exit.o [6]
__iar_Dnorm             0x080055db   0x44  Code  Gb  xdnorm.o [4]
__iar_Dscale            0x08005685  0x11c  Code  Gb  xdscale.o [4]
__iar_Errno             0x20000584    0x4  Data  Gb  errno.o [3]
__iar_Memchr            0x08005535   0x18  Code  Gb  memchr.o [5]
__iar_Stoul             0x0800370b    0xa  Code  Gb  xstoul.o [3]
__iar_Stoulx            0x080035e5  0x126  Code  Gb  xstoul.o [3]
__iar_Strchr            0x0800555d   0x14  Code  Gb  strchr.o [5]
__iar_Strstr            0x08004763   0x38  Code  Gb  strstr.o [3]
__iar_d2uiz             0x080057c9         Code  Gb  DblToI32.o [4]
__iar_data_init3        0x08006b11   0x28  Code  Gb  data_init.o [5]
__iar_dlib_perthread_access
                        0x08005dfb    0x2  Code  Gb  xtls.o [3]
__iar_packbits_init3    0x0800690b   0xb6  Code  Gb  packbits_init.o [5]
__iar_program_start     0x08007611         Code  Gb  cstartup_M.o [5]
__iar_ui2d              0x0800580d         Code  Gb  I32ToDbl.o [4]
__iar_zero_init3        0x08006ad5   0x3c  Code  Gb  zero_init3.o [5]
__low_level_init        0x080072f3    0x4  Code  Gb  low_level_init.o [3]
__vector_table          0x08000000         Data  Gb  startup_stm32f030.o [1]
_acDownBuffer           0x20001558   0x34  Data  Lc  SEGGER_RTT.o [1]
_acUpBuffer             0x200011d0  0x12c  Data  Lc  SEGGER_RTT.o [1]
_call_main              0x080072e5         Code  Gb  cmain.o [5]
_exit                   0x08007301         Code  Gb  cexit.o [5]
_main                   0x080072ef         Code  Gb  cmain.o [5]
abort                   0x080069c1    0xa  Code  Gb  abort.o [3]
atoi                    0x08002a19    0xc  Code  Gb  atoi.o [3]
bsp_USART_ParameterRedistribution
                        0x08002fb7   0x9e  Code  Lc  stm32f0xx_bsp_usart.o [1]
digits                  0x08003714   0x28  Data  Lc  xstoul.o [3]
div                     0x08005c17   0x20  Code  Gb  div.o [3]
exit                    0x080072f7    0x8  Code  Gb  exit.o [3]
g_AT_ReceiveBuf         0x20000000  0x264  Data  Gb  gprs_cache.o [1]
g_GprsTask_Id           0x20001608    0x1  Data  Gb  gprs_task.o [1]
g_HalTask_Id            0x20001609    0x1  Data  Gb  hal_task.o [1]
g_LogLevelText          0x20000530   0x1c  Data  Gb  clog.o [1]
g_Machine_ReceiveBuf    0x20000578    0xc  Data  Gb  gprs_cache.o [1]
g_Machine_TransmitBuf   0x2000056c    0xc  Data  Gb  gprs_cache.o [1]
g_SystemInfo            0x20001400   0xe0  Data  Gb  system_info.o [1]
g_TasksEvents           0x200015e0    0xc  Data  Gb  osal_task.o [1]
g_TasksFnArr            0x080075ec    0xc  Data  Gb  osal_task.o [1]
g_UserTask_Id           0x2000160c    0x1  Data  Gb  user_task.o [1]
g_ZSProtoMakeCache      0x200012fc  0x104  Data  Gb  zsproto.o [1]
g_ZSProto_Seq           0x20001600    0x4  Data  Gb  zsproto.o [1]
gprs_add_state          0x080000b5   0x3e  Code  Lc  gprs_process.o [1]
gprs_attribute_deinit   0x08000739   0x1a  Code  Lc  gprs_process.o [1]
gprs_check_param        0x08001799   0x62  Code  Lc  gprs_commond.o [1]
gprs_check_process      0x080002ad  0x422  Code  Lc  gprs_process.o [1]
gprs_getnoackLen        0x08000761   0x5e  Code  Lc  gprs_process.o [1]
gprs_idle_process       0x080006e1   0x10  Code  Lc  gprs_process.o [1]
gprs_linkstate_report   0x080007c5   0x16  Code  Lc  gprs_process.o [1]
gprs_msg_queue_clear    0x080006f1   0x14  Code  Lc  gprs_process.o [1]
gprs_socket_deinit      0x08000709   0x26  Code  Lc  gprs_process.o [1]
gprs_update_request     0x0800012f   0xa8  Code  Lc  gprs_process.o [1]
gprs_update_socket      0x080001d7   0xba  Code  Lc  gprs_process.o [1]
gprs_update_state       0x080000f3   0x3c  Code  Lc  gprs_process.o [1]
len                     0x2000160b    0x1  Data  Lc  stm32f0xx_it.o [1]
main                    0x0800728d   0x1c  Code  Gb  main.o [1]
maintain_apd_process    0x08004a61   0x96  Code  Lc  maintain_process.o [1]
month_length            0x08002aab   0x28  Code  Lc  osal_clock.o [1]
ndigs                   0x0800373c   0x28  Data  Lc  xstoul.o [3]
osalRun                 0x08003377   0x88  Code  Lc  osal_core.o [1]
osalTimeUpdate          0x0800335d   0x1a  Code  Lc  osal_core.o [1]
osalTimerAdd            0x08003239   0x78  Code  Gb  osal_timer.o [1]
osalTimerAlloc          0x080031a9   0x5e  Code  Gb  osal_timer.o [1]
osalTimerFind           0x08003207   0x32  Code  Gb  osal_timer.o [1]
s_BSPLedControlTable    0x2000158c   0x30  Data  Lc  bsp_led.o [1]
s_GPRSMsgQueue          0x2000054c   0x10  Data  Lc  gprs_process.o [1]
s_GPRS_CB               0x2000046c   0xc4  Data  Lc  gprs_process.o [1]
s_GPRS_USARTParams      0x200015d0   0x10  Data  Lc  stm32f0xx_bsp_usart.o [1]
s_LogLevel              0x20000588    0x1  Data  Lc  rtt_log.o [1]
s_RTTLog                0x200015bc   0x14  Data  Gb  clog.o [1]
s_RTTLogBuf             0x200010a4  0x12c  Data  Lc  rtt_log.o [1]
s_Systick_Ticks         0x200015fc    0x4  Data  Gb  stm32f0xx_bsp_systick.o [1]
s_USART1_ReceiveCompleteFlag
                        0x2000160a    0x1  Data  Lc  stm32f0xx_it.o [1]
s_ZSProtoFlowCacheList  0x20000f6c  0x138  Data  Lc  zsproto.o [1]
s_osalClock_ElapsedMs   0x200015f0    0x4  Data  Lc  osal_clock.o [1]
s_osalClock_MilliSeconds
                        0x20001604    0x2  Data  Lc  osal_clock.o [1]
s_osalClock_Seconds     0x200015ec    0x4  Data  Lc  osal_clock.o [1]
s_osalTimerHead         0x200015f8    0x4  Data  Lc  osal_timer.o [1]
s_osalTimerMemHeap      0x20000d8c  0x1e0  Data  Lc  osal_timer.o [1]
sprintf                 0x08002c8d   0x38  Code  Gb  sprintf.o [3]
strcpy                  0x08006145         Code  Gb  strcpy.o [5]
strlen                  0x08001b99   0x10  Code  Gb  strlen.o [5]
strstr                  0x08002cc5   0x10  Code  Gb  gprs_process.o [1]
vsnprintf               0x08006351   0x3c  Code  Gb  vsnprint.o [3]
zsproto_flow_decode     0x0800479d   0xf8  Code  Lc  zsproto.o [1]


[1] = C:\Users\Administrator\Desktop\M26-DTU\stm32f030x8\projects\stm32f10x_std\IAR\Debug\Obj
[2] = command line
[3] = dl6M_tln.a
[4] = m6M_tl.a
[5] = rt6M_tl.a
[6] = shb_l.a

  27 558 bytes of readonly  code memory
   2 919 bytes of readonly  data memory
   7 693 bytes of readwrite data memory

Errors: none
Warnings: none
