###############################################################################
#
# IAR ELF Linker V7.40.3.8902/W32 for ARM                 06/Nov/2018  15:50:52
# Copyright 2007-2015 IAR Systems AB.
#
#    Output file  =  
#        C:\Users\Administrator\Desktop\M26-DTU\stm32f030x8\projects\stm32f10x_std\IAR\Debug\Exe\c.out
#    Map file     =  
#        C:\Users\Administrator\Desktop\M26-DTU\stm32f030x8\projects\stm32f10x_std\IAR\Debug\List\c.map
#    Command line =  
#        C:\Users\Administrator\Desktop\M26-DTU\stm32f030x8\projects\stm32f10x_std\IAR\Debug\Obj\bsp_gprs.o
#        C:\Users\Administrator\Desktop\M26-DTU\stm32f030x8\projects\stm32f10x_std\IAR\Debug\Obj\bsp_init.o
#        C:\Users\Administrator\Desktop\M26-DTU\stm32f030x8\projects\stm32f10x_std\IAR\Debug\Obj\bsp_led.o
#        C:\Users\Administrator\Desktop\M26-DTU\stm32f030x8\projects\stm32f10x_std\IAR\Debug\Obj\clog.o
#        C:\Users\Administrator\Desktop\M26-DTU\stm32f030x8\projects\stm32f10x_std\IAR\Debug\Obj\cqueue.o
#        C:\Users\Administrator\Desktop\M26-DTU\stm32f030x8\projects\stm32f10x_std\IAR\Debug\Obj\crc.o
#        C:\Users\Administrator\Desktop\M26-DTU\stm32f030x8\projects\stm32f10x_std\IAR\Debug\Obj\cshell.o
#        C:\Users\Administrator\Desktop\M26-DTU\stm32f030x8\projects\stm32f10x_std\IAR\Debug\Obj\cshell_port.o
#        C:\Users\Administrator\Desktop\M26-DTU\stm32f030x8\projects\stm32f10x_std\IAR\Debug\Obj\cshell_user.o
#        C:\Users\Administrator\Desktop\M26-DTU\stm32f030x8\projects\stm32f10x_std\IAR\Debug\Obj\cstring.o
#        C:\Users\Administrator\Desktop\M26-DTU\stm32f030x8\projects\stm32f10x_std\IAR\Debug\Obj\flash_log.o
#        C:\Users\Administrator\Desktop\M26-DTU\stm32f030x8\projects\stm32f10x_std\IAR\Debug\Obj\gprs_cache.o
#        C:\Users\Administrator\Desktop\M26-DTU\stm32f030x8\projects\stm32f10x_std\IAR\Debug\Obj\gprs_commond.o
#        C:\Users\Administrator\Desktop\M26-DTU\stm32f030x8\projects\stm32f10x_std\IAR\Debug\Obj\gprs_process.o
#        C:\Users\Administrator\Desktop\M26-DTU\stm32f030x8\projects\stm32f10x_std\IAR\Debug\Obj\gprs_task.o
#        C:\Users\Administrator\Desktop\M26-DTU\stm32f030x8\projects\stm32f10x_std\IAR\Debug\Obj\hal_task.o
#        C:\Users\Administrator\Desktop\M26-DTU\stm32f030x8\projects\stm32f10x_std\IAR\Debug\Obj\led_process.o
#        C:\Users\Administrator\Desktop\M26-DTU\stm32f030x8\projects\stm32f10x_std\IAR\Debug\Obj\main.o
#        C:\Users\Administrator\Desktop\M26-DTU\stm32f030x8\projects\stm32f10x_std\IAR\Debug\Obj\maintain_process.o
#        C:\Users\Administrator\Desktop\M26-DTU\stm32f030x8\projects\stm32f10x_std\IAR\Debug\Obj\osal.o
#        C:\Users\Administrator\Desktop\M26-DTU\stm32f030x8\projects\stm32f10x_std\IAR\Debug\Obj\osal_cfg.o
#        C:\Users\Administrator\Desktop\M26-DTU\stm32f030x8\projects\stm32f10x_std\IAR\Debug\Obj\osal_clock.o
#        C:\Users\Administrator\Desktop\M26-DTU\stm32f030x8\projects\stm32f10x_std\IAR\Debug\Obj\osal_core.o
#        C:\Users\Administrator\Desktop\M26-DTU\stm32f030x8\projects\stm32f10x_std\IAR\Debug\Obj\osal_cpu.o
#        C:\Users\Administrator\Desktop\M26-DTU\stm32f030x8\projects\stm32f10x_std\IAR\Debug\Obj\osal_msg.o
#        C:\Users\Administrator\Desktop\M26-DTU\stm32f030x8\projects\stm32f10x_std\IAR\Debug\Obj\osal_task.o
#        C:\Users\Administrator\Desktop\M26-DTU\stm32f030x8\projects\stm32f10x_std\IAR\Debug\Obj\osal_timeout.o
#        C:\Users\Administrator\Desktop\M26-DTU\stm32f030x8\projects\stm32f10x_std\IAR\Debug\Obj\osal_timer.o
#        C:\Users\Administrator\Desktop\M26-DTU\stm32f030x8\projects\stm32f10x_std\IAR\Debug\Obj\rtt_log.o
#        C:\Users\Administrator\Desktop\M26-DTU\stm32f030x8\projects\stm32f10x_std\IAR\Debug\Obj\SEGGER_RTT.o
#        C:\Users\Administrator\Desktop\M26-DTU\stm32f030x8\projects\stm32f10x_std\IAR\Debug\Obj\SEGGER_RTT_printf.o
#        C:\Users\Administrator\Desktop\M26-DTU\stm32f030x8\projects\stm32f10x_std\IAR\Debug\Obj\serial_log.o
#        C:\Users\Administrator\Desktop\M26-DTU\stm32f030x8\projects\stm32f10x_std\IAR\Debug\Obj\startup_stm32f030.o
#        C:\Users\Administrator\Desktop\M26-DTU\stm32f030x8\projects\stm32f10x_std\IAR\Debug\Obj\stm32f0xx_adc.o
#        C:\Users\Administrator\Desktop\M26-DTU\stm32f030x8\projects\stm32f10x_std\IAR\Debug\Obj\stm32f0xx_bsp_dma.o
#        C:\Users\Administrator\Desktop\M26-DTU\stm32f030x8\projects\stm32f10x_std\IAR\Debug\Obj\stm32f0xx_bsp_flash.o
#        C:\Users\Administrator\Desktop\M26-DTU\stm32f030x8\projects\stm32f10x_std\IAR\Debug\Obj\stm32f0xx_bsp_gpio.o
#        C:\Users\Administrator\Desktop\M26-DTU\stm32f030x8\projects\stm32f10x_std\IAR\Debug\Obj\stm32f0xx_bsp_nvic.o
#        C:\Users\Administrator\Desktop\M26-DTU\stm32f030x8\projects\stm32f10x_std\IAR\Debug\Obj\stm32f0xx_bsp_systick.o
#        C:\Users\Administrator\Desktop\M26-DTU\stm32f030x8\projects\stm32f10x_std\IAR\Debug\Obj\stm32f0xx_bsp_timer.o
#        C:\Users\Administrator\Desktop\M26-DTU\stm32f030x8\projects\stm32f10x_std\IAR\Debug\Obj\stm32f0xx_bsp_usart.o
#        C:\Users\Administrator\Desktop\M26-DTU\stm32f030x8\projects\stm32f10x_std\IAR\Debug\Obj\stm32f0xx_can.o
#        C:\Users\Administrator\Desktop\M26-DTU\stm32f030x8\projects\stm32f10x_std\IAR\Debug\Obj\stm32f0xx_cec.o
#        C:\Users\Administrator\Desktop\M26-DTU\stm32f030x8\projects\stm32f10x_std\IAR\Debug\Obj\stm32f0xx_comp.o
#        C:\Users\Administrator\Desktop\M26-DTU\stm32f030x8\projects\stm32f10x_std\IAR\Debug\Obj\stm32f0xx_crc.o
#        C:\Users\Administrator\Desktop\M26-DTU\stm32f030x8\projects\stm32f10x_std\IAR\Debug\Obj\stm32f0xx_crs.o
#        C:\Users\Administrator\Desktop\M26-DTU\stm32f030x8\projects\stm32f10x_std\IAR\Debug\Obj\stm32f0xx_dac.o
#        C:\Users\Administrator\Desktop\M26-DTU\stm32f030x8\projects\stm32f10x_std\IAR\Debug\Obj\stm32f0xx_dbgmcu.o
#        C:\Users\Administrator\Desktop\M26-DTU\stm32f030x8\projects\stm32f10x_std\IAR\Debug\Obj\stm32f0xx_dma.o
#        C:\Users\Administrator\Desktop\M26-DTU\stm32f030x8\projects\stm32f10x_std\IAR\Debug\Obj\stm32f0xx_exti.o
#        C:\Users\Administrator\Desktop\M26-DTU\stm32f030x8\projects\stm32f10x_std\IAR\Debug\Obj\stm32f0xx_flash.o
#        C:\Users\Administrator\Desktop\M26-DTU\stm32f030x8\projects\stm32f10x_std\IAR\Debug\Obj\stm32f0xx_gpio.o
#        C:\Users\Administrator\Desktop\M26-DTU\stm32f030x8\projects\stm32f10x_std\IAR\Debug\Obj\stm32f0xx_i2c.o
#        C:\Users\Administrator\Desktop\M26-DTU\stm32f030x8\projects\stm32f10x_std\IAR\Debug\Obj\stm32f0xx_it.o
#        C:\Users\Administrator\Desktop\M26-DTU\stm32f030x8\projects\stm32f10x_std\IAR\Debug\Obj\stm32f0xx_iwdg.o
#        C:\Users\Administrator\Desktop\M26-DTU\stm32f030x8\projects\stm32f10x_std\IAR\Debug\Obj\stm32f0xx_misc.o
#        C:\Users\Administrator\Desktop\M26-DTU\stm32f030x8\projects\stm32f10x_std\IAR\Debug\Obj\stm32f0xx_pwr.o
#        C:\Users\Administrator\Desktop\M26-DTU\stm32f030x8\projects\stm32f10x_std\IAR\Debug\Obj\stm32f0xx_rcc.o
#        C:\Users\Administrator\Desktop\M26-DTU\stm32f030x8\projects\stm32f10x_std\IAR\Debug\Obj\stm32f0xx_rtc.o
#        C:\Users\Administrator\Desktop\M26-DTU\stm32f030x8\projects\stm32f10x_std\IAR\Debug\Obj\stm32f0xx_spi.o
#        C:\Users\Administrator\Desktop\M26-DTU\stm32f030x8\projects\stm32f10x_std\IAR\Debug\Obj\stm32f0xx_syscfg.o
#        C:\Users\Administrator\Desktop\M26-DTU\stm32f030x8\projects\stm32f10x_std\IAR\Debug\Obj\stm32f0xx_tim.o
#        C:\Users\Administrator\Desktop\M26-DTU\stm32f030x8\projects\stm32f10x_std\IAR\Debug\Obj\stm32f0xx_usart.o
#        C:\Users\Administrator\Desktop\M26-DTU\stm32f030x8\projects\stm32f10x_std\IAR\Debug\Obj\stm32f0xx_wwdg.o
#        C:\Users\Administrator\Desktop\M26-DTU\stm32f030x8\projects\stm32f10x_std\IAR\Debug\Obj\system_info.o
#        C:\Users\Administrator\Desktop\M26-DTU\stm32f030x8\projects\stm32f10x_std\IAR\Debug\Obj\system_init.o
#        C:\Users\Administrator\Desktop\M26-DTU\stm32f030x8\projects\stm32f10x_std\IAR\Debug\Obj\system_param.o
#        C:\Users\Administrator\Desktop\M26-DTU\stm32f030x8\projects\stm32f10x_std\IAR\Debug\Obj\system_stm32f0xx.o
#        C:\Users\Administrator\Desktop\M26-DTU\stm32f030x8\projects\stm32f10x_std\IAR\Debug\Obj\user_task.o
#        C:\Users\Administrator\Desktop\M26-DTU\stm32f030x8\projects\stm32f10x_std\IAR\Debug\Obj\zsproto.o
#        C:\Users\Administrator\Desktop\M26-DTU\stm32f030x8\projects\stm32f10x_std\IAR\Debug\Obj\zsproto_package_process.o
#        C:\Users\Administrator\Desktop\M26-DTU\stm32f030x8\projects\stm32f10x_std\IAR\Debug\Obj\zsproto_penetrate_process.o
#        -o
#        C:\Users\Administrator\Desktop\M26-DTU\stm32f030x8\projects\stm32f10x_std\IAR\Debug\Exe\c.out
#        --map
#        C:\Users\Administrator\Desktop\M26-DTU\stm32f030x8\projects\stm32f10x_std\IAR\Debug\List\c.map
#        --config "D:\Program Files (x86)\IAR Systems\Embedded Workbench
#        7.2\arm\config\linker\ST\stm32f030x8.icf" --semihosting --entry
#        __iar_program_start --vfe
#
###############################################################################

*******************************************************************************
*** RUNTIME MODEL ATTRIBUTES
***

CppFlavor       = *
__SystemLibrary = DLib


*******************************************************************************
*** PLACEMENT SUMMARY
***

"A1":  place at 0x08000000 { ro section .intvec };
"P1":  place in [from 0x08000000 to 0x0800ffff] { ro };
"P2":  place in [from 0x20000000 to 0x20001fff] { rw, block CSTACK, block HEAP };

  Section             Kind        Address    Size  Object
  -------             ----        -------    ----  ------
"A1":                                        0xb4
  .intvec             ro code  0x08000000    0xb4  startup_stm32f030.o [1]
                             - 0x080000b4    0xb4

"P1":                                      0x6db5
  .text               ro code  0x080000b4  0x1518  gprs_process.o [1]
  .text               ro code  0x080015cc    0xe0  I32DivModFast.o [5]
  .text               ro code  0x080016ac   0x2dc  gprs_commond.o [1]
  .text               ro code  0x08001988    0xf8  gprs_task.o [1]
  .text               ro code  0x08001a80    0x10  strlen.o [5]
  .text               ro code  0x08001a90   0x8c4  zsproto_package_process.o [1]
  .text               ro code  0x08002354     0xc  atoi.o [3]
  .text               ro code  0x08002360   0x204  osal_clock.o [1]
  .text               ro code  0x08002564    0x44  bsp_gprs.o [1]
  .text               ro code  0x080025a8    0x16  uread4.o [5]
  .text               ro code  0x080025be     0xa  xsprout.o [3]
  .text               ro code  0x080025c8    0x38  sprintf.o [3]
  .text               ro code  0x08002600    0x5c  ABImemcpy.o [5]
  .text               ro code  0x0800265c    0x10  gprs_process.o [1]
  .text               ro code  0x0800266c    0xb0  user_task.o [1]
  .text               ro code  0x0800271c     0x2  IntDivZer.o [5]
  .rodata             const    0x0800271e     0x2  clog.o [1]
  .text               ro code  0x08002720   0x310  stm32f0xx_bsp_usart.o [1]
  .text               ro code  0x08002a30   0x1bc  osal_timer.o [1]
  .text               ro code  0x08002bec    0xf8  osal_core.o [1]
  .text               ro code  0x08002ce4    0x14  uwrite4.o [5]
  .text               ro code  0x08002cf8   0x168  system_param.o [1]
  .text               ro code  0x08002e60   0x180  xstoul.o [3]
  .text               ro code  0x08002fe0   0x140  stm32f0xx_gpio.o [1]
  .text               ro code  0x08003120   0xebe  xprintffull_nomb.o [3]
  .text               ro code  0x08003fde    0x38  strstr.o [3]
  .text               ro code  0x08004016     0x2  startup_stm32f030.o [1]
  .text               ro code  0x08004018   0x29c  zsproto.o [1]
  .text               ro code  0x080042b4   0x1e8  maintain_process.o [1]
  .text               ro code  0x0800449c   0x300  stm32f0xx_rcc.o [1]
  .text               ro code  0x0800479c    0x78  stm32f0xx_misc.o [1]
  .text               ro code  0x08004814   0x2f2  stm32f0xx_usart.o [1]
  .text               ro code  0x08004b06     0x2  startup_stm32f030.o [1]
  .text               ro code  0x08004b08   0x120  stm32f0xx_bsp_dma.o [1]
  .text               ro code  0x08004c28    0xa0  stm32f0xx_dma.o [1]
  .text               ro code  0x08004cc8     0x2  osal_msg.o [1]
  .text               ro code  0x08004cca    0x24  osal_task.o [1]
  .text               ro code  0x08004cee    0x86  stm32f0xx_bsp_flash.o [1]
  .text               ro code  0x08004d74    0x4c  crc.o [1]
  .text               ro code  0x08004dc0    0x18  memchr.o [5]
  .text               ro code  0x08004dd8    0x10  errno.o [3]
  .text               ro code  0x08004de8    0x14  strchr.o [5]
  .text               ro code  0x08004dfc    0x6a  I64DivMod.o [5]
  .text               ro code  0x08004e66    0x44  xdnorm.o [4]
  .text               ro code  0x08004eaa    0x32  DblCmpLe.o [4]
  .text               ro code  0x08004edc    0x32  DblCmpGe.o [4]
  .text               ro code  0x08004f0e     0x2  startup_stm32f030.o [1]
  .text               ro code  0x08004f10   0x11c  xdscale.o [4]
  .text               ro code  0x0800502c    0x52  DblToI32.o [4]
  .text               ro code  0x0800507e     0x2  startup_stm32f030.o [1]
  .text               ro code  0x08005080    0x34  I32ToDbl.o [4]
  .text               ro code  0x080050b4   0x1a8  DblAddSub.o [4]
  .text               ro code  0x0800525c   0x184  DblMul.o [4]
  .text               ro code  0x080053e0    0xc2  DblDiv.o [4]
  .text               ro code  0x080054a2    0x20  div.o [3]
  .text               ro code  0x080054c2     0x2  startup_stm32f030.o [1]
  .text               ro code  0x080054c4    0x38  zsproto_penetrate_process.o [1]
  .text               ro code  0x080054fc    0x4c  hal_task.o [1]
  .text               ro code  0x08005548   0x13e  stm32f0xx_flash.o [1]
  .text               ro code  0x08005686     0x2  xtls.o [3]
  .text               ro code  0x08005688     0x2  I64DivZer.o [5]
  .text               ro code  0x0800568a     0x2  startup_stm32f030.o [1]
  .text               ro code  0x0800568c   0x104  bsp_led.o [1]
  .text               ro code  0x08005790   0x240  SEGGER_RTT.o [1]
  .text               ro code  0x080059d0    0x10  strcpy.o [5]
  .text               ro code  0x080059e0   0x1c4  rtt_log.o [1]
  .text               ro code  0x08005ba4    0x38  clog.o [1]
  .text               ro code  0x08005bdc    0x3c  vsnprint.o [3]
  .text               ro code  0x08005c18   0x1c0  stm32f0xx_tim.o [1]
  .text               ro code  0x08005dd8   0x160  system_stm32f0xx.o [1]
  .text               ro code  0x08005f38   0x13e  stm32f0xx_it.o [1]
  .text               ro code  0x08006076     0x2  startup_stm32f030.o [1]
  .text               ro code  0x08006078    0xfc  stm32f0xx_bsp_systick.o [1]
  .text               ro code  0x08006174    0xd8  packbits_init.o [5]
  .text               ro code  0x0800624c     0xa  abort.o [3]
  .text               ro code  0x08006256     0x2  startup_stm32f030.o [1]
  .text               ro code  0x08006258    0x14  exit.o [6]
  .text               ro code  0x0800626c    0x64  stm32f0xx_bsp_timer.o [1]
  .rodata             const    0x080062d0    0x54  bsp_led.o [1]
  .text               ro code  0x08006324    0x3c  startup_stm32f030.o [1]
  .text               ro code  0x08006360    0x3c  zero_init3.o [5]
  .text               ro code  0x0800639c    0x2a  bsp_init.o [1]
  .text               ro code  0x080063c6     0x2  startup_stm32f030.o [1]
  .text               ro code  0x080063c8    0x28  data_init.o [5]
  .rodata             const    0x080063f0    0x24  zsproto_package_process.o [1]
  .iar.init_table     const    0x08006414    0x2c  - Linker created -
  .rodata             const    0x08006440    0x20  gprs_commond.o [1]
  .rodata             const    0x08006460    0x20  gprs_process.o [1]
  .rodata             const    0x08006480    0x20  gprs_process.o [1]
  .rodata             const    0x080064a0    0x20  gprs_process.o [1]
  .rodata             const    0x080064c0    0x20  gprs_process.o [1]
  .rodata             const    0x080064e0    0x20  gprs_process.o [1]
  .rodata             const    0x08006500    0x20  gprs_process.o [1]
  .rodata             const    0x08006520    0x20  gprs_process.o [1]
  .rodata             const    0x08006540    0x20  gprs_process.o [1]
  .rodata             const    0x08006560    0x20  gprs_process.o [1]
  .rodata             const    0x08006580    0x20  gprs_process.o [1]
  .rodata             const    0x080065a0    0x20  gprs_process.o [1]
  .rodata             const    0x080065c0    0x20  gprs_process.o [1]
  .rodata             const    0x080065e0    0x20  gprs_process.o [1]
  .rodata             const    0x08006600    0x20  gprs_process.o [1]
  .rodata             const    0x08006620    0x20  maintain_process.o [1]
  .rodata             const    0x08006640    0x20  maintain_process.o [1]
  .rodata             const    0x08006660    0x20  system_param.o [1]
  .rodata             const    0x08006680    0x20  zsproto.o [1]
  .rodata             const    0x080066a0    0x20  zsproto_package_process.o [1]
  .rodata             const    0x080066c0    0x20  zsproto_package_process.o [1]
  .rodata             const    0x080066e0    0x20  zsproto_package_process.o [1]
  .rodata             const    0x08006700    0x20  zsproto_package_process.o [1]
  .rodata             const    0x08006720    0x20  zsproto_package_process.o [1]
  .rodata             const    0x08006740    0x1c  gprs_process.o [1]
  .rodata             const    0x0800675c    0x1c  gprs_process.o [1]
  .rodata             const    0x08006778    0x1c  gprs_process.o [1]
  .rodata             const    0x08006794    0x1c  gprs_process.o [1]
  .rodata             const    0x080067b0    0x1c  gprs_process.o [1]
  .rodata             const    0x080067cc    0x1c  gprs_process.o [1]
  .rodata             const    0x080067e8    0x1c  gprs_process.o [1]
  .rodata             const    0x08006804    0x1c  gprs_process.o [1]
  .rodata             const    0x08006820    0x1c  gprs_process.o [1]
  .rodata             const    0x0800683c    0x1c  gprs_process.o [1]
  .rodata             const    0x08006858    0x1c  gprs_process.o [1]
  .rodata             const    0x08006874    0x1c  gprs_process.o [1]
  .rodata             const    0x08006890    0x1c  gprs_process.o [1]
  .rodata             const    0x080068ac    0x1c  gprs_process.o [1]
  .rodata             const    0x080068c8    0x1c  gprs_process.o [1]
  .rodata             const    0x080068e4    0x1c  gprs_process.o [1]
  .rodata             const    0x08006900    0x1c  gprs_process.o [1]
  .rodata             const    0x0800691c    0x1c  system_param.o [1]
  .rodata             const    0x08006938    0x1c  zsproto.o [1]
  .rodata             const    0x08006954    0x1c  zsproto.o [1]
  .rodata             const    0x08006970    0x1c  zsproto_package_process.o [1]
  .rodata             const    0x0800698c    0x1c  zsproto_package_process.o [1]
  .rodata             const    0x080069a8    0x1c  zsproto_package_process.o [1]
  .rodata             const    0x080069c4    0x1c  zsproto_package_process.o [1]
  .rodata             const    0x080069e0    0x1c  zsproto_package_process.o [1]
  .rodata             const    0x080069fc    0x1c  zsproto_package_process.o [1]
  .rodata             const    0x08006a18    0x1c  zsproto_package_process.o [1]
  .rodata             const    0x08006a34    0x1c  zsproto_package_process.o [1]
  .rodata             const    0x08006a50    0x1c  zsproto_package_process.o [1]
  .text               ro code  0x08006a6c    0x1c  main.o [1]
  .text               ro code  0x08006a88     0xc  system_init.o [1]
  .text               ro code  0x08006a94     0x8  system_info.o [1]
  .text               ro code  0x08006a9c    0x1c  xsnprout.o [3]
  .text               ro code  0x08006ab8    0x1a  cmain.o [5]
  .text               ro code  0x08006ad2     0x4  low_level_init.o [3]
  .text               ro code  0x08006ad6     0x8  exit.o [3]
  .text               ro code  0x08006ade     0x2  startup_stm32f030.o [1]
  .text               ro code  0x08006ae0     0xa  cexit.o [5]
  .text               ro code  0x08006aea     0x2  startup_stm32f030.o [1]
  .rodata             const    0x08006aec    0x18  gprs_process.o [1]
  .rodata             const    0x08006b04    0x18  gprs_process.o [1]
  .rodata             const    0x08006b1c    0x18  gprs_process.o [1]
  .rodata             const    0x08006b34    0x18  gprs_process.o [1]
  .rodata             const    0x08006b4c    0x18  rtt_log.o [1]
  .rodata             const    0x08006b64    0x18  zsproto_package_process.o [1]
  .rodata             const    0x08006b7c    0x18  zsproto_package_process.o [1]
  .rodata             const    0x08006b94    0x18  zsproto_package_process.o [1]
  .rodata             const    0x08006bac    0x18  zsproto_package_process.o [1]
  .rodata             const    0x08006bc4    0x18  xprintffull_nomb.o [3]
  .rodata             const    0x08006bdc    0x14  gprs_process.o [1]
  .rodata             const    0x08006bf0    0x14  gprs_process.o [1]
  .rodata             const    0x08006c04    0x14  gprs_process.o [1]
  .rodata             const    0x08006c18    0x14  gprs_process.o [1]
  .rodata             const    0x08006c2c    0x14  maintain_process.o [1]
  .rodata             const    0x08006c40    0x10  gprs_process.o [1]
  .rodata             const    0x08006c50    0x10  gprs_process.o [1]
  .rodata             const    0x08006c60    0x10  gprs_process.o [1]
  .rodata             const    0x08006c70    0x10  gprs_process.o [1]
  .rodata             const    0x08006c80    0x10  gprs_process.o [1]
  .rodata             const    0x08006c90    0x10  gprs_process.o [1]
  .rodata             const    0x08006ca0    0x10  system_param.o [1]
  .rodata             const    0x08006cb0    0x10  system_param.o [1]
  .rodata             const    0x08006cc0    0x10  system_param.o [1]
  .rodata             const    0x08006cd0     0xc  gprs_process.o [1]
  .rodata             const    0x08006cdc     0xc  gprs_process.o [1]
  .rodata             const    0x08006ce8     0xc  gprs_process.o [1]
  .rodata             const    0x08006cf4     0xc  gprs_process.o [1]
  .rodata             const    0x08006d00     0xc  gprs_process.o [1]
  .rodata             const    0x08006d0c     0xc  gprs_process.o [1]
  .rodata             const    0x08006d18     0xc  gprs_process.o [1]
  .rodata             const    0x08006d24     0xc  gprs_process.o [1]
  .rodata             const    0x08006d30     0xc  gprs_process.o [1]
  .rodata             const    0x08006d3c     0xc  osal_task.o [1]
  .rodata             const    0x08006d48     0xc  SEGGER_RTT.o [1]
  .rodata             const    0x08006d54     0xc  zsproto_package_process.o [1]
  .text               ro code  0x08006d60     0xc  cstartup_M.o [5]
  .rodata             const    0x08006d6c     0x8  clog.o [1]
  .rodata             const    0x08006d74     0x8  clog.o [1]
  .rodata             const    0x08006d7c     0x8  clog.o [1]
  .rodata             const    0x08006d84     0x8  clog.o [1]
  .rodata             const    0x08006d8c     0x8  clog.o [1]
  .rodata             const    0x08006d94     0x8  clog.o [1]
  .rodata             const    0x08006d9c     0x8  gprs_process.o [1]
  .rodata             const    0x08006da4     0x8  gprs_process.o [1]
  .rodata             const    0x08006dac     0x8  gprs_process.o [1]
  .rodata             const    0x08006db4     0x8  gprs_process.o [1]
  .rodata             const    0x08006dbc     0x8  gprs_process.o [1]
  .rodata             const    0x08006dc4     0x8  gprs_process.o [1]
  .rodata             const    0x08006dcc     0x8  gprs_process.o [1]
  .rodata             const    0x08006dd4     0x8  rtt_log.o [1]
  .rodata             const    0x08006ddc     0x8  SEGGER_RTT.o [1]
  .text               ro code  0x08006de4     0x2  startup_stm32f030.o [1]
  .text               ro code  0x08006de6     0x2  startup_stm32f030.o [1]
  .text               ro code  0x08006de8     0x2  startup_stm32f030.o [1]
  .text               ro code  0x08006dea     0x2  startup_stm32f030.o [1]
  .text               ro code  0x08006dec     0x2  startup_stm32f030.o [1]
  .text               ro code  0x08006dee     0x2  startup_stm32f030.o [1]
  .text               ro code  0x08006df0     0x2  startup_stm32f030.o [1]
  .text               ro code  0x08006df2     0x2  startup_stm32f030.o [1]
  .rodata             const    0x08006df4     0x0  zero_init3.o [5]
  .rodata             const    0x08006df4     0x0  packbits_init.o [5]
  Initializer bytes   const    0x08006df4    0x75  <for P2 s0>
                             - 0x08006e69  0x6db5

"P2":                                      0x1df8
  P2 s0                        0x20000000   0x989  <Init block>
    .data             inited   0x20000000   0x410  gprs_cache.o [1]
    .data             inited   0x20000410   0x264  gprs_cache.o [1]
    .data             inited   0x20000674   0x208  gprs_cache.o [1]
    .data             inited   0x2000087c    0xc0  gprs_process.o [1]
    .data             inited   0x2000093c    0x1c  clog.o [1]
    .data             inited   0x20000958    0x10  gprs_process.o [1]
    .data             inited   0x20000968    0x10  stm32f0xx_rcc.o [1]
    .data             inited   0x20000978     0xc  gprs_cache.o [1]
    __DLIB_PERTHREAD  inited   0x20000984     0x4  errno.o [3]
    .data             inited   0x20000988     0x1  rtt_log.o [1]
  .bss                zero     0x2000098c   0x400  gprs_cache.o [1]
  .bss                zero     0x20000d8c   0x1e0  osal_timer.o [1]
  .bss                zero     0x20000f6c   0x138  zsproto.o [1]
  .bss                zero     0x200010a4   0x12c  rtt_log.o [1]
  .bss                zero     0x200011d0   0x12c  SEGGER_RTT.o [1]
  .bss                zero     0x200012fc   0x104  zsproto.o [1]
  .bss                zero     0x20001400    0xd8  system_info.o [1]
  .bss                zero     0x200014d8    0x78  SEGGER_RTT.o [1]
  .bss                zero     0x20001550    0x34  SEGGER_RTT.o [1]
  .bss                zero     0x20001584    0x30  bsp_led.o [1]
  .bss                zero     0x200015b4    0x14  clog.o [1]
  .bss                zero     0x200015c8     0xc  osal_task.o [1]
  .bss                zero     0x200015d4     0x4  osal_clock.o [1]
  .bss                zero     0x200015d8     0x4  osal_clock.o [1]
  .bss                zero     0x200015dc     0x4  osal_core.o [1]
  .bss                zero     0x200015e0     0x4  osal_timer.o [1]
  .bss                zero     0x200015e4     0x4  stm32f0xx_bsp_systick.o [1]
  .bss                zero     0x200015e8     0x4  zsproto.o [1]
  .bss                zero     0x200015ec     0x2  osal_clock.o [1]
  .bss                zero     0x200015ee     0x1  gprs_cache.o [1]
  .bss                zero     0x200015ef     0x1  gprs_cache.o [1]
  .bss                zero     0x200015f0     0x1  gprs_process.o [1]
  .bss                zero     0x200015f1     0x1  gprs_process.o [1]
  .bss                zero     0x200015f2     0x1  gprs_task.o [1]
  .bss                zero     0x200015f3     0x1  hal_task.o [1]
  .bss                zero     0x200015f4     0x1  stm32f0xx_it.o [1]
  .bss                zero     0x200015f5     0x1  stm32f0xx_it.o [1]
  .bss                zero     0x200015f6     0x1  user_task.o [1]
  CSTACK                       0x200015f8   0x800  <Block>
    CSTACK            uninit   0x200015f8   0x800  <Block tail>
                             - 0x20001df8  0x1df8


*******************************************************************************
*** INIT TABLE
***

          Address     Size
          -------     ----
Zero (__iar_zero_init3)
    1 destination range, total size 0xc6b:
          0x2000098c  0xc6b

Copy/packbits (__iar_packbits_init3)
    1 source range, total size 0x75 (4% of destination):
          0x08006df4   0x75
    1 destination range, total size 0x989:
          0x20000000  0x989



*******************************************************************************
*** MODULE SUMMARY
***

    Module                       ro code  ro data  rw data
    ------                       -------  -------  -------
C:\Users\Administrator\Desktop\M26-DTU\stm32f030x8\projects\stm32f10x_std\IAR\Debug\Obj: [1]
    SEGGER_RTT.o                     576       20      472
    bsp_gprs.o                        68
    bsp_init.o                        42
    bsp_led.o                        260       84       48
    clog.o                            56       51       48
    crc.o                             76
    gprs_cache.o                              104    3 210
    gprs_commond.o                   732       32
    gprs_process.o                 5 416    1 370      210
    gprs_task.o                      248                 1
    hal_task.o                        76                 1
    main.o                            28
    maintain_process.o               488       84
    osal_clock.o                     516                10
    osal_core.o                      248                 4
    osal_msg.o                         2
    osal_task.o                       36       12       12
    osal_timer.o                     444               484
    rtt_log.o                        452       33      301
    startup_stm32f030.o              278
    stm32f0xx_bsp_dma.o              288
    stm32f0xx_bsp_flash.o            134
    stm32f0xx_bsp_systick.o          252                 4
    stm32f0xx_bsp_timer.o            100
    stm32f0xx_bsp_usart.o            784
    stm32f0xx_dma.o                  160
    stm32f0xx_flash.o                318
    stm32f0xx_gpio.o                 320
    stm32f0xx_it.o                   318                 2
    stm32f0xx_misc.o                 120
    stm32f0xx_rcc.o                  768        1       16
    stm32f0xx_tim.o                  448
    stm32f0xx_usart.o                754
    system_info.o                      8               216
    system_init.o                     12
    system_param.o                   360      108
    system_stm32f0xx.o               352
    user_task.o                      176                 1
    zsproto.o                        668       88      576
    zsproto_package_process.o      2 244      556
    zsproto_penetrate_process.o       56
    ------------------------------------------------------
    Total:                        18 682    2 543    5 616

command line: [2]
    ------------------------------------------------------
    Total:

dl6M_tln.a: [3]
    abort.o                           10
    atoi.o                            12
    div.o                             32
    errno.o                           16                 4
    exit.o                             8
    low_level_init.o                   4
    sprintf.o                         56
    strstr.o                          56
    vsnprint.o                        60
    xprintffull_nomb.o             3 774       24
    xsnprout.o                        28
    xsprout.o                         10
    xstoul.o                         384
    xtls.o                             2
    ------------------------------------------------------
    Total:                         4 452       24        4

m6M_tl.a: [4]
    DblAddSub.o                      424
    DblCmpGe.o                        50
    DblCmpLe.o                        50
    DblDiv.o                         194
    DblMul.o                         388
    DblToI32.o                        82
    I32ToDbl.o                        52
    xdnorm.o                          68
    xdscale.o                        284
    ------------------------------------------------------
    Total:                         1 592

rt6M_tl.a: [5]
    ABImemcpy.o                       92
    I32DivModFast.o                  224
    I64DivMod.o                      106
    I64DivZer.o                        2
    IntDivZer.o                        2
    cexit.o                           10
    cmain.o                           26
    cstartup_M.o                      12
    data_init.o                       40
    memchr.o                          24
    packbits_init.o                  216
    strchr.o                          20
    strcpy.o                          16
    strlen.o                          16
    uread4.o                          22
    uwrite4.o                         20
    zero_init3.o                      60
    ------------------------------------------------------
    Total:                           908

shb_l.a: [6]
    exit.o                            20
    ------------------------------------------------------
    Total:                            20

    Gaps                                                 3
    Linker created                             44    2 048
----------------------------------------------------------
    Grand Total:                  25 654    2 611    7 671


*******************************************************************************
*** ENTRY LIST
***

Entry                      Address   Size  Type      Object
-----                      -------   ----  ----      ------
.iar.init_table$$Base   0x08006414          --   Gb  - Linker created -
.iar.init_table$$Limit  0x08006440          --   Gb  - Linker created -
?main                   0x08006ab9         Code  Gb  cmain.o [5]
ADC1_IRQHandler         0x0800606b    0x2  Code  Gb  stm32f0xx_it.o [1]
APBAHBPrescTable        0x20000968   0x10  Data  Lc  stm32f0xx_rcc.o [1]
BSP_DMA_USART_StructInit
                        0x08004b09  0x120  Code  Gb  stm32f0xx_bsp_dma.o [1]
BSP_FLASH_EraseSector   0x08004cef   0x18  Code  Gb  stm32f0xx_bsp_flash.o [1]
BSP_FLASH_ReadBytes     0x08004d57   0x1e  Code  Gb  stm32f0xx_bsp_flash.o [1]
BSP_FLASH_WriteBytes    0x08004d07   0x50  Code  Gb  stm32f0xx_bsp_flash.o [1]
BSP_GPRS_PowerKeyHigh   0x08002585   0x12  Code  Gb  bsp_gprs.o [1]
BSP_GPRS_PowerKeyLow    0x08002597   0x12  Code  Gb  bsp_gprs.o [1]
BSP_GPRS_PowerOff       0x08002565    0xe  Code  Gb  bsp_gprs.o [1]
BSP_GPRS_PowerOn        0x08002573    0xe  Code  Gb  bsp_gprs.o [1]
BSP_Init                0x080063a5   0x22  Code  Gb  bsp_init.o [1]
BSP_LED_Close           0x08005725   0x3c  Code  Gb  bsp_led.o [1]
BSP_LED_Init            0x0800568d   0x5c  Code  Gb  bsp_led.o [1]
BSP_LED_Open            0x080056e9   0x3c  Code  Gb  bsp_led.o [1]
BSP_LED_Toggle          0x08005761   0x26  Code  Gb  bsp_led.o [1]
BSP_SYSTICK_IncTick     0x08006151    0xc  Code  Gb  stm32f0xx_bsp_systick.o [1]
BSP_SYSTICK_Open        0x08006135   0x1c  Code  Gb  stm32f0xx_bsp_systick.o [1]
BSP_Timer_Init          0x0800626d   0x5e  Code  Gb  stm32f0xx_bsp_timer.o [1]
BSP_USART_IRQHandler    0x08002937   0x36  Code  Gb  stm32f0xx_bsp_usart.o [1]
BSP_USART_Open          0x08002721  0x1cc  Code  Gb  stm32f0xx_bsp_usart.o [1]
BSP_USART_ReadBytes     0x0800296d   0x22  Code  Gb  stm32f0xx_bsp_usart.o [1]
BSP_USART_ReadBytesDMA  0x0800298f   0x68  Code  Lc  stm32f0xx_bsp_usart.o [1]
BSP_USART_WriteBytes    0x080028ed   0x4a  Code  Gb  stm32f0xx_bsp_usart.o [1]
Board_Init              0x0800639d    0x8  Code  Gb  bsp_init.o [1]
CLog_GetCurrentTaskID   0x08005ba5    0x4  Code  Gb  clog.o [1]
CLog_GetTime            0x08005ba9   0x1c  Code  Gb  clog.o [1]
CLog_Init               0x08005bc5   0x14  Code  Gb  clog.o [1]
CRC16_Modbus            0x08004d75   0x44  Code  Gb  crc.o [1]
CSTACK$$Base            0x200015f8          --   Gb  - Linker created -
CSTACK$$Limit           0x20001df8          --   Gb  - Linker created -
DMA1_Channel1_IRQHandler
                        0x08006069    0x2  Code  Gb  stm32f0xx_it.o [1]
DMA_Cmd                 0x08004c6b   0x1c  Code  Gb  stm32f0xx_dma.o [1]
DMA_GetCurrDataCounter  0x08004cb5    0x6  Code  Gb  stm32f0xx_dma.o [1]
DMA_Init                0x08004c29   0x42  Code  Gb  stm32f0xx_dma.o [1]
DMA_RemapConfig         0x08004c87   0x2e  Code  Gb  stm32f0xx_dma.o [1]
FLASH_ClearFlag         0x08005615    0x6  Code  Gb  stm32f0xx_flash.o [1]
FLASH_ErasePage         0x0800556f   0x4e  Code  Gb  stm32f0xx_flash.o [1]
FLASH_GetStatus         0x0800561d   0x36  Code  Gb  stm32f0xx_flash.o [1]
FLASH_Lock              0x08005561    0xe  Code  Gb  stm32f0xx_flash.o [1]
FLASH_ProgramHalfWord   0x080055bd   0x42  Code  Gb  stm32f0xx_flash.o [1]
FLASH_Unlock            0x08005549   0x18  Code  Gb  stm32f0xx_flash.o [1]
FLASH_WaitForLastOperation
                        0x08005659   0x2e  Code  Gb  stm32f0xx_flash.o [1]
GPIO_Init               0x08002fe1   0xbe  Code  Gb  stm32f0xx_gpio.o [1]
GPIO_PinAFConfig        0x080030b1   0x70  Code  Gb  stm32f0xx_gpio.o [1]
GPIO_WriteBit           0x0800309f   0x12  Code  Gb  stm32f0xx_gpio.o [1]
GPRS_ACK_Process        0x08001305  0x10e  Code  Gb  gprs_process.o [1]
GPRS_Loop_Process       0x08000831  0xaa0  Code  Gb  gprs_process.o [1]
GPRS_SendData           0x080018b3   0xa0  Code  Gb  gprs_commond.o [1]
GPRS_WriteBytes         0x0800170f   0x14  Code  Gb  gprs_commond.o [1]
GprsTask_Init           0x08001989   0x3c  Code  Gb  gprs_task.o [1]
GprsTask_Process        0x080019c5   0x9c  Code  Gb  gprs_task.o [1]
GprsTask_Send_Event     0x08001a61   0x10  Code  Gb  gprs_task.o [1]
Gprs_ACK_Check          0x08001723   0x18  Code  Gb  gprs_commond.o [1]
Gprs_Add_Sockets        0x0800141d   0xb0  Code  Gb  gprs_process.o [1]
Gprs_Cmd_QIACK          0x0800150d   0x5c  Code  Gb  gprs_process.o [1]
Gprs_GetSocketAndLength
                        0x0800173b  0x178  Code  Gb  gprs_commond.o [1]
Gprs_Reset_Moudle       0x08001569    0xe  Code  Gb  gprs_process.o [1]
Gprs_UpdateRssi         0x080014d5   0x26  Code  Gb  gprs_process.o [1]
HalTask_Init            0x080054fd   0x14  Code  Gb  hal_task.o [1]
HalTask_Process         0x08005511   0x32  Code  Gb  hal_task.o [1]
HardFault_Handler       0x08005f3b    0x4  Code  Gb  stm32f0xx_it.o [1]
InStream_Read           0x08006175   0x22  Code  Lc  packbits_init.o [5]
LED_IO                  0x080062d0   0x54  Data  Gb  bsp_led.o [1]
LoadInt                 0x080036dd   0x68  Code  Lc  xprintffull_nomb.o [3]
Maintain_Trans_Check    0x080042b5   0x9e  Code  Gb  maintain_process.o [1]
Maintain_Trans_Process  0x08004353   0x2c  Code  Gb  maintain_process.o [1]
NMI_Handler             0x08005f39    0x2  Code  Gb  stm32f0xx_it.o [1]
NVIC_Init               0x0800479d   0x6a  Code  Gb  stm32f0xx_misc.o [1]
NVIC_SetPriority        0x08006079   0x8a  Code  Lc  stm32f0xx_bsp_systick.o [1]
OS_Clock_ConvertToDateTime
                        0x0800240f  0x144  Code  Gb  osal_clock.o [1]
OS_Clock_GetSeconds     0x080023bf   0x14  Code  Gb  osal_clock.o [1]
OS_Clock_GetSystemClock
                        0x080023d3   0x14  Code  Gb  osal_clock.o [1]
OS_Clock_Update         0x08002361   0x5e  Code  Gb  osal_clock.o [1]
OS_Events_Set           0x08002ca7   0x30  Code  Gb  osal_core.o [1]
OS_Init                 0x08002bed   0x10  Code  Gb  osal_core.o [1]
OS_Msg_Init             0x08004cc9    0x2  Code  Gb  osal_msg.o [1]
OS_Start                0x08002bfd    0x8  Code  Gb  osal_core.o [1]
OS_Task_Init            0x08004ccb   0x24  Code  Gb  osal_task.o [1]
OS_Timer_Init           0x08002a31   0x20  Code  Gb  osal_timer.o [1]
OS_Timer_Start          0x08002b59   0x28  Code  Gb  osal_timer.o [1]
OS_Timer_Update         0x08002b81   0x64  Code  Gb  osal_timer.o [1]
PendSV_Handler          0x08005f41    0x2  Code  Gb  stm32f0xx_it.o [1]
RCC_AHBPeriphClockCmd   0x080046c5   0x20  Code  Gb  stm32f0xx_rcc.o [1]
RCC_APB1PeriphClockCmd  0x08004705   0x20  Code  Gb  stm32f0xx_rcc.o [1]
RCC_APB1PeriphResetCmd  0x08004759   0x20  Code  Gb  stm32f0xx_rcc.o [1]
RCC_APB2PeriphClockCmd  0x080046e5   0x20  Code  Gb  stm32f0xx_rcc.o [1]
RCC_APB2PeriphResetCmd  0x08004735   0x20  Code  Gb  stm32f0xx_rcc.o [1]
RCC_GetClocksFreq       0x0800449d  0x222  Code  Gb  stm32f0xx_rcc.o [1]
RTTLog_GetLogLevel      0x08005b6f    0x6  Code  Lc  rtt_log.o [1]
RTTLog_Init             0x080059e1   0x16  Code  Gb  rtt_log.o [1]
RTTLog_SetLogLevel      0x08005b75    0x6  Code  Lc  rtt_log.o [1]
RTTLog_Write            0x080059f7   0xb4  Code  Lc  rtt_log.o [1]
RTTLog_WriteRAW         0x08005b5b   0x14  Code  Lc  rtt_log.o [1]
RTTLog_vprintf          0x08005aab   0xb0  Code  Lc  rtt_log.o [1]
Region$$Table$$Base     0x08006414          --   Gb  - Linker created -
Region$$Table$$Limit    0x08006440          --   Gb  - Linker created -
SEGGER_RTT_Write        0x0800599b   0x32  Code  Gb  SEGGER_RTT.o [1]
SEGGER_RTT_WriteNoLock  0x0800591d   0x7e  Code  Gb  SEGGER_RTT.o [1]
SVC_Handler             0x08005f3f    0x2  Code  Gb  stm32f0xx_it.o [1]
Server_Trans_Check      0x080043f7   0x6c  Code  Gb  maintain_process.o [1]
Server_receiveDataInfo  0x20000674  0x208  Data  Gb  gprs_cache.o [1]
SetSysClock             0x08005e47   0xbe  Code  Lc  system_stm32f0xx.o [1]
SysTick_Config          0x08006103   0x32  Code  Lc  stm32f0xx_bsp_systick.o [1]
SysTick_Handler         0x08005f43   0x14  Code  Gb  stm32f0xx_it.o [1]
SystemInfo_Init         0x08006a95    0x8  Code  Gb  system_info.o [1]
SystemInit              0x08005dd9   0x6e  Code  Gb  system_stm32f0xx.o [1]
SystemParam_Init        0x08002cf9   0xbc  Code  Gb  system_param.o [1]
SystemParam_Save        0x08002db5   0x46  Code  Gb  system_param.o [1]
System_Load             0x08006a89    0xc  Code  Gb  system_init.o [1]
TIM3_IRQHandler         0x08005fb3   0x88  Code  Gb  stm32f0xx_it.o [1]
TIM_ClearITPendingBit   0x08005dd1    0x8  Code  Gb  stm32f0xx_tim.o [1]
TIM_Cmd                 0x08005d71   0x1c  Code  Gb  stm32f0xx_tim.o [1]
TIM_DeInit              0x08005c19   0xf2  Code  Gb  stm32f0xx_tim.o [1]
TIM_ITConfig            0x08005db9   0x18  Code  Gb  stm32f0xx_tim.o [1]
TIM_TimeBaseInit        0x08005d0b   0x66  Code  Gb  stm32f0xx_tim.o [1]
USART1_IRQHandler       0x08005f57   0x5c  Code  Gb  stm32f0xx_it.o [1]
USART2_IRQHandler       0x0800606d    0xa  Code  Gb  stm32f0xx_it.o [1]
USART2_Rx_Buf           0x2000098c  0x400  Data  Gb  gprs_cache.o [1]
USART_ClearITPendingBit
                        0x08004aef   0x18  Code  Gb  stm32f0xx_usart.o [1]
USART_Cmd               0x080049d3   0x1c  Code  Gb  stm32f0xx_usart.o [1]
USART_DMACmd            0x08004a29   0x18  Code  Gb  stm32f0xx_usart.o [1]
USART_DeInit            0x08004815   0xd8  Code  Gb  stm32f0xx_usart.o [1]
USART_GetITStatus       0x08004a85   0x6a  Code  Gb  stm32f0xx_usart.o [1]
USART_ITConfig          0x08004a41   0x44  Code  Gb  stm32f0xx_usart.o [1]
USART_Init              0x080048ed   0xe6  Code  Gb  stm32f0xx_usart.o [1]
USART_ReceiveData       0x08004a15    0x8  Code  Gb  stm32f0xx_usart.o [1]
UserTask_Init           0x0800266d   0x1e  Code  Gb  user_task.o [1]
UserTask_Process        0x0800268b   0x72  Code  Gb  user_task.o [1]
UserTask_Send_Event     0x080026fd   0x10  Code  Gb  user_task.o [1]
ZSProto_ConfigGetReq_Process
                        0x080021b9    0x8  Code  Gb  zsproto_package_process.o [1]
ZSProto_ConfigSetReq_Process
                        0x08001e1d  0x378  Code  Gb  zsproto_package_process.o [1]
ZSProto_FlowAnalysis    0x08004115   0xc6  Code  Gb  zsproto.o [1]
ZSProto_FlowGetCacheIdleLength
                        0x080041ef   0x1c  Code  Gb  zsproto.o [1]
ZSProto_FlowSetCallback
                        0x080041db   0x14  Code  Gb  zsproto.o [1]
ZSProto_IsPackage       0x0800420b   0x94  Code  Gb  zsproto.o [1]
ZSProto_Make_ConfigGetResp
                        0x080021c1   0x3c  Code  Gb  zsproto_package_process.o [1]
ZSProto_Make_ConfigSetResp
                        0x08001a91  0x25a  Code  Gb  zsproto_package_process.o [1]
ZSProto_Make_RssiResp   0x08002229   0xe8  Code  Gb  zsproto_package_process.o [1]
ZSProto_Make_SocketDataPackage
                        0x08001ceb   0xea  Code  Gb  zsproto_package_process.o [1]
ZSProto_SocketPcakReq_Process
                        0x08001e05   0x16  Code  Gb  zsproto_package_process.o [1]
ZSProto_TransparentData
                        0x080054c5   0x38  Code  Gb  zsproto_penetrate_process.o [1]
_DoInit                 0x08005791   0x58  Code  Lc  SEGGER_RTT.o [1]
_GenldFullNoMb          0x08003d0d  0x2a0  Code  Lc  xprintffull_nomb.o [3]
_GetAvailWriteSpace     0x080058e1   0x24  Code  Lc  SEGGER_RTT.o [1]
_LdtobFullNoMb          0x08003879  0x480  Code  Lc  xprintffull_nomb.o [3]
_LitobFullNoMb          0x08003745  0x12e  Code  Lc  xprintffull_nomb.o [3]
_PrintfFullNoMb         0x08003121  0x5bc  Code  Gb  xprintffull_nomb.o [3]
_PutcharsFullNoMb       0x08003fad   0x30  Code  Lc  xprintffull_nomb.o [3]
_SEGGER_RTT             0x200014d8   0x78  Data  Gb  SEGGER_RTT.o [1]
_SNProut                0x08006a9d   0x1c  Code  Gb  xsnprout.o [3]
_SProut                 0x080025bf    0xa  Code  Gb  xsprout.o [3]
_WriteBlocking          0x080057e9   0x88  Code  Lc  SEGGER_RTT.o [1]
_WriteNoCheck           0x08005871   0x70  Code  Lc  SEGGER_RTT.o [1]
__ICFEDIT_region_RAM_end__ {Abs}
                        0x20001fff          --   Gb  command line/config [2]
__ICFEDIT_region_RAM_start__ {Abs}
                        0x20000000          --   Gb  command line/config [2]
__aeabi_cdcmple         0x08004eab         Code  Gb  DblCmpLe.o [4]
__aeabi_cdrcmple        0x08004edd         Code  Gb  DblCmpGe.o [4]
__aeabi_d2iz            0x0800502d         Code  Gb  DblToI32.o [4]
__aeabi_d2uiz           0x08005051         Code  Gb  DblToI32.o [4]
__aeabi_ddiv            0x080053e1         Code  Gb  DblDiv.o [4]
__aeabi_dmul            0x0800525d         Code  Gb  DblMul.o [4]
__aeabi_dsub            0x0800516f         Code  Gb  DblAddSub.o [4]
__aeabi_errno_addr      0x08004dd9    0xa  Code  Gb  errno.o [3]
__aeabi_i2d             0x08005081         Code  Gb  I32ToDbl.o [4]
__aeabi_idiv            0x080015f9         Code  Gb  I32DivModFast.o [5]
__aeabi_idiv0           0x0800271d         Code  Gb  IntDivZer.o [5]
__aeabi_idivmod         0x080015f9         Code  Gb  I32DivModFast.o [5]
__aeabi_ldiv0           0x08005689         Code  Gb  I64DivZer.o [5]
__aeabi_memcpy          0x08002601         Code  Gb  ABImemcpy.o [5]
__aeabi_ui2d            0x08005095         Code  Gb  I32ToDbl.o [4]
__aeabi_uidiv           0x080015ff         Code  Gb  I32DivModFast.o [5]
__aeabi_uidivmod        0x080015ff         Code  Gb  I32DivModFast.o [5]
__aeabi_uldivmod        0x08004dfd         Code  Gb  I64DivMod.o [5]
__aeabi_uread4          0x080025a9         Code  Gb  uread4.o [5]
__aeabi_uwrite4         0x08002ce5         Code  Gb  uwrite4.o [5]
__cmain                 0x08006ab9         Code  Gb  cmain.o [5]
__exit                  0x08006259   0x14  Code  Gb  exit.o [6]
__iar_Dnorm             0x08004e67   0x44  Code  Gb  xdnorm.o [4]
__iar_Dscale            0x08004f11  0x11c  Code  Gb  xdscale.o [4]
__iar_Errno             0x20000984    0x4  Data  Gb  errno.o [3]
__iar_Memchr            0x08004dc1   0x18  Code  Gb  memchr.o [5]
__iar_Stoul             0x08002f87    0xa  Code  Gb  xstoul.o [3]
__iar_Stoulx            0x08002e61  0x126  Code  Gb  xstoul.o [3]
__iar_Strchr            0x08004de9   0x14  Code  Gb  strchr.o [5]
__iar_Strstr            0x08003fdf   0x38  Code  Gb  strstr.o [3]
__iar_d2uiz             0x08005055         Code  Gb  DblToI32.o [4]
__iar_data_init3        0x080063c9   0x28  Code  Gb  data_init.o [5]
__iar_dlib_perthread_access
                        0x08005687    0x2  Code  Gb  xtls.o [3]
__iar_packbits_init3    0x08006197   0xb6  Code  Gb  packbits_init.o [5]
__iar_program_start     0x08006d61         Code  Gb  cstartup_M.o [5]
__iar_ui2d              0x08005099         Code  Gb  I32ToDbl.o [4]
__iar_zero_init3        0x08006361   0x3c  Code  Gb  zero_init3.o [5]
__low_level_init        0x08006ad3    0x4  Code  Gb  low_level_init.o [3]
__vector_table          0x08000000         Data  Gb  startup_stm32f030.o [1]
_acDownBuffer           0x20001550   0x34  Data  Lc  SEGGER_RTT.o [1]
_acUpBuffer             0x200011d0  0x12c  Data  Lc  SEGGER_RTT.o [1]
_call_main              0x08006ac5         Code  Gb  cmain.o [5]
_exit                   0x08006ae1         Code  Gb  cexit.o [5]
_main                   0x08006acf         Code  Gb  cmain.o [5]
abort                   0x0800624d    0xa  Code  Gb  abort.o [3]
atoi                    0x08002355    0xc  Code  Gb  atoi.o [3]
digits                  0x08002f90   0x28  Data  Lc  xstoul.o [3]
div                     0x080054a3   0x20  Code  Gb  div.o [3]
exit                    0x08006ad7    0x8  Code  Gb  exit.o [3]
g_AT_ReceiveBuf         0x20000410  0x264  Data  Gb  gprs_cache.o [1]
g_GprsTask_Id           0x200015f2    0x1  Data  Gb  gprs_task.o [1]
g_HalTask_Id            0x200015f3    0x1  Data  Gb  hal_task.o [1]
g_LogLevelText          0x2000093c   0x1c  Data  Gb  clog.o [1]
g_Machine_ReceiveBuf    0x20000978    0xc  Data  Gb  gprs_cache.o [1]
g_Machine_TransmitBuf   0x20000000  0x410  Data  Gb  gprs_cache.o [1]
g_Rec_checkcount        0x200015ef    0x1  Data  Gb  gprs_cache.o [1]
g_SystemInfo            0x20001400   0xd8  Data  Gb  system_info.o [1]
g_TasksEvents           0x200015c8    0xc  Data  Gb  osal_task.o [1]
g_TasksFnArr            0x08006d3c    0xc  Data  Gb  osal_task.o [1]
g_Trans_checkcount      0x200015ee    0x1  Data  Gb  gprs_cache.o [1]
g_UserTask_Id           0x200015f6    0x1  Data  Gb  user_task.o [1]
g_ZSProtoMakeCache      0x200012fc  0x104  Data  Gb  zsproto.o [1]
g_ZSProto_Seq           0x200015e8    0x4  Data  Gb  zsproto.o [1]
getnoackLen             0x08000781   0x5e  Code  Lc  gprs_process.o [1]
gprs_add_state          0x080000b5   0x3e  Code  Lc  gprs_process.o [1]
gprs_attribute_deinit   0x08000755   0x1a  Code  Lc  gprs_process.o [1]
gprs_check_param        0x080016ad   0x62  Code  Lc  gprs_commond.o [1]
gprs_check_process      0x080002c1  0x42e  Code  Lc  gprs_process.o [1]
gprs_idle_process       0x080006f5   0x10  Code  Lc  gprs_process.o [1]
gprs_msg_queue_clear    0x08000705   0x14  Code  Lc  gprs_process.o [1]
gprs_socket_deinit      0x08000721   0x26  Code  Lc  gprs_process.o [1]
gprs_update_request     0x0800012f   0xb0  Code  Lc  gprs_process.o [1]
gprs_update_socket      0x080001df   0xba  Code  Lc  gprs_process.o [1]
gprs_update_state       0x080000f3   0x3c  Code  Lc  gprs_process.o [1]
len                     0x200015f5    0x1  Data  Lc  stm32f0xx_it.o [1]
main                    0x08006a6d   0x1c  Code  Gb  main.o [1]
maintain_apd_process    0x0800437f   0x78  Code  Lc  maintain_process.o [1]
month_length            0x080023e7   0x28  Code  Lc  osal_clock.o [1]
ndigs                   0x08002fb8   0x28  Data  Lc  xstoul.o [3]
osalRun                 0x08002c1f   0x88  Code  Lc  osal_core.o [1]
osalTimeUpdate          0x08002c05   0x1a  Code  Lc  osal_core.o [1]
osalTimerAdd            0x08002ae1   0x78  Code  Gb  osal_timer.o [1]
osalTimerAlloc          0x08002a51   0x5e  Code  Gb  osal_timer.o [1]
osalTimerFind           0x08002aaf   0x32  Code  Gb  osal_timer.o [1]
s_BSPLedControlTable    0x20001584   0x30  Data  Lc  bsp_led.o [1]
s_GPRSMsgQueue          0x20000958   0x10  Data  Lc  gprs_process.o [1]
s_GPRS_CB               0x2000087c   0xc0  Data  Lc  gprs_process.o [1]
s_LogLevel              0x20000988    0x1  Data  Lc  rtt_log.o [1]
s_RTTLog                0x200015b4   0x14  Data  Gb  clog.o [1]
s_RTTLogBuf             0x200010a4  0x12c  Data  Lc  rtt_log.o [1]
s_Systick_Ticks         0x200015e4    0x4  Data  Gb  stm32f0xx_bsp_systick.o [1]
s_USART1_ReceiveCompleteFlag
                        0x200015f4    0x1  Data  Lc  stm32f0xx_it.o [1]
s_ZSProtoFlowCacheList  0x20000f6c  0x138  Data  Lc  zsproto.o [1]
s_osalClock_ElapsedMs   0x200015d8    0x4  Data  Lc  osal_clock.o [1]
s_osalClock_MilliSeconds
                        0x200015ec    0x2  Data  Lc  osal_clock.o [1]
s_osalClock_Seconds     0x200015d4    0x4  Data  Lc  osal_clock.o [1]
s_osalTimerHead         0x200015e0    0x4  Data  Lc  osal_timer.o [1]
s_osalTimerMemHeap      0x20000d8c  0x1e0  Data  Lc  osal_timer.o [1]
sprintf                 0x080025c9   0x38  Code  Gb  sprintf.o [3]
strcpy                  0x080059d1         Code  Gb  strcpy.o [5]
strlen                  0x08001a81   0x10  Code  Gb  strlen.o [5]
strstr                  0x0800265d   0x10  Code  Gb  gprs_process.o [1]
vsnprintf               0x08005bdd   0x3c  Code  Gb  vsnprint.o [3]
zsproto_flow_decode     0x08004019   0xfc  Code  Lc  zsproto.o [1]


[1] = C:\Users\Administrator\Desktop\M26-DTU\stm32f030x8\projects\stm32f10x_std\IAR\Debug\Obj
[2] = command line
[3] = dl6M_tln.a
[4] = m6M_tl.a
[5] = rt6M_tl.a
[6] = shb_l.a

  25 654 bytes of readonly  code memory
   2 611 bytes of readonly  data memory
   7 671 bytes of readwrite data memory

Errors: none
Warnings: none
