###############################################################################
#
# IAR ELF Linker V7.40.3.8902/W32 for ARM                 15/Oct/2018  00:00:34
# Copyright 2007-2015 IAR Systems AB.
#
#    Output file  =  
#        C:\Users\Administrator\Desktop\M26-DTU\stm32f030x8\projects\stm32f10x_std\IAR\Debug\Exe\c.out
#    Map file     =  
#        C:\Users\Administrator\Desktop\M26-DTU\stm32f030x8\projects\stm32f10x_std\IAR\Debug\List\c.map
#    Command line =  
#        C:\Users\Administrator\Desktop\M26-DTU\stm32f030x8\projects\stm32f10x_std\IAR\Debug\Obj\bsp_gprs.o
#        C:\Users\Administrator\Desktop\M26-DTU\stm32f030x8\projects\stm32f10x_std\IAR\Debug\Obj\bsp_init.o
#        C:\Users\Administrator\Desktop\M26-DTU\stm32f030x8\projects\stm32f10x_std\IAR\Debug\Obj\bsp_led.o
#        C:\Users\Administrator\Desktop\M26-DTU\stm32f030x8\projects\stm32f10x_std\IAR\Debug\Obj\clog.o
#        C:\Users\Administrator\Desktop\M26-DTU\stm32f030x8\projects\stm32f10x_std\IAR\Debug\Obj\cqueue.o
#        C:\Users\Administrator\Desktop\M26-DTU\stm32f030x8\projects\stm32f10x_std\IAR\Debug\Obj\crc.o
#        C:\Users\Administrator\Desktop\M26-DTU\stm32f030x8\projects\stm32f10x_std\IAR\Debug\Obj\cshell.o
#        C:\Users\Administrator\Desktop\M26-DTU\stm32f030x8\projects\stm32f10x_std\IAR\Debug\Obj\cshell_port.o
#        C:\Users\Administrator\Desktop\M26-DTU\stm32f030x8\projects\stm32f10x_std\IAR\Debug\Obj\cshell_user.o
#        C:\Users\Administrator\Desktop\M26-DTU\stm32f030x8\projects\stm32f10x_std\IAR\Debug\Obj\cstring.o
#        C:\Users\Administrator\Desktop\M26-DTU\stm32f030x8\projects\stm32f10x_std\IAR\Debug\Obj\flash_log.o
#        C:\Users\Administrator\Desktop\M26-DTU\stm32f030x8\projects\stm32f10x_std\IAR\Debug\Obj\gprs_commond.o
#        C:\Users\Administrator\Desktop\M26-DTU\stm32f030x8\projects\stm32f10x_std\IAR\Debug\Obj\gprs_process.o
#        C:\Users\Administrator\Desktop\M26-DTU\stm32f030x8\projects\stm32f10x_std\IAR\Debug\Obj\gprs_task.o
#        C:\Users\Administrator\Desktop\M26-DTU\stm32f030x8\projects\stm32f10x_std\IAR\Debug\Obj\hal_task.o
#        C:\Users\Administrator\Desktop\M26-DTU\stm32f030x8\projects\stm32f10x_std\IAR\Debug\Obj\led_process.o
#        C:\Users\Administrator\Desktop\M26-DTU\stm32f030x8\projects\stm32f10x_std\IAR\Debug\Obj\main.o
#        C:\Users\Administrator\Desktop\M26-DTU\stm32f030x8\projects\stm32f10x_std\IAR\Debug\Obj\osal.o
#        C:\Users\Administrator\Desktop\M26-DTU\stm32f030x8\projects\stm32f10x_std\IAR\Debug\Obj\osal_cfg.o
#        C:\Users\Administrator\Desktop\M26-DTU\stm32f030x8\projects\stm32f10x_std\IAR\Debug\Obj\osal_clock.o
#        C:\Users\Administrator\Desktop\M26-DTU\stm32f030x8\projects\stm32f10x_std\IAR\Debug\Obj\osal_core.o
#        C:\Users\Administrator\Desktop\M26-DTU\stm32f030x8\projects\stm32f10x_std\IAR\Debug\Obj\osal_cpu.o
#        C:\Users\Administrator\Desktop\M26-DTU\stm32f030x8\projects\stm32f10x_std\IAR\Debug\Obj\osal_msg.o
#        C:\Users\Administrator\Desktop\M26-DTU\stm32f030x8\projects\stm32f10x_std\IAR\Debug\Obj\osal_task.o
#        C:\Users\Administrator\Desktop\M26-DTU\stm32f030x8\projects\stm32f10x_std\IAR\Debug\Obj\osal_timeout.o
#        C:\Users\Administrator\Desktop\M26-DTU\stm32f030x8\projects\stm32f10x_std\IAR\Debug\Obj\osal_timer.o
#        C:\Users\Administrator\Desktop\M26-DTU\stm32f030x8\projects\stm32f10x_std\IAR\Debug\Obj\rtt_log.o
#        C:\Users\Administrator\Desktop\M26-DTU\stm32f030x8\projects\stm32f10x_std\IAR\Debug\Obj\SEGGER_RTT.o
#        C:\Users\Administrator\Desktop\M26-DTU\stm32f030x8\projects\stm32f10x_std\IAR\Debug\Obj\SEGGER_RTT_printf.o
#        C:\Users\Administrator\Desktop\M26-DTU\stm32f030x8\projects\stm32f10x_std\IAR\Debug\Obj\serial_log.o
#        C:\Users\Administrator\Desktop\M26-DTU\stm32f030x8\projects\stm32f10x_std\IAR\Debug\Obj\startup_stm32f030.o
#        C:\Users\Administrator\Desktop\M26-DTU\stm32f030x8\projects\stm32f10x_std\IAR\Debug\Obj\stm32f0xx_adc.o
#        C:\Users\Administrator\Desktop\M26-DTU\stm32f030x8\projects\stm32f10x_std\IAR\Debug\Obj\stm32f0xx_bsp_dma.o
#        C:\Users\Administrator\Desktop\M26-DTU\stm32f030x8\projects\stm32f10x_std\IAR\Debug\Obj\stm32f0xx_bsp_gpio.o
#        C:\Users\Administrator\Desktop\M26-DTU\stm32f030x8\projects\stm32f10x_std\IAR\Debug\Obj\stm32f0xx_bsp_nvic.o
#        C:\Users\Administrator\Desktop\M26-DTU\stm32f030x8\projects\stm32f10x_std\IAR\Debug\Obj\stm32f0xx_bsp_systick.o
#        C:\Users\Administrator\Desktop\M26-DTU\stm32f030x8\projects\stm32f10x_std\IAR\Debug\Obj\stm32f0xx_bsp_timer.o
#        C:\Users\Administrator\Desktop\M26-DTU\stm32f030x8\projects\stm32f10x_std\IAR\Debug\Obj\stm32f0xx_bsp_usart.o
#        C:\Users\Administrator\Desktop\M26-DTU\stm32f030x8\projects\stm32f10x_std\IAR\Debug\Obj\stm32f0xx_can.o
#        C:\Users\Administrator\Desktop\M26-DTU\stm32f030x8\projects\stm32f10x_std\IAR\Debug\Obj\stm32f0xx_cec.o
#        C:\Users\Administrator\Desktop\M26-DTU\stm32f030x8\projects\stm32f10x_std\IAR\Debug\Obj\stm32f0xx_comp.o
#        C:\Users\Administrator\Desktop\M26-DTU\stm32f030x8\projects\stm32f10x_std\IAR\Debug\Obj\stm32f0xx_crc.o
#        C:\Users\Administrator\Desktop\M26-DTU\stm32f030x8\projects\stm32f10x_std\IAR\Debug\Obj\stm32f0xx_crs.o
#        C:\Users\Administrator\Desktop\M26-DTU\stm32f030x8\projects\stm32f10x_std\IAR\Debug\Obj\stm32f0xx_dac.o
#        C:\Users\Administrator\Desktop\M26-DTU\stm32f030x8\projects\stm32f10x_std\IAR\Debug\Obj\stm32f0xx_dbgmcu.o
#        C:\Users\Administrator\Desktop\M26-DTU\stm32f030x8\projects\stm32f10x_std\IAR\Debug\Obj\stm32f0xx_dma.o
#        C:\Users\Administrator\Desktop\M26-DTU\stm32f030x8\projects\stm32f10x_std\IAR\Debug\Obj\stm32f0xx_exti.o
#        C:\Users\Administrator\Desktop\M26-DTU\stm32f030x8\projects\stm32f10x_std\IAR\Debug\Obj\stm32f0xx_flash.o
#        C:\Users\Administrator\Desktop\M26-DTU\stm32f030x8\projects\stm32f10x_std\IAR\Debug\Obj\stm32f0xx_gpio.o
#        C:\Users\Administrator\Desktop\M26-DTU\stm32f030x8\projects\stm32f10x_std\IAR\Debug\Obj\stm32f0xx_i2c.o
#        C:\Users\Administrator\Desktop\M26-DTU\stm32f030x8\projects\stm32f10x_std\IAR\Debug\Obj\stm32f0xx_it.o
#        C:\Users\Administrator\Desktop\M26-DTU\stm32f030x8\projects\stm32f10x_std\IAR\Debug\Obj\stm32f0xx_iwdg.o
#        C:\Users\Administrator\Desktop\M26-DTU\stm32f030x8\projects\stm32f10x_std\IAR\Debug\Obj\stm32f0xx_misc.o
#        C:\Users\Administrator\Desktop\M26-DTU\stm32f030x8\projects\stm32f10x_std\IAR\Debug\Obj\stm32f0xx_pwr.o
#        C:\Users\Administrator\Desktop\M26-DTU\stm32f030x8\projects\stm32f10x_std\IAR\Debug\Obj\stm32f0xx_rcc.o
#        C:\Users\Administrator\Desktop\M26-DTU\stm32f030x8\projects\stm32f10x_std\IAR\Debug\Obj\stm32f0xx_rtc.o
#        C:\Users\Administrator\Desktop\M26-DTU\stm32f030x8\projects\stm32f10x_std\IAR\Debug\Obj\stm32f0xx_spi.o
#        C:\Users\Administrator\Desktop\M26-DTU\stm32f030x8\projects\stm32f10x_std\IAR\Debug\Obj\stm32f0xx_syscfg.o
#        C:\Users\Administrator\Desktop\M26-DTU\stm32f030x8\projects\stm32f10x_std\IAR\Debug\Obj\stm32f0xx_tim.o
#        C:\Users\Administrator\Desktop\M26-DTU\stm32f030x8\projects\stm32f10x_std\IAR\Debug\Obj\stm32f0xx_usart.o
#        C:\Users\Administrator\Desktop\M26-DTU\stm32f030x8\projects\stm32f10x_std\IAR\Debug\Obj\stm32f0xx_wwdg.o
#        C:\Users\Administrator\Desktop\M26-DTU\stm32f030x8\projects\stm32f10x_std\IAR\Debug\Obj\system_info.o
#        C:\Users\Administrator\Desktop\M26-DTU\stm32f030x8\projects\stm32f10x_std\IAR\Debug\Obj\system_init.o
#        C:\Users\Administrator\Desktop\M26-DTU\stm32f030x8\projects\stm32f10x_std\IAR\Debug\Obj\system_stm32f0xx.o
#        C:\Users\Administrator\Desktop\M26-DTU\stm32f030x8\projects\stm32f10x_std\IAR\Debug\Obj\user_task.o
#        -o
#        C:\Users\Administrator\Desktop\M26-DTU\stm32f030x8\projects\stm32f10x_std\IAR\Debug\Exe\c.out
#        --map
#        C:\Users\Administrator\Desktop\M26-DTU\stm32f030x8\projects\stm32f10x_std\IAR\Debug\List\c.map
#        --config "D:\Program Files (x86)\IAR Systems\Embedded Workbench
#        7.2\arm\config\linker\ST\stm32f030x8.icf" --semihosting --entry
#        __iar_program_start --vfe
#
###############################################################################

*******************************************************************************
*** RUNTIME MODEL ATTRIBUTES
***

CppFlavor       = *
__SystemLibrary = DLib


*******************************************************************************
*** PLACEMENT SUMMARY
***

"A1":  place at 0x08000000 { ro section .intvec };
"P1":  place in [from 0x08000000 to 0x0800ffff] { ro };
"P2":  place in [from 0x20000000 to 0x20001fff] { rw, block CSTACK, block HEAP };

  Section            Kind        Address    Size  Object
  -------            ----        -------    ----  ------
"A1":                                       0xb4
  .intvec            ro code  0x08000000    0xb4  startup_stm32f030.o [1]
                            - 0x080000b4    0xb4

"P1":                                     0x4845
  .text              ro code  0x080000b4   0xebe  xprintffull_nomb.o [3]
  .text              ro code  0x08000f72    0x14  strchr.o [5]
  .text              ro code  0x08000f86    0x10  strlen.o [5]
  .text              ro code  0x08000f96    0x18  memchr.o [5]
  .text              ro code  0x08000fae    0x6a  I64DivMod.o [5]
  .text              ro code  0x08001018    0x5c  ABImemcpy.o [5]
  .text              ro code  0x08001074    0x44  xdnorm.o [4]
  .text              ro code  0x080010b8    0x32  DblCmpLe.o [4]
  .text              ro code  0x080010ea    0x32  DblCmpGe.o [4]
  .text              ro code  0x0800111c   0x11c  xdscale.o [4]
  .text              ro code  0x08001238    0x52  DblToI32.o [4]
  .text              ro code  0x0800128a     0xa  xsprout.o [3]
  .text              ro code  0x08001294    0x34  I32ToDbl.o [4]
  .text              ro code  0x080012c8   0x1a8  DblAddSub.o [4]
  .text              ro code  0x08001470    0xe0  I32DivModFast.o [5]
  .text              ro code  0x08001550   0x184  DblMul.o [4]
  .text              ro code  0x080016d4    0xc2  DblDiv.o [4]
  .text              ro code  0x08001796    0x20  div.o [3]
  .rodata            const    0x080017b6     0x2  clog.o [1]
  .text              ro code  0x080017b8     0x2  I64DivZer.o [5]
  .text              ro code  0x080017ba     0x2  startup_stm32f030.o [1]
  .text              ro code  0x080017bc     0x2  IntDivZer.o [5]
  .text              ro code  0x080017be     0x2  startup_stm32f030.o [1]
  .text              ro code  0x080017c0   0xce0  gprs_process.o [1]
  .text              ro code  0x080024a0   0x268  gprs_commond.o [1]
  .text              ro code  0x08002708   0x100  gprs_task.o [1]
  .text              ro code  0x08002808   0x1b8  osal_timer.o [1]
  .text              ro code  0x080029c0   0x204  osal_clock.o [1]
  .text              ro code  0x08002bc4    0x38  sprintf.o [3]
  .text              ro code  0x08002bfc   0x144  stm32f0xx_bsp_usart.o [1]
  .text              ro code  0x08002d40    0x10  gprs_commond.o [1]
  .text              ro code  0x08002d50    0xf8  osal_core.o [1]
  .text              ro code  0x08002e48   0x2b8  stm32f0xx_rcc.o [1]
  .text              ro code  0x08003100   0x140  stm32f0xx_gpio.o [1]
  .text              ro code  0x08003240    0x78  stm32f0xx_misc.o [1]
  .text              ro code  0x080032b8   0x206  stm32f0xx_usart.o [1]
  .text              ro code  0x080034be     0x2  startup_stm32f030.o [1]
  .text              ro code  0x080034c0    0x88  stm32f0xx_bsp_dma.o [1]
  .text              ro code  0x08003548    0x98  stm32f0xx_dma.o [1]
  .text              ro code  0x080035e0    0x38  strstr.o [3]
  .text              ro code  0x08003618     0x2  osal_msg.o [1]
  .text              ro code  0x0800361a    0x24  osal_task.o [1]
  .text              ro code  0x0800363e     0x2  startup_stm32f030.o [1]
  .text              ro code  0x08003640    0x50  hal_task.o [1]
  .text              ro code  0x08003690    0x8c  user_task.o [1]
  .text              ro code  0x0800371c   0x104  bsp_led.o [1]
  .text              ro code  0x08003820   0x240  SEGGER_RTT.o [1]
  .text              ro code  0x08003a60    0x10  strcpy.o [5]
  .text              ro code  0x08003a70   0x1c4  rtt_log.o [1]
  .text              ro code  0x08003c34    0x38  clog.o [1]
  .text              ro code  0x08003c6c    0x3c  vsnprint.o [3]
  .text              ro code  0x08003ca8   0x160  system_stm32f0xx.o [1]
  .text              ro code  0x08003e08   0x114  stm32f0xx_it.o [1]
  .text              ro code  0x08003f1c    0xfc  stm32f0xx_bsp_systick.o [1]
  .text              ro code  0x08004018    0xcc  stm32f0xx_tim.o [1]
  .text              ro code  0x080040e4    0xd8  packbits_init.o [5]
  .text              ro code  0x080041bc     0xa  abort.o [3]
  .text              ro code  0x080041c6     0x2  startup_stm32f030.o [1]
  .text              ro code  0x080041c8    0x14  exit.o [6]
  .text              ro code  0x080041dc    0x84  stm32f0xx_bsp_timer.o [1]
  .text              ro code  0x08004260    0x3c  startup_stm32f030.o [1]
  .text              ro code  0x0800429c    0x3c  zero_init3.o [5]
  .text              ro code  0x080042d8    0x28  data_init.o [5]
  .text              ro code  0x08004300    0x22  bsp_init.o [1]
  .iar.init_table    const    0x08004324    0x2c  - Linker created -
  .text              ro code  0x08004350     0x2  startup_stm32f030.o [1]
  .rodata            const    0x08004354    0x20  gprs_process.o [1]
  .rodata            const    0x08004374    0x1c  bsp_led.o [1]
  .text              ro code  0x08004390    0x1c  main.o [1]
  .text              ro code  0x080043ac     0xc  system_init.o [1]
  .text              ro code  0x080043b8     0x2  system_info.o [1]
  .text              ro code  0x080043ba    0x1c  xsnprout.o [3]
  .text              ro code  0x080043d6     0x2  startup_stm32f030.o [1]
  .text              ro code  0x080043d8    0x1a  cmain.o [5]
  .text              ro code  0x080043f2     0x4  low_level_init.o [3]
  .text              ro code  0x080043f6     0x8  exit.o [3]
  .text              ro code  0x080043fe     0x2  startup_stm32f030.o [1]
  .text              ro code  0x08004400     0xa  cexit.o [5]
  .text              ro code  0x0800440a     0x2  startup_stm32f030.o [1]
  .rodata            const    0x0800440c    0x18  gprs_process.o [1]
  .rodata            const    0x08004424    0x18  gprs_process.o [1]
  .rodata            const    0x0800443c    0x18  gprs_process.o [1]
  .rodata            const    0x08004454    0x18  gprs_process.o [1]
  .rodata            const    0x0800446c    0x18  gprs_process.o [1]
  .rodata            const    0x08004484    0x18  gprs_process.o [1]
  .rodata            const    0x0800449c    0x18  gprs_process.o [1]
  .rodata            const    0x080044b4    0x18  gprs_process.o [1]
  .rodata            const    0x080044cc    0x18  rtt_log.o [1]
  .rodata            const    0x080044e4    0x18  xprintffull_nomb.o [3]
  .rodata            const    0x080044fc    0x14  gprs_process.o [1]
  .rodata            const    0x08004510    0x14  gprs_process.o [1]
  .rodata            const    0x08004524    0x14  gprs_process.o [1]
  .rodata            const    0x08004538    0x14  gprs_process.o [1]
  .rodata            const    0x0800454c    0x14  gprs_process.o [1]
  .rodata            const    0x08004560    0x14  gprs_process.o [1]
  .rodata            const    0x08004574    0x14  gprs_process.o [1]
  .rodata            const    0x08004588    0x14  gprs_process.o [1]
  .rodata            const    0x0800459c    0x14  gprs_process.o [1]
  .rodata            const    0x080045b0    0x14  gprs_process.o [1]
  .rodata            const    0x080045c4    0x14  gprs_process.o [1]
  .rodata            const    0x080045d8    0x14  gprs_process.o [1]
  .rodata            const    0x080045ec    0x14  gprs_process.o [1]
  .rodata            const    0x08004600    0x14  gprs_process.o [1]
  .rodata            const    0x08004614    0x14  gprs_process.o [1]
  .rodata            const    0x08004628    0x14  gprs_process.o [1]
  .rodata            const    0x0800463c    0x14  gprs_process.o [1]
  .rodata            const    0x08004650    0x14  gprs_process.o [1]
  .rodata            const    0x08004664    0x14  gprs_process.o [1]
  .rodata            const    0x08004678    0x14  gprs_process.o [1]
  .rodata            const    0x0800468c    0x10  gprs_process.o [1]
  .rodata            const    0x0800469c    0x10  gprs_process.o [1]
  .rodata            const    0x080046ac    0x10  gprs_process.o [1]
  .rodata            const    0x080046bc    0x10  gprs_process.o [1]
  .rodata            const    0x080046cc    0x10  gprs_process.o [1]
  .rodata            const    0x080046dc    0x10  gprs_process.o [1]
  .rodata            const    0x080046ec    0x10  gprs_process.o [1]
  .rodata            const    0x080046fc    0x10  gprs_process.o [1]
  .rodata            const    0x0800470c    0x10  gprs_process.o [1]
  .rodata            const    0x0800471c    0x10  gprs_process.o [1]
  .rodata            const    0x0800472c    0x10  gprs_process.o [1]
  .rodata            const    0x0800473c    0x10  gprs_process.o [1]
  .rodata            const    0x0800474c     0xc  gprs_process.o [1]
  .rodata            const    0x08004758     0xc  gprs_process.o [1]
  .rodata            const    0x08004764     0xc  gprs_process.o [1]
  .rodata            const    0x08004770     0xc  gprs_process.o [1]
  .rodata            const    0x0800477c     0xc  gprs_process.o [1]
  .rodata            const    0x08004788     0xc  gprs_process.o [1]
  .rodata            const    0x08004794     0xc  gprs_process.o [1]
  .rodata            const    0x080047a0     0xc  gprs_process.o [1]
  .rodata            const    0x080047ac     0xc  osal_task.o [1]
  .rodata            const    0x080047b8     0xc  SEGGER_RTT.o [1]
  .rodata            const    0x080047c4     0xc  user_task.o [1]
  .text              ro code  0x080047d0     0xc  cstartup_M.o [5]
  .rodata            const    0x080047dc     0x8  clog.o [1]
  .rodata            const    0x080047e4     0x8  clog.o [1]
  .rodata            const    0x080047ec     0x8  clog.o [1]
  .rodata            const    0x080047f4     0x8  clog.o [1]
  .rodata            const    0x080047fc     0x8  clog.o [1]
  .rodata            const    0x08004804     0x8  clog.o [1]
  .rodata            const    0x0800480c     0x8  gprs_commond.o [1]
  .rodata            const    0x08004814     0x8  gprs_commond.o [1]
  .rodata            const    0x0800481c     0x8  gprs_process.o [1]
  .rodata            const    0x08004824     0x8  gprs_process.o [1]
  .rodata            const    0x0800482c     0x8  rtt_log.o [1]
  .rodata            const    0x08004834     0x8  SEGGER_RTT.o [1]
  .rodata            const    0x0800483c     0x8  user_task.o [1]
  .text              ro code  0x08004844     0x2  startup_stm32f030.o [1]
  .text              ro code  0x08004846     0x2  startup_stm32f030.o [1]
  .text              ro code  0x08004848     0x2  startup_stm32f030.o [1]
  .text              ro code  0x0800484a     0x2  startup_stm32f030.o [1]
  .text              ro code  0x0800484c     0x2  startup_stm32f030.o [1]
  .text              ro code  0x0800484e     0x2  startup_stm32f030.o [1]
  .text              ro code  0x08004850     0x2  startup_stm32f030.o [1]
  .text              ro code  0x08004852     0x2  startup_stm32f030.o [1]
  .text              ro code  0x08004854     0x2  startup_stm32f030.o [1]
  .text              ro code  0x08004856     0x2  startup_stm32f030.o [1]
  .text              ro code  0x08004858     0x2  startup_stm32f030.o [1]
  .rodata            const    0x0800485a     0x0  zero_init3.o [5]
  .rodata            const    0x0800485a     0x0  packbits_init.o [5]
  Initializer bytes  const    0x0800485a    0x9f  <for P2 s0>
                            - 0x080048f9  0x4845

"P2":                                     0x1718
  P2 s0                       0x20000000   0xa71  <Init block>
    .data            inited   0x20000000   0x4ec  stm32f0xx_bsp_usart.o [1]
    .data            inited   0x200004ec   0x4ec  stm32f0xx_bsp_usart.o [1]
    .data            inited   0x200009d8    0x48  system_info.o [1]
    .data            inited   0x20000a20    0x1c  clog.o [1]
    .data            inited   0x20000a3c    0x18  gprs_commond.o [1]
    .data            inited   0x20000a54    0x10  stm32f0xx_rcc.o [1]
    .data            inited   0x20000a64     0x8  gprs_process.o [1]
    .data            inited   0x20000a6c     0x4  system_stm32f0xx.o [1]
    .data            inited   0x20000a70     0x1  rtt_log.o [1]
  .bss               zero     0x20000a74   0x12c  rtt_log.o [1]
  .bss               zero     0x20000ba0   0x12c  SEGGER_RTT.o [1]
  .bss               zero     0x20000ccc    0xf0  osal_timer.o [1]
  .bss               zero     0x20000dbc    0x78  SEGGER_RTT.o [1]
  .bss               zero     0x20000e34    0x50  gprs_process.o [1]
  .bss               zero     0x20000e84    0x34  SEGGER_RTT.o [1]
  .bss               zero     0x20000eb8    0x14  clog.o [1]
  .bss               zero     0x20000ecc    0x10  bsp_led.o [1]
  .bss               zero     0x20000edc     0xc  osal_task.o [1]
  .bss               zero     0x20000ee8     0x8  gprs_process.o [1]
  .bss               zero     0x20000ef0     0x8  gprs_process.o [1]
  .bss               zero     0x20000ef8     0x4  osal_clock.o [1]
  .bss               zero     0x20000efc     0x4  osal_clock.o [1]
  .bss               zero     0x20000f00     0x4  osal_core.o [1]
  .bss               zero     0x20000f04     0x4  osal_timer.o [1]
  .bss               zero     0x20000f08     0x4  stm32f0xx_bsp_systick.o [1]
  .bss               zero     0x20000f0c     0x2  osal_clock.o [1]
  .bss               zero     0x20000f0e     0x2  stm32f0xx_it.o [1]
  .bss               zero     0x20000f10     0x1  gprs_process.o [1]
  .bss               zero     0x20000f11     0x1  gprs_task.o [1]
  .bss               zero     0x20000f12     0x1  hal_task.o [1]
  .bss               zero     0x20000f13     0x1  stm32f0xx_bsp_usart.o [1]
  .bss               zero     0x20000f14     0x1  user_task.o [1]
  CSTACK                      0x20000f18   0x800  <Block>
    CSTACK           uninit   0x20000f18   0x800  <Block tail>
                            - 0x20001718  0x1718


*******************************************************************************
*** INIT TABLE
***

          Address     Size
          -------     ----
Zero (__iar_zero_init3)
    1 destination range, total size 0x4a1:
          0x20000a74  0x4a1

Copy/packbits (__iar_packbits_init3)
    1 source range, total size 0x9f (5% of destination):
          0x0800485a   0x9f
    1 destination range, total size 0xa71:
          0x20000000  0xa71



*******************************************************************************
*** MODULE SUMMARY
***

    Module                   ro code  ro data  rw data
    ------                   -------  -------  -------
C:\Users\Administrator\Desktop\M26-DTU\stm32f030x8\projects\stm32f10x_std\IAR\Debug\Obj: [1]
    SEGGER_RTT.o                 576       20      472
    bsp_init.o                    34
    bsp_led.o                    260       28       16
    clog.o                        56       51       48
    gprs_commond.o               632       18       24
    gprs_process.o             3 296      928      105
    gprs_task.o                  256                 1
    hal_task.o                    80                 1
    main.o                        28
    osal_clock.o                 516                10
    osal_core.o                  248                 4
    osal_msg.o                     2
    osal_task.o                   36       12       12
    osal_timer.o                 440               244
    rtt_log.o                    452       33      301
    startup_stm32f030.o          280
    stm32f0xx_bsp_dma.o          136
    stm32f0xx_bsp_systick.o      252                 4
    stm32f0xx_bsp_timer.o        132
    stm32f0xx_bsp_usart.o        324      149    2 521
    stm32f0xx_dma.o              152
    stm32f0xx_gpio.o             320
    stm32f0xx_it.o               276                 2
    stm32f0xx_misc.o             120
    stm32f0xx_rcc.o              696        1       16
    stm32f0xx_tim.o              204
    stm32f0xx_usart.o            518
    system_info.o                  2        5       72
    system_init.o                 12
    system_stm32f0xx.o           352                 4
    user_task.o                  140       20        1
    --------------------------------------------------
    Total:                    10 828    1 265    3 858

command line: [2]
    --------------------------------------------------
    Total:

dl6M_tln.a: [3]
    abort.o                       10
    div.o                         32
    exit.o                         8
    low_level_init.o               4
    sprintf.o                     56
    strstr.o                      56
    vsnprint.o                    60
    xprintffull_nomb.o         3 774       24
    xsnprout.o                    28
    xsprout.o                     10
    --------------------------------------------------
    Total:                     4 038       24

m6M_tl.a: [4]
    DblAddSub.o                  424
    DblCmpGe.o                    50
    DblCmpLe.o                    50
    DblDiv.o                     194
    DblMul.o                     388
    DblToI32.o                    82
    I32ToDbl.o                    52
    xdnorm.o                      68
    xdscale.o                    284
    --------------------------------------------------
    Total:                     1 592

rt6M_tl.a: [5]
    ABImemcpy.o                   92
    I32DivModFast.o              224
    I64DivMod.o                  106
    I64DivZer.o                    2
    IntDivZer.o                    2
    cexit.o                       10
    cmain.o                       26
    cstartup_M.o                  12
    data_init.o                   40
    memchr.o                      24
    packbits_init.o              216
    strchr.o                      20
    strcpy.o                      16
    strlen.o                      16
    zero_init3.o                  60
    --------------------------------------------------
    Total:                       866

shb_l.a: [6]
    exit.o                        20
    --------------------------------------------------
    Total:                        20

    Gaps                                    4        3
    Linker created                         44    2 048
------------------------------------------------------
    Grand Total:              17 344    1 337    5 909


*******************************************************************************
*** ENTRY LIST
***

Entry                      Address   Size  Type      Object
-----                      -------   ----  ----      ------
.iar.init_table$$Base   0x08004324          --   Gb  - Linker created -
.iar.init_table$$Limit  0x08004350          --   Gb  - Linker created -
?main                   0x080043d9         Code  Gb  cmain.o [5]
ADC1_IRQHandler         0x08003f1b    0x2  Code  Gb  stm32f0xx_it.o [1]
APBAHBPrescTable        0x20000a54   0x10  Data  Lc  stm32f0xx_rcc.o [1]
Add_Socket              0x08001bc5  0x2b6  Code  Gb  gprs_process.o [1]
BSP_DMA_USART1_StructInit
                        0x080034c1   0x88  Code  Gb  stm32f0xx_bsp_dma.o [1]
BSP_Init                0x08004309   0x1a  Code  Gb  bsp_init.o [1]
BSP_LED_Close           0x080037b5   0x3c  Code  Gb  bsp_led.o [1]
BSP_LED_Init            0x0800371d   0x5c  Code  Gb  bsp_led.o [1]
BSP_LED_Open            0x08003779   0x3c  Code  Gb  bsp_led.o [1]
BSP_LED_Toggle          0x080037f1   0x26  Code  Gb  bsp_led.o [1]
BSP_SYSTICK_IncTick     0x08003ff5    0xc  Code  Gb  stm32f0xx_bsp_systick.o [1]
BSP_SYSTICK_Open        0x08003fd9   0x1c  Code  Gb  stm32f0xx_bsp_systick.o [1]
BSP_Timer_Init          0x080041dd   0x84  Code  Gb  stm32f0xx_bsp_timer.o [1]
BSP_USART_Open          0x08002bfd  0x100  Code  Gb  stm32f0xx_bsp_usart.o [1]
BSP_USART_WriteBytes    0x08002cfd   0x2a  Code  Gb  stm32f0xx_bsp_usart.o [1]
Board_Init              0x08004301    0x8  Code  Gb  bsp_init.o [1]
CLog_GetCurrentTaskID   0x08003c35    0x4  Code  Gb  clog.o [1]
CLog_GetTime            0x08003c39   0x1c  Code  Gb  clog.o [1]
CLog_Init               0x08003c55   0x14  Code  Gb  clog.o [1]
CSTACK$$Base            0x20000f18          --   Gb  - Linker created -
CSTACK$$Limit           0x20001718          --   Gb  - Linker created -
DMA1_Channel1_IRQHandler
                        0x08003f19    0x2  Code  Gb  stm32f0xx_it.o [1]
DMA_Cmd                 0x0800358b   0x1c  Code  Gb  stm32f0xx_dma.o [1]
DMA_Init                0x08003549   0x42  Code  Gb  stm32f0xx_dma.o [1]
DMA_RemapConfig         0x080035a7   0x2e  Code  Gb  stm32f0xx_dma.o [1]
GPIO_Init               0x08003101   0xbe  Code  Gb  stm32f0xx_gpio.o [1]
GPIO_PinAFConfig        0x080031d1   0x70  Code  Gb  stm32f0xx_gpio.o [1]
GPIO_WriteBit           0x080031bf   0x12  Code  Gb  stm32f0xx_gpio.o [1]
GPRS_WriteBytes         0x0800240b   0x4e  Code  Gb  gprs_process.o [1]
GprsTask_Init           0x08002709   0x26  Code  Gb  gprs_task.o [1]
GprsTask_Process        0x0800272f   0xa8  Code  Gb  gprs_task.o [1]
GprsTask_Send_Event     0x080027d7   0x10  Code  Gb  gprs_task.o [1]
Gprs_ACK_Check          0x08002517   0x48  Code  Gb  gprs_commond.o [1]
Gprs_Check_Data         0x08001ee5  0x242  Code  Gb  gprs_process.o [1]
Gprs_Check_Unexpected_Incidents
                        0x0800255f   0xb4  Code  Gb  gprs_commond.o [1]
Gprs_Module_Init        0x08001835  0x328  Code  Gb  gprs_process.o [1]
Gprs_Send_AT_Commond    0x080024a1   0x18  Code  Gb  gprs_commond.o [1]
Gprs_TaskFault_Handle   0x08002195  0x276  Code  Gb  gprs_process.o [1]
Gprs_UpdateRssi         0x08002459   0x16  Code  Gb  gprs_process.o [1]
Gprs_Update_Event       0x080017c1   0x5e  Code  Lc  gprs_process.o [1]
HalTask_Init            0x08003641   0x14  Code  Gb  hal_task.o [1]
HalTask_Process         0x08003655   0x38  Code  Gb  hal_task.o [1]
HardFault_Handler       0x08003e0b    0x4  Code  Gb  stm32f0xx_it.o [1]
InStream_Read           0x080040e5   0x22  Code  Lc  packbits_init.o [5]
LED_IO                  0x08004374   0x1c  Data  Gb  bsp_led.o [1]
LoadInt                 0x08000671   0x68  Code  Lc  xprintffull_nomb.o [3]
NMI_Handler             0x08003e09    0x2  Code  Gb  stm32f0xx_it.o [1]
NVIC_Init               0x08003241   0x6a  Code  Gb  stm32f0xx_misc.o [1]
NVIC_SetPriority        0x08003f1d   0x8a  Code  Lc  stm32f0xx_bsp_systick.o [1]
OS_Clock_ConvertToDateTime
                        0x08002a6f  0x144  Code  Gb  osal_clock.o [1]
OS_Clock_GetSeconds     0x08002a1f   0x14  Code  Gb  osal_clock.o [1]
OS_Clock_GetSystemClock
                        0x08002a33   0x14  Code  Gb  osal_clock.o [1]
OS_Clock_Update         0x080029c1   0x5e  Code  Gb  osal_clock.o [1]
OS_Events_Set           0x08002e0b   0x30  Code  Gb  osal_core.o [1]
OS_Init                 0x08002d51   0x10  Code  Gb  osal_core.o [1]
OS_Msg_Init             0x08003619    0x2  Code  Gb  osal_msg.o [1]
OS_Start                0x08002d61    0x8  Code  Gb  osal_core.o [1]
OS_Task_Init            0x0800361b   0x24  Code  Gb  osal_task.o [1]
OS_Timer_Init           0x08002809   0x20  Code  Gb  osal_timer.o [1]
OS_Timer_Start          0x08002931   0x24  Code  Gb  osal_timer.o [1]
OS_Timer_Update         0x08002955   0x64  Code  Gb  osal_timer.o [1]
PendSV_Handler          0x08003e11    0x2  Code  Gb  stm32f0xx_it.o [1]
RCC_AHBPeriphClockCmd   0x08003071   0x20  Code  Gb  stm32f0xx_rcc.o [1]
RCC_APB1PeriphClockCmd  0x080030b1   0x20  Code  Gb  stm32f0xx_rcc.o [1]
RCC_APB2PeriphClockCmd  0x08003091   0x20  Code  Gb  stm32f0xx_rcc.o [1]
RCC_GetClocksFreq       0x08002e49  0x222  Code  Gb  stm32f0xx_rcc.o [1]
RTTLog_GetLogLevel      0x08003bff    0x6  Code  Lc  rtt_log.o [1]
RTTLog_Init             0x08003a71   0x16  Code  Gb  rtt_log.o [1]
RTTLog_SetLogLevel      0x08003c05    0x6  Code  Lc  rtt_log.o [1]
RTTLog_Write            0x08003a87   0xb4  Code  Lc  rtt_log.o [1]
RTTLog_WriteRAW         0x08003beb   0x14  Code  Lc  rtt_log.o [1]
RTTLog_vprintf          0x08003b3b   0xb0  Code  Lc  rtt_log.o [1]
Region$$Table$$Base     0x08004324          --   Gb  - Linker created -
Region$$Table$$Limit    0x08004350          --   Gb  - Linker created -
SEGGER_RTT_Write        0x08003a2b   0x32  Code  Gb  SEGGER_RTT.o [1]
SEGGER_RTT_WriteNoLock  0x080039ad   0x7e  Code  Gb  SEGGER_RTT.o [1]
SVC_Handler             0x08003e0f    0x2  Code  Gb  stm32f0xx_it.o [1]
Server_receiveDataInfo  0x20000a3c   0x18  Data  Gb  gprs_commond.o [1]
SetSysClock             0x08003d17   0xbe  Code  Lc  system_stm32f0xx.o [1]
SysTick_Config          0x08003fa7   0x32  Code  Lc  stm32f0xx_bsp_systick.o [1]
SysTick_Handler         0x08003e13   0x14  Code  Gb  stm32f0xx_it.o [1]
SystemCoreClock         0x20000a6c    0x4  Data  Gb  system_stm32f0xx.o [1]
SystemInfo_Init         0x080043b9    0x2  Code  Gb  system_info.o [1]
SystemInit              0x08003ca9   0x6e  Code  Gb  system_stm32f0xx.o [1]
System_Load             0x080043ad    0xc  Code  Gb  system_init.o [1]
TIM3_IRQHandler         0x08003e81   0x70  Code  Gb  stm32f0xx_it.o [1]
TIM_ClearITPendingBit   0x080040dd    0x8  Code  Gb  stm32f0xx_tim.o [1]
TIM_Cmd                 0x08004085   0x1c  Code  Gb  stm32f0xx_tim.o [1]
TIM_ITConfig            0x080040c5   0x18  Code  Gb  stm32f0xx_tim.o [1]
TIM_PrescalerConfig     0x0800407f    0x6  Code  Gb  stm32f0xx_tim.o [1]
TIM_TimeBaseInit        0x08004019   0x66  Code  Gb  stm32f0xx_tim.o [1]
USART1_IRQHandler       0x08003e27   0x5a  Code  Gb  stm32f0xx_it.o [1]
USART_ClearITPendingBit
                        0x080034a7   0x18  Code  Gb  stm32f0xx_usart.o [1]
USART_Cmd               0x0800339f   0x1c  Code  Gb  stm32f0xx_usart.o [1]
USART_DMACmd            0x080033e1   0x18  Code  Gb  stm32f0xx_usart.o [1]
USART_GetITStatus       0x0800343d   0x6a  Code  Gb  stm32f0xx_usart.o [1]
USART_ITConfig          0x080033f9   0x44  Code  Gb  stm32f0xx_usart.o [1]
USART_Init              0x080032b9   0xe6  Code  Gb  stm32f0xx_usart.o [1]
USART_ReceiveData       0x080033cd    0x8  Code  Gb  stm32f0xx_usart.o [1]
UserTask_Init           0x08003691   0x16  Code  Gb  user_task.o [1]
UserTask_Process        0x080036a7   0x68  Code  Gb  user_task.o [1]
_DoInit                 0x08003821   0x58  Code  Lc  SEGGER_RTT.o [1]
_GenldFullNoMb          0x08000ca1  0x2a0  Code  Lc  xprintffull_nomb.o [3]
_GetAvailWriteSpace     0x08003971   0x24  Code  Lc  SEGGER_RTT.o [1]
_LdtobFullNoMb          0x0800080d  0x480  Code  Lc  xprintffull_nomb.o [3]
_LitobFullNoMb          0x080006d9  0x12e  Code  Lc  xprintffull_nomb.o [3]
_PrintfFullNoMb         0x080000b5  0x5bc  Code  Gb  xprintffull_nomb.o [3]
_PutcharsFullNoMb       0x08000f41   0x30  Code  Lc  xprintffull_nomb.o [3]
_SEGGER_RTT             0x20000dbc   0x78  Data  Gb  SEGGER_RTT.o [1]
_SNProut                0x080043bb   0x1c  Code  Gb  xsnprout.o [3]
_SProut                 0x0800128b    0xa  Code  Gb  xsprout.o [3]
_WriteBlocking          0x08003879   0x88  Code  Lc  SEGGER_RTT.o [1]
_WriteNoCheck           0x08003901   0x70  Code  Lc  SEGGER_RTT.o [1]
__ICFEDIT_region_RAM_end__ {Abs}
                        0x20001fff          --   Gb  command line/config [2]
__ICFEDIT_region_RAM_start__ {Abs}
                        0x20000000          --   Gb  command line/config [2]
__aeabi_cdcmple         0x080010b9         Code  Gb  DblCmpLe.o [4]
__aeabi_cdrcmple        0x080010eb         Code  Gb  DblCmpGe.o [4]
__aeabi_d2iz            0x08001239         Code  Gb  DblToI32.o [4]
__aeabi_d2uiz           0x0800125d         Code  Gb  DblToI32.o [4]
__aeabi_ddiv            0x080016d5         Code  Gb  DblDiv.o [4]
__aeabi_dmul            0x08001551         Code  Gb  DblMul.o [4]
__aeabi_dsub            0x08001383         Code  Gb  DblAddSub.o [4]
__aeabi_i2d             0x08001295         Code  Gb  I32ToDbl.o [4]
__aeabi_idiv            0x0800149d         Code  Gb  I32DivModFast.o [5]
__aeabi_idiv0           0x080017bd         Code  Gb  IntDivZer.o [5]
__aeabi_idivmod         0x0800149d         Code  Gb  I32DivModFast.o [5]
__aeabi_ldiv0           0x080017b9         Code  Gb  I64DivZer.o [5]
__aeabi_memcpy          0x08001019         Code  Gb  ABImemcpy.o [5]
__aeabi_ui2d            0x080012a9         Code  Gb  I32ToDbl.o [4]
__aeabi_uidiv           0x080014a3         Code  Gb  I32DivModFast.o [5]
__aeabi_uidivmod        0x080014a3         Code  Gb  I32DivModFast.o [5]
__aeabi_uldivmod        0x08000faf         Code  Gb  I64DivMod.o [5]
__cmain                 0x080043d9         Code  Gb  cmain.o [5]
__exit                  0x080041c9   0x14  Code  Gb  exit.o [6]
__iar_Dnorm             0x08001075   0x44  Code  Gb  xdnorm.o [4]
__iar_Dscale            0x0800111d  0x11c  Code  Gb  xdscale.o [4]
__iar_Memchr            0x08000f97   0x18  Code  Gb  memchr.o [5]
__iar_Strchr            0x08000f73   0x14  Code  Gb  strchr.o [5]
__iar_Strstr            0x080035e1   0x38  Code  Gb  strstr.o [3]
__iar_d2uiz             0x08001261         Code  Gb  DblToI32.o [4]
__iar_data_init3        0x080042d9   0x28  Code  Gb  data_init.o [5]
__iar_packbits_init3    0x08004107   0xb6  Code  Gb  packbits_init.o [5]
__iar_program_start     0x080047d1         Code  Gb  cstartup_M.o [5]
__iar_ui2d              0x080012ad         Code  Gb  I32ToDbl.o [4]
__iar_zero_init3        0x0800429d   0x3c  Code  Gb  zero_init3.o [5]
__low_level_init        0x080043f3    0x4  Code  Gb  low_level_init.o [3]
__vector_table          0x08000000         Data  Gb  startup_stm32f030.o [1]
_acDownBuffer           0x20000e84   0x34  Data  Lc  SEGGER_RTT.o [1]
_acUpBuffer             0x20000ba0  0x12c  Data  Lc  SEGGER_RTT.o [1]
_call_main              0x080043e5         Code  Gb  cmain.o [5]
_exit                   0x08004401         Code  Gb  cexit.o [5]
_main                   0x080043ef         Code  Gb  cmain.o [5]
abort                   0x080041bd    0xa  Code  Gb  abort.o [3]
div                     0x08001797   0x20  Code  Gb  div.o [3]
exit                    0x080043f7    0x8  Code  Gb  exit.o [3]
g_AT_ReceiveBuf         0x20000000  0x4ec  Data  Gb  stm32f0xx_bsp_usart.o [1]
g_GprsTask_Id           0x20000f11    0x1  Data  Gb  gprs_task.o [1]
g_HalTask_Id            0x20000f12    0x1  Data  Gb  hal_task.o [1]
g_LogLevelText          0x20000a20   0x1c  Data  Gb  clog.o [1]
g_Machine_TransmitBuf   0x200004ec  0x4ec  Data  Gb  stm32f0xx_bsp_usart.o [1]
g_SystemInfo            0x200009d8   0x48  Data  Gb  system_info.o [1]
g_TasksEvents           0x20000edc    0xc  Data  Gb  osal_task.o [1]
g_TasksFnArr            0x080047ac    0xc  Data  Gb  osal_task.o [1]
g_USART1_ReceiveCompleteFlag
                        0x20000f13    0x1  Data  Gb  stm32f0xx_bsp_usart.o [1]
g_UserTask_Id           0x20000f14    0x1  Data  Gb  user_task.o [1]
get_SocketAndLength     0x08002613   0xda  Code  Lc  gprs_commond.o [1]
gprs_Check_Param        0x080024b9   0x5e  Code  Lc  gprs_commond.o [1]
len                     0x20000f0e    0x2  Data  Lc  stm32f0xx_it.o [1]
main                    0x08004391   0x1c  Code  Gb  main.o [1]
month_length            0x08002a47   0x28  Code  Lc  osal_clock.o [1]
open_buf                0x20000e34   0x50  Data  Lc  gprs_process.o [1]
osalRun                 0x08002d83   0x88  Code  Lc  osal_core.o [1]
osalTimeUpdate          0x08002d69   0x1a  Code  Lc  osal_core.o [1]
osalTimerAdd            0x080028b9   0x78  Code  Gb  osal_timer.o [1]
osalTimerAlloc          0x08002829   0x5e  Code  Gb  osal_timer.o [1]
osalTimerFind           0x08002887   0x32  Code  Gb  osal_timer.o [1]
s_BSPLedControlTable    0x20000ecc   0x10  Data  Lc  bsp_led.o [1]
s_Gprs_Info             0x20000ee8    0x8  Data  Lc  gprs_process.o [1]
s_Gprs_UpdateRssiCount  0x20000f10    0x1  Data  Lc  gprs_process.o [1]
s_LogLevel              0x20000a70    0x1  Data  Lc  rtt_log.o [1]
s_Query_Info            0x20000ef0    0x8  Data  Lc  gprs_process.o [1]
s_RTTLog                0x20000eb8   0x14  Data  Gb  clog.o [1]
s_RTTLogBuf             0x20000a74  0x12c  Data  Lc  rtt_log.o [1]
s_Socket_Info           0x20000a64    0x8  Data  Lc  gprs_process.o [1]
s_Systick_Ticks         0x20000f08    0x4  Data  Gb  stm32f0xx_bsp_systick.o [1]
s_osalClock_ElapsedMs   0x20000efc    0x4  Data  Lc  osal_clock.o [1]
s_osalClock_MilliSeconds
                        0x20000f0c    0x2  Data  Lc  osal_clock.o [1]
s_osalClock_Seconds     0x20000ef8    0x4  Data  Lc  osal_clock.o [1]
s_osalTimerHead         0x20000f04    0x4  Data  Lc  osal_timer.o [1]
s_osalTimerMemHeap      0x20000ccc   0xf0  Data  Lc  osal_timer.o [1]
sprintf                 0x08002bc5   0x38  Code  Gb  sprintf.o [3]
strcpy                  0x08003a61         Code  Gb  strcpy.o [5]
strlen                  0x08000f87   0x10  Code  Gb  strlen.o [5]
strstr                  0x08002d41   0x10  Code  Gb  gprs_commond.o [1]
vsnprintf               0x08003c6d   0x3c  Code  Gb  vsnprint.o [3]


[1] = C:\Users\Administrator\Desktop\M26-DTU\stm32f030x8\projects\stm32f10x_std\IAR\Debug\Obj
[2] = command line
[3] = dl6M_tln.a
[4] = m6M_tl.a
[5] = rt6M_tl.a
[6] = shb_l.a

  17 344 bytes of readonly  code memory
   1 337 bytes of readonly  data memory
   5 909 bytes of readwrite data memory

Errors: none
Warnings: none
