###############################################################################
#
# IAR ELF Linker V7.40.3.8902/W32 for ARM                 19/Oct/2018  18:03:59
# Copyright 2007-2015 IAR Systems AB.
#
#    Output file  =  
#        C:\Users\Administrator\Desktop\M26-DTU\stm32f030x8\projects\stm32f10x_std\IAR\Debug\Exe\c.out
#    Map file     =  
#        C:\Users\Administrator\Desktop\M26-DTU\stm32f030x8\projects\stm32f10x_std\IAR\Debug\List\c.map
#    Command line =  
#        C:\Users\Administrator\Desktop\M26-DTU\stm32f030x8\projects\stm32f10x_std\IAR\Debug\Obj\bsp_gprs.o
#        C:\Users\Administrator\Desktop\M26-DTU\stm32f030x8\projects\stm32f10x_std\IAR\Debug\Obj\bsp_init.o
#        C:\Users\Administrator\Desktop\M26-DTU\stm32f030x8\projects\stm32f10x_std\IAR\Debug\Obj\bsp_led.o
#        C:\Users\Administrator\Desktop\M26-DTU\stm32f030x8\projects\stm32f10x_std\IAR\Debug\Obj\clog.o
#        C:\Users\Administrator\Desktop\M26-DTU\stm32f030x8\projects\stm32f10x_std\IAR\Debug\Obj\cqueue.o
#        C:\Users\Administrator\Desktop\M26-DTU\stm32f030x8\projects\stm32f10x_std\IAR\Debug\Obj\crc.o
#        C:\Users\Administrator\Desktop\M26-DTU\stm32f030x8\projects\stm32f10x_std\IAR\Debug\Obj\cshell.o
#        C:\Users\Administrator\Desktop\M26-DTU\stm32f030x8\projects\stm32f10x_std\IAR\Debug\Obj\cshell_port.o
#        C:\Users\Administrator\Desktop\M26-DTU\stm32f030x8\projects\stm32f10x_std\IAR\Debug\Obj\cshell_user.o
#        C:\Users\Administrator\Desktop\M26-DTU\stm32f030x8\projects\stm32f10x_std\IAR\Debug\Obj\cstring.o
#        C:\Users\Administrator\Desktop\M26-DTU\stm32f030x8\projects\stm32f10x_std\IAR\Debug\Obj\flash_log.o
#        C:\Users\Administrator\Desktop\M26-DTU\stm32f030x8\projects\stm32f10x_std\IAR\Debug\Obj\gprs_commond.o
#        C:\Users\Administrator\Desktop\M26-DTU\stm32f030x8\projects\stm32f10x_std\IAR\Debug\Obj\gprs_process.o
#        C:\Users\Administrator\Desktop\M26-DTU\stm32f030x8\projects\stm32f10x_std\IAR\Debug\Obj\gprs_task.o
#        C:\Users\Administrator\Desktop\M26-DTU\stm32f030x8\projects\stm32f10x_std\IAR\Debug\Obj\hal_task.o
#        C:\Users\Administrator\Desktop\M26-DTU\stm32f030x8\projects\stm32f10x_std\IAR\Debug\Obj\led_process.o
#        C:\Users\Administrator\Desktop\M26-DTU\stm32f030x8\projects\stm32f10x_std\IAR\Debug\Obj\main.o
#        C:\Users\Administrator\Desktop\M26-DTU\stm32f030x8\projects\stm32f10x_std\IAR\Debug\Obj\osal.o
#        C:\Users\Administrator\Desktop\M26-DTU\stm32f030x8\projects\stm32f10x_std\IAR\Debug\Obj\osal_cfg.o
#        C:\Users\Administrator\Desktop\M26-DTU\stm32f030x8\projects\stm32f10x_std\IAR\Debug\Obj\osal_clock.o
#        C:\Users\Administrator\Desktop\M26-DTU\stm32f030x8\projects\stm32f10x_std\IAR\Debug\Obj\osal_core.o
#        C:\Users\Administrator\Desktop\M26-DTU\stm32f030x8\projects\stm32f10x_std\IAR\Debug\Obj\osal_cpu.o
#        C:\Users\Administrator\Desktop\M26-DTU\stm32f030x8\projects\stm32f10x_std\IAR\Debug\Obj\osal_msg.o
#        C:\Users\Administrator\Desktop\M26-DTU\stm32f030x8\projects\stm32f10x_std\IAR\Debug\Obj\osal_task.o
#        C:\Users\Administrator\Desktop\M26-DTU\stm32f030x8\projects\stm32f10x_std\IAR\Debug\Obj\osal_timeout.o
#        C:\Users\Administrator\Desktop\M26-DTU\stm32f030x8\projects\stm32f10x_std\IAR\Debug\Obj\osal_timer.o
#        C:\Users\Administrator\Desktop\M26-DTU\stm32f030x8\projects\stm32f10x_std\IAR\Debug\Obj\rtt_log.o
#        C:\Users\Administrator\Desktop\M26-DTU\stm32f030x8\projects\stm32f10x_std\IAR\Debug\Obj\SEGGER_RTT.o
#        C:\Users\Administrator\Desktop\M26-DTU\stm32f030x8\projects\stm32f10x_std\IAR\Debug\Obj\SEGGER_RTT_printf.o
#        C:\Users\Administrator\Desktop\M26-DTU\stm32f030x8\projects\stm32f10x_std\IAR\Debug\Obj\serial_log.o
#        C:\Users\Administrator\Desktop\M26-DTU\stm32f030x8\projects\stm32f10x_std\IAR\Debug\Obj\startup_stm32f030.o
#        C:\Users\Administrator\Desktop\M26-DTU\stm32f030x8\projects\stm32f10x_std\IAR\Debug\Obj\stm32f0xx_adc.o
#        C:\Users\Administrator\Desktop\M26-DTU\stm32f030x8\projects\stm32f10x_std\IAR\Debug\Obj\stm32f0xx_bsp_dma.o
#        C:\Users\Administrator\Desktop\M26-DTU\stm32f030x8\projects\stm32f10x_std\IAR\Debug\Obj\stm32f0xx_bsp_gpio.o
#        C:\Users\Administrator\Desktop\M26-DTU\stm32f030x8\projects\stm32f10x_std\IAR\Debug\Obj\stm32f0xx_bsp_nvic.o
#        C:\Users\Administrator\Desktop\M26-DTU\stm32f030x8\projects\stm32f10x_std\IAR\Debug\Obj\stm32f0xx_bsp_systick.o
#        C:\Users\Administrator\Desktop\M26-DTU\stm32f030x8\projects\stm32f10x_std\IAR\Debug\Obj\stm32f0xx_bsp_timer.o
#        C:\Users\Administrator\Desktop\M26-DTU\stm32f030x8\projects\stm32f10x_std\IAR\Debug\Obj\stm32f0xx_bsp_usart.o
#        C:\Users\Administrator\Desktop\M26-DTU\stm32f030x8\projects\stm32f10x_std\IAR\Debug\Obj\stm32f0xx_can.o
#        C:\Users\Administrator\Desktop\M26-DTU\stm32f030x8\projects\stm32f10x_std\IAR\Debug\Obj\stm32f0xx_cec.o
#        C:\Users\Administrator\Desktop\M26-DTU\stm32f030x8\projects\stm32f10x_std\IAR\Debug\Obj\stm32f0xx_comp.o
#        C:\Users\Administrator\Desktop\M26-DTU\stm32f030x8\projects\stm32f10x_std\IAR\Debug\Obj\stm32f0xx_crc.o
#        C:\Users\Administrator\Desktop\M26-DTU\stm32f030x8\projects\stm32f10x_std\IAR\Debug\Obj\stm32f0xx_crs.o
#        C:\Users\Administrator\Desktop\M26-DTU\stm32f030x8\projects\stm32f10x_std\IAR\Debug\Obj\stm32f0xx_dac.o
#        C:\Users\Administrator\Desktop\M26-DTU\stm32f030x8\projects\stm32f10x_std\IAR\Debug\Obj\stm32f0xx_dbgmcu.o
#        C:\Users\Administrator\Desktop\M26-DTU\stm32f030x8\projects\stm32f10x_std\IAR\Debug\Obj\stm32f0xx_dma.o
#        C:\Users\Administrator\Desktop\M26-DTU\stm32f030x8\projects\stm32f10x_std\IAR\Debug\Obj\stm32f0xx_exti.o
#        C:\Users\Administrator\Desktop\M26-DTU\stm32f030x8\projects\stm32f10x_std\IAR\Debug\Obj\stm32f0xx_flash.o
#        C:\Users\Administrator\Desktop\M26-DTU\stm32f030x8\projects\stm32f10x_std\IAR\Debug\Obj\stm32f0xx_gpio.o
#        C:\Users\Administrator\Desktop\M26-DTU\stm32f030x8\projects\stm32f10x_std\IAR\Debug\Obj\stm32f0xx_i2c.o
#        C:\Users\Administrator\Desktop\M26-DTU\stm32f030x8\projects\stm32f10x_std\IAR\Debug\Obj\stm32f0xx_it.o
#        C:\Users\Administrator\Desktop\M26-DTU\stm32f030x8\projects\stm32f10x_std\IAR\Debug\Obj\stm32f0xx_iwdg.o
#        C:\Users\Administrator\Desktop\M26-DTU\stm32f030x8\projects\stm32f10x_std\IAR\Debug\Obj\stm32f0xx_misc.o
#        C:\Users\Administrator\Desktop\M26-DTU\stm32f030x8\projects\stm32f10x_std\IAR\Debug\Obj\stm32f0xx_pwr.o
#        C:\Users\Administrator\Desktop\M26-DTU\stm32f030x8\projects\stm32f10x_std\IAR\Debug\Obj\stm32f0xx_rcc.o
#        C:\Users\Administrator\Desktop\M26-DTU\stm32f030x8\projects\stm32f10x_std\IAR\Debug\Obj\stm32f0xx_rtc.o
#        C:\Users\Administrator\Desktop\M26-DTU\stm32f030x8\projects\stm32f10x_std\IAR\Debug\Obj\stm32f0xx_spi.o
#        C:\Users\Administrator\Desktop\M26-DTU\stm32f030x8\projects\stm32f10x_std\IAR\Debug\Obj\stm32f0xx_syscfg.o
#        C:\Users\Administrator\Desktop\M26-DTU\stm32f030x8\projects\stm32f10x_std\IAR\Debug\Obj\stm32f0xx_tim.o
#        C:\Users\Administrator\Desktop\M26-DTU\stm32f030x8\projects\stm32f10x_std\IAR\Debug\Obj\stm32f0xx_usart.o
#        C:\Users\Administrator\Desktop\M26-DTU\stm32f030x8\projects\stm32f10x_std\IAR\Debug\Obj\stm32f0xx_wwdg.o
#        C:\Users\Administrator\Desktop\M26-DTU\stm32f030x8\projects\stm32f10x_std\IAR\Debug\Obj\system_info.o
#        C:\Users\Administrator\Desktop\M26-DTU\stm32f030x8\projects\stm32f10x_std\IAR\Debug\Obj\system_init.o
#        C:\Users\Administrator\Desktop\M26-DTU\stm32f030x8\projects\stm32f10x_std\IAR\Debug\Obj\system_stm32f0xx.o
#        C:\Users\Administrator\Desktop\M26-DTU\stm32f030x8\projects\stm32f10x_std\IAR\Debug\Obj\user_task.o
#        -o
#        C:\Users\Administrator\Desktop\M26-DTU\stm32f030x8\projects\stm32f10x_std\IAR\Debug\Exe\c.out
#        --map
#        C:\Users\Administrator\Desktop\M26-DTU\stm32f030x8\projects\stm32f10x_std\IAR\Debug\List\c.map
#        --config "D:\Program Files (x86)\IAR Systems\Embedded Workbench
#        7.2\arm\config\linker\ST\stm32f030x8.icf" --semihosting --entry
#        __iar_program_start --vfe
#
###############################################################################

*******************************************************************************
*** RUNTIME MODEL ATTRIBUTES
***

CppFlavor       = *
__SystemLibrary = DLib


*******************************************************************************
*** PLACEMENT SUMMARY
***

"A1":  place at 0x08000000 { ro section .intvec };
"P1":  place in [from 0x08000000 to 0x0800ffff] { ro };
"P2":  place in [from 0x20000000 to 0x20001fff] { rw, block CSTACK, block HEAP };

  Section            Kind        Address    Size  Object
  -------            ----        -------    ----  ------
"A1":                                       0xb4
  .intvec            ro code  0x08000000    0xb4  startup_stm32f030.o [1]
                            - 0x080000b4    0xb4

"P1":                                     0x4e10
  .text              ro code  0x080000b4  0x10d4  gprs_process.o [1]
  .text              ro code  0x08001188    0xe0  I32DivModFast.o [5]
  .text              ro code  0x08001268   0x1fc  gprs_commond.o [1]
  .text              ro code  0x08001464    0xc0  gprs_task.o [1]
  .text              ro code  0x08001524    0x10  strlen.o [5]
  .text              ro code  0x08001534   0x204  osal_clock.o [1]
  .text              ro code  0x08001738    0x44  bsp_gprs.o [1]
  .text              ro code  0x0800177c    0x38  sprintf.o [3]
  .text              ro code  0x080017b4    0x10  gprs_process.o [1]
  .text              ro code  0x080017c4     0x2  IntDivZer.o [5]
  .text              ro code  0x080017c6     0xa  xsprout.o [3]
  .text              ro code  0x080017d0   0x144  stm32f0xx_bsp_usart.o [1]
  .text              ro code  0x08001914    0x10  strcpy.o [5]
  .text              ro code  0x08001924   0x1bc  osal_timer.o [1]
  .text              ro code  0x08001ae0    0xf8  osal_core.o [1]
  .text              ro code  0x08001bd8   0x140  stm32f0xx_gpio.o [1]
  .text              ro code  0x08001d18   0xebe  xprintffull_nomb.o [3]
  .text              ro code  0x08002bd6    0x38  strstr.o [3]
  .rodata            const    0x08002c0e     0x2  clog.o [1]
  .text              ro code  0x08002c10   0x300  stm32f0xx_rcc.o [1]
  .text              ro code  0x08002f10    0x78  stm32f0xx_misc.o [1]
  .text              ro code  0x08002f88   0x206  stm32f0xx_usart.o [1]
  .text              ro code  0x0800318e     0x2  startup_stm32f030.o [1]
  .text              ro code  0x08003190    0x88  stm32f0xx_bsp_dma.o [1]
  .text              ro code  0x08003218    0x98  stm32f0xx_dma.o [1]
  .text              ro code  0x080032b0     0x2  osal_msg.o [1]
  .text              ro code  0x080032b2    0x24  osal_task.o [1]
  .text              ro code  0x080032d6    0x14  strchr.o [5]
  .text              ro code  0x080032ea    0x18  memchr.o [5]
  .text              ro code  0x08003302    0x6a  I64DivMod.o [5]
  .text              ro code  0x0800336c    0x5c  ABImemcpy.o [5]
  .text              ro code  0x080033c8    0x44  xdnorm.o [4]
  .text              ro code  0x0800340c    0x32  DblCmpLe.o [4]
  .text              ro code  0x0800343e    0x32  DblCmpGe.o [4]
  .text              ro code  0x08003470   0x11c  xdscale.o [4]
  .text              ro code  0x0800358c    0x52  DblToI32.o [4]
  .text              ro code  0x080035de     0x2  startup_stm32f030.o [1]
  .text              ro code  0x080035e0    0x34  I32ToDbl.o [4]
  .text              ro code  0x08003614   0x1a8  DblAddSub.o [4]
  .text              ro code  0x080037bc   0x184  DblMul.o [4]
  .text              ro code  0x08003940    0xc2  DblDiv.o [4]
  .text              ro code  0x08003a02    0x20  div.o [3]
  .text              ro code  0x08003a22     0x2  startup_stm32f030.o [1]
  .text              ro code  0x08003a24    0x4c  hal_task.o [1]
  .text              ro code  0x08003a70    0xac  user_task.o [1]
  .text              ro code  0x08003b1c     0x2  I64DivZer.o [5]
  .text              ro code  0x08003b1e     0x2  startup_stm32f030.o [1]
  .text              ro code  0x08003b20   0x104  bsp_led.o [1]
  .text              ro code  0x08003c24   0x240  SEGGER_RTT.o [1]
  .text              ro code  0x08003e64   0x1c4  rtt_log.o [1]
  .text              ro code  0x08004028    0x38  clog.o [1]
  .text              ro code  0x08004060    0x3c  vsnprint.o [3]
  .text              ro code  0x0800409c   0x1c0  stm32f0xx_tim.o [1]
  .text              ro code  0x0800425c   0x160  system_stm32f0xx.o [1]
  .text              ro code  0x080043bc   0x11c  stm32f0xx_it.o [1]
  .text              ro code  0x080044d8    0xfc  stm32f0xx_bsp_systick.o [1]
  .text              ro code  0x080045d4    0xd8  packbits_init.o [5]
  .text              ro code  0x080046ac     0xa  abort.o [3]
  .text              ro code  0x080046b6     0x2  startup_stm32f030.o [1]
  .text              ro code  0x080046b8    0x14  exit.o [6]
  .text              ro code  0x080046cc    0x68  stm32f0xx_bsp_timer.o [1]
  .rodata            const    0x08004734    0x54  bsp_led.o [1]
  .text              ro code  0x08004788    0x3c  startup_stm32f030.o [1]
  .text              ro code  0x080047c4    0x3c  zero_init3.o [5]
  .text              ro code  0x08004800    0x28  data_init.o [5]
  .text              ro code  0x08004828    0x22  bsp_init.o [1]
  .iar.init_table    const    0x0800484c    0x2c  - Linker created -
  .text              ro code  0x08004878     0x2  startup_stm32f030.o [1]
  .rodata            const    0x0800487c    0x20  gprs_process.o [1]
  .rodata            const    0x0800489c    0x20  gprs_process.o [1]
  .rodata            const    0x080048bc    0x20  gprs_process.o [1]
  .rodata            const    0x080048dc    0x20  gprs_process.o [1]
  .rodata            const    0x080048fc    0x20  gprs_process.o [1]
  .rodata            const    0x0800491c    0x20  gprs_process.o [1]
  .rodata            const    0x0800493c    0x20  gprs_process.o [1]
  .rodata            const    0x0800495c    0x20  gprs_process.o [1]
  .rodata            const    0x0800497c    0x20  gprs_process.o [1]
  .rodata            const    0x0800499c    0x20  gprs_process.o [1]
  .rodata            const    0x080049bc    0x20  gprs_process.o [1]
  .rodata            const    0x080049dc    0x20  gprs_process.o [1]
  .rodata            const    0x080049fc    0x1c  gprs_process.o [1]
  .rodata            const    0x08004a18    0x1c  gprs_process.o [1]
  .rodata            const    0x08004a34    0x1c  gprs_process.o [1]
  .rodata            const    0x08004a50    0x1c  gprs_process.o [1]
  .rodata            const    0x08004a6c    0x1c  gprs_process.o [1]
  .rodata            const    0x08004a88    0x1c  gprs_process.o [1]
  .rodata            const    0x08004aa4    0x1c  gprs_process.o [1]
  .rodata            const    0x08004ac0    0x1c  gprs_process.o [1]
  .rodata            const    0x08004adc    0x1c  gprs_process.o [1]
  .rodata            const    0x08004af8    0x1c  gprs_process.o [1]
  .rodata            const    0x08004b14    0x1c  gprs_process.o [1]
  .rodata            const    0x08004b30    0x1c  gprs_process.o [1]
  .text              ro code  0x08004b4c    0x1c  main.o [1]
  .text              ro code  0x08004b68     0xc  system_init.o [1]
  .text              ro code  0x08004b74     0x2  system_info.o [1]
  .text              ro code  0x08004b76    0x1c  xsnprout.o [3]
  .text              ro code  0x08004b92     0x2  startup_stm32f030.o [1]
  .text              ro code  0x08004b94    0x1a  cmain.o [5]
  .text              ro code  0x08004bae     0x4  low_level_init.o [3]
  .text              ro code  0x08004bb2     0x8  exit.o [3]
  .text              ro code  0x08004bba     0x2  startup_stm32f030.o [1]
  .text              ro code  0x08004bbc     0xa  cexit.o [5]
  .text              ro code  0x08004bc6     0x2  startup_stm32f030.o [1]
  .rodata            const    0x08004bc8    0x18  gprs_process.o [1]
  .rodata            const    0x08004be0    0x18  gprs_process.o [1]
  .rodata            const    0x08004bf8    0x18  gprs_process.o [1]
  .rodata            const    0x08004c10    0x18  rtt_log.o [1]
  .rodata            const    0x08004c28    0x18  xprintffull_nomb.o [3]
  .rodata            const    0x08004c40    0x14  gprs_process.o [1]
  .rodata            const    0x08004c54    0x14  gprs_process.o [1]
  .rodata            const    0x08004c68    0x14  gprs_process.o [1]
  .rodata            const    0x08004c7c    0x14  gprs_process.o [1]
  .rodata            const    0x08004c90    0x10  gprs_process.o [1]
  .rodata            const    0x08004ca0    0x10  gprs_process.o [1]
  .rodata            const    0x08004cb0    0x10  gprs_process.o [1]
  .rodata            const    0x08004cc0    0x10  gprs_process.o [1]
  .rodata            const    0x08004cd0    0x10  gprs_process.o [1]
  .rodata            const    0x08004ce0     0xc  gprs_process.o [1]
  .rodata            const    0x08004cec     0xc  gprs_process.o [1]
  .rodata            const    0x08004cf8     0xc  gprs_process.o [1]
  .rodata            const    0x08004d04     0xc  gprs_process.o [1]
  .rodata            const    0x08004d10     0xc  gprs_process.o [1]
  .rodata            const    0x08004d1c     0xc  gprs_process.o [1]
  .rodata            const    0x08004d28     0xc  gprs_process.o [1]
  .rodata            const    0x08004d34     0xc  gprs_process.o [1]
  .rodata            const    0x08004d40     0xc  osal_task.o [1]
  .rodata            const    0x08004d4c     0xc  SEGGER_RTT.o [1]
  .rodata            const    0x08004d58     0xc  user_task.o [1]
  .text              ro code  0x08004d64     0xc  cstartup_M.o [5]
  .rodata            const    0x08004d70     0x8  clog.o [1]
  .rodata            const    0x08004d78     0x8  clog.o [1]
  .rodata            const    0x08004d80     0x8  clog.o [1]
  .rodata            const    0x08004d88     0x8  clog.o [1]
  .rodata            const    0x08004d90     0x8  clog.o [1]
  .rodata            const    0x08004d98     0x8  clog.o [1]
  .rodata            const    0x08004da0     0x8  gprs_process.o [1]
  .rodata            const    0x08004da8     0x8  gprs_process.o [1]
  .rodata            const    0x08004db0     0x8  gprs_process.o [1]
  .rodata            const    0x08004db8     0x8  gprs_process.o [1]
  .rodata            const    0x08004dc0     0x8  gprs_process.o [1]
  .rodata            const    0x08004dc8     0x8  gprs_process.o [1]
  .rodata            const    0x08004dd0     0x8  rtt_log.o [1]
  .rodata            const    0x08004dd8     0x8  SEGGER_RTT.o [1]
  .rodata            const    0x08004de0     0x8  user_task.o [1]
  .rodata            const    0x08004de8     0x8  user_task.o [1]
  .rodata            const    0x08004df0     0x8  user_task.o [1]
  .text              ro code  0x08004df8     0x2  startup_stm32f030.o [1]
  .text              ro code  0x08004dfa     0x2  startup_stm32f030.o [1]
  .text              ro code  0x08004dfc     0x2  startup_stm32f030.o [1]
  .text              ro code  0x08004dfe     0x2  startup_stm32f030.o [1]
  .text              ro code  0x08004e00     0x2  startup_stm32f030.o [1]
  .text              ro code  0x08004e02     0x2  startup_stm32f030.o [1]
  .text              ro code  0x08004e04     0x2  startup_stm32f030.o [1]
  .text              ro code  0x08004e06     0x2  startup_stm32f030.o [1]
  .text              ro code  0x08004e08     0x2  startup_stm32f030.o [1]
  .text              ro code  0x08004e0a     0x2  startup_stm32f030.o [1]
  .text              ro code  0x08004e0c     0x2  startup_stm32f030.o [1]
  .rodata            const    0x08004e0e     0x0  zero_init3.o [5]
  .rodata            const    0x08004e0e     0x0  packbits_init.o [5]
  Initializer bytes  const    0x08004e0e    0xb6  <for P2 s0>
                            - 0x08004ec4  0x4e10

"P2":                                     0x1be0
  P2 s0                       0x20000000   0xe25  <Init block>
    .data            inited   0x20000000   0x4f0  stm32f0xx_bsp_usart.o [1]
    .data            inited   0x200004f0   0x4ec  stm32f0xx_bsp_usart.o [1]
    .data            inited   0x200009dc   0x2fc  gprs_commond.o [1]
    .data            inited   0x20000cd8    0xb8  gprs_process.o [1]
    .data            inited   0x20000d90    0x58  system_info.o [1]
    .data            inited   0x20000de8    0x1c  clog.o [1]
    .data            inited   0x20000e04    0x10  gprs_process.o [1]
    .data            inited   0x20000e14    0x10  stm32f0xx_rcc.o [1]
    .data            inited   0x20000e24     0x1  rtt_log.o [1]
  .bss               zero     0x20000e28   0x1e0  osal_timer.o [1]
  .bss               zero     0x20001008   0x12c  rtt_log.o [1]
  .bss               zero     0x20001134   0x12c  SEGGER_RTT.o [1]
  .bss               zero     0x20001260    0x78  SEGGER_RTT.o [1]
  .bss               zero     0x200012d8    0x64  gprs_process.o [1]
  .bss               zero     0x2000133c    0x34  SEGGER_RTT.o [1]
  .bss               zero     0x20001370    0x30  bsp_led.o [1]
  .bss               zero     0x200013a0    0x14  clog.o [1]
  .bss               zero     0x200013b4     0xc  osal_task.o [1]
  .bss               zero     0x200013c0     0x4  osal_clock.o [1]
  .bss               zero     0x200013c4     0x4  osal_clock.o [1]
  .bss               zero     0x200013c8     0x4  osal_core.o [1]
  .bss               zero     0x200013cc     0x4  osal_timer.o [1]
  .bss               zero     0x200013d0     0x4  stm32f0xx_bsp_systick.o [1]
  .bss               zero     0x200013d4     0x2  osal_clock.o [1]
  .bss               zero     0x200013d6     0x2  stm32f0xx_it.o [1]
  .bss               zero     0x200013d8     0x1  gprs_process.o [1]
  .bss               zero     0x200013d9     0x1  gprs_task.o [1]
  .bss               zero     0x200013da     0x1  hal_task.o [1]
  .bss               zero     0x200013db     0x1  stm32f0xx_bsp_usart.o [1]
  .bss               zero     0x200013dc     0x1  user_task.o [1]
  CSTACK                      0x200013e0   0x800  <Block>
    CSTACK           uninit   0x200013e0   0x800  <Block tail>
                            - 0x20001be0  0x1be0


*******************************************************************************
*** INIT TABLE
***

          Address     Size
          -------     ----
Zero (__iar_zero_init3)
    1 destination range, total size 0x5b5:
          0x20000e28  0x5b5

Copy/packbits (__iar_packbits_init3)
    1 source range, total size 0xb6 (5% of destination):
          0x08004e0e   0xb6
    1 destination range, total size 0xe25:
          0x20000000  0xe25



*******************************************************************************
*** MODULE SUMMARY
***

    Module                   ro code  ro data  rw data
    ------                   -------  -------  -------
C:\Users\Administrator\Desktop\M26-DTU\stm32f030x8\projects\stm32f10x_std\IAR\Debug\Obj: [1]
    SEGGER_RTT.o                 576       20      472
    bsp_gprs.o                    68
    bsp_init.o                    34
    bsp_led.o                    260       84       48
    clog.o                        56       52       48
    gprs_commond.o               508       39      764
    gprs_process.o             4 324    1 106      301
    gprs_task.o                  192                 1
    hal_task.o                    76                 1
    main.o                        28
    osal_clock.o                 516                10
    osal_core.o                  248                 4
    osal_msg.o                     2
    osal_task.o                   36       12       12
    osal_timer.o                 444               484
    rtt_log.o                    452       33      301
    startup_stm32f030.o          280
    stm32f0xx_bsp_dma.o          136
    stm32f0xx_bsp_systick.o      252                 4
    stm32f0xx_bsp_timer.o        104
    stm32f0xx_bsp_usart.o        324      126    2 525
    stm32f0xx_dma.o              152
    stm32f0xx_gpio.o             320
    stm32f0xx_it.o               284                 2
    stm32f0xx_misc.o             120
    stm32f0xx_rcc.o              768                16
    stm32f0xx_tim.o              448
    stm32f0xx_usart.o            518
    system_info.o                  2        4       88
    system_init.o                 12
    system_stm32f0xx.o           352
    user_task.o                  172       36        1
    --------------------------------------------------
    Total:                    12 064    1 512    5 082

command line: [2]
    --------------------------------------------------
    Total:

dl6M_tln.a: [3]
    abort.o                       10
    div.o                         32
    exit.o                         8
    low_level_init.o               4
    sprintf.o                     56
    strstr.o                      56
    vsnprint.o                    60
    xprintffull_nomb.o         3 774       24
    xsnprout.o                    28
    xsprout.o                     10
    --------------------------------------------------
    Total:                     4 038       24

m6M_tl.a: [4]
    DblAddSub.o                  424
    DblCmpGe.o                    50
    DblCmpLe.o                    50
    DblDiv.o                     194
    DblMul.o                     388
    DblToI32.o                    82
    I32ToDbl.o                    52
    xdnorm.o                      68
    xdscale.o                    284
    --------------------------------------------------
    Total:                     1 592

rt6M_tl.a: [5]
    ABImemcpy.o                   92
    I32DivModFast.o              224
    I64DivMod.o                  106
    I64DivZer.o                    2
    IntDivZer.o                    2
    cexit.o                       10
    cmain.o                       26
    cstartup_M.o                  12
    data_init.o                   40
    memchr.o                      24
    packbits_init.o              216
    strchr.o                      20
    strcpy.o                      16
    strlen.o                      16
    zero_init3.o                  60
    --------------------------------------------------
    Total:                       866

shb_l.a: [6]
    exit.o                        20
    --------------------------------------------------
    Total:                        20

    Gaps                                    4        3
    Linker created                         44    2 048
------------------------------------------------------
    Grand Total:              18 580    1 584    7 133


*******************************************************************************
*** ENTRY LIST
***

Entry                      Address   Size  Type      Object
-----                      -------   ----  ----      ------
.iar.init_table$$Base   0x0800484c          --   Gb  - Linker created -
.iar.init_table$$Limit  0x08004878          --   Gb  - Linker created -
?main                   0x08004b95         Code  Gb  cmain.o [5]
ADC1_IRQHandler         0x080044d7    0x2  Code  Gb  stm32f0xx_it.o [1]
APBAHBPrescTable        0x20000e14   0x10  Data  Lc  stm32f0xx_rcc.o [1]
BSP_DMA_USART1_StructInit
                        0x08003191   0x88  Code  Gb  stm32f0xx_bsp_dma.o [1]
BSP_GPRS_PowerKeyHigh   0x08001759   0x12  Code  Gb  bsp_gprs.o [1]
BSP_GPRS_PowerKeyLow    0x0800176b   0x12  Code  Gb  bsp_gprs.o [1]
BSP_GPRS_PowerOff       0x08001739    0xe  Code  Gb  bsp_gprs.o [1]
BSP_GPRS_PowerOn        0x08001747    0xe  Code  Gb  bsp_gprs.o [1]
BSP_Init                0x08004831   0x1a  Code  Gb  bsp_init.o [1]
BSP_LED_Close           0x08003bb9   0x3c  Code  Gb  bsp_led.o [1]
BSP_LED_Init            0x08003b21   0x5c  Code  Gb  bsp_led.o [1]
BSP_LED_Open            0x08003b7d   0x3c  Code  Gb  bsp_led.o [1]
BSP_LED_Toggle          0x08003bf5   0x26  Code  Gb  bsp_led.o [1]
BSP_SYSTICK_IncTick     0x080045b1    0xc  Code  Gb  stm32f0xx_bsp_systick.o [1]
BSP_SYSTICK_Open        0x08004595   0x1c  Code  Gb  stm32f0xx_bsp_systick.o [1]
BSP_Timer_Init          0x080046cd   0x68  Code  Gb  stm32f0xx_bsp_timer.o [1]
BSP_USART_Open          0x080017d1  0x100  Code  Gb  stm32f0xx_bsp_usart.o [1]
BSP_USART_WriteBytes    0x080018d1   0x2a  Code  Gb  stm32f0xx_bsp_usart.o [1]
Board_Init              0x08004829    0x8  Code  Gb  bsp_init.o [1]
CLog_GetCurrentTaskID   0x08004029    0x4  Code  Gb  clog.o [1]
CLog_GetTime            0x0800402d   0x1c  Code  Gb  clog.o [1]
CLog_Init               0x08004049   0x14  Code  Gb  clog.o [1]
CSTACK$$Base            0x200013e0          --   Gb  - Linker created -
CSTACK$$Limit           0x20001be0          --   Gb  - Linker created -
DMA1_Channel1_IRQHandler
                        0x080044d5    0x2  Code  Gb  stm32f0xx_it.o [1]
DMA_Cmd                 0x0800325b   0x1c  Code  Gb  stm32f0xx_dma.o [1]
DMA_Init                0x08003219   0x42  Code  Gb  stm32f0xx_dma.o [1]
DMA_RemapConfig         0x08003277   0x2e  Code  Gb  stm32f0xx_dma.o [1]
GPIO_Init               0x08001bd9   0xbe  Code  Gb  stm32f0xx_gpio.o [1]
GPIO_PinAFConfig        0x08001ca9   0x70  Code  Gb  stm32f0xx_gpio.o [1]
GPIO_WriteBit           0x08001c97   0x12  Code  Gb  stm32f0xx_gpio.o [1]
GPRS_ACK_Process        0x08000f85   0xfc  Code  Gb  gprs_process.o [1]
GPRS_Loop_Process       0x08000699  0x8c0  Code  Gb  gprs_process.o [1]
GPRS_SendData           0x080013e5   0x60  Code  Gb  gprs_commond.o [1]
GPRS_WriteBytes         0x080012c7   0x18  Code  Gb  gprs_commond.o [1]
GprsTask_Init           0x08001465   0x48  Code  Gb  gprs_task.o [1]
GprsTask_Process        0x080014ad   0x56  Code  Gb  gprs_task.o [1]
GprsTask_Send_Event     0x08001503   0x10  Code  Gb  gprs_task.o [1]
Gprs_ACK_Check          0x080012df   0x18  Code  Gb  gprs_commond.o [1]
Gprs_Add_Sockets        0x08001091   0x96  Code  Gb  gprs_process.o [1]
Gprs_GetSocketAndLength
                        0x080012f7   0xee  Code  Gb  gprs_commond.o [1]
Gprs_UpdateRssi         0x08001131   0x16  Code  Gb  gprs_process.o [1]
HalTask_Init            0x08003a25   0x14  Code  Gb  hal_task.o [1]
HalTask_Process         0x08003a39   0x32  Code  Gb  hal_task.o [1]
HardFault_Handler       0x080043bf    0x4  Code  Gb  stm32f0xx_it.o [1]
InStream_Read           0x080045d5   0x22  Code  Lc  packbits_init.o [5]
LED_IO                  0x08004734   0x54  Data  Gb  bsp_led.o [1]
LoadInt                 0x080022d5   0x68  Code  Lc  xprintffull_nomb.o [3]
NMI_Handler             0x080043bd    0x2  Code  Gb  stm32f0xx_it.o [1]
NVIC_Init               0x08002f11   0x6a  Code  Gb  stm32f0xx_misc.o [1]
NVIC_SetPriority        0x080044d9   0x8a  Code  Lc  stm32f0xx_bsp_systick.o [1]
OS_Clock_ConvertToDateTime
                        0x080015e3  0x144  Code  Gb  osal_clock.o [1]
OS_Clock_GetSeconds     0x08001593   0x14  Code  Gb  osal_clock.o [1]
OS_Clock_GetSystemClock
                        0x080015a7   0x14  Code  Gb  osal_clock.o [1]
OS_Clock_Update         0x08001535   0x5e  Code  Gb  osal_clock.o [1]
OS_Events_Set           0x08001b9b   0x30  Code  Gb  osal_core.o [1]
OS_Init                 0x08001ae1   0x10  Code  Gb  osal_core.o [1]
OS_Msg_Init             0x080032b1    0x2  Code  Gb  osal_msg.o [1]
OS_Start                0x08001af1    0x8  Code  Gb  osal_core.o [1]
OS_Task_Init            0x080032b3   0x24  Code  Gb  osal_task.o [1]
OS_Timer_Init           0x08001925   0x20  Code  Gb  osal_timer.o [1]
OS_Timer_Start          0x08001a4d   0x28  Code  Gb  osal_timer.o [1]
OS_Timer_Update         0x08001a75   0x64  Code  Gb  osal_timer.o [1]
PendSV_Handler          0x080043c5    0x2  Code  Gb  stm32f0xx_it.o [1]
RCC_AHBPeriphClockCmd   0x08002e39   0x20  Code  Gb  stm32f0xx_rcc.o [1]
RCC_APB1PeriphClockCmd  0x08002e79   0x20  Code  Gb  stm32f0xx_rcc.o [1]
RCC_APB1PeriphResetCmd  0x08002ecd   0x20  Code  Gb  stm32f0xx_rcc.o [1]
RCC_APB2PeriphClockCmd  0x08002e59   0x20  Code  Gb  stm32f0xx_rcc.o [1]
RCC_APB2PeriphResetCmd  0x08002ea9   0x20  Code  Gb  stm32f0xx_rcc.o [1]
RCC_GetClocksFreq       0x08002c11  0x222  Code  Gb  stm32f0xx_rcc.o [1]
RTTLog_GetLogLevel      0x08003ff3    0x6  Code  Lc  rtt_log.o [1]
RTTLog_Init             0x08003e65   0x16  Code  Gb  rtt_log.o [1]
RTTLog_SetLogLevel      0x08003ff9    0x6  Code  Lc  rtt_log.o [1]
RTTLog_Write            0x08003e7b   0xb4  Code  Lc  rtt_log.o [1]
RTTLog_WriteRAW         0x08003fdf   0x14  Code  Lc  rtt_log.o [1]
RTTLog_vprintf          0x08003f2f   0xb0  Code  Lc  rtt_log.o [1]
Region$$Table$$Base     0x0800484c          --   Gb  - Linker created -
Region$$Table$$Limit    0x08004878          --   Gb  - Linker created -
SEGGER_RTT_Write        0x08003e2f   0x32  Code  Gb  SEGGER_RTT.o [1]
SEGGER_RTT_WriteNoLock  0x08003db1   0x7e  Code  Gb  SEGGER_RTT.o [1]
SVC_Handler             0x080043c3    0x2  Code  Gb  stm32f0xx_it.o [1]
Server_receiveDataInfo  0x200009dc  0x2fc  Data  Gb  gprs_commond.o [1]
SetSysClock             0x080042cb   0xbe  Code  Lc  system_stm32f0xx.o [1]
SysTick_Config          0x08004563   0x32  Code  Lc  stm32f0xx_bsp_systick.o [1]
SysTick_Handler         0x080043c7   0x14  Code  Gb  stm32f0xx_it.o [1]
SystemInfo_Init         0x08004b75    0x2  Code  Gb  system_info.o [1]
SystemInit              0x0800425d   0x6e  Code  Gb  system_stm32f0xx.o [1]
System_Load             0x08004b69    0xc  Code  Gb  system_init.o [1]
TIM3_IRQHandler         0x08004435   0x76  Code  Gb  stm32f0xx_it.o [1]
TIM_ClearITPendingBit   0x08004255    0x8  Code  Gb  stm32f0xx_tim.o [1]
TIM_Cmd                 0x080041f5   0x1c  Code  Gb  stm32f0xx_tim.o [1]
TIM_DeInit              0x0800409d   0xf2  Code  Gb  stm32f0xx_tim.o [1]
TIM_ITConfig            0x0800423d   0x18  Code  Gb  stm32f0xx_tim.o [1]
TIM_TimeBaseInit        0x0800418f   0x66  Code  Gb  stm32f0xx_tim.o [1]
USART1_IRQHandler       0x080043db   0x5a  Code  Gb  stm32f0xx_it.o [1]
USART_ClearITPendingBit
                        0x08003177   0x18  Code  Gb  stm32f0xx_usart.o [1]
USART_Cmd               0x0800306f   0x1c  Code  Gb  stm32f0xx_usart.o [1]
USART_DMACmd            0x080030b1   0x18  Code  Gb  stm32f0xx_usart.o [1]
USART_GetITStatus       0x0800310d   0x6a  Code  Gb  stm32f0xx_usart.o [1]
USART_ITConfig          0x080030c9   0x44  Code  Gb  stm32f0xx_usart.o [1]
USART_Init              0x08002f89   0xe6  Code  Gb  stm32f0xx_usart.o [1]
USART_ReceiveData       0x0800309d    0x8  Code  Gb  stm32f0xx_usart.o [1]
UserTask_Init           0x08003a71   0x16  Code  Gb  user_task.o [1]
UserTask_Process        0x08003a87   0x80  Code  Gb  user_task.o [1]
_DoInit                 0x08003c25   0x58  Code  Lc  SEGGER_RTT.o [1]
_GenldFullNoMb          0x08002905  0x2a0  Code  Lc  xprintffull_nomb.o [3]
_GetAvailWriteSpace     0x08003d75   0x24  Code  Lc  SEGGER_RTT.o [1]
_LdtobFullNoMb          0x08002471  0x480  Code  Lc  xprintffull_nomb.o [3]
_LitobFullNoMb          0x0800233d  0x12e  Code  Lc  xprintffull_nomb.o [3]
_PrintfFullNoMb         0x08001d19  0x5bc  Code  Gb  xprintffull_nomb.o [3]
_PutcharsFullNoMb       0x08002ba5   0x30  Code  Lc  xprintffull_nomb.o [3]
_SEGGER_RTT             0x20001260   0x78  Data  Gb  SEGGER_RTT.o [1]
_SNProut                0x08004b77   0x1c  Code  Gb  xsnprout.o [3]
_SProut                 0x080017c7    0xa  Code  Gb  xsprout.o [3]
_WriteBlocking          0x08003c7d   0x88  Code  Lc  SEGGER_RTT.o [1]
_WriteNoCheck           0x08003d05   0x70  Code  Lc  SEGGER_RTT.o [1]
__ICFEDIT_region_RAM_end__ {Abs}
                        0x20001fff          --   Gb  command line/config [2]
__ICFEDIT_region_RAM_start__ {Abs}
                        0x20000000          --   Gb  command line/config [2]
__aeabi_cdcmple         0x0800340d         Code  Gb  DblCmpLe.o [4]
__aeabi_cdrcmple        0x0800343f         Code  Gb  DblCmpGe.o [4]
__aeabi_d2iz            0x0800358d         Code  Gb  DblToI32.o [4]
__aeabi_d2uiz           0x080035b1         Code  Gb  DblToI32.o [4]
__aeabi_ddiv            0x08003941         Code  Gb  DblDiv.o [4]
__aeabi_dmul            0x080037bd         Code  Gb  DblMul.o [4]
__aeabi_dsub            0x080036cf         Code  Gb  DblAddSub.o [4]
__aeabi_i2d             0x080035e1         Code  Gb  I32ToDbl.o [4]
__aeabi_idiv            0x080011b5         Code  Gb  I32DivModFast.o [5]
__aeabi_idiv0           0x080017c5         Code  Gb  IntDivZer.o [5]
__aeabi_idivmod         0x080011b5         Code  Gb  I32DivModFast.o [5]
__aeabi_ldiv0           0x08003b1d         Code  Gb  I64DivZer.o [5]
__aeabi_memcpy          0x0800336d         Code  Gb  ABImemcpy.o [5]
__aeabi_ui2d            0x080035f5         Code  Gb  I32ToDbl.o [4]
__aeabi_uidiv           0x080011bb         Code  Gb  I32DivModFast.o [5]
__aeabi_uidivmod        0x080011bb         Code  Gb  I32DivModFast.o [5]
__aeabi_uldivmod        0x08003303         Code  Gb  I64DivMod.o [5]
__cmain                 0x08004b95         Code  Gb  cmain.o [5]
__exit                  0x080046b9   0x14  Code  Gb  exit.o [6]
__iar_Dnorm             0x080033c9   0x44  Code  Gb  xdnorm.o [4]
__iar_Dscale            0x08003471  0x11c  Code  Gb  xdscale.o [4]
__iar_Memchr            0x080032eb   0x18  Code  Gb  memchr.o [5]
__iar_Strchr            0x080032d7   0x14  Code  Gb  strchr.o [5]
__iar_Strstr            0x08002bd7   0x38  Code  Gb  strstr.o [3]
__iar_d2uiz             0x080035b5         Code  Gb  DblToI32.o [4]
__iar_data_init3        0x08004801   0x28  Code  Gb  data_init.o [5]
__iar_packbits_init3    0x080045f7   0xb6  Code  Gb  packbits_init.o [5]
__iar_program_start     0x08004d65         Code  Gb  cstartup_M.o [5]
__iar_ui2d              0x080035f9         Code  Gb  I32ToDbl.o [4]
__iar_zero_init3        0x080047c5   0x3c  Code  Gb  zero_init3.o [5]
__low_level_init        0x08004baf    0x4  Code  Gb  low_level_init.o [3]
__vector_table          0x08000000         Data  Gb  startup_stm32f030.o [1]
_acDownBuffer           0x2000133c   0x34  Data  Lc  SEGGER_RTT.o [1]
_acUpBuffer             0x20001134  0x12c  Data  Lc  SEGGER_RTT.o [1]
_call_main              0x08004ba1         Code  Gb  cmain.o [5]
_exit                   0x08004bbd         Code  Gb  cexit.o [5]
_main                   0x08004bab         Code  Gb  cmain.o [5]
abort                   0x080046ad    0xa  Code  Gb  abort.o [3]
div                     0x08003a03   0x20  Code  Gb  div.o [3]
exit                    0x08004bb3    0x8  Code  Gb  exit.o [3]
g_AT_ReceiveBuf         0x200004f0  0x4ec  Data  Gb  stm32f0xx_bsp_usart.o [1]
g_GprsTask_Id           0x200013d9    0x1  Data  Gb  gprs_task.o [1]
g_HalTask_Id            0x200013da    0x1  Data  Gb  hal_task.o [1]
g_LogLevelText          0x20000de8   0x1c  Data  Gb  clog.o [1]
g_Machine_TransmitBuf   0x20000000  0x4f0  Data  Gb  stm32f0xx_bsp_usart.o [1]
g_SystemInfo            0x20000d90   0x58  Data  Gb  system_info.o [1]
g_TasksEvents           0x200013b4    0xc  Data  Gb  osal_task.o [1]
g_TasksFnArr            0x08004d40    0xc  Data  Gb  osal_task.o [1]
g_USART1_ReceiveCompleteFlag
                        0x200013db    0x1  Data  Gb  stm32f0xx_bsp_usart.o [1]
g_UserTask_Id           0x200013dc    0x1  Data  Gb  user_task.o [1]
gprs_add_state          0x080000b5   0x3e  Code  Lc  gprs_process.o [1]
gprs_check_param        0x08001269   0x5e  Code  Lc  gprs_commond.o [1]
gprs_check_process      0x080002a5  0x34c  Code  Lc  gprs_process.o [1]
gprs_idle_process       0x080005f5   0x10  Code  Lc  gprs_process.o [1]
gprs_msg_queue_clear    0x08000605   0x14  Code  Lc  gprs_process.o [1]
gprs_socket_deinit      0x08000625   0x26  Code  Lc  gprs_process.o [1]
gprs_update_request     0x0800012f   0x84  Code  Lc  gprs_process.o [1]
gprs_update_socket      0x080001b3   0xd0  Code  Lc  gprs_process.o [1]
gprs_update_state       0x080000f3   0x3c  Code  Lc  gprs_process.o [1]
len                     0x200013d6    0x2  Data  Lc  stm32f0xx_it.o [1]
main                    0x08004b4d   0x1c  Code  Gb  main.o [1]
month_length            0x080015bb   0x28  Code  Lc  osal_clock.o [1]
osalRun                 0x08001b13   0x88  Code  Lc  osal_core.o [1]
osalTimeUpdate          0x08001af9   0x1a  Code  Lc  osal_core.o [1]
osalTimerAdd            0x080019d5   0x78  Code  Gb  osal_timer.o [1]
osalTimerAlloc          0x08001945   0x5e  Code  Gb  osal_timer.o [1]
osalTimerFind           0x080019a3   0x32  Code  Gb  osal_timer.o [1]
s_BSPLedControlTable    0x20001370   0x30  Data  Lc  bsp_led.o [1]
s_GPRSMsgQueue          0x20000e04   0x10  Data  Lc  gprs_process.o [1]
s_GPRS_CB               0x20000cd8   0xb8  Data  Lc  gprs_process.o [1]
s_LogLevel              0x20000e24    0x1  Data  Lc  rtt_log.o [1]
s_RTTLog                0x200013a0   0x14  Data  Gb  clog.o [1]
s_RTTLogBuf             0x20001008  0x12c  Data  Lc  rtt_log.o [1]
s_Systick_Ticks         0x200013d0    0x4  Data  Gb  stm32f0xx_bsp_systick.o [1]
s_osalClock_ElapsedMs   0x200013c4    0x4  Data  Lc  osal_clock.o [1]
s_osalClock_MilliSeconds
                        0x200013d4    0x2  Data  Lc  osal_clock.o [1]
s_osalClock_Seconds     0x200013c0    0x4  Data  Lc  osal_clock.o [1]
s_osalTimerHead         0x200013cc    0x4  Data  Lc  osal_timer.o [1]
s_osalTimerMemHeap      0x20000e28  0x1e0  Data  Lc  osal_timer.o [1]
sprintf                 0x0800177d   0x38  Code  Gb  sprintf.o [3]
strcpy                  0x08001915         Code  Gb  strcpy.o [5]
strlen                  0x08001525   0x10  Code  Gb  strlen.o [5]
strstr                  0x080017b5   0x10  Code  Gb  gprs_process.o [1]
vsnprintf               0x08004061   0x3c  Code  Gb  vsnprint.o [3]


[1] = C:\Users\Administrator\Desktop\M26-DTU\stm32f030x8\projects\stm32f10x_std\IAR\Debug\Obj
[2] = command line
[3] = dl6M_tln.a
[4] = m6M_tl.a
[5] = rt6M_tl.a
[6] = shb_l.a

  18 580 bytes of readonly  code memory
   1 584 bytes of readonly  data memory
   7 133 bytes of readwrite data memory

Errors: none
Warnings: none
